✔ N00 rejects a non-owned upstream: https://auth.neon.tech/neondb/auth (1.9492ms)
✔ N00 rejects a non-owned upstream: http://127.0.0.1.evil.test/auth (1.2271ms)
✔ N00 rejects a non-owned upstream: http://user:password@localhost:44891/auth (0.212ms)
✔ N00 rejects a non-owned upstream: http://0.0.0.0:44891/auth (0.1898ms)
✔ N00 accepts the loopback fixture base path (0.3019ms)
✔ N00 source inventory rejects unsafe input: ../.env (0.3295ms)
✔ N00 source inventory rejects unsafe input: a/../../secret (0.2421ms)
✔ N00 source inventory rejects unsafe input: /secret (0.1175ms)
✔ N00 source inventory rejects unsafe input: C:/secret (0.1476ms)
✔ N00 source inventory rejects unsafe input: a/.env.production (0.277ms)
✔ N00 source inventory rejects unsafe input: a\.env.local (0.1735ms)
✔ N00 source inventory rejects unsafe input: node_modules/secret (0.1307ms)
✔ N00 source inventory rejects unsafe input: test-results/secret (0.0944ms)
✔ N00 source inventory rejects unsafe input: app/../secret (0.0791ms)
✔ N00 source inventory accepts a source file (0.161ms)
✔ N00 build includes BuyerOS frontend services and generated types (0.3139ms)
✔ N00 build excludes Python/services and historical evidence (0.3402ms)
✔ N00 child env excludes inherited DB/Auth/provider variables (0.2199ms)
✔ N00 cache seed requires matching declared owner (0.3169ms)
ℹ tests 19
ℹ suites 0
ℹ pass 19
ℹ fail 0
ℹ cancelled 0
ℹ skipped 0
ℹ todo 0
ℹ duration_ms 1115.1328
