[nitro:vercel] ℹ Using nodejs22.x runtime.
[nitro:vercel] ℹ Using web entry format.
[1/5] analyze client references...
vite v8.0.13 building rsc environment for production...
[2Ktransforming...✓ 357 modules transformed.
rendering chunks...
✓ built in 1.76s
[2/5] analyze server references...
vite v8.0.13 building ssr environment for production...
[2Ktransforming...✓ 480 modules transformed.
rendering chunks...
✓ built in 1.27s
[3/5] build rsc environment...
vite v8.0.13 building rsc environment for production...
[2Ktransforming...✓ 354 modules transformed.
rendering chunks...
computing gzip size...
node_modules/.nitro/vite/services/rsc/_next/static/css/index.CfZhggQJ.css                                                                                            187.70 kB │ gzip: 30.14 kB
node_modules/.nitro/vite/services/rsc/_next/static/page-Ct4nT2g3.js                                                                                                    0.04 kB │ gzip:  0.06 kB
node_modules/.nitro/vite/services/rsc/_next/static/page-DrsmASHP.js                                                                                                    0.04 kB │ gzip:  0.06 kB
node_modules/.nitro/vite/services/rsc/_next/static/record-D9uCva7W.js                                                                                                  0.09 kB │ gzip:  0.10 kB
node_modules/.nitro/vite/services/rsc/_next/static/route-CZxVMree.js                                                                                                   0.10 kB │ gzip:  0.11 kB
node_modules/.nitro/vite/services/rsc/_next/static/route-B0Ya69l-.js                                                                                                   0.13 kB │ gzip:  0.13 kB
node_modules/.nitro/vite/services/rsc/_next/static/page-BQQbQskR.js                                                                                                    0.20 kB │ gzip:  0.17 kB
node_modules/.nitro/vite/services/rsc/_next/static/framework~index-BpHg0IYe.js                                                                                         0.28 kB │ gzip:  0.22 kB
node_modules/.nitro/vite/services/rsc/_next/static/page-g0OyAimF.js                                                                                                    0.72 kB │ gzip:  0.46 kB
node_modules/.nitro/vite/services/rsc/_next/static/rolldown-runtime-CwMANdre.js                                                                                        0.72 kB │ gzip:  0.44 kB
node_modules/.nitro/vite/services/rsc/_next/static/framework~index~layout~app-page-cache-render~app-page-cache~seed-cache~app-route-handler-di~crpe3xyb-B0coi4r-.js    0.89 kB │ gzip:  0.58 kB
node_modules/.nitro/vite/services/rsc/_next/static/app-static-generation-DbmTuUMJ.js                                                                                   0.91 kB │ gzip:  0.51 kB
node_modules/.nitro/vite/services/rsc/_next/static/navigation-runtime-DSp2oH1t.js                                                                                      0.97 kB │ gzip:  0.48 kB
node_modules/.nitro/vite/services/rsc/_next/static/app-prerender-endpoints-BfFxYfdg.js                                                                                 1.99 kB │ gzip:  0.85 kB
node_modules/.nitro/vite/services/rsc/_next/static/seed-cache-inlrWVcr.js                                                                                              2.15 kB │ gzip:  1.04 kB
node_modules/.nitro/vite/services/rsc/_next/static/app-page-cache-render-BDFkyj3G.js                                                                                   2.20 kB │ gzip:  0.99 kB
node_modules/.nitro/vite/services/rsc/_next/static/route-DU7I4iVM.js                                                                                                   2.35 kB │ gzip:  1.03 kB
node_modules/.nitro/vite/services/rsc/_next/static/framework~index~page~layout~app-page-cache-render~app-page-cache~seed-cache~app-route-handl~jouexylg-DOjbq6J1.js    5.53 kB │ gzip:  2.30 kB
node_modules/.nitro/vite/services/rsc/_next/static/app-page-cache-DkDED5rZ.js                                                                                          5.82 kB │ gzip:  1.97 kB
node_modules/.nitro/vite/services/rsc/_next/static/headers-DwfRRHPd.js                                                                                                 6.26 kB │ gzip:  2.45 kB
node_modules/.nitro/vite/services/rsc/_next/static/server-D00RllA6.js                                                                                                 12.90 kB │ gzip:  4.46 kB
node_modules/.nitro/vite/services/rsc/_next/static/request-context-CQAZtK5K.js                                                                                        16.28 kB │ gzip:  5.46 kB
node_modules/.nitro/vite/services/rsc/_next/static/app-route-handler-dispatch-KTmkGPju.js                                                                             18.77 kB │ gzip:  5.81 kB
node_modules/.nitro/vite/services/rsc/_next/static/cache-headers-Bl5fgCNc.js                                                                                          41.04 kB │ gzip: 13.24 kB
node_modules/.nitro/vite/services/rsc/_next/static/framework~index~page~layout~app-route-handler-dispatch~page-DRbLtYzy.js                                            56.74 kB │ gzip: 16.96 kB
node_modules/.nitro/vite/services/rsc/_next/static/server-C_d2Em79.js                                                                                                134.37 kB │ gzip: 35.88 kB
node_modules/.nitro/vite/services/rsc/index.js                                                                                                                       259.55 kB │ gzip: 73.94 kB

✓ built in 879ms
[4/5] build client environment...
vite v8.0.13 building client environment for production...
[2Ktransforming...✓ 2347 modules transformed.
rendering chunks...
computing gzip size...
.vercel/output/static/vinext-client-entry-manifest.json                            0.06 kB │ gzip:   0.08 kB
.vercel/output/static/.vite/manifest.json                                          5.40 kB │ gzip:   0.79 kB
.vercel/output/static/_next/static/css/index.CfZhggQJ.css                        187.70 kB │ gzip:  30.14 kB
.vercel/output/static/_next/static/chunks/data-mode-3ZsncuWp.js                    0.39 kB │ gzip:   0.27 kB
.vercel/output/static/_next/static/chunks/layout-segment-context-aaT81kLk.js       0.53 kB │ gzip:   0.36 kB
.vercel/output/static/_next/static/chunks/rolldown-runtime-C60lm6uB.js             0.69 kB │ gzip:   0.42 kB
.vercel/output/static/_next/static/chunks/tslib.es6-3m0j1PqM.js                    0.76 kB │ gzip:   0.40 kB
.vercel/output/static/_next/static/chunks/streamed-icons-D0Q1wsQE.js               0.77 kB │ gzip:   0.49 kB
.vercel/output/static/_next/static/chunks/app-route-prefetch-policy-n6JpLvCD.js    0.93 kB │ gzip:   0.48 kB
.vercel/output/static/_next/static/chunks/page-BrwAlkr7.js                         0.95 kB │ gzip:   0.59 kB
.vercel/output/static/_next/static/chunks/navigation-errors-By4dF-Cc.js            2.08 kB │ gzip:   0.98 kB
.vercel/output/static/_next/static/chunks/workspace-session-oNv4iQTi.js           10.98 kB │ gzip:   4.32 kB
.vercel/output/static/_next/static/chunks/framework-D_rUT4EX.js                  190.15 kB │ gzip:  59.77 kB
.vercel/output/static/_next/static/chunks/index-Yvf1uC-1.js                      195.78 kB │ gzip:  56.81 kB
.vercel/output/static/_next/static/chunks/client-B67LY8-y.js                     404.49 kB │ gzip:  98.96 kB
.vercel/output/static/_next/static/chunks/workspace-B-7IGTRO.js                  603.56 kB │ gzip: 176.64 kB

✓ built in 3.36s
[5/5] build ssr environment...
vite v8.0.13 building ssr environment for production...
[2Ktransforming...✓ 485 modules transformed.
rendering chunks...
computing gzip size...
node_modules/.nitro/vite/services/ssr/_next/static/app-nav-failure-handler-xyxQaxhl.js     0.06 kB │ gzip:   0.08 kB
node_modules/.nitro/vite/services/ssr/_next/static/app-prefetch-fetch-queue-Chyj70ZY.js    0.10 kB │ gzip:   0.10 kB
node_modules/.nitro/vite/services/ssr/_next/static/static.edge-CAsjQHIe.js                 0.23 kB │ gzip:   0.17 kB
node_modules/.nitro/vite/services/ssr/_next/static/layout-segment-context-G4_ZyoN0.js      0.42 kB │ gzip:   0.30 kB
node_modules/.nitro/vite/services/ssr/_next/static/data-mode-DwS1J-j8.js                   0.42 kB │ gzip:   0.27 kB
node_modules/.nitro/vite/services/ssr/_next/static/app-router-scroll-state-By5GVyXC.js     0.63 kB │ gzip:   0.34 kB
node_modules/.nitro/vite/services/ssr/_next/static/streamed-icons-DOHnnty7.js              0.70 kB │ gzip:   0.45 kB
node_modules/.nitro/vite/services/ssr/_next/static/tslib.es6-oeLCtdG7.js                   0.79 kB │ gzip:   0.41 kB
node_modules/.nitro/vite/services/ssr/_next/static/page-Bx-ep5tp.js                        0.96 kB │ gzip:   0.60 kB
node_modules/.nitro/vite/services/ssr/_next/static/app-router-scroll-Cwxjlb22.js           2.30 kB │ gzip:   1.07 kB
node_modules/.nitro/vite/services/ssr/_next/static/navigation-WqrIf9OJ.js                  3.40 kB │ gzip:   1.51 kB
node_modules/.nitro/vite/services/ssr/_next/static/error-boundary-D-l6rto8.js              5.62 kB │ gzip:   1.72 kB
node_modules/.nitro/vite/services/ssr/_next/static/workspace-session-Bu3aoxgI.js          11.09 kB │ gzip:   4.36 kB
node_modules/.nitro/vite/services/ssr/_next/static/client-BPoj8rKk.js                    142.59 kB │ gzip:  39.46 kB
node_modules/.nitro/vite/services/ssr/index.js                                           279.34 kB │ gzip:  87.54 kB
node_modules/.nitro/vite/services/ssr/_next/static/workspace-BiCVyYOB.js                 517.18 kB │ gzip: 156.00 kB

✓ built in 1.00s
[nitro] ℹ Skipping RSC (already built)

[nitro] ◐ Building [Nitro] (preset: vercel, compatibility: 2026-10-04)
[nitro] ✔ Generated public .vercel/output/static
vite v8.0.13 building nitro environment for production...
[2Ktransforming...✓ 100 modules transformed.
ℹ Tracing dependencies:
- eslint (9.39.4)
- playwright (1.63.0)
- postcss (8.5.23)
- sharp (0.35.4)
- typescript (5.9.3)
- webpack (5.106.2)
- playwright-core (1.63.0)
- nanoid (3.3.18)
- eslint-scope (8.4.0, 5.1.1)
- espree (10.4.0)
- eslint-visitor-keys (4.2.1, 3.4.3)
- @eslint/eslintrc (3.3.5)
- @eslint/config-helpers (0.4.2)
- acorn (8.16.0)
- acorn-import-phases (1.0.4)
- @eslint/plugin-kit (0.4.1)
- @img/sharp-linux-x64 (0.35.4)
- @img/colour (1.1.0)
- neo-async (2.6.2)
- source-map-js (1.2.1)
- picocolors (1.1.1)
- cross-spawn (7.0.6)
- webpack-sources (3.4.1)
- tapable (2.3.3)
- schema-utils (4.3.3)
- loader-runner (4.3.2)
- debug (4.4.3)
- glob-parent (6.0.2)
- lodash.merge (4.6.2)
- is-glob (4.0.3)
- minimatch (3.1.5)
- glob-to-regexp (0.4.1)
- graceful-fs (4.2.11)
- es-module-lexer (2.1.0)
- escape-string-regexp (4.0.0)
- enhanced-resolve (5.21.3)
- chrome-trace-event (1.0.4)
- semver (7.8.5)
- @eslint/js (9.39.4)
- detect-libc (2.1.2)
- @humanwhocodes/retry (0.4.3)
- @humanwhocodes/module-importer (1.0.1)
- @humanfs/node (0.16.8)
- jiti (2.7.0)
- @eslint/config-array (0.21.2)
- watchpack (2.5.1)
- json-stable-stringify-without-jsonify (1.0.1)
- @eslint-community/eslint-utils (4.9.1)
- @eslint-community/regexpp (4.12.2)
- ajv (6.15.0, 8.20.0)
- @webassemblyjs/ast (1.14.1)
- @webassemblyjs/wasm-parser (1.14.1)
- fast-deep-equal (3.1.3)
- esutils (2.0.3)
- natural-compare (1.4.0)
- ignore (5.3.2)
- optionator (0.9.4)
- find-up (5.0.0)
- esquery (1.7.0)
- imurmurhash (0.1.4)
- file-entry-cache (8.0.0)
- mime-db (1.54.0)
- chalk (4.1.2)
- @webassemblyjs/wasm-edit (1.14.1)
- source-map-support (0.5.21)
- @img/sharp-libvips-linux-x64 (1.3.3)
- estraverse (5.3.0, 4.3.0)
- esrecurse (4.3.0)
- is-extglob (2.1.1)
- brace-expansion (1.1.14)
- import-fresh (3.3.1)
- terser-webpack-plugin (5.6.0)
- supports-color (10.2.2, 7.2.0, 8.1.1)
- acorn-jsx (5.3.2)
- @humanfs/core (0.19.2)
- strip-json-comments (3.1.1)
- globals (14.0.0)
- levn (0.4.1)
- ms (2.1.3)
- ajv-formats (2.1.1)
- ajv-keywords (5.1.0)
- @eslint/object-schema (2.1.7)
- path-exists (4.0.0)
- locate-path (6.0.0)
- deep-is (0.1.4)
- fast-levenshtein (2.0.6)
- word-wrap (1.2.5)
- flat-cache (4.0.1)
- fast-json-stable-stringify (2.1.0)
- @webassemblyjs/ieee754 (1.13.2)
- @webassemblyjs/utf8 (1.13.2)
- @webassemblyjs/helper-api-error (1.13.2)
- @webassemblyjs/leb128 (1.13.2)
- @webassemblyjs/helper-wasm-bytecode (1.13.2)
- browserslist (4.28.2)
- json-schema-traverse (0.4.1, 1.0.0)
- source-map (0.6.1)
- uri-js (4.4.1)
- buffer-from (1.1.2)
- type-check (0.4.0)
- prelude-ls (1.2.1)
- ansi-styles (4.3.0)
- @webassemblyjs/helper-numbers (1.13.2)
- @webassemblyjs/wasm-gen (1.14.1)
- @webassemblyjs/wasm-opt (1.14.1)
- @webassemblyjs/helper-buffer (1.14.1)
- which (2.0.2)
- @webassemblyjs/helper-wasm-section (1.14.1)
- path-key (3.1.1)
- shebang-command (2.0.0)
- concat-map (0.0.1)
- balanced-match (1.0.2)
- parent-module (1.0.1)
- resolve-from (4.0.0)
- terser (5.47.1)
- esbuild (0.28.1)
- lightningcss (1.32.0)
- jest-worker (27.5.1)
- @jridgewell/trace-mapping (0.3.31)
- p-locate (5.0.0)
- flatted (3.4.2)
- baseline-browser-mapping (2.10.30)
- electron-to-chromium (1.5.358)
- keyv (4.5.4)
- color-convert (2.0.1)
- has-flag (4.0.0)
- node-releases (2.0.44)
- caniuse-lite (1.0.30001793)
- @xtuc/ieee754 (1.2.0)
- isexe (2.0.0)
- shebang-regex (3.0.0)
- @webassemblyjs/floating-point-hex-parser (1.13.2)
- @xtuc/long (4.2.2)
- fast-uri (3.1.7)
- callsites (3.1.0)
- @jridgewell/sourcemap-codec (1.5.5)
- @jridgewell/resolve-uri (3.1.2)
- p-limit (3.1.0)
- @jridgewell/source-map (0.3.11)
- json-buffer (3.0.1)
- merge-stream (2.0.0)
- color-name (1.1.4)
- yocto-queue (0.1.0)
- @jridgewell/gen-mapping (0.3.13)
- @esbuild/linux-x64 (0.28.1)
- lightningcss-linux-x64-gnu (1.32.0)
✔ Traced 146 dependencies (1861 files) in 17870ms.
ℹ Ensure your production environment matches the builder OS and architecture (linux-x64) to avoid native module issues.
rendering chunks...
computing gzip size...
.vercel/output/functions/__server.func/_ssr/page-Ct4nT2g3.mjs                          0.04 kB │ gzip:   0.06 kB
.vercel/output/functions/__server.func/_ssr/page-DrsmASHP.mjs                          0.04 kB │ gzip:   0.06 kB
.vercel/output/functions/__server.func/_ssr/app-prefetch-fetch-queue-Chyj70ZY.mjs      0.09 kB │ gzip:   0.10 kB
.vercel/output/functions/__server.func/_ssr/route-CZxVMree.mjs                         0.10 kB │ gzip:   0.11 kB
.vercel/output/functions/__server.func/_ssr/route-B0Ya69l-.mjs                         0.13 kB │ gzip:   0.13 kB
.vercel/output/functions/__server.func/_runtime.mjs                                    0.17 kB │ gzip:   0.16 kB
.vercel/output/functions/__server.func/_ssr/page-BQQbQskR.mjs                          0.17 kB │ gzip:   0.15 kB
.vercel/output/functions/__server.func/_ssr/static.edge-CAsjQHIe.mjs                   0.22 kB │ gzip:   0.16 kB
.vercel/output/functions/__server.func/_ssr/layout-segment-context-G4_ZyoN0.mjs        0.41 kB │ gzip:   0.29 kB
.vercel/output/functions/__server.func/_chunks/ssr-renderer.mjs                        0.44 kB │ gzip:   0.29 kB
.vercel/output/functions/__server.func/_ssr/data-mode-DwS1J-j8.mjs                     0.51 kB │ gzip:   0.29 kB
.vercel/output/functions/__server.func/_ssr/page-g0OyAimF.mjs                          0.53 kB │ gzip:   0.36 kB
.vercel/output/functions/__server.func/_ssr/streamed-icons-DOHnnty7.mjs                0.70 kB │ gzip:   0.45 kB
.vercel/output/functions/__server.func/_ssr/tslib.es6-oeLCtdG7.mjs                     0.75 kB │ gzip:   0.39 kB
.vercel/output/functions/__server.func/_ssr/navigation-runtime-DSp2oH1t.mjs            0.77 kB │ gzip:   0.37 kB
.vercel/output/functions/__server.func/_ssr/app-static-generation-DbmTuUMJ.mjs         0.87 kB │ gzip:   0.49 kB
.vercel/output/functions/__server.func/_ssr/page-Bx-ep5tp.mjs                          0.93 kB │ gzip:   0.59 kB
.vercel/output/functions/__server.func/_libs/class-variance-authority+clsx.mjs         0.97 kB │ gzip:   0.52 kB
.vercel/output/functions/__server.func/_ssr/app-page-cache-render-BDFkyj3G.mjs         1.79 kB │ gzip:   0.83 kB
.vercel/output/functions/__server.func/_ssr/app-prerender-endpoints-BfFxYfdg.mjs       1.94 kB │ gzip:   0.83 kB
.vercel/output/functions/__server.func/_ssr/seed-cache-inlrWVcr.mjs                    2.02 kB │ gzip:   0.99 kB
.vercel/output/functions/__server.func/_ssr/route-DU7I4iVM.mjs                         2.35 kB │ gzip:   1.03 kB
.vercel/output/functions/__server.func/_ssr/app-router-scroll-Cwxjlb22.mjs             2.59 kB │ gzip:   1.17 kB
.vercel/output/functions/__server.func/index.mjs                                       3.12 kB │ gzip:   1.57 kB
.vercel/output/functions/__server.func/_ssr/navigation-WqrIf9OJ.mjs                    3.34 kB │ gzip:   1.49 kB
.vercel/output/functions/__server.func/_ssr/app-page-cache-DkDED5rZ.mjs                5.32 kB │ gzip:   1.73 kB
.vercel/output/functions/__server.func/_ssr/error-boundary-D-l6rto8.mjs                5.56 kB │ gzip:   1.68 kB
.vercel/output/functions/__server.func/_ssr/workspace-session-Bu3aoxgI.mjs            10.97 kB │ gzip:   4.31 kB
.vercel/output/functions/__server.func/_ssr/server-D00RllA6.mjs                       12.53 kB │ gzip:   4.32 kB
.vercel/output/functions/__server.func/_ssr/app-route-handler-dispatch-KTmkGPju.mjs   17.58 kB │ gzip:   5.47 kB
.vercel/output/functions/__server.func/_libs/h3+rou3+srvx.mjs                         19.78 kB │ gzip:   7.37 kB
.vercel/output/functions/__server.func/_libs/tailwind-merge.mjs                       26.86 kB │ gzip:   8.55 kB
.vercel/output/functions/__server.func/_libs/zod.mjs                                  59.20 kB │ gzip:  13.96 kB
.vercel/output/functions/__server.func/_ssr/server-C_d2Em79.mjs                      134.32 kB │ gzip:  35.85 kB
.vercel/output/functions/__server.func/_ssr/client-BPoj8rKk.mjs                      142.61 kB │ gzip:  39.47 kB
.vercel/output/functions/__server.func/_ssr/ssr.mjs                                  286.19 kB │ gzip:  88.51 kB
.vercel/output/functions/__server.func/_ssr/rsc.mjs                                  379.49 kB │ gzip: 109.42 kB
.vercel/output/functions/__server.func/_ssr/workspace-BiCVyYOB.mjs                   517.08 kB │ gzip: 155.89 kB

✓ built in 20.29s
ℹ Generated .vercel/output/nitro.json

[nitro] ✔ You can preview this build using npx vite preview
[nitro] ✔ You can deploy this build using npx nitro deploy --prebuilt
[33m[INEFFECTIVE_DYNAMIC_IMPORT] [0mapp/layout.tsx is dynamically imported by \0virtual:vinext-rsc-entry but also statically imported by \0virtual:vinext-rsc-entry, dynamic import will not move module into another chunk.

[plugin builtin:vite-reporter] 
(!) Some chunks are larger than 500 kB after minification. Consider:
- Using dynamic import() to code-split the application
- Use build.rolldownOptions.output.codeSplitting to improve chunking: https://rolldown.rs/reference/OutputOptions.codeSplitting
- Adjust chunk size limit for this warning via build.chunkSizeWarningLimit.
[33m[INEFFECTIVE_DYNAMIC_IMPORT] [0mnode_modules/.pnpm/vinext@1.0.0-beta.5_@vitejs+plugin-react@6.0.2_vite@8.0.13_@types+node@22.19.19_esbuild_d5d6eb9e75c213b052ac0cc191f9f6ae/node_modules/vinext/dist/shims/default-global-error.js is dynamically imported by \0virtual:vite-rsc/client-references but also statically imported by node_modules/.pnpm/vinext@1.0.0-beta.5_@vitejs+plugin-react@6.0.2_vite@8.0.13_@types+node@22.19.19_esbuild_d5d6eb9e75c213b052ac0cc191f9f6ae/node_modules/vinext/dist/server/app-browser-entry.js, node_modules/.pnpm/vinext@1.0.0-beta.5_@vitejs+plugin-react@6.0.2_vite@8.0.13_@types+node@22.19.19_esbuild_d5d6eb9e75c213b052ac0cc191f9f6ae/node_modules/vinext/dist/shims/error-boundary.js, dynamic import will not move module into another chunk.

[33m[INEFFECTIVE_DYNAMIC_IMPORT] [0mnode_modules/.pnpm/vinext@1.0.0-beta.5_@vitejs+plugin-react@6.0.2_vite@8.0.13_@types+node@22.19.19_esbuild_d5d6eb9e75c213b052ac0cc191f9f6ae/node_modules/vinext/dist/shims/error-boundary.js is dynamically imported by \0virtual:vite-rsc/client-references but also statically imported by node_modules/.pnpm/vinext@1.0.0-beta.5_@vitejs+plugin-react@6.0.2_vite@8.0.13_@types+node@22.19.19_esbuild_d5d6eb9e75c213b052ac0cc191f9f6ae/node_modules/vinext/dist/server/app-browser-entry.js, dynamic import will not move module into another chunk.

[33m[INEFFECTIVE_DYNAMIC_IMPORT] [0mnode_modules/.pnpm/vinext@1.0.0-beta.5_@vitejs+plugin-react@6.0.2_vite@8.0.13_@types+node@22.19.19_esbuild_d5d6eb9e75c213b052ac0cc191f9f6ae/node_modules/vinext/dist/shims/app-router-scroll.js is dynamically imported by \0virtual:vite-rsc/client-references but also statically imported by node_modules/.pnpm/vinext@1.0.0-beta.5_@vitejs+plugin-react@6.0.2_vite@8.0.13_@types+node@22.19.19_esbuild_d5d6eb9e75c213b052ac0cc191f9f6ae/node_modules/vinext/dist/server/app-browser-entry.js, dynamic import will not move module into another chunk.

[33m[INEFFECTIVE_DYNAMIC_IMPORT] [0mnode_modules/.pnpm/vinext@1.0.0-beta.5_@vitejs+plugin-react@6.0.2_vite@8.0.13_@types+node@22.19.19_esbuild_d5d6eb9e75c213b052ac0cc191f9f6ae/node_modules/vinext/dist/shims/slot.js is dynamically imported by \0virtual:vite-rsc/client-references but also statically imported by node_modules/.pnpm/vinext@1.0.0-beta.5_@vitejs+plugin-react@6.0.2_vite@8.0.13_@types+node@22.19.19_esbuild_d5d6eb9e75c213b052ac0cc191f9f6ae/node_modules/vinext/dist/server/app-browser-entry.js, node_modules/.pnpm/vinext@1.0.0-beta.5_@vitejs+plugin-react@6.0.2_vite@8.0.13_@types+node@22.19.19_esbuild_d5d6eb9e75c213b052ac0cc191f9f6ae/node_modules/vinext/dist/server/app-browser-visible-commit.js, dynamic import will not move module into another chunk.

[33m[INEFFECTIVE_DYNAMIC_IMPORT] [0mnode_modules/.pnpm/vinext@1.0.0-beta.5_@vitejs+plugin-react@6.0.2_vite@8.0.13_@types+node@22.19.19_esbuild_d5d6eb9e75c213b052ac0cc191f9f6ae/node_modules/vinext/dist/shims/internal/app-prefetch-fetch-queue.js is dynamically imported by \0virtual:vite-rsc/client-references but also statically imported by node_modules/.pnpm/vinext@1.0.0-beta.5_@vitejs+plugin-react@6.0.2_vite@8.0.13_@types+node@22.19.19_esbuild_d5d6eb9e75c213b052ac0cc191f9f6ae/node_modules/vinext/dist/shims/navigation.js, dynamic import will not move module into another chunk.

[33m[PLUGIN_TIMINGS] [0mYour build spent significant time in plugins. Here is a breakdown:
  - vinext:middleware-server-only (41%)
  - vinext:jsx-in-js (10%)
  - rsc:virtual-client-package (9%)
  - alias (9%)
  - vinext:og-inline-fetch-assets (7%)
See https://rolldown.rs/options/checks#plugintimings for more details.

[33m[INEFFECTIVE_DYNAMIC_IMPORT] [0mnode_modules/.pnpm/vinext@1.0.0-beta.5_@vitejs+plugin-react@6.0.2_vite@8.0.13_@types+node@22.19.19_esbuild_d5d6eb9e75c213b052ac0cc191f9f6ae/node_modules/vinext/dist/shims/default-global-error.js is dynamically imported by \0virtual:vite-rsc/client-references but also statically imported by node_modules/.pnpm/vinext@1.0.0-beta.5_@vitejs+plugin-react@6.0.2_vite@8.0.13_@types+node@22.19.19_esbuild_d5d6eb9e75c213b052ac0cc191f9f6ae/node_modules/vinext/dist/server/app-ssr-entry.js, node_modules/.pnpm/vinext@1.0.0-beta.5_@vitejs+plugin-react@6.0.2_vite@8.0.13_@types+node@22.19.19_esbuild_d5d6eb9e75c213b052ac0cc191f9f6ae/node_modules/vinext/dist/shims/error-boundary.js, dynamic import will not move module into another chunk.

[33m[INEFFECTIVE_DYNAMIC_IMPORT] [0mnode_modules/.pnpm/vinext@1.0.0-beta.5_@vitejs+plugin-react@6.0.2_vite@8.0.13_@types+node@22.19.19_esbuild_d5d6eb9e75c213b052ac0cc191f9f6ae/node_modules/vinext/dist/shims/slot.js is dynamically imported by \0virtual:vite-rsc/client-references but also statically imported by node_modules/.pnpm/vinext@1.0.0-beta.5_@vitejs+plugin-react@6.0.2_vite@8.0.13_@types+node@22.19.19_esbuild_d5d6eb9e75c213b052ac0cc191f9f6ae/node_modules/vinext/dist/server/app-ssr-entry.js, dynamic import will not move module into another chunk.

nf3: could not resolve `traceInclude` entry "@alinea/generated" from any root
nf3: could not resolve `traceInclude` entry "@appsignal/nodejs" from any root
nf3: could not resolve `traceInclude` entry "@aws-sdk/client-s3" from any root
nf3: could not resolve `traceInclude` entry "@aws-sdk/s3-presigned-post" from any root
nf3: could not resolve `traceInclude` entry "@blockfrost/blockfrost-js" from any root
nf3: could not resolve `traceInclude` entry "@highlight-run/node" from any root
nf3: could not resolve `traceInclude` entry "@huggingface/transformers" from any root
nf3: could not resolve `traceInclude` entry "@jpg-store/lucid-cardano" from any root
nf3: could not resolve `traceInclude` entry "@libsql/client" from any root
nf3: could not resolve `traceInclude` entry "@mikro-orm/core" from any root
nf3: could not resolve `traceInclude` entry "@mikro-orm/knex" from any root
nf3: could not resolve `traceInclude` entry "@node-rs/argon2" from any root
nf3: could not resolve `traceInclude` entry "@node-rs/bcrypt" from any root
nf3: could not resolve `traceInclude` entry "@prisma/client" from any root
nf3: could not resolve `traceInclude` entry "@react-pdf/renderer" from any root
nf3: could not resolve `traceInclude` entry "@sentry/profiling-node" from any root
nf3: could not resolve `traceInclude` entry "@sparticuz/chromium" from any root
nf3: could not resolve `traceInclude` entry "@sparticuz/chromium-min" from any root
nf3: could not resolve `traceInclude` entry "@statsig/statsig-node-core" from any root
nf3: could not resolve `traceInclude` entry "@swc/core" from any root
nf3: could not resolve `traceInclude` entry "@xenova/transformers" from any root
nf3: could not resolve `traceInclude` entry "@zenstackhq/runtime" from any root
nf3: could not resolve `traceInclude` entry "argon2" from any root
nf3: could not resolve `traceInclude` entry "autoprefixer" from any root
nf3: could not resolve `traceInclude` entry "aws-crt" from any root
nf3: could not resolve `traceInclude` entry "bcrypt" from any root
nf3: could not resolve `traceInclude` entry "better-sqlite3" from any root
nf3: could not resolve `traceInclude` entry "canvas" from any root
nf3: could not resolve `traceInclude` entry "chromadb-default-embed" from any root
nf3: could not resolve `traceInclude` entry "config" from any root
nf3: could not resolve `traceInclude` entry "cpu-features" from any root
nf3: could not resolve `traceInclude` entry "cypress" from any root
nf3: could not resolve `traceInclude` entry "dd-trace" from any root
nf3: could not resolve `traceInclude` entry "express" from any root
nf3: could not resolve `traceInclude` entry "firebase-admin" from any root
nf3: could not resolve `traceInclude` entry "htmlrewriter" from any root
nf3: could not resolve `traceInclude` entry "import-in-the-middle" from any root
nf3: could not resolve `traceInclude` entry "isolated-vm" from any root
nf3: could not resolve `traceInclude` entry "jest" from any root
nf3: could not resolve `traceInclude` entry "jsdom" from any root
nf3: could not resolve `traceInclude` entry "keyv" from any root
nf3: could not resolve `traceInclude` entry "libsql" from any root
nf3: could not resolve `traceInclude` entry "mdx-bundler" from any root
nf3: could not resolve `traceInclude` entry "mongodb" from any root
nf3: could not resolve `traceInclude` entry "mongoose" from any root
nf3: could not resolve `traceInclude` entry "newrelic" from any root
nf3: could not resolve `traceInclude` entry "next-mdx-remote" from any root
nf3: could not resolve `traceInclude` entry "next-seo" from any root
nf3: could not resolve `traceInclude` entry "node-cron" from any root
nf3: could not resolve `traceInclude` entry "node-pty" from any root
nf3: could not resolve `traceInclude` entry "node-web-audio-api" from any root
nf3: could not resolve `traceInclude` entry "onnxruntime-node" from any root
nf3: could not resolve `traceInclude` entry "oslo" from any root
nf3: could not resolve `traceInclude` entry "pg" from any root
nf3: could not resolve `traceInclude` entry "pino" from any root
nf3: could not resolve `traceInclude` entry "pino-pretty" from any root
nf3: could not resolve `traceInclude` entry "pino-roll" from any root
nf3: could not resolve `traceInclude` entry "playwright-core" from any root
nf3: could not resolve `traceInclude` entry "prettier" from any root
nf3: could not resolve `traceInclude` entry "prisma" from any root
nf3: could not resolve `traceInclude` entry "puppeteer" from any root
nf3: could not resolve `traceInclude` entry "puppeteer-core" from any root
nf3: could not resolve `traceInclude` entry "ravendb" from any root
nf3: could not resolve `traceInclude` entry "require-in-the-middle" from any root
nf3: could not resolve `traceInclude` entry "rimraf" from any root
nf3: could not resolve `traceInclude` entry "shiki" from any root
nf3: could not resolve `traceInclude` entry "sqlite3" from any root
nf3: could not resolve `traceInclude` entry "thread-stream" from any root
nf3: could not resolve `traceInclude` entry "ts-morph" from any root
nf3: could not resolve `traceInclude` entry "ts-node" from any root
nf3: could not resolve `traceInclude` entry "vscode-oniguruma" from any root
nf3: could not resolve `traceInclude` entry "websocket" from any root
nf3: could not resolve `traceInclude` entry "zeromq" from any root
[33m[PLUGIN_TIMINGS] [0mYour build spent significant time in plugins. Here is a breakdown:
  - nitro:externals (48%)
  - vinext:jsx-in-js (17%)
  - vinext:middleware-server-only (6%)
  - vinext:og-inline-fetch-assets (6%)
  - vinext:ignore-dynamic-requests (5%)
See https://rolldown.rs/options/checks#plugintimings for more details.

