
 ⛅️ wrangler 4.137.0
────────────────────
Wrangler detected this dev session is running in an AI agent.
The Local Explorer API is available at http://127.0.0.1:44893/cdn-cgi/local/explorer/api
Useful routes:
  GET http://127.0.0.1:44893/cdn-cgi/local/explorer/api/local/workers - local Workers and bindings
  GET http://127.0.0.1:44893/cdn-cgi/local/explorer/api/storage/kv/namespaces - KV namespaces
  GET http://127.0.0.1:44893/cdn-cgi/local/explorer/api/d1/database - D1 databases
  GET http://127.0.0.1:44893/cdn-cgi/local/explorer/api/r2/buckets - R2 buckets
  GET http://127.0.0.1:44893/cdn-cgi/local/explorer/api/workers/durable_objects/namespaces - Durable Object namespaces
  GET http://127.0.0.1:44893/cdn-cgi/local/explorer/api/workflows - Workflows
  POST http://127.0.0.1:44893/cdn-cgi/local/explorer/api/local/observability/query - run a read-only SQL query (SELECT/WITH only) over captured request traces and console logs. Tables: spans, logs (read attributes via json(attributes)). Example:
    curl -X POST http://127.0.0.1:44893/cdn-cgi/local/explorer/api/local/observability/query -H 'Content-Type: application/json' -d '{"sql":"SELECT service, name, outcome, duration_ms FROM spans WHERE parent_id IS NULL LIMIT 20"}'
  POST http://127.0.0.1:44893/cdn-cgi/local/explorer/api/local/observability/clear - clear all captured traces and logs
If the routes above don't cover what you need, fetch the full OpenAPI schema (large - use only as a last resort):
  GET http://127.0.0.1:44893/cdn-cgi/local/explorer/api - OpenAPI schema
Attaching additional modules:
┌───────────────────────────────────────────────────────────────────────────────────────────────────────────────────────────┬──────┬─────────────┐
│ Name                                                                                                                      │ Type │ Size        │
├───────────────────────────────────────────────────────────────────────────────────────────────────────────────────────────┼──────┼─────────────┤
│ ssr/index.js                                                                                                              │ esm  │ 272.40 KiB  │
├───────────────────────────────────────────────────────────────────────────────────────────────────────────────────────────┼──────┼─────────────┤
│ ssr/vinext-client-assets.js                                                                                               │ esm  │ 3.40 KiB    │
├───────────────────────────────────────────────────────────────────────────────────────────────────────────────────────────┼──────┼─────────────┤
│ ssr/_next/static/app-nav-failure-handler-DAAWxqCl.js                                                                      │ esm  │ 0.04 KiB    │
├───────────────────────────────────────────────────────────────────────────────────────────────────────────────────────────┼──────┼─────────────┤
│ ssr/_next/static/app-prefetch-fetch-queue-BCvs9RYN.js                                                                     │ esm  │ 0.06 KiB    │
├───────────────────────────────────────────────────────────────────────────────────────────────────────────────────────────┼──────┼─────────────┤
│ ssr/_next/static/app-router-scroll-rI0uEDqs.js                                                                            │ esm  │ 2.08 KiB    │
├───────────────────────────────────────────────────────────────────────────────────────────────────────────────────────────┼──────┼─────────────┤
│ ssr/_next/static/app-router-scroll-state-BIeDxhwz.js                                                                      │ esm  │ 0.51 KiB    │
├───────────────────────────────────────────────────────────────────────────────────────────────────────────────────────────┼──────┼─────────────┤
│ ssr/_next/static/client-YSsld6up.js                                                                                       │ esm  │ 394.21 KiB  │
├───────────────────────────────────────────────────────────────────────────────────────────────────────────────────────────┼──────┼─────────────┤
│ ssr/_next/static/data-mode-DiwJfSXA.js                                                                                    │ esm  │ 0.34 KiB    │
├───────────────────────────────────────────────────────────────────────────────────────────────────────────────────────────┼──────┼─────────────┤
│ ssr/_next/static/error-boundary-tyNaiYmB.js                                                                               │ esm  │ 5.30 KiB    │
├───────────────────────────────────────────────────────────────────────────────────────────────────────────────────────────┼──────┼─────────────┤
│ ssr/_next/static/layout-segment-context-CCOtrQ4m.js                                                                       │ esm  │ 0.37 KiB    │
├───────────────────────────────────────────────────────────────────────────────────────────────────────────────────────────┼──────┼─────────────┤
│ ssr/_next/static/navigation-B7cZgdo-.js                                                                                   │ esm  │ 3.14 KiB    │
├───────────────────────────────────────────────────────────────────────────────────────────────────────────────────────────┼──────┼─────────────┤
│ ssr/_next/static/page-D5oJ_S2j.js                                                                                         │ esm  │ 0.88 KiB    │
├───────────────────────────────────────────────────────────────────────────────────────────────────────────────────────────┼──────┼─────────────┤
│ ssr/_next/static/static.edge-D5fcCLE8.js                                                                                  │ esm  │ 0.16 KiB    │
├───────────────────────────────────────────────────────────────────────────────────────────────────────────────────────────┼──────┼─────────────┤
│ ssr/_next/static/streamed-icons-CDvMf9Lk.js                                                                               │ esm  │ 0.67 KiB    │
├───────────────────────────────────────────────────────────────────────────────────────────────────────────────────────────┼──────┼─────────────┤
│ ssr/_next/static/tslib.es6-CtQd7Aj3.js                                                                                    │ esm  │ 0.75 KiB    │
├───────────────────────────────────────────────────────────────────────────────────────────────────────────────────────────┼──────┼─────────────┤
│ ssr/_next/static/workspace-B54y74U0.js                                                                                    │ esm  │ 587.93 KiB  │
├───────────────────────────────────────────────────────────────────────────────────────────────────────────────────────────┼──────┼─────────────┤
│ ssr/_next/static/workspace-session-Yk5eA-yD.js                                                                            │ esm  │ 10.68 KiB   │
├───────────────────────────────────────────────────────────────────────────────────────────────────────────────────────────┼──────┼─────────────┤
│ ssr/__vite_rsc_assets_manifest.js                                                                                         │ esm  │ 4.48 KiB    │
├───────────────────────────────────────────────────────────────────────────────────────────────────────────────────────────┼──────┼─────────────┤
│ vinext-client-assets.js                                                                                                   │ esm  │ 3.40 KiB    │
├───────────────────────────────────────────────────────────────────────────────────────────────────────────────────────────┼──────┼─────────────┤
│ _next/static/app-page-cache-D2WA49K3.js                                                                                   │ esm  │ 5.07 KiB    │
├───────────────────────────────────────────────────────────────────────────────────────────────────────────────────────────┼──────┼─────────────┤
│ _next/static/app-page-cache-finalizer-p1VHzgcB.js                                                                         │ esm  │ 3.40 KiB    │
├───────────────────────────────────────────────────────────────────────────────────────────────────────────────────────────┼──────┼─────────────┤
│ _next/static/app-page-cache-render-B2dke8Hr.js                                                                            │ esm  │ 1.90 KiB    │
├───────────────────────────────────────────────────────────────────────────────────────────────────────────────────────────┼──────┼─────────────┤
│ _next/static/app-page-stream--wy62t4j.js                                                                                  │ esm  │ 9.75 KiB    │
├───────────────────────────────────────────────────────────────────────────────────────────────────────────────────────────┼──────┼─────────────┤
│ _next/static/app-prerender-endpoints-DIp6T0qG.js                                                                          │ esm  │ 1.96 KiB    │
├───────────────────────────────────────────────────────────────────────────────────────────────────────────────────────────┼──────┼─────────────┤
│ _next/static/app-prerender-static-params-y_PUU66H.js                                                                      │ esm  │ 1.09 KiB    │
├───────────────────────────────────────────────────────────────────────────────────────────────────────────────────────────┼──────┼─────────────┤
│ _next/static/app-route-handler-dispatch-Bnh8Cj_c.js                                                                       │ esm  │ 17.65 KiB   │
├───────────────────────────────────────────────────────────────────────────────────────────────────────────────────────────┼──────┼─────────────┤
│ _next/static/app-segment-config-CzoCnH78.js                                                                               │ esm  │ 14.56 KiB   │
├───────────────────────────────────────────────────────────────────────────────────────────────────────────────────────────┼──────┼─────────────┤
│ _next/static/app-static-generation-XIjMtxpU.js                                                                            │ esm  │ 0.89 KiB    │
├───────────────────────────────────────────────────────────────────────────────────────────────────────────────────────────┼──────┼─────────────┤
│ _next/static/base-path-DIKmiNZl.js                                                                                        │ esm  │ 0.31 KiB    │
├───────────────────────────────────────────────────────────────────────────────────────────────────────────────────────────┼──────┼─────────────┤
│ _next/static/cache-headers-wVGoLdRE.js                                                                                    │ esm  │ 37.89 KiB   │
├───────────────────────────────────────────────────────────────────────────────────────────────────────────────────────────┼──────┼─────────────┤
│ _next/static/framework~index-Cbde3fu2.js                                                                                  │ esm  │ 0.20 KiB    │
├───────────────────────────────────────────────────────────────────────────────────────────────────────────────────────────┼──────┼─────────────┤
│ _next/static/framework~index~layout~app-page-cache-render~app-page-cache~app-route-handler-dispatch~page-C-jpxT-n.js      │ esm  │ 0.80 KiB    │
├───────────────────────────────────────────────────────────────────────────────────────────────────────────────────────────┼──────┼─────────────┤
│ _next/static/framework~index~page~layout~app-page-cache-render~app-page-cache~app-route-handler-dispatch~page-lNVUqfqm.js │ esm  │ 5.37 KiB    │
├───────────────────────────────────────────────────────────────────────────────────────────────────────────────────────────┼──────┼─────────────┤
│ _next/static/framework~index~page~layout~app-route-handler-dispatch~page-Civh7kA4.js                                      │ esm  │ 55.29 KiB   │
├───────────────────────────────────────────────────────────────────────────────────────────────────────────────────────────┼──────┼─────────────┤
│ _next/static/headers-Bijy83mP.js                                                                                          │ esm  │ 15.06 KiB   │
├───────────────────────────────────────────────────────────────────────────────────────────────────────────────────────────┼──────┼─────────────┤
│ _next/static/headers-DiaRPf0p.js                                                                                          │ esm  │ 4.87 KiB    │
├───────────────────────────────────────────────────────────────────────────────────────────────────────────────────────────┼──────┼─────────────┤
│ _next/static/implicit-tags-C92tENZM.js                                                                                    │ esm  │ 1.32 KiB    │
├───────────────────────────────────────────────────────────────────────────────────────────────────────────────────────────┼──────┼─────────────┤
│ _next/static/isr-cache-pGcvEvER.js                                                                                        │ esm  │ 4.84 KiB    │
├───────────────────────────────────────────────────────────────────────────────────────────────────────────────────────────┼──────┼─────────────┤
│ _next/static/navigation-runtime-9757zdTq.js                                                                               │ esm  │ 0.78 KiB    │
├───────────────────────────────────────────────────────────────────────────────────────────────────────────────────────────┼──────┼─────────────┤
│ _next/static/page-BIqYViq3.js                                                                                             │ esm  │ 0.64 KiB    │
├───────────────────────────────────────────────────────────────────────────────────────────────────────────────────────────┼──────┼─────────────┤
│ _next/static/page-CWLh7j7E.js                                                                                             │ esm  │ 0.04 KiB    │
├───────────────────────────────────────────────────────────────────────────────────────────────────────────────────────────┼──────┼─────────────┤
│ _next/static/page-DiSPcT7L.js                                                                                             │ esm  │ 0.18 KiB    │
├───────────────────────────────────────────────────────────────────────────────────────────────────────────────────────────┼──────┼─────────────┤
│ _next/static/page-DoinFKxM.js                                                                                             │ esm  │ 0.04 KiB    │
├───────────────────────────────────────────────────────────────────────────────────────────────────────────────────────────┼──────┼─────────────┤
│ _next/static/record-CW_Fw1mA.js                                                                                           │ esm  │ 0.08 KiB    │
├───────────────────────────────────────────────────────────────────────────────────────────────────────────────────────────┼──────┼─────────────┤
│ _next/static/rolldown-runtime-DUnMT5BP.js                                                                                 │ esm  │ 0.68 KiB    │
├───────────────────────────────────────────────────────────────────────────────────────────────────────────────────────────┼──────┼─────────────┤
│ _next/static/root-params-C4cTde7Z.js                                                                                      │ esm  │ 1.21 KiB    │
├───────────────────────────────────────────────────────────────────────────────────────────────────────────────────────────┼──────┼─────────────┤
│ _next/static/route-BH_engr4.js                                                                                            │ esm  │ 0.10 KiB    │
├───────────────────────────────────────────────────────────────────────────────────────────────────────────────────────────┼──────┼─────────────┤
│ _next/static/route-Cxu17yx2.js                                                                                            │ esm  │ 0.13 KiB    │
├───────────────────────────────────────────────────────────────────────────────────────────────────────────────────────────┼──────┼─────────────┤
│ _next/static/route-DkVSztyd.js                                                                                            │ esm  │ 2.30 KiB    │
├───────────────────────────────────────────────────────────────────────────────────────────────────────────────────────────┼──────┼─────────────┤
│ _next/static/rsc-BnmS8DpW.js                                                                                              │ esm  │ 0.72 KiB    │
├───────────────────────────────────────────────────────────────────────────────────────────────────────────────────────────┼──────┼─────────────┤
│ _next/static/server-D-TEtv4F.js                                                                                           │ esm  │ 12.35 KiB   │
├───────────────────────────────────────────────────────────────────────────────────────────────────────────────────────────┼──────┼─────────────┤
│ _next/static/server-DK9qgFHa.js                                                                                           │ esm  │ 131.19 KiB  │
├───────────────────────────────────────────────────────────────────────────────────────────────────────────────────────────┼──────┼─────────────┤
│ _next/static/text-stream-Ccqg5IZo.js                                                                                      │ esm  │ 18.99 KiB   │
├───────────────────────────────────────────────────────────────────────────────────────────────────────────────────────────┼──────┼─────────────┤
│ __vite_rsc_assets_manifest.js                                                                                             │ esm  │ 4.48 KiB    │
├───────────────────────────────────────────────────────────────────────────────────────────────────────────────────────────┼──────┼─────────────┤
│ Total (54 modules)                                                                                                        │      │ 1646.94 KiB │
└───────────────────────────────────────────────────────────────────────────────────────────────────────────────────────────┴──────┴─────────────┘
⎔ Starting local server...
[wrangler:info] ✨ Parsed 1 valid header rule.
[wrangler:info] Ready on http://127.0.0.1:44893
X [ERROR] [neon-auth] Server API unexpected fetch error {

    component: 'server-api',
    path: '/fixture/auth/get-session',
    detail: 'Network connection lost.',
    host: '127.0.0.1:44891',
    err: [Error: Network connection lost.] { remote: true, retryable: true }
  }


[wrangler:info] GET /compat 500 Internal Server Error (2464ms)
