[nitro:vercel] ℹ Using nodejs22.x runtime.
[nitro:vercel] ℹ Using web entry format.
[1/5] analyze client references...
vite v8.0.13 building rsc environment for production...
[2Ktransforming...✓ 356 modules transformed.
✗ Build failed in 1.87s
error during build:
Build failed with 1 error:

[31m[UNLOADABLE_DEPENDENCY] [0mCould not load services/live/mode
   [38;5;246m╭[0m[38;5;246m─[0m[38;5;246m[[0m app/layout.tsx:7:8 [38;5;246m][0m
   [38;5;246m│[0m
 [38;5;246m7 │[0m [38;5;249mi[0m[38;5;249mm[0m[38;5;249mp[0m[38;5;249mo[0m[38;5;249mr[0m[38;5;249mt[0m[38;5;249m [0m"@/services/live/mode"[38;5;249m;[0m
 [38;5;240m  │[0m        ───────────┬──────────  
 [38;5;240m  │[0m                   ╰──────────── No such file or directory (os error 2)
[38;5;246m───╯[0m

    at aggregateBindingErrorsIntoJsError (file:///src/node_modules/.pnpm/rolldown@1.0.1/node_modules/rolldown/dist/shared/error-CkdMJ9ps.mjs:48:18)
    at unwrapBindingResult (file:///src/node_modules/.pnpm/rolldown@1.0.1/node_modules/rolldown/dist/shared/error-CkdMJ9ps.mjs:18:128)
    at #build (file:///src/node_modules/.pnpm/rolldown@1.0.1/node_modules/rolldown/dist/shared/rolldown-build-BVD3dIdE.mjs:3275:34)
    at async buildEnvironment (file:///src/node_modules/.pnpm/vite@8.0.13_@types+node@22.19.19_esbuild@0.28.1_jiti@2.7.0_terser@5.47.1_tsx@4.22.1/node_modules/vite/dist/node/chunks/node.js:33133:64)
    at async Object.build (file:///src/node_modules/.pnpm/vite@8.0.13_@types+node@22.19.19_esbuild@0.28.1_jiti@2.7.0_terser@5.47.1_tsx@4.22.1/node_modules/vite/dist/node/chunks/node.js:33555:19)
    at async buildApp (file:///src/node_modules/.pnpm/@vitejs+plugin-rsc@0.5.26_react-dom@19.2.6_react@19.2.6__react-server-dom-webpack@19.2._8dd68d2b9d024438d9ce2758af366f8a/node_modules/@vitejs/plugin-rsc/dist/plugin-BhzHKRFo.js:621:3)
    at async BasicMinimalPluginContext.handler (file:///src/node_modules/.pnpm/@vitejs+plugin-rsc@0.5.26_react-dom@19.2.6_react@19.2.6__react-server-dom-webpack@19.2._8dd68d2b9d024438d9ce2758af366f8a/node_modules/@vitejs/plugin-rsc/dist/plugin-BhzHKRFo.js:749:43)
    at async Object.buildApp (file:///src/node_modules/.pnpm/vite@8.0.13_@types+node@22.19.19_esbuild@0.28.1_jiti@2.7.0_terser@5.47.1_tsx@4.22.1/node_modules/vite/dist/node/chunks/node.js:33549:5)
    at async CAC.<anonymous> (file:///src/node_modules/.pnpm/vite@8.0.13_@types+node@22.19.19_esbuild@0.28.1_jiti@2.7.0_terser@5.47.1_tsx@4.22.1/node_modules/vite/dist/node/cli.js:777:3) {
  errors: [Getter/Setter]
}
