✔ N00 rejects a non-owned upstream: https://auth.neon.tech/neondb/auth (3.977ms)
✔ N00 rejects a non-owned upstream: http://127.0.0.1.evil.test/auth (0.2383ms)
✔ N00 rejects a non-owned upstream: http://user:password@localhost:44891/auth (0.1375ms)
✔ N00 rejects a non-owned upstream: http://0.0.0.0:44891/auth (1.207ms)
✔ N00 accepts the loopback fixture base path (16.9782ms)
✔ N00 source inventory rejects unsafe input: ../.env (0.7135ms)
✔ N00 source inventory rejects unsafe input: a/../../secret (0.4025ms)
✔ N00 source inventory rejects unsafe input: /secret (0.3471ms)
✔ N00 source inventory rejects unsafe input: C:/secret (0.1716ms)
✔ N00 source inventory rejects unsafe input: a/.env.production (0.2635ms)
✔ N00 source inventory rejects unsafe input: a\.env.local (0.2382ms)
✔ N00 source inventory rejects unsafe input: node_modules/secret (0.1ms)
✔ N00 source inventory rejects unsafe input: test-results/secret (0.4671ms)
✔ N00 source inventory rejects unsafe input: app/../secret (0.1415ms)
✔ N00 source inventory accepts a source file (0.1828ms)
ℹ tests 15
ℹ suites 0
ℹ pass 15
ℹ fail 0
ℹ cancelled 0
ℹ skipped 0
ℹ todo 0
ℹ duration_ms 1813.3787
