✔ checked-in API types match the current OpenAPI contract (755.4658ms)
✔ TypeScript approval fingerprint matches v2-exact-context-crlf (6.0761ms)
✔ U05 request emits a scoped denial without changing its error or replaying (24.2881ms)
✔ U05 requestContent emits a scoped denial without changing its error or replaying (0.5795ms)
✔ U05 observer only requests membership checks for workspace-scoped 403/404 (1.9018ms)
✔ U05 an already aborted response cannot trigger a current access check (0.4334ms)
✔ U13 actual callback render during initializing is status, never configuration alert (5.1792ms)
✔ B02 confirmation is stable for row ordering but binds every material field (8.8563ms)
✔ B02 snapshot confirmation binds snapshot identity and normalized exclusions (0.2632ms)
✔ B03 frozen payload preserves confirmed rows and trimmed audit reason (1.1188ms)
✔ B16 unknown assignment survives route remount and token renewal with the same key (1.571ms)
✔ B16 an unresolved assignment cannot be replaced with a materially different intent (0.322ms)
✔ B15 pending body is immutable and retry/token renewal uses same frozen body/key (16.3767ms)
✔ B16 A-B-A keeps actor intent while stale response is cancelled; other actor/scope are independent (2.3239ms)
✔ B15 execution binds exact manifest/version/digest and retains key on unknown acceptance (1.2849ms)
✔ D03 Unicode code-point offsets retain emoji, CRLF, Chinese and unmodified text (0.9979ms)
✔ D03 split code-point ranges reclassify both pieces without destroying text (1.0354ms)
✔ D02 save has the required transition order (4.1194ms)
✔ D02 discard has the required transition order (0.1921ms)
✔ D02 cancel has the required transition order (0.1243ms)
✔ D02 rejected save 412 cannot proceed (0.6453ms)
✔ D02 rejected save 503 cannot proceed (0.2002ms)
✔ D02 clean transition does not prompt or write (0.1837ms)
✔ D02 asynchronous Save completes before proceeding (4.732ms)
✔ U15 project failed count and paged list preserve identical canonical filter (1.4035ms)
✔ U15 explicit workspace omits project, deep link retains selected scope and status (0.3956ms)
✔ U15 invalid URL status cannot introduce unsupported server filter; paging stays bounded (0.3254ms)
✔ U06 generated member operation carries literal search and bounded page query (0.9768ms)
✔ S06 generated eligible lookup and scope context reject foreign and A-B-A responses (0.6334ms)
✔ Q09 latest101 uses only head1/tail1 generated reads, never downloads all history (1.7388ms)
✔ Q09 empty and single ICP use one read; malformed/foreign pages fail closed (0.838ms)
✔ Q09 concurrent appended history is unavailable rather than a falsely latest profile (0.2188ms)
✔ Q09 A-B-A rejects a late metadata response and token renewal alone keeps the context (0.4669ms)
✔ B05 token renewal and route remount retain lost-response key; double start shares work (11.666ms)
✔ B06 full normalized payload and actor/scope define intent; generation and key order do not (0.6263ms)
✔ B05 A-B-A rejects late result but reuses durable key; explicit reset creates new intent (3.2533ms)
▶ every disposable-API Playwright configuration actually removes its owned container and marker
  ✔ playwright.admin.config.ts (1797.4963ms)
  ✔ playwright.approval.config.ts (1619.4672ms)
  ✔ playwright.audit-fixes.config.ts (1561.7573ms)
  ✔ playwright.bulk.config.ts (1623.7082ms)
  ✔ playwright.buyer-management.config.ts (1508.622ms)
  ✔ playwright.buyer.config.ts (1989.8347ms)
  ✔ playwright.config.ts (1549.3738ms)
  ✔ playwright.confirm.config.ts (1469.1493ms)
  ✔ playwright.contact-job.config.ts (1455.4301ms)
  ✔ playwright.cors.config.ts (1733.7571ms)
  ✔ playwright.draft.config.ts (1939.2787ms)
  ✔ playwright.exports.config.ts (1812.8784ms)
  ✔ playwright.ingestion.config.ts (1735.4758ms)
  ✔ playwright.mvp-research.config.ts (1730.1117ms)
  ✔ playwright.mvp.config.ts (1465.3884ms)
  ✔ playwright.offer.config.ts (1584.2506ms)
  ✔ playwright.policy.config.ts (1739.8151ms)
  ✔ playwright.quote.config.ts (2121.8972ms)
  ✔ playwright.run.config.ts (1971.1882ms)
  ✔ playwright.workbench.config.ts (1553.5803ms)
✔ every disposable-API Playwright configuration actually removes its owned container and marker (33993.9273ms)
✔ configured audit teardown also removes its labelled UI sentinel and marker (1619.9681ms)
✔ configured audit teardown refuses a UI container whose owner label differs (1676.4922ms)
✔ configured database teardown refuses an unrecognized marker without deleting it (98.9328ms)
✔ official project/auth requests bind exact resource, no credentials or deletion executor (47.6928ms)
✔ mismatched projectID refuses a cleanup plan (18.8999ms)
✔ mismatched owner refuses a cleanup plan (15.5296ms)
✔ mismatched conflicting-org refuses a cleanup plan (16.3682ms)
✔ mismatched region refuses a cleanup plan (16.6646ms)
✔ mismatched name refuses a cleanup plan (15.721ms)
✔ mismatched project-time refuses a cleanup plan (14.5198ms)
✔ mismatched provider refuses a cleanup plan (14.728ms)
✔ mismatched authID refuses a cleanup plan (16.1987ms)
✔ mismatched branch refuses a cleanup plan (15.9117ms)
✔ mismatched ownership refuses a cleanup plan (16.0383ms)
✔ mismatched JWKS refuses a cleanup plan (14.7772ms)
✔ mismatched baseURL refuses a cleanup plan (14.2816ms)
✔ mismatched auth-time refuses a cleanup plan (12.9584ms)
✔ HTTP 301 is not ownership or absence proof (9.1518ms)
✔ HTTP 401 is not ownership or absence proof (9.9981ms)
✔ HTTP 403 is not ownership or absence proof (9.8343ms)
✔ HTTP 404 is not ownership or absence proof (9.1807ms)
✔ HTTP 423 is not ownership or absence proof (8.657ms)
✔ HTTP 429 is not ownership or absence proof (9.9934ms)
✔ HTTP 500 is not ownership or absence proof (8.4716ms)
✔ HTTP 503 is not ownership or absence proof (8.4785ms)
✔ stale readback refused (9.4991ms)
✔ future readback refused (9.7905ms)
✔ wrong-path readback refused (11.8613ms)
✔ foreign-origin readback refused (9.5034ms)
✔ query readback refused (9.5324ms)
✔ wrong-method readback refused (10.5714ms)
✔ credential-field readback refused (10.0952ms)
✔ a bound human identity blocks auth/project deletion; users_sync is not assumed Better Auth (14.0031ms)
✔ owned counted HTTP payloads decode official field names without claiming provider verification (77.7786ms)
✔ adapter contains no network, CLI or ambient credential execution path (0.3621ms)
✔ pending request keeps deletion descriptors blocked for reconciliation (12.237ms)
✔ unknown request keeps deletion descriptors blocked for reconciliation (15.3733ms)
✔ cleanup preparation after TTL requires fresh readbacks and preserves expired target (9.6936ms)
✔ an unbranded journal and malformed calendar timestamp cannot create descriptors (9.2559ms)
✔ N00 built fixture is isolated from playwright.audit-fixes.config.ts (1315.649ms)
✔ N00 built fixture is isolated from playwright.audit-regression.config.ts (821.3963ms)
✔ N00 dedicated config discovers all seven built-output cases (838.3293ms)
✔ N00 counted config discovers the same seven cases with separate producer outputs (849.4475ms)
✔ all N00 output profiles stay isolated from playwright.audit-fixes.config.ts (748.3886ms)
✔ all N00 output profiles stay isolated from playwright.audit-regression.config.ts (759.0563ms)
✔ runtime flow config discovers all six actual-output cases including unknown sign-out (525.0175ms)
✔ N00 rejects a non-owned upstream: https://auth.neon.tech/neondb/auth (1.4381ms)
✔ N00 rejects a non-owned upstream: http://127.0.0.1.evil.test/auth (0.1363ms)
✔ N00 rejects a non-owned upstream: http://user:password@localhost:44891/auth (0.0903ms)
✔ N00 rejects a non-owned upstream: http://0.0.0.0:44891/auth (0.0634ms)
✔ N00 accepts the loopback fixture base path (0.1366ms)
✔ N00 source inventory rejects unsafe input: ../.env (0.1934ms)
✔ N00 source inventory rejects unsafe input: a/../../secret (0.1141ms)
✔ N00 source inventory rejects unsafe input: /secret (0.0574ms)
✔ N00 source inventory rejects unsafe input: C:/secret (0.0796ms)
✔ N00 source inventory rejects unsafe input: a/.env.production (0.1472ms)
✔ N00 source inventory rejects unsafe input: a\.env.local (0.0833ms)
✔ N00 source inventory rejects unsafe input: node_modules/secret (0.0489ms)
✔ N00 source inventory rejects unsafe input: test-results/secret (0.0381ms)
✔ N00 source inventory rejects unsafe input: app/../secret (0.0549ms)
✔ N00 source inventory accepts a source file (0.0766ms)
✔ N00 build includes BuyerOS frontend services and generated types (0.3274ms)
✔ N00 build excludes Python/services and historical evidence (0.0723ms)
✔ N00 child env excludes inherited DB/Auth/provider variables (0.1322ms)
✔ N00 cache seed requires matching declared owner (0.4131ms)
✔ N00 emitted static assets stay within the output static directory (0.2661ms)
✔ N00 registers Vinext public fetch entry as the Nitro RSC service without changing production config (0.264ms)
✔ N00 storage permits only canonical locale prefs and refuses tokens or credential fields (0.1984ms)
✔ proxy refuses arbitrary URLs, unowned servers and unbound journals before any request (31.2359ms)
✔ HTTP reservation is durable and pending before the owned backend receives the request (45.3126ms)
✔ SDK origin, session/challenge cookies and JWT headers survive relay without entering evidence (37.5402ms)
✔ approved local callback302 is preserved manually, and an external redirect is blocked (46.1135ms)
✔ committed POST with a lost response is not replayed after proxy and journal restart (63.5294ms)
✔ budget exhaustion refuses dispatch and keeps cleanup reserve after restart (949.6582ms)
✔ expired target and over-size body fail closed without dispatching upstream (30.8206ms)
✔ POST server500 retains an unknown write and timeout is bounded without automatic retry (89.0492ms)
✔ read-only fixture budget inspection exposes counts without auth traffic or credential data (13.813ms)
✔ concurrent identical fixture POSTs share the in-flight barrier before upstream acceptance is known (31.1066ms)
✔ fixture cleanup control requires the exact local owner nonce and never forwards to backend (12.5103ms)
✔ committed POST with a refused redirect stays unknown and is held after restart (53.5079ms)
✔ committed PUT with a refused redirect stays unknown and is held after restart (63.3872ms)
✔ committed PATCH with a refused redirect stays unknown and is held after restart (54.4033ms)
✔ committed DELETE with a refused redirect stays unknown and is held after restart (55.2459ms)
✔ a malformed redirect after POST acceptance preserves the write hold without retry (41.3876ms)
✔ unknown one-use GET /fixture/auth/callback/google cannot be replayed (41.1697ms)
✔ unknown one-use GET /fixture/auth/get-session cannot be replayed (32.3464ms)
✔ reordered verifier query and renewed bearer keep the same unresolved intent (36.0468ms)
✔ restart conservatively holds writes for an unresolved read without trusting receipt semantics (34.8786ms)
✔ restart cannot erase a hold through legacy or corrupt receipt metadata (33.8774ms)
✔ official pinned SDK social write sees unknown redirect once and retry is held (2215.2385ms)
✔ one-use /fixture/auth/get-session hold is bound to its verifier/state despite other query changes (37.4362ms)
✔ one-use /fixture/auth/callback/google hold is bound to its verifier/state despite other query changes (40.0467ms)
✔ all SDK/browser/CLI physical hops are durably reserved before the backend receives them (136.1766ms)
✔ an unowned server, real target or unknown caller/path is refused before dispatch (28.5523ms)
✔ redirects remain manual and each explicitly followed hop consumes another reservation (52.0802ms)
✔ a foreign redirect cannot cause an uncounted request (34.2365ms)
✔ commit with lost response is held across channel changes and journal restart (39.6513ms)
✔ concurrent identical writes cannot dispatch twice (46.5548ms)
✔ the 180-check stop retains 20 cleanup/reconciliation reservations across restart (2666.7977ms)
✔ TTL refuses new auth but allows exact cleanup readback after expiry (33.686ms)
✔ bodies and response bytes are bounded without returning or persisting secrets (45.0599ms)
✔ receipt failure preserves pending reservation and fails closed after restart (29.9759ms)
✔ official pinned SDK token request crosses the same durable gateway once (35.9892ms)
✔ fixed Node CLI helper uses the owned gateway and strips inherited credentials (161.269ms)
✔ cleanup verifies exact ownership and absence after each deletion in identity/auth/project order (300.7552ms)
✔ unknown deletion never blindly retries; fresh absence lets restarted cleanup continue (387.8741ms)
✔ unknown deletion still present blocks every later dependent deletion and retry (175.6607ms)
✔ mismatched provider readback prevents every deletion (32.1712ms)
✔ cleanup after TTL still counts every readback/deletion and never touches an unbound identity (222.0445ms)
✔ cleanup refuses an injected transport and a different journal even with matching-looking metadata (21.7012ms)
✔ wrong gateway nonce and cross-origin writes cannot consume provider budget (18.7471ms)
✔ expired or mismatched existence receipt blocks cleanup before any deletion (66.6157ms)
✔ CLI refuses an absent or unowned gateway before spawning a subprocess (0.4798ms)
✔ native pinned SDK exact-id lookup reaches owned HTTP with a durable reconciliation reservation (87.7375ms)
✔ native SDK removal uses the twenty-request cleanup reserve after 180 auth checks (1789.9944ms)
✔ native SDK refuses a different identity before reserving or dispatching HTTP (27.3693ms)
✔ fresh ownership, exact identity and native SDK absence complete only the owned identity cleanup (124.5814ms)
✔ read-500 read cannot authorize removal or claim absence (59.0289ms)
✔ generic-404 read cannot authorize removal or claim absence (64.9109ms)
✔ foreign-id read cannot authorize removal or claim absence (59.4103ms)
✔ foreign-created read cannot authorize removal or claim absence (64.4074ms)
✔ malformed read cannot authorize removal or claim absence (49.9412ms)
✔ lingering removal response cannot claim confirmed absence (118.0028ms)
✔ bad-success removal response cannot claim confirmed absence (74.6936ms)
✔ post-delete-malformed removal response cannot claim confirmed absence (111.0372ms)
✔ committed removal with lost response is not replayed; restart confirms exact absence through the SDK (133.4889ms)
✔ unknown removal still present after restart retains hold and never resends (142.7782ms)
✔ an expired target may consume cleanup/reconciliation reserve but cannot send new auth checks (153.028ms)
✔ admin authentication failure cannot be interpreted as an empty identity set (71.4394ms)
✔ gateway, journal and owner must all be the same branded owned context (33.3785ms)
✔ changed project readback stops before native identity lookup (34.7424ms)
✔ no email linking, role writes, impersonation, create-user or unrestricted query enters the boundary (21.0618ms)
✔ durable receipts do not persist fixture session headers or identity payloads (138.1445ms)
✔ accepted remove without absence remains held on another attempt (184.2184ms)
✔ duplicate or extended query and body fields cannot broaden exact-id cleanup (24.3033ms)
✔ cleanup also stops at the hard total of two hundred physical requests (2414.5498ms)
✔ unknown identity removal stays held when only JSON whitespace or session headers change (42.6686ms)
✔ bridge forwards bearer once to exact owned diagnostic and returns subject without token (18.3694ms)
✔ missing owner config, external endpoint and different fingerprint refuse before HTTP (0.7491ms)
✔ foreign or missing Origin and invalid bearer refuse before HTTP (0.7332ms)
✔ API rejection stays 401 and unknown API result is not retried or exposed (1.117ms)
✔ mismatched response ownership and malformed response fail closed (0.6504ms)
✔ network failure cannot expose exception data or trigger a retry (0.3568ms)
✔ browser receipt must match the rendered target and session subject, and cannot claim live verification (0.1528ms)
✔ real target requires observed exact identifiers and explicit Ed25519 trust (2.404ms)
✔ template has null target and trust values and check denies it without a network call (51.3887ms)
✔ real preflight denies production project (0.3072ms)
✔ real preflight denies existing Cloudflare preview (0.0943ms)
✔ real preflight denies different owner (0.1509ms)
✔ real preflight denies cloned data (0.2624ms)
✔ real preflight denies unmatched branch readback (0.2579ms)
✔ real preflight denies missing audience (0.2384ms)
✔ real preflight denies Auth0 RSA algorithm (0.2854ms)
✔ real preflight denies wrong key curve (0.3604ms)
✔ real preflight denies email enabled (0.1221ms)
✔ real preflight denies email registration (0.101ms)
✔ real preflight denies email hook (0.066ms)
✔ real preflight denies paid plan (0.0547ms)
✔ real preflight denies wildcard trusted domain (0.093ms)
✔ real preflight denies unknown config or DSN (0.0582ms)
✔ real preflight denies credential URL (0.0717ms)
✔ real preflight denies loopback masquerading as real (0.0592ms)
✔ real preflight denies unreviewed JWKS host (0.0999ms)
✔ real preflight denies extended expiry (0.0892ms)
✔ real preflight denies future creation (0.0923ms)
✔ expiry blocks new runtime configuration while exact cleanup remains available (18.6905ms)
✔ runtime secrets and explicit trust never enter build env or inherit DB/provider config (0.8229ms)
✔ journal cannot be created without an explicit authorization reference or overwrite an earlier run (4.1147ms)
✔ setup before target creation and failed requests consume the same persistent budget (34.2944ms)
✔ lost response is reserved before execution, survives restart and cannot be blindly retried (24.1352ms)
✔ 180 probes reserve 20 cleanup/reconcile checks and hard cap is 200 including errors (1242.9874ms)
✔ target binding is immutable across process restarts and IDs cannot be repointed (21.7843ms)
✔ two build reservations are bounded to 20 minutes and remain consumed on restart (24.6608ms)
✔ cleanup needs fresh matching readback and may select only one bound test identity (24.1844ms)
✔ unknown outcomes and suspicious operation metadata do not leak bearer, query or credential data to journal (15.8051ms)
✔ a concurrent writer or corrupt journal fails closed without resetting counters (19.5905ms)
✔ ledger tampering with limits or target fingerprint fails before cleanup or a new reservation (16.4224ms)
✔ persisted settled results need evidence and probe reservations cannot exceed the original expiry (20.7268ms)
✔ build deadline cannot exceed resource TTL and persisted build sequence cannot be forged (20.4976ms)
✔ an actual terminated Node process leaves its reservation consumed and the next process sees it (196.8828ms)
✔ runtime env carries the validated complete manifest, and build env drops it with all trust/secrets (3.1936ms)
✔ explicit issuer is kept independent from Auth base URL and actual SDK cookie options are returned (0.8116ms)
✔ runtime missing N00_REAL_TARGET_JSON refuses SDK construction without fallback (0.6858ms)
✔ runtime missing N00_TARGET_FINGERPRINT refuses SDK construction without fallback (0.2811ms)
✔ runtime missing NEON_AUTH_BASE_URL refuses SDK construction without fallback (0.2401ms)
✔ runtime missing NEON_AUTH_COOKIE_SECRET refuses SDK construction without fallback (0.2174ms)
✔ runtime missing N00_AUTH_ISSUER refuses SDK construction without fallback (0.2315ms)
✔ runtime missing N00_AUTH_AUDIENCE refuses SDK construction without fallback (0.2557ms)
✔ runtime missing N00_AUTH_JWKS_URL refuses SDK construction without fallback (0.4803ms)
✔ runtime missing N00_AUTH_ALGORITHM refuses SDK construction without fallback (0.6704ms)
✔ runtime drift NEON_AUTH_BASE_URL refuses initialization (0.7936ms)
✔ runtime drift N00_AUTH_ISSUER refuses initialization (0.4241ms)
✔ runtime drift N00_AUTH_AUDIENCE refuses initialization (0.5365ms)
✔ runtime drift N00_AUTH_JWKS_URL refuses initialization (0.418ms)
✔ runtime drift N00_AUTH_ALGORITHM refuses initialization (0.4082ms)
✔ runtime drift N00_TARGET_FINGERPRINT refuses initialization (0.3687ms)
✔ malformed manifest error cannot echo secret or input data (0.4506ms)
✔ oversize manifest refuses parsing rather than consuming an unbounded runtime input (0.2436ms)
✔ runtime reuses full target validation and rejects production IDs (0.2443ms)
✔ module/runtime creation consumes no env or SDK initialization at build time (0.1123ms)
✔ request initialization revalidates but caches one SDK instance for exact same context (0.4522ms)
✔ cached SDK cannot bypass the two-hour target expiry (0.3642ms)
✔ changed target cannot reuse or silently replace an already bound SDK context (0.9779ms)
✔ changed cookie secret requires a new owned runtime rather than silent context replacement (0.4294ms)
✔ fresher matching readback does not change the bound target/SDK intent (0.4339ms)
✔ SDK constructor errors are redacted and cannot disclose runtime cookie secret (0.2945ms)
✔ runtime description contains only target/trust context and no cookie secret (0.3713ms)
✔ returned runtime config cannot be mutated to change the validated SDK/trust tuple (0.4173ms)
✔ separate build-environment Node process imports the runtime module without secret/init (52.578ms)
✔ runtime consumer independently refuses an invalid cookie secret (0.5747ms)
✔ owned cleanup removes private configuration and keeps marker through a transient state failure (14.8545ms)
✔ cleanup rejects a mismatched owner before deleting configuration (3.5295ms)
✔ cleanup refuses an unreviewed entry before deleting owned configuration (3.3182ms)
✔ cleanup deadline retains the owner while private configuration is removed (7.9107ms)
✔ cleanup propagates non-transient IO errors without deleting ownership (3.7044ms)
✔ cleanup rejects a root symlink and preserves its target (2.8172ms)
✔ runtime flow builds in a fresh area with shared strict runtime and separate diagnostic/fixture overlays (1.0787ms)
✔ allowed SDK session/token/JWKS calls preserve method/body/cookies through the counted loopback URL (18.6675ms)
✔ fixture transport supports Request inputs without leaking a new endpoint (4.2087ms)
✔ foreign origin, credentials, encoded path, unknown endpoint and loopback bypass never dispatch (0.9727ms)
✔ transport cannot be installed for real targets or rebound to different fictional context (0.2275ms)
✔ unknown upstream response is surfaced once without retry (0.5254ms)
✔ SDK POST redirect is returned to the caller and is never automatically followed (0.4011ms)
✔ owned diagnostic is the only additional loopback transport and requires its exact private owner nonce (1.131ms)
✔ compatibility profile retains original output and source overlay (1.0742ms)
✔ runtime profile has distinct output and real-only plus probe scaffolding (0.1217ms)
✔ build profile refuses custom paths and unreviewed profiles (0.363ms)
✔ Nitro runtime profile selects only its reviewed service entry (0.2637ms)
✔ probe target accepts only explicit fictional IDs/hosts/audience (0.7566ms)
✔ probe refuses a real projectId (0.1064ms)
✔ probe refuses a real branchId (0.0752ms)
✔ probe refuses a real authId (0.0584ms)
✔ probe refuses external trust and base hosts or non-fictional audience (0.2208ms)
✔ probe fetch guard refuses every request before original transport dispatch (0.4212ms)
✔ the built Vercel function renders / without a workspace import failure (104.5913ms)
✔ the built Vercel function renders /app without a workspace import failure (9.6491ms)
✔ the built Vercel function renders /auth/callback without a workspace import failure (11.0833ms)
✔ Vercel exposes only the app and binds its API call to the internal API service (1.6036ms)
✔ the app proxy forwards the bearer and original API path to the bound service (47.48ms)
✔ the app proxy fails closed when the binding is absent (0.8864ms)
✔ the app proxy streams writes and preserves API conflicts without forwarding cookies (0.8341ms)
✔ FastAPI redirects stay on the public app path (0.9016ms)
✔ test_internal_headers_forward_only_on_allowlisted_paths (23.4427ms)
ℹ tests 300
ℹ suites 0
ℹ pass 300
ℹ fail 0
ℹ cancelled 0
ℹ skipped 0
ℹ todo 0
ℹ duration_ms 67414.0489
