[info] [nitro:vercel] Using `nodejs22.x` runtime.
[info] [nitro:vercel] Using `web` entry format.
[34m[1/5] analyze client references...[39m
[36mvite v8.0.13 [32mbuilding rsc environment for production...[36m[39m
[2Ktransforming...[31mUnable to resolve `@import "../vendor/shadcn-tailwind-4.13.0.css"` from /src/app[39m
✓ 222 modules transformed.
[31m✗[39m Build failed in 2.15s
[31merror during build:
[31mBuild failed with 1 error:

[plugin vite:css] /src/app/globals.css:undefined:NaN
Error: [postcss] ENOENT: no such file or directory, open '../vendor/shadcn-tailwind-4.13.0.css'
    at async open (node:internal/fs/promises:639:25)
    at async Object.readFile (node:internal/fs/promises:1252:14)
    at async Object.load (file:///src/node_modules/.pnpm/vite@8.0.13_@types+node@22.19.19_esbuild@0.28.1_jiti@2.7.0_terser@5.47.1_tsx@4.22.1/node_modules/vite/dist/node/chunks/node.js:21000:17)
    at async loadImportContent (file:///src/node_modules/.pnpm/vite@8.0.13_@types+node@22.19.19_esbuild@0.28.1_jiti@2.7.0_terser@5.47.1_tsx@4.22.1/node_modules/vite/dist/node/chunks/postcss-import.js:392:19)
    at async Promise.all (index 0)
    at async resolveImportId (file:///src/node_modules/.pnpm/vite@8.0.13_@types+node@22.19.19_esbuild@0.28.1_jiti@2.7.0_terser@5.47.1_tsx@4.22.1/node_modules/vite/dist/node/chunks/postcss-import.js:378:20)
    at async parseStyles (file:///src/node_modules/.pnpm/vite@8.0.13_@types+node@22.19.19_esbuild@0.28.1_jiti@2.7.0_terser@5.47.1_tsx@4.22.1/node_modules/vite/dist/node/chunks/postcss-import.js:331:4)
    at async Object.Once (file:///src/node_modules/.pnpm/vite@8.0.13_@types+node@22.19.19_esbuild@0.28.1_jiti@2.7.0_terser@5.47.1_tsx@4.22.1/node_modules/vite/dist/node/chunks/postcss-import.js:455:20)
    at async LazyResult.runAsync (/src/node_modules/.pnpm/postcss@8.5.23/node_modules/postcss/lib/lazy-result.js:299:11)
    at async runPostCSS (file:///src/node_modules/.pnpm/vite@8.0.13_@types+node@22.19.19_esbuild@0.28.1_jiti@2.7.0_terser@5.47.1_tsx@4.22.1/node_modules/vite/dist/node/chunks/node.js:21054:19)[31m
    at aggregateBindingErrorsIntoJsError (file:///src/node_modules/.pnpm/rolldown@1.0.1/node_modules/rolldown/dist/shared/error-CkdMJ9ps.mjs:48:18)
    at unwrapBindingResult (file:///src/node_modules/.pnpm/rolldown@1.0.1/node_modules/rolldown/dist/shared/error-CkdMJ9ps.mjs:18:128)
    at #build (file:///src/node_modules/.pnpm/rolldown@1.0.1/node_modules/rolldown/dist/shared/rolldown-build-BVD3dIdE.mjs:3275:34)
    at async buildEnvironment (file:///src/node_modules/.pnpm/vite@8.0.13_@types+node@22.19.19_esbuild@0.28.1_jiti@2.7.0_terser@5.47.1_tsx@4.22.1/node_modules/vite/dist/node/chunks/node.js:33133:64)
    at async Object.build (file:///src/node_modules/.pnpm/vite@8.0.13_@types+node@22.19.19_esbuild@0.28.1_jiti@2.7.0_terser@5.47.1_tsx@4.22.1/node_modules/vite/dist/node/chunks/node.js:33555:19)
    at async buildApp (file:///src/node_modules/.pnpm/@vitejs+plugin-rsc@0.5.26_react-dom@19.2.6_react@19.2.6__react-server-dom-webpack@19.2._8dd68d2b9d024438d9ce2758af366f8a/node_modules/@vitejs/plugin-rsc/dist/plugin-BhzHKRFo.js:621:3)
    at async BasicMinimalPluginContext.handler (file:///src/node_modules/.pnpm/@vitejs+plugin-rsc@0.5.26_react-dom@19.2.6_react@19.2.6__react-server-dom-webpack@19.2._8dd68d2b9d024438d9ce2758af366f8a/node_modules/@vitejs/plugin-rsc/dist/plugin-BhzHKRFo.js:749:43)
    at async Object.buildApp (file:///src/node_modules/.pnpm/vite@8.0.13_@types+node@22.19.19_esbuild@0.28.1_jiti@2.7.0_terser@5.47.1_tsx@4.22.1/node_modules/vite/dist/node/chunks/node.js:33549:5)
    at async CAC.<anonymous> (file:///src/node_modules/.pnpm/vite@8.0.13_@types+node@22.19.19_esbuild@0.28.1_jiti@2.7.0_terser@5.47.1_tsx@4.22.1/node_modules/vite/dist/node/cli.js:777:3) {
  errors: [Getter/Setter]
}[39m
