✔ checked-in API types match the current OpenAPI contract (13266.791ms)
✔ U13 actual callback render during initializing is status, never configuration alert (24.4719ms)
✔ N00 built fixture is isolated from playwright.audit-fixes.config.ts (5736.8ms)
✔ N00 built fixture is isolated from playwright.audit-regression.config.ts (4099.902ms)
✔ N00 dedicated config discovers all seven built-output cases (1181.2133ms)
✔ N00 counted config discovers the same seven cases with separate producer outputs (1172.4459ms)
✔ N00 rejects a non-owned upstream: https://auth.neon.tech/neondb/auth (3.764ms)
✔ N00 rejects a non-owned upstream: http://127.0.0.1.evil.test/auth (0.2384ms)
✔ N00 rejects a non-owned upstream: http://user:password@localhost:44891/auth (0.1563ms)
✔ N00 rejects a non-owned upstream: http://0.0.0.0:44891/auth (0.1202ms)
✔ N00 accepts the loopback fixture base path (0.252ms)
✔ N00 source inventory rejects unsafe input: ../.env (0.2984ms)
✔ N00 source inventory rejects unsafe input: a/../../secret (0.2048ms)
✔ N00 source inventory rejects unsafe input: /secret (0.1292ms)
✔ N00 source inventory rejects unsafe input: C:/secret (0.159ms)
✔ N00 source inventory rejects unsafe input: a/.env.production (0.2816ms)
✔ N00 source inventory rejects unsafe input: a\.env.local (0.1706ms)
✔ N00 source inventory rejects unsafe input: node_modules/secret (0.1104ms)
✔ N00 source inventory rejects unsafe input: test-results/secret (0.0944ms)
✔ N00 source inventory rejects unsafe input: app/../secret (0.125ms)
✔ N00 source inventory accepts a source file (0.1658ms)
✔ N00 build includes BuyerOS frontend services and generated types (0.9969ms)
✔ N00 build excludes Python/services and historical evidence (0.2755ms)
✔ N00 child env excludes inherited DB/Auth/provider variables (0.2744ms)
✔ N00 cache seed requires matching declared owner (0.5098ms)
✔ N00 emitted static assets stay within the output static directory (0.4398ms)
✔ N00 registers Vinext public fetch entry as the Nitro RSC service without changing production config (0.3587ms)
✔ N00 storage permits only canonical locale prefs and refuses tokens or credential fields (0.3778ms)
✔ proxy refuses arbitrary URLs, unowned servers and unbound journals before any request (221.7361ms)
✔ HTTP reservation is durable and pending before the owned backend receives the request (118.3337ms)
✔ SDK origin, session/challenge cookies and JWT headers survive relay without entering evidence (68.7973ms)
✔ approved local callback302 is preserved manually, and an external redirect is blocked (110.0919ms)
✔ committed POST with a lost response is not replayed after proxy and journal restart (137.1637ms)
✔ budget exhaustion refuses dispatch and keeps cleanup reserve after restart (2792.2191ms)
✔ expired target and over-size body fail closed without dispatching upstream (104.8475ms)
✔ POST server500 retains an unknown write and timeout is bounded without automatic retry (145.9533ms)
✔ read-only fixture budget inspection exposes counts without auth traffic or credential data (39.6325ms)
✔ concurrent identical fixture POSTs share the in-flight barrier before upstream acceptance is known (87.8935ms)
✔ fixture cleanup control requires the exact local owner nonce and never forwards to backend (61.4809ms)
✔ real target requires observed exact identifiers and explicit Ed25519 trust (4.8366ms)
✔ template has null target and trust values and check denies it without a network call (788.4405ms)
✔ real preflight denies production project (0.5527ms)
✔ real preflight denies existing Cloudflare preview (0.2026ms)
✔ real preflight denies different owner (0.1938ms)
✔ real preflight denies cloned data (0.1916ms)
✔ real preflight denies unmatched branch readback (0.2856ms)
✔ real preflight denies missing audience (0.4027ms)
✔ real preflight denies Auth0 RSA algorithm (0.3725ms)
✔ real preflight denies wrong key curve (0.4971ms)
✔ real preflight denies email enabled (0.2496ms)
✔ real preflight denies email registration (0.2256ms)
✔ real preflight denies email hook (0.159ms)
✔ real preflight denies paid plan (0.1615ms)
✔ real preflight denies wildcard trusted domain (0.1998ms)
✔ real preflight denies unknown config or DSN (0.1288ms)
✔ real preflight denies credential URL (0.1984ms)
✔ real preflight denies loopback masquerading as real (0.1497ms)
✔ real preflight denies unreviewed JWKS host (0.1471ms)
✔ real preflight denies extended expiry (0.1401ms)
✔ real preflight denies future creation (0.1202ms)
✔ expiry blocks new runtime configuration while exact cleanup remains available (32.4743ms)
✔ runtime secrets and explicit trust never enter build env or inherit DB/provider config (1.22ms)
✔ journal cannot be created without an explicit authorization reference or overwrite an earlier run (9.9839ms)
✔ setup before target creation and failed requests consume the same persistent budget (54.0654ms)
✔ lost response is reserved before execution, survives restart and cannot be blindly retried (44.6344ms)
✔ 180 probes reserve 20 cleanup/reconcile checks and hard cap is 200 including errors (2950.2371ms)
✔ target binding is immutable across process restarts and IDs cannot be repointed (41.5749ms)
✔ two build reservations are bounded to 20 minutes and remain consumed on restart (38.4214ms)
✔ cleanup needs fresh matching readback and may select only one bound test identity (36.1202ms)
✔ unknown outcomes and suspicious operation metadata do not leak bearer, query or credential data to journal (29.139ms)
✔ a concurrent writer or corrupt journal fails closed without resetting counters (44.1727ms)
✔ ledger tampering with limits or target fingerprint fails before cleanup or a new reservation (28.7597ms)
✔ persisted settled results need evidence and probe reservations cannot exceed the original expiry (52.7207ms)
✔ build deadline cannot exceed resource TTL and persisted build sequence cannot be forged (249.5071ms)
✔ an actual terminated Node process leaves its reservation consumed and the next process sees it (1751.2306ms)
✔ runtime env carries the validated complete manifest, and build env drops it with all trust/secrets (5.8703ms)
✔ explicit issuer is kept independent from Auth base URL and actual SDK cookie options are returned (1.4319ms)
✔ runtime missing N00_REAL_TARGET_JSON refuses SDK construction without fallback (1.2293ms)
✔ runtime missing N00_TARGET_FINGERPRINT refuses SDK construction without fallback (0.479ms)
✔ runtime missing NEON_AUTH_BASE_URL refuses SDK construction without fallback (0.4513ms)
✔ runtime missing NEON_AUTH_COOKIE_SECRET refuses SDK construction without fallback (0.5257ms)
✔ runtime missing N00_AUTH_ISSUER refuses SDK construction without fallback (0.4308ms)
✔ runtime missing N00_AUTH_AUDIENCE refuses SDK construction without fallback (0.399ms)
✔ runtime missing N00_AUTH_JWKS_URL refuses SDK construction without fallback (0.3869ms)
✔ runtime missing N00_AUTH_ALGORITHM refuses SDK construction without fallback (0.7793ms)
✔ runtime drift NEON_AUTH_BASE_URL refuses initialization (64.591ms)
✔ runtime drift N00_AUTH_ISSUER refuses initialization (0.5367ms)
✔ runtime drift N00_AUTH_AUDIENCE refuses initialization (0.6089ms)
✔ runtime drift N00_AUTH_JWKS_URL refuses initialization (0.459ms)
✔ runtime drift N00_AUTH_ALGORITHM refuses initialization (0.4044ms)
✔ runtime drift N00_TARGET_FINGERPRINT refuses initialization (0.4461ms)
✔ malformed manifest error cannot echo secret or input data (0.5194ms)
✔ oversize manifest refuses parsing rather than consuming an unbounded runtime input (0.3554ms)
✔ runtime reuses full target validation and rejects production IDs (2.1647ms)
✔ module/runtime creation consumes no env or SDK initialization at build time (0.3911ms)
✔ request initialization revalidates but caches one SDK instance for exact same context (0.8365ms)
✔ cached SDK cannot bypass the two-hour target expiry (0.6829ms)
✔ changed target cannot reuse or silently replace an already bound SDK context (1.7373ms)
✔ changed cookie secret requires a new owned runtime rather than silent context replacement (0.689ms)
✔ fresher matching readback does not change the bound target/SDK intent (2.1344ms)
✔ SDK constructor errors are redacted and cannot disclose runtime cookie secret (0.5993ms)
✔ runtime description contains only target/trust context and no cookie secret (0.7078ms)
✔ returned runtime config cannot be mutated to change the validated SDK/trust tuple (0.5469ms)
✔ separate build-environment Node process imports the runtime module without secret/init (813.8688ms)
✔ runtime consumer independently refuses an invalid cookie secret (0.6644ms)
✔ Vercel exposes only the app and binds its API call to the internal API service (4.4614ms)
✔ the app proxy forwards the bearer and original API path to the bound service (170.1733ms)
✔ the app proxy fails closed when the binding is absent (1.7053ms)
✔ the app proxy streams writes and preserves API conflicts without forwarding cookies (6.0594ms)
✔ FastAPI redirects stay on the public app path (5.6309ms)
ℹ tests 110
ℹ suites 0
ℹ pass 110
ℹ fail 0
ℹ cancelled 0
ℹ skipped 0
ℹ todo 0
ℹ duration_ms 13491.6775
