✔ checked-in API types match the current OpenAPI contract (12492.653ms)
✔ U13 actual callback render during initializing is status, never configuration alert (14.9493ms)
✔ N00 built fixture is isolated from playwright.audit-fixes.config.ts (5859.8187ms)
✔ N00 built fixture is isolated from playwright.audit-regression.config.ts (2472.2148ms)
✔ N00 dedicated config discovers all seven built-output cases (2001.6124ms)
✔ N00 counted config discovers the same seven cases with separate producer outputs (1934.9136ms)
✔ N00 rejects a non-owned upstream: https://auth.neon.tech/neondb/auth (3.0573ms)
✔ N00 rejects a non-owned upstream: http://127.0.0.1.evil.test/auth (0.2251ms)
✔ N00 rejects a non-owned upstream: http://user:password@localhost:44891/auth (0.1598ms)
✔ N00 rejects a non-owned upstream: http://0.0.0.0:44891/auth (0.1315ms)
✔ N00 accepts the loopback fixture base path (0.2578ms)
✔ N00 source inventory rejects unsafe input: ../.env (0.3075ms)
✔ N00 source inventory rejects unsafe input: a/../../secret (0.2115ms)
✔ N00 source inventory rejects unsafe input: /secret (0.1263ms)
✔ N00 source inventory rejects unsafe input: C:/secret (0.1683ms)
✔ N00 source inventory rejects unsafe input: a/.env.production (0.3387ms)
✔ N00 source inventory rejects unsafe input: a\.env.local (0.187ms)
✔ N00 source inventory rejects unsafe input: node_modules/secret (0.1341ms)
✔ N00 source inventory rejects unsafe input: test-results/secret (0.1141ms)
✔ N00 source inventory rejects unsafe input: app/../secret (0.1677ms)
✔ N00 source inventory accepts a source file (0.3325ms)
✔ N00 build includes BuyerOS frontend services and generated types (0.3074ms)
✔ N00 build excludes Python/services and historical evidence (0.1207ms)
✔ N00 child env excludes inherited DB/Auth/provider variables (0.2595ms)
✔ N00 cache seed requires matching declared owner (0.6891ms)
✔ N00 emitted static assets stay within the output static directory (0.459ms)
✔ N00 registers Vinext public fetch entry as the Nitro RSC service without changing production config (0.3748ms)
✔ N00 storage permits only canonical locale prefs and refuses tokens or credential fields (0.4147ms)
✔ proxy refuses arbitrary URLs, unowned servers and unbound journals before any request (112.3493ms)
✔ HTTP reservation is durable and pending before the owned backend receives the request (197.3449ms)
✔ SDK origin, session/challenge cookies and JWT headers survive relay without entering evidence (231.2901ms)
✔ approved local callback302 is preserved manually, and an external redirect is blocked (99.174ms)
✔ committed POST with a lost response is not replayed after proxy and journal restart (146.1616ms)
✔ budget exhaustion refuses dispatch and keeps cleanup reserve after restart (3290.1425ms)
✔ expired target and over-size body fail closed without dispatching upstream (311.035ms)
✔ POST server500 retains an unknown write and timeout is bounded without automatic retry (185.3018ms)
✔ read-only fixture budget inspection exposes counts without auth traffic or credential data (27.2905ms)
✔ concurrent identical fixture POSTs share the in-flight barrier before upstream acceptance is known (87.3964ms)
✔ fixture cleanup control requires the exact local owner nonce and never forwards to backend (41.3615ms)
✔ real target requires observed exact identifiers and explicit Ed25519 trust (6.407ms)
✔ template has null target and trust values and check denies it without a network call (550.0691ms)
✔ real preflight denies production project (0.5904ms)
✔ real preflight denies existing Cloudflare preview (0.2514ms)
✔ real preflight denies different owner (0.3746ms)
✔ real preflight denies cloned data (0.2699ms)
✔ real preflight denies unmatched branch readback (0.2815ms)
✔ real preflight denies missing audience (0.8554ms)
✔ real preflight denies Auth0 RSA algorithm (0.3713ms)
✔ real preflight denies wrong key curve (0.4806ms)
✔ real preflight denies email enabled (0.2587ms)
✔ real preflight denies email registration (0.2011ms)
✔ real preflight denies email hook (0.1609ms)
✔ real preflight denies paid plan (0.2034ms)
✔ real preflight denies wildcard trusted domain (0.1753ms)
✔ real preflight denies unknown config or DSN (0.1183ms)
✔ real preflight denies credential URL (0.1787ms)
✔ real preflight denies loopback masquerading as real (0.1623ms)
✔ real preflight denies unreviewed JWKS host (0.2382ms)
✔ real preflight denies extended expiry (0.6408ms)
✔ real preflight denies future creation (0.4009ms)
✔ expiry blocks new runtime configuration while exact cleanup remains available (51.9651ms)
✔ runtime secrets and explicit trust never enter build env or inherit DB/provider config (1.1514ms)
✔ journal cannot be created without an explicit authorization reference or overwrite an earlier run (10.4188ms)
✔ setup before target creation and failed requests consume the same persistent budget (68.3568ms)
✔ lost response is reserved before execution, survives restart and cannot be blindly retried (48.7097ms)
✔ 180 probes reserve 20 cleanup/reconcile checks and hard cap is 200 including errors (3084.9869ms)
✔ target binding is immutable across process restarts and IDs cannot be repointed (34.5464ms)
✔ two build reservations are bounded to 20 minutes and remain consumed on restart (49.683ms)
✔ cleanup needs fresh matching readback and may select only one bound test identity (98.8775ms)
✔ unknown outcomes and suspicious operation metadata do not leak bearer, query or credential data to journal (26.0179ms)
✔ a concurrent writer or corrupt journal fails closed without resetting counters (37.9694ms)
✔ ledger tampering with limits or target fingerprint fails before cleanup or a new reservation (24.4471ms)
✔ persisted settled results need evidence and probe reservations cannot exceed the original expiry (31.0897ms)
✔ build deadline cannot exceed resource TTL and persisted build sequence cannot be forged (42.8233ms)
✔ an actual terminated Node process leaves its reservation consumed and the next process sees it (610.8322ms)
✔ runtime env carries the validated complete manifest, and build env drops it with all trust/secrets (5.7374ms)
✔ explicit issuer is kept independent from Auth base URL and actual SDK cookie options are returned (1.3849ms)
✔ runtime missing N00_REAL_TARGET_JSON refuses SDK construction without fallback (1.1541ms)
✔ runtime missing N00_TARGET_FINGERPRINT refuses SDK construction without fallback (0.5138ms)
✔ runtime missing NEON_AUTH_BASE_URL refuses SDK construction without fallback (0.3974ms)
✔ runtime missing NEON_AUTH_COOKIE_SECRET refuses SDK construction without fallback (0.3184ms)
✔ runtime missing N00_AUTH_ISSUER refuses SDK construction without fallback (0.3353ms)
✔ runtime missing N00_AUTH_AUDIENCE refuses SDK construction without fallback (1.4585ms)
✔ runtime missing N00_AUTH_JWKS_URL refuses SDK construction without fallback (0.6672ms)
✔ runtime missing N00_AUTH_ALGORITHM refuses SDK construction without fallback (0.6714ms)
✔ runtime drift NEON_AUTH_BASE_URL refuses initialization (0.7902ms)
✔ runtime drift N00_AUTH_ISSUER refuses initialization (0.4521ms)
✔ runtime drift N00_AUTH_AUDIENCE refuses initialization (0.5773ms)
✔ runtime drift N00_AUTH_JWKS_URL refuses initialization (2.0047ms)
✔ runtime drift N00_AUTH_ALGORITHM refuses initialization (0.4379ms)
✔ runtime drift N00_TARGET_FINGERPRINT refuses initialization (0.5323ms)
✔ malformed manifest error cannot echo secret or input data (0.5576ms)
✔ oversize manifest refuses parsing rather than consuming an unbounded runtime input (0.4424ms)
✔ runtime reuses full target validation and rejects production IDs (0.4216ms)
✔ module/runtime creation consumes no env or SDK initialization at build time (0.1304ms)
✔ request initialization revalidates but caches one SDK instance for exact same context (0.7885ms)
✔ cached SDK cannot bypass the two-hour target expiry (4.5823ms)
✔ changed target cannot reuse or silently replace an already bound SDK context (1.6027ms)
✔ changed cookie secret requires a new owned runtime rather than silent context replacement (2.4639ms)
✔ fresher matching readback does not change the bound target/SDK intent (53.0635ms)
✔ SDK constructor errors are redacted and cannot disclose runtime cookie secret (1.4005ms)
✔ runtime description contains only target/trust context and no cookie secret (8.1989ms)
✔ returned runtime config cannot be mutated to change the validated SDK/trust tuple (0.8465ms)
✔ separate build-environment Node process imports the runtime module without secret/init (424.3335ms)
✔ runtime consumer independently refuses an invalid cookie secret (0.705ms)
✔ Vercel exposes only the app and binds its API call to the internal API service (30.8261ms)
✔ the app proxy forwards the bearer and original API path to the bound service (255.0955ms)
✔ the app proxy fails closed when the binding is absent (5.8578ms)
✔ the app proxy streams writes and preserves API conflicts without forwarding cookies (2.2396ms)
✔ FastAPI redirects stay on the public app path (3.5547ms)
ℹ tests 110
ℹ suites 0
ℹ pass 110
ℹ fail 0
ℹ cancelled 0
ℹ skipped 0
ℹ todo 0
ℹ duration_ms 12976.1572
