warning: in the working copy of 'TASKS.json', CRLF will be replaced by LF the next time Git touches it
warning: in the working copy of 'docs/buyeros/remaining/AUDIT_FIX_CASE_STATUS_20261003.csv', LF will be replaced by CRLF the next time Git touches it
diff --git a/.gitattributes b/.gitattributes
index 4e6e659..ece301f 100644
--- a/.gitattributes
+++ b/.gitattributes
@@ -13,3 +13,6 @@ docs/buyeros/evidence/audit-fixes-20261003/U05/** -text whitespace=cr-at-eol
 
 # Preserve local verification-gates raw producer evidence.
 docs/buyeros/evidence/audit-fixes-20261003/LOCAL_GATES/** -text whitespace=cr-at-eol
+
+# Preserve Q10 raw producer reports and measured source overlays.
+docs/buyeros/evidence/audit-fixes-20261003/Q10_LOCAL/** -text whitespace=cr-at-eol
diff --git a/TASKS.json b/TASKS.json
index 22e2216..0bf8581 100644
--- a/TASKS.json
+++ b/TASKS.json
@@ -12,7 +12,8 @@
     "Q12",
     "Q08",
     "Q14",
-    "Q09"
+    "Q09",
+    "Q10"
   ],
   "next_eligible": null,
   "audit_source_sha": "a78859fe474f5722be3755b10e2586436b53bf97",
@@ -425,7 +426,58 @@
     },
     {
       "id": "Q10",
-      "status": "outside-current-scope"
+      "status": "partial-local-tools-and-baseline-verified",
+      "code_status": "offline-evaluator-and-owned-directory-capture-implemented",
+      "verification_status": "62 related API/tool tests and69 Node pass; capture1pass but frozen SQL gateFAIL; actual provider/goldset/full-load/UAT not run",
+      "release_status": "not-deployed",
+      "source_sha": "ad4f4394819664484eb4b928bdd56c43e055fd3d",
+      "base_sha": "6232e4e1f4127833b93c1343207894c79b638852",
+      "cases": [
+        "A03",
+        "A04",
+        "A05",
+        "A06",
+        "A08",
+        "P09",
+        "P10"
+      ],
+      "finding_ids": [
+        "F12",
+        "F18"
+      ],
+      "checks": {
+        "api_and_tools": {
+          "passed": 62,
+          "failed": 0,
+          "error": 0,
+          "skipped": 0
+        },
+        "directory_capture": {
+          "passed": 1,
+          "failed": 0,
+          "error": 0,
+          "skipped": 0,
+          "cli_exit": 1,
+          "sql_gate_passed": false
+        },
+        "node": {
+          "passed": 69,
+          "failed": 0,
+          "skipped": 0,
+          "xml_leaf_cases": 68
+        }
+      },
+      "evidence": "docs/buyeros/evidence/audit-fixes-20261003/Q10_LOCAL/RESULTS.md",
+      "migrations": "none added; existing0037 applied only to disposable fixtures",
+      "rollback": "reviewed source reverse applicability exit0; no production rollback/migration/auth mutation",
+      "limits": [
+        "Q13/N02 directory remediation dependency unresolved; no RLS policy/identity adapter changes",
+        "real>=200-company independently labelled goldset and approved provider evidence unavailable",
+        "10/25actor stairs, full API/UI/RUM/worker load and human UAT not run",
+        "contact validity/real company relationship/adversarial source factuality not verified",
+        "independent source review pending; author only per no-agents instruction"
+      ],
+      "next_eligible": null
     },
     {
       "id": "Q11",
@@ -599,13 +651,15 @@
     "Q09 human screen-reader/staff UAT",
     "Independent source review",
     "Q16 underlying evidence when available",
-    "N00 separate auth compatibility scope"
+    "N00 separate auth compatibility scope",
+    "Full Q10 after Q13/N02 and real goldset/provider/load/UAT gates"
   ],
-  "reviewed_source_sha": "d7ab5b6323402adf139d9b94e4e499f1631006b4",
+  "reviewed_source_sha": "ad4f4394819664484eb4b928bdd56c43e055fd3d",
   "deployed_sha": null,
   "selected_followups": [
     "U05",
-    "Q11 local verification gates"
+    "Q11 local verification gates",
+    "Q10 independent local tools and current directory baseline"
   ],
   "application_source_sha": "25694d3b938e704e883f9915cf0604bbdbac1daf"
 }
diff --git a/docs/buyeros/remaining/AUDIT_FIX_CASE_STATUS_20261003.csv b/docs/buyeros/remaining/AUDIT_FIX_CASE_STATUS_20261003.csv
index e4bfab6..d8cfc1f 100644
--- a/docs/buyeros/remaining/AUDIT_FIX_CASE_STATUS_20261003.csv
+++ b/docs/buyeros/remaining/AUDIT_FIX_CASE_STATUS_20261003.csv
@@ -29,12 +29,12 @@ B15,F11,P1,10k維護manifest,新功能；10000 frozen ids/versions,分10chunks
 B16,F06,P1,selection與scope切換,A/B workspace；inflight batch,換scope再返回,不顯示/寫入另一scope；正確resume link,未於本次執行；舊狀態保留於historical_status,not-tested,not-tested,,NOT_RUN,本地／隔離fixture；未執行者須依前置条件提供,本次未建立正式資料；未執行者於隔離fixture結束後依runbook處理,待分派,integration-fixture-pass,Q05/RESULTS.md;Q05/q05-api-final.xml;Q05/q05-ui-final.xml;Q05/q05-unit-final.log;Q06/RESULTS.md;Q06/q06-ui-final.xml;Q08/RESULTS.md;Q08/q08-api-sixth.xml;Q08/q08-ui-final.xml;Q08/q08-gate-node.log,a78859fe474f5722be3755b10e2586436b53bf97,implemented,"Q08 preview A-B-A rejects held response, requires project reselect; scope/actor restore plus token-neutral intent key; retains Q05/Q06 evidence; fixture only; live/deployed unverified",not-deployed,c98fb6860ce2d4f9ba1797abe919454edcb13204
 A01,F12,P1,規則fit六案例,repo research-eval.json,執行test_fit_eval.py,6筆verdict一致；unsupported citation0,6個deterministic fixtures正確；屬61通過測試的一項,pass,verified,E04,LOCAL_PASS_1_TEST,本地／隔離fixture；未執行者須依前置条件提供,本次未建立正式資料；未執行者於隔離fixture結束後依runbook處理,待分派,not-tested,,a78859fe474f5722be3755b10e2586436b53bf97,unchanged-outside-selected-scope,not-retested,not-deployed,
 A02,F09,P2,tone及目的是否有效,同facts/evidence；2種tone/objective,執行reproduce_draft_controls.py,現況same_body=true；修復後UI承諾與行為一致,兩組tone/objective：same subject/body；different metadata,fail,verified,E06,LOCAL_GAP_REPRODUCED,本地／隔離fixture；未執行者須依前置条件提供,本次未建立正式資料；未執行者於隔離fixture結束後依runbook處理,待分派,integration-fixture-pass,Q07/RESULTS.md;Q07/q07-api-final.xml;Q07/q07-worker-final.xml;Q07/q07-ui-final.xml;Q07/q07-A02-output.json,a78859fe474f5722be3755b10e2586436b53bf97,implemented,actual local HTTP/PG/shared-worker/UI/output/export pass; fictional identities/contact/policy; staged dispatch; no live provider proof,not-deployed,a2696e1a317342a64c9b9b29b0585ae8ddff54bf
-A03,F12,P1,真實gold set,至少200公司；雙人標註；holdout,比較match/not_match/needs_review,分層precision/recall/coverage及區間；暫定match precision≥95%,未於本次執行；舊狀態保留於historical_status,not-tested,not-tested,,NOT_RUN,本地／隔離fixture；未執行者須依前置条件提供,本次未建立正式資料；未執行者於隔離fixture結束後依runbook處理,待分派,not-tested,,a78859fe474f5722be3755b10e2586436b53bf97,unchanged-outside-selected-scope,not-retested,not-deployed,
-A04,F12,P1,同名公司與子公司,同名異國；集團/子公司；異域名,比對entity和evidence,不把另一實體證據附到買家,未於本次執行；舊狀態保留於historical_status,not-tested,not-tested,,NOT_RUN,本地／隔離fixture；未執行者須依前置条件提供,本次未建立正式資料；未執行者於隔離fixture結束後依runbook處理,待分派,not-tested,,a78859fe474f5722be3755b10e2586436b53bf97,unchanged-outside-selected-scope,not-retested,not-deployed,
-A05,F12,P1,過期/矛盾來源,dated/expired/contradicts fixture,refresh及fit再評分,過期不支持Match；矛盾需review,未於本次執行；舊狀態保留於historical_status,not-tested,not-tested,,NOT_RUN,本地／隔離fixture；未執行者須依前置条件提供,本次未建立正式資料；未執行者於隔離fixture結束後依runbook處理,待分派,not-tested,,a78859fe474f5722be3755b10e2586436b53bf97,unchanged-outside-selected-scope,not-retested,not-deployed,
-A06,F12,P1,引用及prompt injection,跨company/tenant/不存在ID；惡意頁面文字,生成fit/draft,拒絕假引用；不服從來源指令；untrusted只作資料,未於本次執行；舊狀態保留於historical_status,not-tested,not-tested,,NOT_RUN,本地／隔離fixture；未執行者須依前置条件提供,本次未建立正式資料；未執行者於隔離fixture結束後依runbook處理,待分派,not-tested,,a78859fe474f5722be3755b10e2586436b53bf97,unchanged-outside-selected-scope,not-retested,not-deployed,
+A03,F12,P1,真實gold set,至少200公司；雙人標註；holdout,比較match/not_match/needs_review,分層precision/recall/coverage及區間；暫定match precision≥95%,未於本次執行；舊狀態保留於historical_status,not-tested,not-tested,,NOT_RUN,本地／隔離fixture；未執行者須依前置条件提供,本次未建立正式資料；未執行者於隔離fixture結束後依runbook處理,待分派,not-tested-live; offline-tool-fixture-only,Q10_LOCAL/RESULTS.md;Q10_LOCAL/reports/api-review-final.xml;Q10_LOCAL/reports/directory-baseline.json;Q10_LOCAL/reports/goldset-fixture-report.json,a78859fe474f5722be3755b10e2586436b53bf97,research evaluator provided; provider/contact/source behavior unverified,fictional label arithmetic/scope rejection only; no real goldset/provider accuracy,not-deployed,ad4f4394819664484eb4b928bdd56c43e055fd3d
+A04,F12,P1,同名公司與子公司,同名異國；集團/子公司；異域名,比對entity和evidence,不把另一實體證據附到買家,未於本次執行；舊狀態保留於historical_status,not-tested,not-tested,,NOT_RUN,本地／隔離fixture；未執行者須依前置条件提供,本次未建立正式資料；未執行者於隔離fixture結束後依runbook處理,待分派,not-tested-live; offline-tool-fixture-only,Q10_LOCAL/RESULTS.md;Q10_LOCAL/reports/api-review-final.xml;Q10_LOCAL/reports/directory-baseline.json;Q10_LOCAL/reports/goldset-fixture-report.json,a78859fe474f5722be3755b10e2586436b53bf97,research evaluator provided; provider/contact/source behavior unverified,fictional label arithmetic/scope rejection only; no real goldset/provider accuracy,not-deployed,ad4f4394819664484eb4b928bdd56c43e055fd3d
+A05,F12,P1,過期/矛盾來源,dated/expired/contradicts fixture,refresh及fit再評分,過期不支持Match；矛盾需review,未於本次執行；舊狀態保留於historical_status,not-tested,not-tested,,NOT_RUN,本地／隔離fixture；未執行者須依前置条件提供,本次未建立正式資料；未執行者於隔離fixture結束後依runbook處理,待分派,not-tested-live; offline-tool-fixture-only,Q10_LOCAL/RESULTS.md;Q10_LOCAL/reports/api-review-final.xml;Q10_LOCAL/reports/directory-baseline.json;Q10_LOCAL/reports/goldset-fixture-report.json,a78859fe474f5722be3755b10e2586436b53bf97,research evaluator provided; provider/contact/source behavior unverified,fictional label arithmetic/scope rejection only; no real goldset/provider accuracy,not-deployed,ad4f4394819664484eb4b928bdd56c43e055fd3d
+A06,F12,P1,引用及prompt injection,跨company/tenant/不存在ID；惡意頁面文字,生成fit/draft,拒絕假引用；不服從來源指令；untrusted只作資料,未於本次執行；舊狀態保留於historical_status,not-tested,not-tested,,NOT_RUN,本地／隔離fixture；未執行者須依前置条件提供,本次未建立正式資料；未執行者於隔離fixture結束後依runbook處理,待分派,not-tested-live; offline-tool-fixture-only,Q10_LOCAL/RESULTS.md;Q10_LOCAL/reports/api-review-final.xml;Q10_LOCAL/reports/directory-baseline.json;Q10_LOCAL/reports/goldset-fixture-report.json,a78859fe474f5722be3755b10e2586436b53bf97,research evaluator provided; provider/contact/source behavior unverified,fictional label arithmetic/scope rejection only; no real goldset/provider accuracy,not-deployed,ad4f4394819664484eb4b928bdd56c43e055fd3d
 A07,F09,P2,雙語草稿與引用,英文excerpt；zh-HK route,生成及匯出,UI明示原語言引用；不聲稱已翻譯全文,未於本次執行；舊狀態保留於historical_status,not-tested,not-tested,,NOT_RUN,本地／隔離fixture；未執行者須依前置条件提供,本次未建立正式資料；未執行者於隔離fixture結束後依runbook處理,待分派,integration-fixture-pass,Q07/RESULTS.md;Q07/q07-api-final.xml;Q07/q07-worker-final.xml;Q07/q07-ui-final.xml;Q07/q07-A07-output.json,a78859fe474f5722be3755b10e2586436b53bf97,implemented,actual local HTTP/PG/shared-worker/UI/output/export pass; fictional identities/contact/policy; staged dispatch; no live provider proof,not-deployed,a2696e1a317342a64c9b9b29b0585ae8ddff54bf
-A08,F12,P1,Contact實際正確性,已核准pilot；人工驗證身份/職務/來源日期,比對候選及suppression,錯公司/禁用contact輸出0；格式合法≠身份準確,未於本次執行；舊狀態保留於historical_status,not-tested,not-tested,,NOT_RUN_PROVIDER_BLOCKED,本地／隔離fixture；未執行者須依前置条件提供,本次未建立正式資料；未執行者於隔離fixture結束後依runbook處理,待分派,not-tested,,a78859fe474f5722be3755b10e2586436b53bf97,unchanged-outside-selected-scope,not-retested,not-deployed,
+A08,F12,P1,Contact實際正確性,已核准pilot；人工驗證身份/職務/來源日期,比對候選及suppression,錯公司/禁用contact輸出0；格式合法≠身份準確,未於本次執行；舊狀態保留於historical_status,not-tested,not-tested,,NOT_RUN_PROVIDER_BLOCKED,本地／隔離fixture；未執行者須依前置条件提供,本次未建立正式資料；未執行者於隔離fixture結束後依runbook處理,待分派,not-tested-live; offline-tool-fixture-only,Q10_LOCAL/RESULTS.md;Q10_LOCAL/reports/api-review-final.xml;Q10_LOCAL/reports/directory-baseline.json;Q10_LOCAL/reports/goldset-fixture-report.json,a78859fe474f5722be3755b10e2586436b53bf97,research evaluator provided; provider/contact/source behavior unverified,fictional label arithmetic/scope rejection only; no real goldset/provider accuracy,not-deployed,ad4f4394819664484eb4b928bdd56c43e055fd3d
 P01,F12,P1,HK冷暖端到端,授權staging；冷暖各30samples,登入另計；打開buyers,暖p95≤2s；冷p95≤4s；報p99和錯誤,未於本次執行；舊狀態保留於historical_status,not-tested,not-tested,,NOT_RUN,本地／隔離fixture；未執行者須依前置条件提供,本次未建立正式資料；未執行者於隔離fixture結束後依runbook處理,待分派,not-tested,,a78859fe474f5722be3755b10e2586436b53bf97,unchanged-outside-selected-scope,not-retested,not-deployed,
 P02,F12,P1,API多actor負載,1k/10k買家；1/10/100ws；1/10/25actors,固定30samples及逐級load,暖p95≤800ms；p99≤1.5s；5xx<1%；tenant錯誤0,未於本次執行；舊狀態保留於historical_status,not-tested,not-tested,,HISTORICAL_BASELINE_ONLY,本地／隔離fixture；未執行者須依前置条件提供,本次未建立正式資料；未執行者於隔離fixture結束後依runbook處理,待分派,not-tested,,a78859fe474f5722be3755b10e2586436b53bf97,unchanged-outside-selected-scope,not-retested,not-deployed,
 P03,F12,P2,SQL及連線,同P02；SQL instrumentation,讀buyer page及深頁,記queries/bytes/pool/EXPLAIN；无隨頁size增長的N+1,未於本次執行；舊狀態保留於historical_status,not-tested,not-tested,,HISTORICAL_BASELINE_ONLY,本地／隔離fixture；未執行者須依前置条件提供,本次未建立正式資料；未執行者於隔離fixture結束後依runbook處理,待分派,not-tested,,a78859fe474f5722be3755b10e2586436b53bf97,unchanged-outside-selected-scope,not-retested,not-deployed,
@@ -62,8 +62,8 @@ U16,F21,P1,正式workspace讀取錯誤恢復,正式read-only；登入完成,首
 D01,F16,P1,人工改稿至重新審批,隔離addressed grounded draft、operator與reviewer,改正文→保存→來源覆核→request review→approve→export,保留人工內容；新revision精確引用與審批；全鏈可完成,edit清claims；UI無重grounding入口；未跑完整持久化case,not-tested,code-only,E03;E06,NEW_2026-10-03,隔離fixture／local,不使用正式客戶資料；重現腳本無外部副作用,待分派,fixed-with-local-fixture-integration-evidence,Q12/RESULTS.md; strict API85/0/0/0; named UI4/0/0; Unicode same-key stored source proof/exact approval/export; full employee journey not asserted,a78859fe474f5722be3755b10e2586436b53bf97,Q12-implemented,local-fixture-and-integration-pass; broader-transport-limit-open,not-deployed,70d2e54ef613910ce5a684d90c4afce32f504e66
 D02,F19,P2,Dirty稿件refresh不丟失,已開draft且有未保存subject/body/language,按Refresh draft／Refresh job／Open other draft，分別Cancel／Save／Discard,Cancel保留所有輸入；Save成功再換；Discard明確確認,source refresh未guard；尚未執行component互動,not-tested,code-only,E03,NEW_2026-10-03,隔離fixture／local,不使用正式客戶資料；重現腳本無外部副作用,待分派,integration-fixture-pass,Q15-buffer-red-verified.log;Q15-ui.xml;Q15-db.log;Q15-worker.log;audit-draft-failure-412.png;audit-draft-dialog-zh-mobile.png;final-ui.xml;final-ui-green.log,a78859fe474f5722be3755b10e2586436b53bf97,implemented,fixture-and-integration-pass,not-deployed,3efd1f3f97036e1988751d1dfb54d37d48d0929a
 D03,F16,P1,未覆核人工稿不得直接批准,needs_review與empty claims fictional revision,呼叫實際current_approval_context,拒絕並保持未批准；不可自動grounded,本次實際approval gate拒絕grounded nonempty draft required,pass,verified,E06,NEW_2026-10-03,隔離fixture／local,不使用正式客戶資料；重現腳本無外部副作用,待分派,fixed-with-local-fixture-integration-evidence,Q12/RESULTS.md; strict API85/0/0/0; named UI4/0/0; Unicode same-key stored source proof/exact approval/export; full employee journey not asserted,a78859fe474f5722be3755b10e2586436b53bf97,Q12-implemented,local-fixture-and-integration-pass; broader-transport-limit-open,not-deployed,70d2e54ef613910ce5a684d90c4afce32f504e66
-P09,F18,P1,Workspace查詢量基線,fake SQL connection；W=1/10/100/1000,呼叫真實list_workspaces，固定limit100；測page1/page2,修復目標：不隨無關W線性掃描；只回有權限項目,4/22/202/2002 execute；第二頁仍2002；現版未達修復目標,fail,verified,E06,NEW_2026-10-03,隔離fixture／local,不使用正式客戶資料；重現腳本無外部副作用,待分派,not-tested,,a78859fe474f5722be3755b10e2586436b53bf97,unchanged-outside-selected-scope,not-retested,not-deployed,
-P10,F18,P1,Workspace SQL分頁與租戶保護,owned PG；相同canonical user；active/revoked memberships,EXPLAIN與SQLcount、頁1/2；並發撤回；跨tenant讀寫,有界查詢；無漏列重複；撤回有效；RLS不放寬,本次未有owned PG,blocked,blocked,E03,NEW_2026-10-03,隔離fixture／local,不使用正式客戶資料；重現腳本無外部副作用,待分派,not-tested,,a78859fe474f5722be3755b10e2586436b53bf97,unchanged-outside-selected-scope,not-retested,not-deployed,
+P09,F18,P1,Workspace查詢量基線,fake SQL connection；W=1/10/100/1000,呼叫真實list_workspaces，固定limit100；測page1/page2,修復目標：不隨無關W線性掃描；只回有權限項目,4/22/202/2002 execute；第二頁仍2002；現版未達修復目標,fail,verified,E06,NEW_2026-10-03,隔離fixture／local,不使用正式客戶資料；重現腳本無外部副作用,待分派,failed-local-directory-budget,Q10_LOCAL/RESULTS.md;Q10_LOCAL/reports/api-review-final.xml;Q10_LOCAL/reports/directory-baseline.json;Q10_LOCAL/reports/goldset-fixture-report.json,a78859fe474f5722be3755b10e2586436b53bf97,owned benchmark implemented; directory remediation deferredQ13,real PG16/runtime NOBYPASSRLS: SQL4/22/202/2002 fails<=6/invariance; role/pool/revocation probes pass,not-deployed,ad4f4394819664484eb4b928bdd56c43e055fd3d
+P10,F18,P1,Workspace SQL分頁與租戶保護,owned PG；相同canonical user；active/revoked memberships,EXPLAIN與SQLcount、頁1/2；並發撤回；跨tenant讀寫,有界查詢；無漏列重複；撤回有效；RLS不放寬,本次未有owned PG,blocked,blocked,E03,NEW_2026-10-03,隔離fixture／local,不使用正式客戶資料；重現腳本無外部副作用,待分派,failed-local-directory-budget,Q10_LOCAL/RESULTS.md;Q10_LOCAL/reports/api-review-final.xml;Q10_LOCAL/reports/directory-baseline.json;Q10_LOCAL/reports/goldset-fixture-report.json,a78859fe474f5722be3755b10e2586436b53bf97,owned benchmark implemented; directory remediation deferredQ13,real PG16/runtime NOBYPASSRLS: SQL4/22/202/2002 fails<=6/invariance; role/pool/revocation probes pass,not-deployed,ad4f4394819664484eb4b928bdd56c43e055fd3d
 WF01,F14,P1,Offer部分保存與lost response,同一UI建立project／ICP；假文件provider；隔離DB,project已commit後令ICP保存失敗，再按同次Retry,不多建project；原輸入保留；ICP基於正確offer revision,source有ActionIntent／部分成功處理；本次未執行E2E,not-tested,code-only,E03,NEW_2026-10-03,隔離fixture／local,不使用正式客戶資料；重現腳本無外部副作用,待分派,integration-fixture-pass,Q09/Project committed then ICP500; all form fields preserved; exact same project body/key and one project/profile on retry; docs/buyeros/evidence/audit-fixes-20261003/Q09/FINAL/RESULTS.md,1953d615dc00e6920380dbb71be6a99b96e36488,implemented; canonical identities/memberships/actors unchanged,local-HTTP-UI-SQL-pass,not-deployed,1953d615dc00e6920380dbb71be6a99b96e36488
 WF02,F14,P1,過期Offer不得沿用舊ICP批准,operator修改offer與reviewer持有舊頁,先改offer，再批准舊ICP，再嘗試research,412／清楚差異；無stale批准／research副作用,本次未執行；需owned PG與兩角色,not-tested,not-tested,,NEW_2026-10-03,隔離fixture／local,不使用正式客戶資料；重現腳本無外部副作用,待分派,integration-fixture-pass,Q09/Held old reviewer profile after offer update:412; no stale approval and zero research runs; old fields remain; docs/buyeros/evidence/audit-fixes-20261003/Q09/FINAL/RESULTS.md,1953d615dc00e6920380dbb71be6a99b96e36488,implemented; canonical identities/memberships/actors unchanged,local-HTTP-UI-SQL-pass,not-deployed,1953d615dc00e6920380dbb71be6a99b96e36488
 WF03,F14;F10,P1,同一專案跨角色handoff,fictional 24公司；operator/reviewer/admin；隔離隊列,從UI建立offer至research、review、list、assign、contact、draft、approval、export、manual outcome後刷新,每角色看到持久化正確scope／版本；只export不send；delivery403,本次正式membership阻擋；歷史fictional journey不算本次完成,blocked,blocked,E01,NEW_2026-10-03,隔離fixture／local,不使用正式客戶資料；重現腳本無外部副作用,待分派,not-tested,,a78859fe474f5722be3755b10e2586436b53bf97,unchanged-outside-selected-scope,not-retested,not-deployed,
