✔ checked-in API types match the current OpenAPI contract (8869.3573ms)
✔ TypeScript approval fingerprint matches v2-exact-context-crlf (7.9951ms)
✔ U05 request emits a scoped denial without changing its error or replaying (33.5964ms)
✔ U05 requestContent emits a scoped denial without changing its error or replaying (1.1328ms)
✔ U05 observer only requests membership checks for workspace-scoped 403/404 (3.1031ms)
✔ U05 an already aborted response cannot trigger a current access check (0.5534ms)
✔ U13 actual callback render during initializing is status, never configuration alert (9.3012ms)
✔ B02 confirmation is stable for row ordering but binds every material field (53.7659ms)
✔ B02 snapshot confirmation binds snapshot identity and normalized exclusions (0.352ms)
✔ B03 frozen payload preserves confirmed rows and trimmed audit reason (2.2558ms)
✔ B16 unknown assignment survives route remount and token renewal with the same key (2.9695ms)
✔ B16 an unresolved assignment cannot be replaced with a materially different intent (0.465ms)
✔ B15 pending body is immutable and retry/token renewal uses same frozen body/key (57.8114ms)
✔ B16 A-B-A keeps actor intent while stale response is cancelled; other actor/scope are independent (10.5152ms)
✔ B15 execution binds exact manifest/version/digest and retains key on unknown acceptance (2.7797ms)
✔ D03 Unicode code-point offsets retain emoji, CRLF, Chinese and unmodified text (1.1407ms)
✔ D03 split code-point ranges reclassify both pieces without destroying text (1.6031ms)
✔ D02 save has the required transition order (1.8637ms)
✔ D02 discard has the required transition order (1.1312ms)
✔ D02 cancel has the required transition order (0.2953ms)
✔ D02 rejected save 412 cannot proceed (0.6943ms)
✔ D02 rejected save 503 cannot proceed (0.2275ms)
✔ D02 clean transition does not prompt or write (0.1986ms)
✔ D02 asynchronous Save completes before proceeding (5.6225ms)
✔ U15 project failed count and paged list preserve identical canonical filter (2.657ms)
✔ U15 explicit workspace omits project, deep link retains selected scope and status (0.6346ms)
✔ U15 invalid URL status cannot introduce unsupported server filter; paging stays bounded (0.4267ms)
✔ U06 generated member operation carries literal search and bounded page query (1.928ms)
✔ S06 generated eligible lookup and scope context reject foreign and A-B-A responses (1.2107ms)
✔ Q09 latest101 uses only head1/tail1 generated reads, never downloads all history (3.5137ms)
✔ Q09 empty and single ICP use one read; malformed/foreign pages fail closed (2.1567ms)
✔ Q09 concurrent appended history is unavailable rather than a falsely latest profile (0.482ms)
✔ Q09 A-B-A rejects a late metadata response and token renewal alone keeps the context (1.123ms)
✔ B05 token renewal and route remount retain lost-response key; double start shares work (19.6919ms)
✔ B06 full normalized payload and actor/scope define intent; generation and key order do not (1.0963ms)
✔ B05 A-B-A rejects late result but reuses durable key; explicit reset creates new intent (6.2768ms)
▶ every disposable-API Playwright configuration actually removes its owned container and marker
  ✔ playwright.admin.config.ts (7612.2909ms)
  ✔ playwright.approval.config.ts (3871.5802ms)
  ✔ playwright.audit-fixes.config.ts (2253.7568ms)
  ✔ playwright.bulk.config.ts (3977.6163ms)
  ✔ playwright.buyer-management.config.ts (2529.1851ms)
  ✔ playwright.buyer.config.ts (2233.2041ms)
  ✔ playwright.config.ts (2673.0812ms)
  ✔ playwright.confirm.config.ts (2715.1138ms)
  ✔ playwright.contact-job.config.ts (1947.2087ms)
  ✔ playwright.cors.config.ts (2540.0946ms)
  ✔ playwright.draft.config.ts (3231.4771ms)
  ✔ playwright.exports.config.ts (1812.418ms)
  ✔ playwright.ingestion.config.ts (1970.2155ms)
  ✔ playwright.mvp-research.config.ts (2843.8674ms)
  ✔ playwright.mvp.config.ts (2284.1044ms)
  ✔ playwright.offer.config.ts (2149.1543ms)
  ✔ playwright.policy.config.ts (2697.3453ms)
  ✔ playwright.quote.config.ts (2213.3456ms)
  ✔ playwright.run.config.ts (1920.3792ms)
  ✔ playwright.workbench.config.ts (3680.8609ms)
✔ every disposable-API Playwright configuration actually removes its owned container and marker (57220.0539ms)
✔ configured audit teardown also removes its labelled UI sentinel and marker (3251.9767ms)
✔ configured audit teardown refuses a UI container whose owner label differs (2028.0445ms)
✔ configured database teardown refuses an unrecognized marker without deleting it (155.2583ms)
✔ the built Vercel function renders / without a workspace import failure (172.268ms)
✔ the built Vercel function renders /app without a workspace import failure (15.3818ms)
✔ the built Vercel function renders /auth/callback without a workspace import failure (25.7489ms)
✔ Vercel exposes only the app and binds its API call to the internal API service (9.2069ms)
✔ the app proxy forwards the bearer and original API path to the bound service (83.53ms)
✔ the app proxy fails closed when the binding is absent (1.6566ms)
✔ the app proxy streams writes and preserves API conflicts without forwarding cookies (1.3845ms)
✔ FastAPI redirects stay on the public app path (1.612ms)
✔ test_internal_headers_forward_only_on_allowlisted_paths (103.971ms)
ℹ tests 69
ℹ suites 0
ℹ pass 69
ℹ fail 0
ℹ cancelled 0
ℹ skipped 0
ℹ todo 0
ℹ duration_ms 64864.1869
