✔ N00 rejects a non-owned upstream: https://auth.neon.tech/neondb/auth (2.1694ms)
✔ N00 rejects a non-owned upstream: http://127.0.0.1.evil.test/auth (0.3447ms)
✔ N00 rejects a non-owned upstream: http://user:password@localhost:44891/auth (1.1542ms)
✔ N00 rejects a non-owned upstream: http://0.0.0.0:44891/auth (0.3874ms)
✔ N00 accepts the loopback fixture base path (0.3023ms)
✔ N00 source inventory rejects unsafe input: ../.env (0.3837ms)
✔ N00 source inventory rejects unsafe input: a/../../secret (0.3234ms)
✔ N00 source inventory rejects unsafe input: /secret (0.1521ms)
✔ N00 source inventory rejects unsafe input: C:/secret (0.1535ms)
✔ N00 source inventory rejects unsafe input: a/.env.production (0.2991ms)
✔ N00 source inventory rejects unsafe input: a\.env.local (0.1369ms)
✔ N00 source inventory rejects unsafe input: node_modules/secret (0.1544ms)
✔ N00 source inventory rejects unsafe input: test-results/secret (0.0912ms)
✔ N00 source inventory rejects unsafe input: app/../secret (0.1393ms)
✔ N00 source inventory accepts a source file (0.1502ms)
✔ N00 build includes BuyerOS frontend services and generated types (0.4594ms)
✔ N00 build excludes Python/services and historical evidence (0.1769ms)
ℹ tests 17
ℹ suites 0
ℹ pass 17
ℹ fail 0
ℹ cancelled 0
ℹ skipped 0
ℹ todo 0
ℹ duration_ms 354.4676
