✔ N00 rejects a non-owned upstream: https://auth.neon.tech/neondb/auth (1.5965ms)
✔ N00 rejects a non-owned upstream: http://127.0.0.1.evil.test/auth (0.1208ms)
✔ N00 rejects a non-owned upstream: http://user:password@localhost:44891/auth (0.0778ms)
✔ N00 rejects a non-owned upstream: http://0.0.0.0:44891/auth (0.0614ms)
✔ N00 accepts the loopback fixture base path (0.1256ms)
✔ N00 source inventory rejects unsafe input: ../.env (0.1835ms)
✔ N00 source inventory rejects unsafe input: a/../../secret (0.1257ms)
✔ N00 source inventory rejects unsafe input: /secret (0.0604ms)
✔ N00 source inventory rejects unsafe input: C:/secret (0.0741ms)
✔ N00 source inventory rejects unsafe input: a/.env.production (0.1681ms)
✔ N00 source inventory rejects unsafe input: a\.env.local (0.1454ms)
✔ N00 source inventory rejects unsafe input: node_modules/secret (0.0716ms)
✔ N00 source inventory rejects unsafe input: test-results/secret (0.0502ms)
✔ N00 source inventory rejects unsafe input: app/../secret (0.0415ms)
✔ N00 source inventory accepts a source file (0.1009ms)
✔ N00 build includes BuyerOS frontend services and generated types (0.2681ms)
✔ N00 build excludes Python/services and historical evidence (0.1008ms)
✔ N00 child env excludes inherited DB/Auth/provider variables (0.208ms)
✔ N00 cache seed requires matching declared owner (0.2892ms)
✔ N00 emitted static assets stay within the output static directory (0.3221ms)
ℹ tests 20
ℹ suites 0
ℹ pass 20
ℹ fail 0
ℹ cancelled 0
ℹ skipped 0
ℹ todo 0
ℹ duration_ms 84.3874
