✔ checked-in API types match the current OpenAPI contract (6692.0469ms)
✔ TypeScript approval fingerprint matches v2-exact-context-crlf (10.3975ms)
✔ U05 request emits a scoped denial without changing its error or replaying (38.9077ms)
✔ U05 requestContent emits a scoped denial without changing its error or replaying (1.136ms)
✔ U05 observer only requests membership checks for workspace-scoped 403/404 (4.0709ms)
✔ U05 an already aborted response cannot trigger a current access check (1.5866ms)
✔ U13 actual callback render during initializing is status, never configuration alert (56.4561ms)
✔ B02 confirmation is stable for row ordering but binds every material field (98.5018ms)
✔ B02 snapshot confirmation binds snapshot identity and normalized exclusions (0.3259ms)
✔ B03 frozen payload preserves confirmed rows and trimmed audit reason (2.0619ms)
✔ B16 unknown assignment survives route remount and token renewal with the same key (1.8638ms)
✔ B16 an unresolved assignment cannot be replaced with a materially different intent (0.3546ms)
✔ B15 pending body is immutable and retry/token renewal uses same frozen body/key (53.2891ms)
✔ B16 A-B-A keeps actor intent while stale response is cancelled; other actor/scope are independent (6.2922ms)
✔ B15 execution binds exact manifest/version/digest and retains key on unknown acceptance (3.3534ms)
✔ D03 Unicode code-point offsets retain emoji, CRLF, Chinese and unmodified text (1.5744ms)
✔ D03 split code-point ranges reclassify both pieces without destroying text (1.5618ms)
✔ D02 save has the required transition order (2.0874ms)
✔ D02 discard has the required transition order (0.3888ms)
✔ D02 cancel has the required transition order (0.1311ms)
✔ D02 rejected save 412 cannot proceed (0.8846ms)
✔ D02 rejected save 503 cannot proceed (0.2534ms)
✔ D02 clean transition does not prompt or write (0.2456ms)
✔ D02 asynchronous Save completes before proceeding (7.0217ms)
✔ U15 project failed count and paged list preserve identical canonical filter (34.3318ms)
✔ U15 explicit workspace omits project, deep link retains selected scope and status (0.6183ms)
✔ U15 invalid URL status cannot introduce unsupported server filter; paging stays bounded (0.4483ms)
✔ U06 generated member operation carries literal search and bounded page query (9.6764ms)
✔ S06 generated eligible lookup and scope context reject foreign and A-B-A responses (11.5147ms)
✔ Q09 latest101 uses only head1/tail1 generated reads, never downloads all history (6.862ms)
✔ Q09 empty and single ICP use one read; malformed/foreign pages fail closed (2.3651ms)
✔ Q09 concurrent appended history is unavailable rather than a falsely latest profile (3.8948ms)
✔ Q09 A-B-A rejects a late metadata response and token renewal alone keeps the context (1.4543ms)
✔ B05 token renewal and route remount retain lost-response key; double start shares work (37.0118ms)
✔ B06 full normalized payload and actor/scope define intent; generation and key order do not (11.8006ms)
✔ B05 A-B-A rejects late result but reuses durable key; explicit reset creates new intent (6.0196ms)
▶ every disposable-API Playwright configuration actually removes its owned container and marker
  ✔ playwright.admin.config.ts (10641.9524ms)
  ✔ playwright.approval.config.ts (5190.6549ms)
  ✔ playwright.audit-fixes.config.ts (9064.8228ms)
  ✔ playwright.bulk.config.ts (4822.0829ms)
  ✔ playwright.buyer-management.config.ts (4331.962ms)
  ✔ playwright.buyer.config.ts (2991.3592ms)
  ✔ playwright.config.ts (2171.3488ms)
  ✔ playwright.confirm.config.ts (2108.9583ms)
  ✔ playwright.contact-job.config.ts (1766.7094ms)
  ✔ playwright.cors.config.ts (1946.6003ms)
  ✔ playwright.draft.config.ts (2320.4302ms)
  ✔ playwright.exports.config.ts (2504.6181ms)
  ✔ playwright.ingestion.config.ts (2484.2102ms)
  ✔ playwright.mvp-research.config.ts (2985.6761ms)
  ✔ playwright.mvp.config.ts (2473.8362ms)
  ✔ playwright.offer.config.ts (2573.6652ms)
  ✔ playwright.policy.config.ts (5633.9218ms)
  ✔ playwright.quote.config.ts (4950.0549ms)
  ✔ playwright.run.config.ts (5753.2684ms)
  ✔ playwright.workbench.config.ts (5306.3005ms)
✔ every disposable-API Playwright configuration actually removes its owned container and marker (82098.2131ms)
✔ configured audit teardown also removes its labelled UI sentinel and marker (5991.2733ms)
✔ configured audit teardown refuses a UI container whose owner label differs (5460.5334ms)
✔ configured database teardown refuses an unrecognized marker without deleting it (334.1943ms)
✔ the built Vercel function renders / without a workspace import failure (510.7044ms)
✔ the built Vercel function renders /app without a workspace import failure (25.5801ms)
✔ the built Vercel function renders /auth/callback without a workspace import failure (19.71ms)
✔ Vercel exposes only the app and binds its API call to the internal API service (18.6881ms)
✔ the app proxy forwards the bearer and original API path to the bound service (134.2651ms)
✔ the app proxy fails closed when the binding is absent (4.1029ms)
✔ the app proxy streams writes and preserves API conflicts without forwarding cookies (5.5979ms)
✔ FastAPI redirects stay on the public app path (1.8846ms)
✔ test_internal_headers_forward_only_on_allowlisted_paths (91.1523ms)
ℹ tests 69
ℹ suites 0
ℹ pass 69
ℹ fail 0
ℹ cancelled 0
ℹ skipped 0
ℹ todo 0
ℹ duration_ms 96210.0865
