✔ U05 request emits a scoped denial without changing its error or replaying (114.9586ms)
✔ U05 requestContent emits a scoped denial without changing its error or replaying (1.0356ms)
✔ U05 observer only requests membership checks for workspace-scoped 403/404 (44.94ms)
✔ U05 an already aborted response cannot trigger a current access check (0.7275ms)
✔ U13 actual callback render during initializing is status, never configuration alert (14.1409ms)
✔ B02 confirmation is stable for row ordering but binds every material field (20.7438ms)
✔ B02 snapshot confirmation binds snapshot identity and normalized exclusions (0.3811ms)
✔ B03 frozen payload preserves confirmed rows and trimmed audit reason (1.9807ms)
✔ B16 unknown assignment survives route remount and token renewal with the same key (7.164ms)
✔ B16 an unresolved assignment cannot be replaced with a materially different intent (0.4462ms)
✔ B15 pending body is immutable and retry/token renewal uses same frozen body/key (47.475ms)
✔ B16 A-B-A keeps actor intent while stale response is cancelled; other actor/scope are independent (26.8841ms)
✔ B15 execution binds exact manifest/version/digest and retains key on unknown acceptance (2.3805ms)
✔ D03 Unicode code-point offsets retain emoji, CRLF, Chinese and unmodified text (1.7391ms)
✔ D03 split code-point ranges reclassify both pieces without destroying text (1.6474ms)
✔ D02 save has the required transition order (1.9938ms)
✔ D02 discard has the required transition order (0.2365ms)
✔ D02 cancel has the required transition order (0.149ms)
✔ D02 rejected save 412 cannot proceed (0.755ms)
✔ D02 rejected save 503 cannot proceed (0.2337ms)
✔ D02 clean transition does not prompt or write (0.2195ms)
✔ D02 asynchronous Save completes before proceeding (7.6593ms)
✔ U15 project failed count and paged list preserve identical canonical filter (2.0227ms)
✔ U15 explicit workspace omits project, deep link retains selected scope and status (0.7763ms)
✔ U15 invalid URL status cannot introduce unsupported server filter; paging stays bounded (1.1491ms)
✔ U06 generated member operation carries literal search and bounded page query (3.135ms)
✔ S06 generated eligible lookup and scope context reject foreign and A-B-A responses (1.2059ms)
✔ Q09 latest101 uses only head1/tail1 generated reads, never downloads all history (16.3417ms)
✔ Q09 empty and single ICP use one read; malformed/foreign pages fail closed (1.6333ms)
✔ Q09 concurrent appended history is unavailable rather than a falsely latest profile (0.3951ms)
✔ Q09 A-B-A rejects a late metadata response and token renewal alone keeps the context (0.8707ms)
✔ B05 token renewal and route remount retain lost-response key; double start shares work (29.7104ms)
✔ B06 full normalized payload and actor/scope define intent; generation and key order do not (1.1075ms)
✔ B05 A-B-A rejects late result but reuses durable key; explicit reset creates new intent (16.2331ms)
✔ B12 2.5s RTT has one in-flight and waits 2s after settlement (14.5668ms)
✔ B13 hidden pauses/aborts quietly; repeated visibility signals resume once (0.9834ms)
✔ B13 transient failures use 2/4/8/16/30/30s and reset after success (6.4974ms)
✔ B13 429 honors Retry-After seconds and HTTP dates, invalid header uses backoff (2.6151ms)
✔ B13 actual live client preserves Retry-After metadata without response secrets (40.5108ms)
✔ B12 request timeout aborts before a retry and late value is ignored (0.7724ms)
✔ B12 cancel/unmount suppresses late values/errors and all later requests (0.3197ms)
✔ B16 A-B-A lifetimes reject the obsolete result even with same scope IDs (0.8601ms)
✔ B12 terminal summary is delivered once and stops through refresh/visibility changes (0.5112ms)
✔ B13 access denied stops rather than polling a revoked account (1.1083ms)
✔ B13 rapid hidden-visible during abort settlement resumes once immediately (0.621ms)
ℹ tests 45
ℹ suites 0
ℹ pass 45
ℹ fail 0
ℹ cancelled 0
ℹ skipped 0
ℹ todo 0
ℹ duration_ms 3516.1254
