✔ U05 request emits a scoped denial without changing its error or replaying (36.1973ms)
✔ U05 requestContent emits a scoped denial without changing its error or replaying (1.0927ms)
✔ U05 observer only requests membership checks for workspace-scoped 403/404 (3.2398ms)
✔ U05 an already aborted response cannot trigger a current access check (0.6495ms)
✔ U13 actual callback render during initializing is status, never configuration alert (9.8781ms)
✔ B02 confirmation is stable for row ordering but binds every material field (17.1926ms)
✔ B02 snapshot confirmation binds snapshot identity and normalized exclusions (0.3006ms)
✔ B03 frozen payload preserves confirmed rows and trimmed audit reason (1.7077ms)
✔ B16 unknown assignment survives route remount and token renewal with the same key (2.1985ms)
✔ B16 an unresolved assignment cannot be replaced with a materially different intent (0.4075ms)
✔ B15 pending body is immutable and retry/token renewal uses same frozen body/key (48.8233ms)
✔ B16 A-B-A keeps actor intent while stale response is cancelled; other actor/scope are independent (6.4268ms)
✔ B15 execution binds exact manifest/version/digest and retains key on unknown acceptance (10.621ms)
✔ D03 Unicode code-point offsets retain emoji, CRLF, Chinese and unmodified text (1.0629ms)
✔ D03 split code-point ranges reclassify both pieces without destroying text (1.2827ms)
✔ D02 save has the required transition order (1.9098ms)
✔ D02 discard has the required transition order (0.1734ms)
✔ D02 cancel has the required transition order (0.1223ms)
✔ D02 rejected save 412 cannot proceed (0.6576ms)
✔ D02 rejected save 503 cannot proceed (0.202ms)
✔ D02 clean transition does not prompt or write (0.1976ms)
✔ D02 asynchronous Save completes before proceeding (27.282ms)
✔ U15 project failed count and paged list preserve identical canonical filter (2.3224ms)
✔ U15 explicit workspace omits project, deep link retains selected scope and status (0.5466ms)
✔ U15 invalid URL status cannot introduce unsupported server filter; paging stays bounded (0.6266ms)
✔ U06 generated member operation carries literal search and bounded page query (4.6562ms)
✔ S06 generated eligible lookup and scope context reject foreign and A-B-A responses (1.4682ms)
✔ Q09 latest101 uses only head1/tail1 generated reads, never downloads all history (4ms)
✔ Q09 empty and single ICP use one read; malformed/foreign pages fail closed (2.1846ms)
✔ Q09 concurrent appended history is unavailable rather than a falsely latest profile (0.581ms)
✔ Q09 A-B-A rejects a late metadata response and token renewal alone keeps the context (1.5224ms)
✔ B05 token renewal and route remount retain lost-response key; double start shares work (25.0374ms)
✔ B06 full normalized payload and actor/scope define intent; generation and key order do not (1.3811ms)
✔ B05 A-B-A rejects late result but reuses durable key; explicit reset creates new intent (4.8605ms)
✔ B12 2.5s RTT has one in-flight and waits 2s after settlement (12.5854ms)
✔ B13 hidden pauses/aborts quietly; repeated visibility signals resume once (1.6692ms)
✔ B13 transient failures use 2/4/8/16/30/30s and reset after success (6.0671ms)
✔ B13 429 honors Retry-After seconds and HTTP dates, invalid header uses backoff (2.3407ms)
✔ B13 actual live client preserves Retry-After metadata without response secrets (60.1944ms)
✔ B12 request timeout aborts before a retry and late value is ignored (1.1864ms)
✔ B12 cancel/unmount suppresses late values/errors and all later requests (0.3713ms)
✔ B16 A-B-A lifetimes reject the obsolete result even with same scope IDs (0.8383ms)
✔ B12 terminal summary is delivered once and stops through refresh/visibility changes (0.6063ms)
✔ B13 access denied stops rather than polling a revoked account (0.9781ms)
✔ B13 rapid hidden-visible during abort settlement resumes once immediately (0.3231ms)
ℹ tests 45
ℹ suites 0
ℹ pass 45
ℹ fail 0
ℹ cancelled 0
ℹ skipped 0
ℹ todo 0
ℹ duration_ms 2107.5846
