
Running 21 tests using 1 worker

(node:53916) Warning: The 'NO_COLOR' env is ignored due to the 'FORCE_COLOR' env being set.
(Use `node --trace-warnings ...` to show where the warning was created)
  ok  1 tests\e2e\responsive-accessibility.spec.ts:15:3 › fictional demo routes remain usable at four widths in en (39.8s)
  ok  2 tests\e2e\responsive-accessibility.spec.ts:15:3 › fictional demo routes remain usable at four widths in zh-HK (35.8s)
  ok  3 tests\e2e\responsive-accessibility.spec.ts:40:1 › fictional full buyer route retains dossier and missing-buyer return (7.7s)
  ok  4 tests\e2e\responsive-accessibility.spec.ts:61:1 › zh-HK full buyer dossier and return remain usable at 390px (10.8s)
  ok  5 tests\e2e\responsive-accessibility.spec.ts:78:1 › fictional buyer drawer returns focus to its trigger (2.1s)
  ok  6 tests\e2e\responsive-accessibility.spec.ts:92:3 › fictional demo reflows at a 200% effective viewport in en (14.5s)
  ok  7 tests\e2e\responsive-accessibility.spec.ts:92:3 › fictional demo reflows at a 200% effective viewport in zh-HK (16.7s)
  ok  8 tests\e2e\responsive-accessibility.spec.ts:114:1 › fictional demo interactive controls expose accessible names in both locales (34.0s)
  ok  9 tests\e2e\responsive-accessibility.spec.ts:140:1 › fictional sidebar navigation keeps routes and usage action wired (3.3s)
  ok 10 tests\e2e\responsive-accessibility.spec.ts:154:1 › fictional source and connection dialogs retain their context (6.1s)
  ok 11 tests\e2e\responsive-accessibility.spec.ts:176:1 › fictional project strip and route heading preserve navigation (2.6s)
  ok 12 tests\e2e\responsive-accessibility.spec.ts:190:1 › zh-HK Results retains manual outcomes and localizes usage labels (7.1s)
  ok 13 tests\e2e\responsive-accessibility.spec.ts:215:1 › demo buyer search and filter boundaries meet measured non-text contrast (10.4s)
  ok 14 tests\e2e\responsive-accessibility.spec.ts:251:1 › buyer pagination keeps page selection, bulk save and row-size changes coherent (5.7s)
  ok 15 tests\e2e\responsive-accessibility.spec.ts:287:1 › 390px buyer cards support selection and bulk list action without overflow (10.9s)
  ok 16 tests\e2e\responsive-accessibility.spec.ts:316:1 › demo Settings preserves local-save privacy and suppression controls (8.8s)
  ok 17 tests\e2e\responsive-accessibility.spec.ts:343:1 › demo contact quote cancel releases reservation and confirm updates buyer (9.2s)
  ok 18 tests\e2e\responsive-accessibility.spec.ts:369:1 › demo action dialog creates and renames a list (3.5s)
  ok 19 tests\e2e\responsive-accessibility.spec.ts:393:1 › fictional Overview metric cards and project actions keep their routes (9.5s)
  ok 20 tests\e2e\responsive-accessibility.spec.ts:422:1 › fictional discovery review filter and run history retain callbacks (3.7s)
  ok 21 tests\e2e\responsive-accessibility.spec.ts:438:1 › fictional Outreach draft approval invalidates on edit and cannot send (7.5s)

  21 passed (5.1m)
