Listing tests:
  api-browser-zoom.spec.ts:25:3 › T29 actual Chromium 200% zoom preserves API workbench content in en
  audit-bulk-confirmation.spec.ts:22:1 › B02 adding a sixth buyer clears the previously confirmed five
  audit-bulk-confirmation.spec.ts:34:1 › B02 reason, target and exclusions clear confirmation; unchanged selection survives paging
  audit-bulk-confirmation.spec.ts:44:1 › B03 searchable colleagues assign ten buyers through a real durable API; clear owner also works
  audit-bulk-confirmation.spec.ts:62:1 › B04 inactive owner is rejected and a stale buyer reports conflict without overwriting
  audit-bulk-confirmation.spec.ts:75:1 › B16 committed response loss locks changes and reconciles the same key after a route remount
  audit-bulk-confirmation.spec.ts:85:1 › B16 late committed B job cannot overwrite A; returning to B reconciles its exact job link
  audit-bulk-confirmation.spec.ts:101:1 › B03 zh-HK mobile colleague search recovers a failed read
  audit-bulk-confirmation.spec.ts:111:1 › B03 viewer cannot assign through UI or direct API
  fixtures\staff-journey.ts:102:1 › Q09 U09 › T30 en desktop UI-created offer through research, grounded addressed approval, export and outcome on one dataset
  fixtures\staff-journey.ts:102:1 › Q09 U09 › T30 en mobile UI-created offer through research, grounded addressed approval, export and outcome on one dataset
  fixtures\staff-journey.ts:102:1 › Q09 U09 › T30 zh-HK desktop UI-created offer through research, grounded addressed approval, export and outcome on one dataset
  fixtures\staff-journey.ts:102:1 › Q09 U09 › T30 zh-HK mobile UI-created offer through research, grounded addressed approval, export and outcome on one dataset
  audit-draft-reground.spec.ts:24:1 › D01/D03 manual Unicode draft exposes a source review and operator cannot attest
  audit-draft-reground.spec.ts:63:1 › D01/U09 reviewer failure retains preparation; lost committed response retries same key then exact approval/export
  audit-draft-reground.spec.ts:79:1 › D03 zh-HK mobile code-point split reads every source and exports exact Unicode message
  audit-draft-reground.spec.ts:90:1 › U09 real stale revision preserves source form and exact buffers; scope change rejects delayed review result
  audit-job-scope.spec.ts:15:1 › U15 project A0 B5; card and failed list share scope; explicit workspace5
  audit-job-scope.spec.ts:26:1 › U15 workspace view remains actor-bound, other actor detail denied; admin read sees all
  audit-job-scope.spec.ts:32:29 › U15 actual 21 job list fully pages20; scope resets offset and old rows
  audit-job-scope.spec.ts:32:29 › U15 actual 101 job list fully pages20; scope resets offset and old rows
  audit-job-scope.spec.ts:39:1 › U15 held B list and count cannot overwrite newer A-B-A generation
  audit-job-scope.spec.ts:46:1 › U15 zh-HK390 workspace label, filter URL/reload reauth and read failure recovery
  audit-operations.spec.ts:12:29 › B10 B11 all 21 real producer result IDs are readable in pages of 20
  audit-operations.spec.ts:12:29 › B10 B11 all 101 real producer result IDs are readable in pages of 20
  audit-operations.spec.ts:32:1 › B11 zero results and late job response cannot replace newer job
  audit-operations.spec.ts:43:1 › B11 late result page is discarded after workspace A-B-A
  audit-operations.spec.ts:112:1 › B16 old summary cannot overwrite another scope after A-B-A
Total: 28 tests in 6 files
