✔ checked-in API types match the current OpenAPI contract (29572.1002ms)
✔ U13 actual callback render during initializing is status, never configuration alert (13.2913ms)
✔ official project/auth requests bind exact resource, no credentials or deletion executor (145.8092ms)
✔ mismatched projectID refuses a cleanup plan (35.458ms)
✔ mismatched owner refuses a cleanup plan (30.0053ms)
✔ mismatched conflicting-org refuses a cleanup plan (23.3558ms)
✔ mismatched region refuses a cleanup plan (39.2399ms)
✔ mismatched name refuses a cleanup plan (62.2261ms)
✔ mismatched project-time refuses a cleanup plan (29.3592ms)
✔ mismatched provider refuses a cleanup plan (32.3967ms)
✔ mismatched authID refuses a cleanup plan (32.0774ms)
✔ mismatched branch refuses a cleanup plan (38.8478ms)
✔ mismatched ownership refuses a cleanup plan (36.8667ms)
✔ mismatched JWKS refuses a cleanup plan (36.9643ms)
✔ mismatched baseURL refuses a cleanup plan (71.2748ms)
✔ mismatched auth-time refuses a cleanup plan (30.6656ms)
✔ HTTP 301 is not ownership or absence proof (33.615ms)
✔ HTTP 401 is not ownership or absence proof (31.5869ms)
✔ HTTP 403 is not ownership or absence proof (28.2457ms)
✔ HTTP 404 is not ownership or absence proof (22.9205ms)
✔ HTTP 423 is not ownership or absence proof (26.9946ms)
✔ HTTP 429 is not ownership or absence proof (38.1915ms)
✔ HTTP 500 is not ownership or absence proof (32.8661ms)
✔ HTTP 503 is not ownership or absence proof (30.7938ms)
✔ stale readback refused (235.3476ms)
✔ future readback refused (83.2441ms)
✔ wrong-path readback refused (23.6356ms)
✔ foreign-origin readback refused (35.9103ms)
✔ query readback refused (51.3715ms)
✔ wrong-method readback refused (32.4768ms)
✔ credential-field readback refused (49.31ms)
✔ a bound human identity blocks auth/project deletion; users_sync is not assumed Better Auth (35.5327ms)
✔ owned counted HTTP payloads decode official field names without claiming provider verification (175.9442ms)
✔ adapter contains no network, CLI or ambient credential execution path (1.2546ms)
✔ pending request keeps deletion descriptors blocked for reconciliation (62.2762ms)
✔ unknown request keeps deletion descriptors blocked for reconciliation (59.3836ms)
✔ cleanup preparation after TTL requires fresh readbacks and preserves expired target (23.0971ms)
✔ an unbranded journal and malformed calendar timestamp cannot create descriptors (20.9601ms)
✔ N00 built fixture is isolated from playwright.audit-fixes.config.ts (5453.2917ms)
✔ N00 built fixture is isolated from playwright.audit-regression.config.ts (9294.4432ms)
✔ N00 dedicated config discovers all seven built-output cases (2257.6585ms)
✔ N00 counted config discovers the same seven cases with separate producer outputs (2078.372ms)
✔ all N00 output profiles stay isolated from playwright.audit-fixes.config.ts (3239.3663ms)
✔ all N00 output profiles stay isolated from playwright.audit-regression.config.ts (2180.6764ms)
✔ runtime flow config discovers all six actual-output cases including unknown sign-out (1503.1864ms)
✔ N00 rejects a non-owned upstream: https://auth.neon.tech/neondb/auth (3.073ms)
✔ N00 rejects a non-owned upstream: http://127.0.0.1.evil.test/auth (0.2271ms)
✔ N00 rejects a non-owned upstream: http://user:password@localhost:44891/auth (0.1649ms)
✔ N00 rejects a non-owned upstream: http://0.0.0.0:44891/auth (0.1441ms)
✔ N00 accepts the loopback fixture base path (0.2892ms)
✔ N00 source inventory rejects unsafe input: ../.env (0.3134ms)
✔ N00 source inventory rejects unsafe input: a/../../secret (0.1758ms)
✔ N00 source inventory rejects unsafe input: /secret (0.1013ms)
✔ N00 source inventory rejects unsafe input: C:/secret (0.1462ms)
✔ N00 source inventory rejects unsafe input: a/.env.production (0.24ms)
✔ N00 source inventory rejects unsafe input: a\.env.local (0.2137ms)
✔ N00 source inventory rejects unsafe input: node_modules/secret (0.1335ms)
✔ N00 source inventory rejects unsafe input: test-results/secret (0.096ms)
✔ N00 source inventory rejects unsafe input: app/../secret (0.1321ms)
✔ N00 source inventory accepts a source file (0.1402ms)
✔ N00 build includes BuyerOS frontend services and generated types (0.3475ms)
✔ N00 build excludes Python/services and historical evidence (0.1421ms)
✔ N00 child env excludes inherited DB/Auth/provider variables (0.2341ms)
✔ N00 cache seed requires matching declared owner (0.4151ms)
✔ N00 emitted static assets stay within the output static directory (0.3977ms)
✔ N00 registers Vinext public fetch entry as the Nitro RSC service without changing production config (0.3975ms)
✔ N00 storage permits only canonical locale prefs and refuses tokens or credential fields (0.3378ms)
✔ proxy refuses arbitrary URLs, unowned servers and unbound journals before any request (72.0854ms)
✔ HTTP reservation is durable and pending before the owned backend receives the request (100.8182ms)
✔ SDK origin, session/challenge cookies and JWT headers survive relay without entering evidence (107.2882ms)
✔ approved local callback302 is preserved manually, and an external redirect is blocked (118.9949ms)
✔ committed POST with a lost response is not replayed after proxy and journal restart (299.5515ms)
✔ budget exhaustion refuses dispatch and keeps cleanup reserve after restart (2795.4056ms)
✔ expired target and over-size body fail closed without dispatching upstream (264.9885ms)
✔ POST server500 retains an unknown write and timeout is bounded without automatic retry (240.596ms)
✔ read-only fixture budget inspection exposes counts without auth traffic or credential data (35.3307ms)
✔ concurrent identical fixture POSTs share the in-flight barrier before upstream acceptance is known (135.8291ms)
✔ fixture cleanup control requires the exact local owner nonce and never forwards to backend (45.9626ms)
✔ committed POST with a refused redirect stays unknown and is held after restart (213.5577ms)
✔ committed PUT with a refused redirect stays unknown and is held after restart (173.262ms)
✔ committed PATCH with a refused redirect stays unknown and is held after restart (159.7688ms)
✔ committed DELETE with a refused redirect stays unknown and is held after restart (152.4149ms)
✔ a malformed redirect after POST acceptance preserves the write hold without retry (122.8576ms)
✔ unknown one-use GET /fixture/auth/callback/google cannot be replayed (147.8203ms)
✔ unknown one-use GET /fixture/auth/get-session cannot be replayed (224.9155ms)
✔ reordered verifier query and renewed bearer keep the same unresolved intent (86.3717ms)
✔ restart conservatively holds writes for an unresolved read without trusting receipt semantics (104.0865ms)
✔ restart cannot erase a hold through legacy or corrupt receipt metadata (156.3209ms)
✔ official pinned SDK social write sees unknown redirect once and retry is held (1685.1459ms)
✔ one-use /fixture/auth/get-session hold is bound to its verifier/state despite other query changes (105.4993ms)
✔ one-use /fixture/auth/callback/google hold is bound to its verifier/state despite other query changes (86.7178ms)
✔ all SDK/browser/CLI physical hops are durably reserved before the backend receives them (479.2932ms)
✔ an unowned server, real target or unknown caller/path is refused before dispatch (47.3693ms)
✔ redirects remain manual and each explicitly followed hop consumes another reservation (95.9704ms)
✔ a foreign redirect cannot cause an uncounted request (50.6331ms)
✔ commit with lost response is held across channel changes and journal restart (94.1376ms)
✔ concurrent identical writes cannot dispatch twice (87.2479ms)
✔ the 180-check stop retains 20 cleanup/reconciliation reservations across restart (5788.4411ms)
✔ TTL refuses new auth but allows exact cleanup readback after expiry (73.4518ms)
✔ bodies and response bytes are bounded without returning or persisting secrets (69.0823ms)
✔ receipt failure preserves pending reservation and fails closed after restart (56.6378ms)
✔ official pinned SDK token request crosses the same durable gateway once (94.7395ms)
✔ fixed Node CLI helper uses the owned gateway and strips inherited credentials (729.0365ms)
✔ cleanup verifies exact ownership and absence after each deletion in identity/auth/project order (1417.3134ms)
✔ unknown deletion never blindly retries; fresh absence lets restarted cleanup continue (1494.204ms)
✔ unknown deletion still present blocks every later dependent deletion and retry (1177.8072ms)
✔ mismatched provider readback prevents every deletion (73.309ms)
✔ cleanup after TTL still counts every readback/deletion and never touches an unbound identity (763.4496ms)
✔ cleanup refuses an injected transport and a different journal even with matching-looking metadata (52.7894ms)
✔ wrong gateway nonce and cross-origin writes cannot consume provider budget (50.8243ms)
✔ expired or mismatched existence receipt blocks cleanup before any deletion (118.9095ms)
✔ CLI refuses an absent or unowned gateway before spawning a subprocess (0.7935ms)
✔ bridge forwards bearer once to exact owned diagnostic and returns subject without token (46.8641ms)
✔ missing owner config, external endpoint and different fingerprint refuse before HTTP (1.5755ms)
✔ foreign or missing Origin and invalid bearer refuse before HTTP (1.4238ms)
✔ API rejection stays 401 and unknown API result is not retried or exposed (2.3031ms)
✔ mismatched response ownership and malformed response fail closed (1.5743ms)
✔ network failure cannot expose exception data or trigger a retry (0.7015ms)
✔ browser receipt must match the rendered target and session subject, and cannot claim live verification (0.3158ms)
✔ real target requires observed exact identifiers and explicit Ed25519 trust (4.7296ms)
✔ template has null target and trust values and check denies it without a network call (300.4882ms)
✔ real preflight denies production project (0.5073ms)
✔ real preflight denies existing Cloudflare preview (0.1921ms)
✔ real preflight denies different owner (0.2053ms)
✔ real preflight denies cloned data (0.1894ms)
✔ real preflight denies unmatched branch readback (0.2784ms)
✔ real preflight denies missing audience (0.2739ms)
✔ real preflight denies Auth0 RSA algorithm (0.3987ms)
✔ real preflight denies wrong key curve (0.4086ms)
✔ real preflight denies email enabled (0.3949ms)
✔ real preflight denies email registration (0.2266ms)
✔ real preflight denies email hook (0.1465ms)
✔ real preflight denies paid plan (0.6667ms)
✔ real preflight denies wildcard trusted domain (0.5233ms)
✔ real preflight denies unknown config or DSN (0.2883ms)
✔ real preflight denies credential URL (0.2696ms)
✔ real preflight denies loopback masquerading as real (0.1546ms)
✔ real preflight denies unreviewed JWKS host (0.1897ms)
✔ real preflight denies extended expiry (0.178ms)
✔ real preflight denies future creation (0.1283ms)
✔ expiry blocks new runtime configuration while exact cleanup remains available (34.3033ms)
✔ runtime secrets and explicit trust never enter build env or inherit DB/provider config (1.3647ms)
✔ journal cannot be created without an explicit authorization reference or overwrite an earlier run (8.9067ms)
✔ setup before target creation and failed requests consume the same persistent budget (58.207ms)
✔ lost response is reserved before execution, survives restart and cannot be blindly retried (39.1104ms)
✔ 180 probes reserve 20 cleanup/reconcile checks and hard cap is 200 including errors (2585.9785ms)
✔ target binding is immutable across process restarts and IDs cannot be repointed (31.3185ms)
✔ two build reservations are bounded to 20 minutes and remain consumed on restart (36.5246ms)
✔ cleanup needs fresh matching readback and may select only one bound test identity (30.6174ms)
✔ unknown outcomes and suspicious operation metadata do not leak bearer, query or credential data to journal (24.4511ms)
✔ a concurrent writer or corrupt journal fails closed without resetting counters (28.1526ms)
✔ ledger tampering with limits or target fingerprint fails before cleanup or a new reservation (24.8536ms)
✔ persisted settled results need evidence and probe reservations cannot exceed the original expiry (35.9798ms)
✔ build deadline cannot exceed resource TTL and persisted build sequence cannot be forged (31.6951ms)
✔ an actual terminated Node process leaves its reservation consumed and the next process sees it (486.9831ms)
✔ runtime env carries the validated complete manifest, and build env drops it with all trust/secrets (5.2668ms)
✔ explicit issuer is kept independent from Auth base URL and actual SDK cookie options are returned (1.1968ms)
✔ runtime missing N00_REAL_TARGET_JSON refuses SDK construction without fallback (0.834ms)
✔ runtime missing N00_TARGET_FINGERPRINT refuses SDK construction without fallback (0.342ms)
✔ runtime missing NEON_AUTH_BASE_URL refuses SDK construction without fallback (0.5019ms)
✔ runtime missing NEON_AUTH_COOKIE_SECRET refuses SDK construction without fallback (0.3009ms)
✔ runtime missing N00_AUTH_ISSUER refuses SDK construction without fallback (0.2787ms)
✔ runtime missing N00_AUTH_AUDIENCE refuses SDK construction without fallback (0.3274ms)
✔ runtime missing N00_AUTH_JWKS_URL refuses SDK construction without fallback (1.0194ms)
✔ runtime missing N00_AUTH_ALGORITHM refuses SDK construction without fallback (0.8944ms)
✔ runtime drift NEON_AUTH_BASE_URL refuses initialization (1.0772ms)
✔ runtime drift N00_AUTH_ISSUER refuses initialization (0.5281ms)
✔ runtime drift N00_AUTH_AUDIENCE refuses initialization (0.6178ms)
✔ runtime drift N00_AUTH_JWKS_URL refuses initialization (0.4595ms)
✔ runtime drift N00_AUTH_ALGORITHM refuses initialization (0.3761ms)
✔ runtime drift N00_TARGET_FINGERPRINT refuses initialization (0.3793ms)
✔ malformed manifest error cannot echo secret or input data (0.4883ms)
✔ oversize manifest refuses parsing rather than consuming an unbounded runtime input (0.3956ms)
✔ runtime reuses full target validation and rejects production IDs (0.47ms)
✔ module/runtime creation consumes no env or SDK initialization at build time (0.1226ms)
✔ request initialization revalidates but caches one SDK instance for exact same context (0.8355ms)
✔ cached SDK cannot bypass the two-hour target expiry (0.6625ms)
✔ changed target cannot reuse or silently replace an already bound SDK context (2.3995ms)
✔ changed cookie secret requires a new owned runtime rather than silent context replacement (2.8858ms)
✔ fresher matching readback does not change the bound target/SDK intent (1.3136ms)
✔ SDK constructor errors are redacted and cannot disclose runtime cookie secret (0.9201ms)
✔ runtime description contains only target/trust context and no cookie secret (0.8146ms)
✔ returned runtime config cannot be mutated to change the validated SDK/trust tuple (0.644ms)
✔ separate build-environment Node process imports the runtime module without secret/init (251.1129ms)
✔ runtime consumer independently refuses an invalid cookie secret (0.6364ms)
✔ owned cleanup removes private configuration and keeps marker through a transient state failure (51.0185ms)
✔ cleanup rejects a mismatched owner before deleting configuration (4.6853ms)
✔ cleanup refuses an unreviewed entry before deleting owned configuration (5.2375ms)
✔ cleanup deadline retains the owner while private configuration is removed (16.8576ms)
✔ cleanup propagates non-transient IO errors without deleting ownership (7.4543ms)
✔ cleanup rejects a root symlink and preserves its target (17.0362ms)
✔ runtime flow builds in a fresh area with shared strict runtime and separate diagnostic/fixture overlays (2.5467ms)
✔ allowed SDK session/token/JWKS calls preserve method/body/cookies through the counted loopback URL (37.7586ms)
✔ fixture transport supports Request inputs without leaking a new endpoint (7.5574ms)
✔ foreign origin, credentials, encoded path, unknown endpoint and loopback bypass never dispatch (1.3941ms)
✔ transport cannot be installed for real targets or rebound to different fictional context (0.3958ms)
✔ unknown upstream response is surfaced once without retry (0.6713ms)
✔ SDK POST redirect is returned to the caller and is never automatically followed (0.4843ms)
✔ owned diagnostic is the only additional loopback transport and requires its exact private owner nonce (2.6317ms)
✔ compatibility profile retains original output and source overlay (1.9407ms)
✔ runtime profile has distinct output and real-only plus probe scaffolding (0.2157ms)
✔ build profile refuses custom paths and unreviewed profiles (1.7896ms)
✔ Nitro runtime profile selects only its reviewed service entry (0.5618ms)
✔ probe target accepts only explicit fictional IDs/hosts/audience (0.405ms)
✔ probe refuses a real projectId (0.2179ms)
✔ probe refuses a real branchId (0.1297ms)
✔ probe refuses a real authId (0.1117ms)
✔ probe refuses external trust and base hosts or non-fictional audience (0.4701ms)
✔ probe fetch guard refuses every request before original transport dispatch (0.6823ms)
✔ Vercel exposes only the app and binds its API call to the internal API service (14.4269ms)
✔ the app proxy forwards the bearer and original API path to the bound service (269.515ms)
✔ the app proxy fails closed when the binding is absent (2.0084ms)
✔ the app proxy streams writes and preserves API conflicts without forwarding cookies (1.667ms)
✔ FastAPI redirects stay on the public app path (1.8714ms)
ℹ tests 214
ℹ suites 0
ℹ pass 214
ℹ fail 0
ℹ cancelled 0
ℹ skipped 0
ℹ todo 0
ℹ duration_ms 93959.1031
