✔ checked-in API types match the current OpenAPI contract (15012.5968ms)
✔ U13 actual callback render during initializing is status, never configuration alert (8.5502ms)
✔ official project/auth requests bind exact resource, no credentials or deletion executor (467.215ms)
✔ mismatched projectID refuses a cleanup plan (31.7261ms)
✔ mismatched owner refuses a cleanup plan (22.5015ms)
✔ mismatched conflicting-org refuses a cleanup plan (23.9141ms)
✔ mismatched region refuses a cleanup plan (20.4641ms)
✔ mismatched name refuses a cleanup plan (72.9635ms)
✔ mismatched project-time refuses a cleanup plan (26.3769ms)
✔ mismatched provider refuses a cleanup plan (20.3429ms)
✔ mismatched authID refuses a cleanup plan (19.4573ms)
✔ mismatched branch refuses a cleanup plan (25.2814ms)
✔ mismatched ownership refuses a cleanup plan (19.6687ms)
✔ mismatched JWKS refuses a cleanup plan (29.2279ms)
✔ mismatched baseURL refuses a cleanup plan (20.9825ms)
✔ mismatched auth-time refuses a cleanup plan (21.1692ms)
✔ HTTP 301 is not ownership or absence proof (21.1312ms)
✔ HTTP 401 is not ownership or absence proof (17.9053ms)
✔ HTTP 403 is not ownership or absence proof (17.2055ms)
✔ HTTP 404 is not ownership or absence proof (23.0373ms)
✔ HTTP 423 is not ownership or absence proof (28.9829ms)
✔ HTTP 429 is not ownership or absence proof (18.7343ms)
✔ HTTP 500 is not ownership or absence proof (16.6184ms)
✔ HTTP 503 is not ownership or absence proof (17.3424ms)
✔ stale readback refused (17.4751ms)
✔ future readback refused (17.4167ms)
✔ wrong-path readback refused (18.7569ms)
✔ foreign-origin readback refused (18.0241ms)
✔ query readback refused (17.3749ms)
✔ wrong-method readback refused (16.9282ms)
✔ credential-field readback refused (18.6691ms)
✔ a bound human identity blocks auth/project deletion; users_sync is not assumed Better Auth (37.3158ms)
✔ owned counted HTTP payloads decode official field names without claiming provider verification (111.4932ms)
✔ adapter contains no network, CLI or ambient credential execution path (1.9486ms)
✔ pending request keeps deletion descriptors blocked for reconciliation (28.9988ms)
✔ unknown request keeps deletion descriptors blocked for reconciliation (37.1266ms)
✔ cleanup preparation after TTL requires fresh readbacks and preserves expired target (20.2374ms)
✔ an unbranded journal and malformed calendar timestamp cannot create descriptors (17.9442ms)
✔ N00 built fixture is isolated from playwright.audit-fixes.config.ts (3906.2967ms)
✔ N00 built fixture is isolated from playwright.audit-regression.config.ts (3987.4426ms)
✔ N00 dedicated config discovers all seven built-output cases (2593.2761ms)
✔ N00 counted config discovers the same seven cases with separate producer outputs (1913.5615ms)
✔ all N00 output profiles stay isolated from playwright.audit-fixes.config.ts (3952.4636ms)
✔ all N00 output profiles stay isolated from playwright.audit-regression.config.ts (4346.3078ms)
✔ runtime flow config discovers all six actual-output cases including unknown sign-out (2789.3187ms)
✔ N00 rejects a non-owned upstream: https://auth.neon.tech/neondb/auth (2.483ms)
✔ N00 rejects a non-owned upstream: http://127.0.0.1.evil.test/auth (0.2245ms)
✔ N00 rejects a non-owned upstream: http://user:password@localhost:44891/auth (0.1493ms)
✔ N00 rejects a non-owned upstream: http://0.0.0.0:44891/auth (0.1359ms)
✔ N00 accepts the loopback fixture base path (0.2777ms)
✔ N00 source inventory rejects unsafe input: ../.env (0.2976ms)
✔ N00 source inventory rejects unsafe input: a/../../secret (0.1931ms)
✔ N00 source inventory rejects unsafe input: /secret (0.1116ms)
✔ N00 source inventory rejects unsafe input: C:/secret (0.152ms)
✔ N00 source inventory rejects unsafe input: a/.env.production (0.2445ms)
✔ N00 source inventory rejects unsafe input: a\.env.local (0.2046ms)
✔ N00 source inventory rejects unsafe input: node_modules/secret (0.2529ms)
✔ N00 source inventory rejects unsafe input: test-results/secret (0.1393ms)
✔ N00 source inventory rejects unsafe input: app/../secret (0.1455ms)
✔ N00 source inventory accepts a source file (0.1615ms)
✔ N00 build includes BuyerOS frontend services and generated types (0.331ms)
✔ N00 build excludes Python/services and historical evidence (0.1786ms)
✔ N00 child env excludes inherited DB/Auth/provider variables (0.2444ms)
✔ N00 cache seed requires matching declared owner (0.4468ms)
✔ N00 emitted static assets stay within the output static directory (0.4546ms)
✔ N00 registers Vinext public fetch entry as the Nitro RSC service without changing production config (0.4103ms)
✔ N00 storage permits only canonical locale prefs and refuses tokens or credential fields (0.4201ms)
✔ proxy refuses arbitrary URLs, unowned servers and unbound journals before any request (122.645ms)
✔ HTTP reservation is durable and pending before the owned backend receives the request (138.4784ms)
✔ SDK origin, session/challenge cookies and JWT headers survive relay without entering evidence (78.7938ms)
✔ approved local callback302 is preserved manually, and an external redirect is blocked (303.9999ms)
✔ committed POST with a lost response is not replayed after proxy and journal restart (537.4699ms)
✔ budget exhaustion refuses dispatch and keeps cleanup reserve after restart (3245.9061ms)
✔ expired target and over-size body fail closed without dispatching upstream (270.8538ms)
✔ POST server500 retains an unknown write and timeout is bounded without automatic retry (174.733ms)
✔ read-only fixture budget inspection exposes counts without auth traffic or credential data (64.5901ms)
✔ concurrent identical fixture POSTs share the in-flight barrier before upstream acceptance is known (111.8556ms)
✔ fixture cleanup control requires the exact local owner nonce and never forwards to backend (49.0858ms)
✔ committed POST with a refused redirect stays unknown and is held after restart (143.8157ms)
✔ committed PUT with a refused redirect stays unknown and is held after restart (108.9804ms)
✔ committed PATCH with a refused redirect stays unknown and is held after restart (123.7407ms)
✔ committed DELETE with a refused redirect stays unknown and is held after restart (105.7898ms)
✔ a malformed redirect after POST acceptance preserves the write hold without retry (137.8978ms)
✔ unknown one-use GET /fixture/auth/callback/google cannot be replayed (80.1997ms)
✔ unknown one-use GET /fixture/auth/get-session cannot be replayed (77.4525ms)
✔ reordered verifier query and renewed bearer keep the same unresolved intent (105.7309ms)
✔ restart conservatively holds writes for an unresolved read without trusting receipt semantics (131.7963ms)
✔ restart cannot erase a hold through legacy or corrupt receipt metadata (108.7123ms)
✔ official pinned SDK social write sees unknown redirect once and retry is held (1860.7679ms)
✔ all SDK/browser/CLI physical hops are durably reserved before the backend receives them (271.7008ms)
✔ an unowned server, real target or unknown caller/path is refused before dispatch (66.1929ms)
✔ redirects remain manual and each explicitly followed hop consumes another reservation (308.6841ms)
✔ a foreign redirect cannot cause an uncounted request (61.0835ms)
✔ commit with lost response is held across channel changes and journal restart (199.8658ms)
✔ concurrent identical writes cannot dispatch twice (91.4137ms)
✔ the 180-check stop retains 20 cleanup/reconciliation reservations across restart (6795.4182ms)
✔ TTL refuses new auth but allows exact cleanup readback after expiry (75.8244ms)
✔ bodies and response bytes are bounded without returning or persisting secrets (153.7223ms)
✔ receipt failure preserves pending reservation and fails closed after restart (52.6834ms)
✔ official pinned SDK token request crosses the same durable gateway once (221.5388ms)
✔ fixed Node CLI helper uses the owned gateway and strips inherited credentials (1211.8733ms)
✔ cleanup verifies exact ownership and absence after each deletion in identity/auth/project order (1194.9645ms)
✔ unknown deletion never blindly retries; fresh absence lets restarted cleanup continue (1011.4495ms)
✔ unknown deletion still present blocks every later dependent deletion and retry (296.3433ms)
✔ mismatched provider readback prevents every deletion (69.2407ms)
✔ cleanup after TTL still counts every readback/deletion and never touches an unbound identity (1300.1754ms)
✔ cleanup refuses an injected transport and a different journal even with matching-looking metadata (53.2995ms)
✔ wrong gateway nonce and cross-origin writes cannot consume provider budget (148.834ms)
✔ expired or mismatched existence receipt blocks cleanup before any deletion (206.9484ms)
✔ CLI refuses an absent or unowned gateway before spawning a subprocess (0.4458ms)
✔ bridge forwards bearer once to exact owned diagnostic and returns subject without token (72.9365ms)
✔ missing owner config, external endpoint and different fingerprint refuse before HTTP (46.9697ms)
✔ foreign or missing Origin and invalid bearer refuse before HTTP (1.1907ms)
✔ API rejection stays 401 and unknown API result is not retried or exposed (2.1056ms)
✔ mismatched response ownership and malformed response fail closed (1.5381ms)
✔ network failure cannot expose exception data or trigger a retry (0.7096ms)
✔ browser receipt must match the rendered target and session subject, and cannot claim live verification (0.3331ms)
✔ real target requires observed exact identifiers and explicit Ed25519 trust (5.0619ms)
✔ template has null target and trust values and check denies it without a network call (762.7582ms)
✔ real preflight denies production project (0.4942ms)
✔ real preflight denies existing Cloudflare preview (0.2526ms)
✔ real preflight denies different owner (0.273ms)
✔ real preflight denies cloned data (0.3826ms)
✔ real preflight denies unmatched branch readback (0.3208ms)
✔ real preflight denies missing audience (0.308ms)
✔ real preflight denies Auth0 RSA algorithm (0.3081ms)
✔ real preflight denies wrong key curve (0.365ms)
✔ real preflight denies email enabled (0.1906ms)
✔ real preflight denies email registration (0.2145ms)
✔ real preflight denies email hook (0.1413ms)
✔ real preflight denies paid plan (0.1622ms)
✔ real preflight denies wildcard trusted domain (0.1526ms)
✔ real preflight denies unknown config or DSN (0.1074ms)
✔ real preflight denies credential URL (0.1487ms)
✔ real preflight denies loopback masquerading as real (0.1293ms)
✔ real preflight denies unreviewed JWKS host (0.1566ms)
✔ real preflight denies extended expiry (0.1157ms)
✔ real preflight denies future creation (0.1413ms)
✔ expiry blocks new runtime configuration while exact cleanup remains available (36.7992ms)
✔ runtime secrets and explicit trust never enter build env or inherit DB/provider config (1.2063ms)
✔ journal cannot be created without an explicit authorization reference or overwrite an earlier run (10.8207ms)
✔ setup before target creation and failed requests consume the same persistent budget (82.5161ms)
✔ lost response is reserved before execution, survives restart and cannot be blindly retried (48.1794ms)
✔ 180 probes reserve 20 cleanup/reconcile checks and hard cap is 200 including errors (2603.9078ms)
✔ target binding is immutable across process restarts and IDs cannot be repointed (35.9754ms)
✔ two build reservations are bounded to 20 minutes and remain consumed on restart (29.2072ms)
✔ cleanup needs fresh matching readback and may select only one bound test identity (27.7724ms)
✔ unknown outcomes and suspicious operation metadata do not leak bearer, query or credential data to journal (21.3473ms)
✔ a concurrent writer or corrupt journal fails closed without resetting counters (29.5058ms)
✔ ledger tampering with limits or target fingerprint fails before cleanup or a new reservation (21.8362ms)
✔ persisted settled results need evidence and probe reservations cannot exceed the original expiry (78.2503ms)
✔ build deadline cannot exceed resource TTL and persisted build sequence cannot be forged (27.8891ms)
✔ an actual terminated Node process leaves its reservation consumed and the next process sees it (1134.4405ms)
✔ runtime env carries the validated complete manifest, and build env drops it with all trust/secrets (6.8389ms)
✔ explicit issuer is kept independent from Auth base URL and actual SDK cookie options are returned (1.4026ms)
✔ runtime missing N00_REAL_TARGET_JSON refuses SDK construction without fallback (1.1327ms)
✔ runtime missing N00_TARGET_FINGERPRINT refuses SDK construction without fallback (0.5083ms)
✔ runtime missing NEON_AUTH_BASE_URL refuses SDK construction without fallback (0.3983ms)
✔ runtime missing NEON_AUTH_COOKIE_SECRET refuses SDK construction without fallback (0.3251ms)
✔ runtime missing N00_AUTH_ISSUER refuses SDK construction without fallback (0.3356ms)
✔ runtime missing N00_AUTH_AUDIENCE refuses SDK construction without fallback (0.3662ms)
✔ runtime missing N00_AUTH_JWKS_URL refuses SDK construction without fallback (0.4099ms)
✔ runtime missing N00_AUTH_ALGORITHM refuses SDK construction without fallback (0.6521ms)
✔ runtime drift NEON_AUTH_BASE_URL refuses initialization (2.2655ms)
✔ runtime drift N00_AUTH_ISSUER refuses initialization (0.6449ms)
✔ runtime drift N00_AUTH_AUDIENCE refuses initialization (0.6687ms)
✔ runtime drift N00_AUTH_JWKS_URL refuses initialization (1.2708ms)
✔ runtime drift N00_AUTH_ALGORITHM refuses initialization (0.4372ms)
✔ runtime drift N00_TARGET_FINGERPRINT refuses initialization (0.4295ms)
✔ malformed manifest error cannot echo secret or input data (0.5167ms)
✔ oversize manifest refuses parsing rather than consuming an unbounded runtime input (0.4515ms)
✔ runtime reuses full target validation and rejects production IDs (0.4715ms)
✔ module/runtime creation consumes no env or SDK initialization at build time (0.1284ms)
✔ request initialization revalidates but caches one SDK instance for exact same context (1.4525ms)
✔ cached SDK cannot bypass the two-hour target expiry (0.8184ms)
✔ changed target cannot reuse or silently replace an already bound SDK context (2.3799ms)
✔ changed cookie secret requires a new owned runtime rather than silent context replacement (0.9307ms)
✔ fresher matching readback does not change the bound target/SDK intent (0.7469ms)
✔ SDK constructor errors are redacted and cannot disclose runtime cookie secret (0.4259ms)
✔ runtime description contains only target/trust context and no cookie secret (0.52ms)
✔ returned runtime config cannot be mutated to change the validated SDK/trust tuple (0.4502ms)
✔ separate build-environment Node process imports the runtime module without secret/init (628.505ms)
✔ runtime consumer independently refuses an invalid cookie secret (0.7544ms)
✔ owned cleanup removes private configuration and keeps marker through a transient state failure (121.29ms)
✔ cleanup rejects a mismatched owner before deleting configuration (6.4409ms)
✔ cleanup refuses an unreviewed entry before deleting owned configuration (5.8274ms)
✔ cleanup deadline retains the owner while private configuration is removed (14.8255ms)
✔ cleanup propagates non-transient IO errors without deleting ownership (112.3485ms)
✔ cleanup rejects a root symlink and preserves its target (26.8155ms)
✔ runtime flow builds in a fresh area with shared strict runtime and separate diagnostic/fixture overlays (1.8376ms)
✔ allowed SDK session/token/JWKS calls preserve method/body/cookies through the counted loopback URL (46.1372ms)
✔ fixture transport supports Request inputs without leaking a new endpoint (7.9692ms)
✔ foreign origin, credentials, encoded path, unknown endpoint and loopback bypass never dispatch (1.6115ms)
✔ transport cannot be installed for real targets or rebound to different fictional context (0.4572ms)
✔ unknown upstream response is surfaced once without retry (0.6942ms)
✔ SDK POST redirect is returned to the caller and is never automatically followed (0.8394ms)
✔ owned diagnostic is the only additional loopback transport and requires its exact private owner nonce (2.9652ms)
✔ compatibility profile retains original output and source overlay (2.0727ms)
✔ runtime profile has distinct output and real-only plus probe scaffolding (0.2252ms)
✔ build profile refuses custom paths and unreviewed profiles (1.5316ms)
✔ Nitro runtime profile selects only its reviewed service entry (0.4871ms)
✔ probe target accepts only explicit fictional IDs/hosts/audience (0.3465ms)
✔ probe refuses a real projectId (0.1576ms)
✔ probe refuses a real branchId (31.897ms)
✔ probe refuses a real authId (0.1656ms)
✔ probe refuses external trust and base hosts or non-fictional audience (0.5318ms)
✔ probe fetch guard refuses every request before original transport dispatch (0.7826ms)
✔ Vercel exposes only the app and binds its API call to the internal API service (54.0396ms)
✔ the app proxy forwards the bearer and original API path to the bound service (491.5123ms)
✔ the app proxy fails closed when the binding is absent (2.0741ms)
✔ the app proxy streams writes and preserves API conflicts without forwarding cookies (52.0675ms)
✔ FastAPI redirects stay on the public app path (4.6997ms)
ℹ tests 212
ℹ suites 0
ℹ pass 212
ℹ fail 0
ℹ cancelled 0
ℹ skipped 0
ℹ todo 0
ℹ duration_ms 81899.5296
