✔ checked-in API types match the current OpenAPI contract (2227.1912ms)
✔ TypeScript approval fingerprint matches v2-exact-context-crlf (8.1674ms)
✔ U05 request emits a scoped denial without changing its error or replaying (43.4298ms)
✔ U05 requestContent emits a scoped denial without changing its error or replaying (1.5135ms)
✔ U05 observer only requests membership checks for workspace-scoped 403/404 (4.4539ms)
✔ U05 an already aborted response cannot trigger a current access check (0.6326ms)
✔ U13 actual callback render during initializing is status, never configuration alert (13.0657ms)
✔ B02 confirmation is stable for row ordering but binds every material field (24.6138ms)
✔ B02 snapshot confirmation binds snapshot identity and normalized exclusions (2.4929ms)
✔ B03 frozen payload preserves confirmed rows and trimmed audit reason (6.447ms)
✔ B16 unknown assignment survives route remount and token renewal with the same key (2.6667ms)
✔ B16 an unresolved assignment cannot be replaced with a materially different intent (1.1073ms)
✔ B15 pending body is immutable and retry/token renewal uses same frozen body/key (37.2158ms)
✔ B16 A-B-A keeps actor intent while stale response is cancelled; other actor/scope are independent (6.161ms)
✔ B15 execution binds exact manifest/version/digest and retains key on unknown acceptance (2.4832ms)
✔ D03 Unicode code-point offsets retain emoji, CRLF, Chinese and unmodified text (0.749ms)
✔ D03 split code-point ranges reclassify both pieces without destroying text (1.5747ms)
✔ D02 save has the required transition order (1.6475ms)
✔ D02 discard has the required transition order (0.165ms)
✔ D02 cancel has the required transition order (0.109ms)
✔ D02 rejected save 412 cannot proceed (0.5391ms)
✔ D02 rejected save 503 cannot proceed (0.205ms)
✔ D02 clean transition does not prompt or write (0.1798ms)
✔ D02 asynchronous Save completes before proceeding (7.828ms)
✔ U15 project failed count and paged list preserve identical canonical filter (2.425ms)
✔ U15 explicit workspace omits project, deep link retains selected scope and status (0.9105ms)
✔ U15 invalid URL status cannot introduce unsupported server filter; paging stays bounded (0.4255ms)
✔ U06 generated member operation carries literal search and bounded page query (2.1268ms)
✔ S06 generated eligible lookup and scope context reject foreign and A-B-A responses (1.0498ms)
✔ Q09 latest101 uses only head1/tail1 generated reads, never downloads all history (4.7876ms)
✔ Q09 empty and single ICP use one read; malformed/foreign pages fail closed (6.1252ms)
✔ Q09 concurrent appended history is unavailable rather than a falsely latest profile (0.5808ms)
✔ Q09 A-B-A rejects a late metadata response and token renewal alone keeps the context (3.482ms)
✔ B05 token renewal and route remount retain lost-response key; double start shares work (22.7421ms)
✔ B06 full normalized payload and actor/scope define intent; generation and key order do not (6.5824ms)
✔ B05 A-B-A rejects late result but reuses durable key; explicit reset creates new intent (8.111ms)
▶ every disposable-API Playwright configuration actually removes its owned container and marker
  ✔ playwright.admin.config.ts (9512.409ms)
  ✔ playwright.approval.config.ts (4413.8435ms)
  ✔ playwright.audit-fixes.config.ts (6428.5125ms)
  ✔ playwright.bulk.config.ts (6483.9163ms)
  ✔ playwright.buyer-management.config.ts (8268.6293ms)
  ✔ playwright.buyer.config.ts (8065.5605ms)
  ✔ playwright.config.ts (11241.3335ms)
  ✔ playwright.confirm.config.ts (21269.3325ms)
  ✔ playwright.contact-job.config.ts (34617.2108ms)
  ✔ playwright.cors.config.ts (47811.2396ms)
  ✔ playwright.draft.config.ts (39741.5039ms)
  ✔ playwright.exports.config.ts (33167.9323ms)
  ✔ playwright.ingestion.config.ts (21949.8371ms)
  ✔ playwright.mvp-research.config.ts (5399.2345ms)
  ✔ playwright.mvp.config.ts (5799.6161ms)
  ✔ playwright.offer.config.ts (4685.1803ms)
  ✔ playwright.policy.config.ts (4080.6166ms)
  ✔ playwright.quote.config.ts (4011.0555ms)
  ✔ playwright.run.config.ts (4698.4678ms)
  ✔ playwright.workbench.config.ts (4161.2158ms)
✔ every disposable-API Playwright configuration actually removes its owned container and marker (285880.9583ms)
✔ configured audit teardown also removes its labelled UI sentinel and marker (5140.3039ms)
✔ configured audit teardown refuses a UI container whose owner label differs (7210.8377ms)
✔ configured database teardown refuses an unrecognized marker without deleting it (323.2601ms)
✔ official project/auth requests bind exact resource, no credentials or deletion executor (61.0739ms)
✔ mismatched projectID refuses a cleanup plan (27.5496ms)
✔ mismatched owner refuses a cleanup plan (24.9674ms)
✔ mismatched conflicting-org refuses a cleanup plan (44.759ms)
✔ mismatched region refuses a cleanup plan (32.7093ms)
✔ mismatched name refuses a cleanup plan (37.2863ms)
✔ mismatched project-time refuses a cleanup plan (23.5988ms)
✔ mismatched provider refuses a cleanup plan (27.5658ms)
✔ mismatched authID refuses a cleanup plan (27.1978ms)
✔ mismatched branch refuses a cleanup plan (29.0202ms)
✔ mismatched ownership refuses a cleanup plan (24.9585ms)
✔ mismatched JWKS refuses a cleanup plan (25.7259ms)
✔ mismatched baseURL refuses a cleanup plan (28.7958ms)
✔ mismatched auth-time refuses a cleanup plan (23.6935ms)
✔ HTTP 301 is not ownership or absence proof (23.0663ms)
✔ HTTP 401 is not ownership or absence proof (24.987ms)
✔ HTTP 403 is not ownership or absence proof (27.3212ms)
✔ HTTP 404 is not ownership or absence proof (26.5626ms)
✔ HTTP 423 is not ownership or absence proof (25.6523ms)
✔ HTTP 429 is not ownership or absence proof (24.7302ms)
✔ HTTP 500 is not ownership or absence proof (32.5959ms)
✔ HTTP 503 is not ownership or absence proof (19.6794ms)
✔ stale readback refused (31.8351ms)
✔ future readback refused (25.5397ms)
✔ wrong-path readback refused (24.6681ms)
✔ foreign-origin readback refused (27.7057ms)
✔ query readback refused (20.566ms)
✔ wrong-method readback refused (21.7808ms)
✔ credential-field readback refused (31.0286ms)
✔ a bound human identity blocks auth/project deletion; users_sync is not assumed Better Auth (30.22ms)
✔ owned counted HTTP payloads decode official field names without claiming provider verification (191.231ms)
✔ adapter contains no network, CLI or ambient credential execution path (1.8247ms)
✔ pending request keeps deletion descriptors blocked for reconciliation (41.9074ms)
✔ unknown request keeps deletion descriptors blocked for reconciliation (40.7475ms)
✔ cleanup preparation after TTL requires fresh readbacks and preserves expired target (34.6173ms)
✔ an unbranded journal and malformed calendar timestamp cannot create descriptors (20.5288ms)
✔ N00 built fixture is isolated from playwright.audit-fixes.config.ts (4584.9749ms)
✔ N00 built fixture is isolated from playwright.audit-regression.config.ts (1936.622ms)
✔ N00 dedicated config discovers all seven built-output cases (2160.2047ms)
✔ N00 counted config discovers the same seven cases with separate producer outputs (1607.6842ms)
✔ all N00 output profiles stay isolated from playwright.audit-fixes.config.ts (1725.7273ms)
✔ all N00 output profiles stay isolated from playwright.audit-regression.config.ts (1735.2634ms)
✔ runtime flow config discovers all six actual-output cases including unknown sign-out (1506.8295ms)
✔ execution config discovers the original three flows and both native browser guard cases (6744.7067ms)
✔ N00 rejects a non-owned upstream: https://auth.neon.tech/neondb/auth (3.4778ms)
✔ N00 rejects a non-owned upstream: http://127.0.0.1.evil.test/auth (0.3548ms)
✔ N00 rejects a non-owned upstream: http://user:password@localhost:44891/auth (0.1772ms)
✔ N00 rejects a non-owned upstream: http://0.0.0.0:44891/auth (0.4856ms)
✔ N00 accepts the loopback fixture base path (0.367ms)
✔ N00 source inventory rejects unsafe input: ../.env (1.1639ms)
✔ N00 source inventory rejects unsafe input: a/../../secret (0.5755ms)
✔ N00 source inventory rejects unsafe input: /secret (0.1511ms)
✔ N00 source inventory rejects unsafe input: C:/secret (0.3735ms)
✔ N00 source inventory rejects unsafe input: a/.env.production (0.7994ms)
✔ N00 source inventory rejects unsafe input: a\.env.local (0.2014ms)
✔ N00 source inventory rejects unsafe input: node_modules/secret (0.1025ms)
✔ N00 source inventory rejects unsafe input: test-results/secret (0.0824ms)
✔ N00 source inventory rejects unsafe input: app/../secret (0.1364ms)
✔ N00 source inventory accepts a source file (0.1357ms)
✔ N00 build includes BuyerOS frontend services and generated types (0.368ms)
✔ N00 build excludes Python/services and historical evidence (0.1651ms)
✔ N00 child env excludes inherited DB/Auth/provider variables (0.2618ms)
✔ N00 cache seed requires matching declared owner (0.7488ms)
✔ N00 emitted static assets stay within the output static directory (0.3831ms)
✔ N00 registers Vinext public fetch entry as the Nitro RSC service without changing production config (0.4151ms)
✔ N00 storage permits only canonical locale prefs and refuses tokens or credential fields (0.5104ms)
✔ proxy refuses arbitrary URLs, unowned servers and unbound journals before any request (72.9314ms)
✔ HTTP reservation is durable and pending before the owned backend receives the request (105.5287ms)
✔ SDK origin, session/challenge cookies and JWT headers survive relay without entering evidence (74.1883ms)
✔ approved local callback302 is preserved manually, and an external redirect is blocked (105.332ms)
✔ committed POST with a lost response is not replayed after proxy and journal restart (139.3718ms)
✔ budget exhaustion refuses dispatch and keeps cleanup reserve after restart (2005.9109ms)
✔ expired target and over-size body fail closed without dispatching upstream (71.6106ms)
✔ POST server500 retains an unknown write and timeout is bounded without automatic retry (168.564ms)
✔ read-only fixture budget inspection exposes counts without auth traffic or credential data (33.76ms)
✔ concurrent identical fixture POSTs share the in-flight barrier before upstream acceptance is known (95.143ms)
✔ fixture cleanup control requires the exact local owner nonce and never forwards to backend (33.4436ms)
✔ committed POST with a refused redirect stays unknown and is held after restart (135.7277ms)
✔ committed PUT with a refused redirect stays unknown and is held after restart (148.551ms)
✔ committed PATCH with a refused redirect stays unknown and is held after restart (112.3128ms)
✔ committed DELETE with a refused redirect stays unknown and is held after restart (102.9086ms)
✔ a malformed redirect after POST acceptance preserves the write hold without retry (73.541ms)
✔ unknown one-use GET /fixture/auth/callback/google cannot be replayed (75.5299ms)
✔ unknown one-use GET /fixture/auth/get-session cannot be replayed (75.2267ms)
✔ reordered verifier query and renewed bearer keep the same unresolved intent (65.949ms)
✔ restart conservatively holds writes for an unresolved read without trusting receipt semantics (74.8399ms)
✔ restart cannot erase a hold through legacy or corrupt receipt metadata (80.9234ms)
✔ official pinned SDK social write sees unknown redirect once and retry is held (908.3118ms)
✔ one-use /fixture/auth/get-session hold is bound to its verifier/state despite other query changes (98.6349ms)
✔ one-use /fixture/auth/callback/google hold is bound to its verifier/state despite other query changes (95.0274ms)
✔ all SDK/browser/CLI physical hops are durably reserved before the backend receives them (190.4422ms)
✔ an unowned server, real target or unknown caller/path is refused before dispatch (28.7895ms)
✔ redirects remain manual and each explicitly followed hop consumes another reservation (66.7273ms)
✔ a foreign redirect cannot cause an uncounted request (53.4678ms)
✔ commit with lost response is held across channel changes and journal restart (74.8307ms)
✔ concurrent identical writes cannot dispatch twice (69.3189ms)
✔ the 180-check stop retains 20 cleanup/reconciliation reservations across restart (5391.9456ms)
✔ TTL refuses new auth but allows exact cleanup readback after expiry (91.6461ms)
✔ bodies and response bytes are bounded without returning or persisting secrets (68.8401ms)
✔ receipt failure preserves pending reservation and fails closed after restart (59.785ms)
✔ official pinned SDK token request crosses the same durable gateway once (70.9931ms)
✔ fixed Node CLI helper uses the owned gateway and strips inherited credentials (258.9763ms)
✔ cleanup verifies exact ownership and absence after each deletion in identity/auth/project order (454.7689ms)
✔ unknown deletion never blindly retries; fresh absence lets restarted cleanup continue (670.7158ms)
✔ unknown deletion still present blocks every later dependent deletion and retry (219.8889ms)
✔ mismatched provider readback prevents every deletion (50.5557ms)
✔ cleanup after TTL still counts every readback/deletion and never touches an unbound identity (261.4407ms)
✔ cleanup refuses an injected transport and a different journal even with matching-looking metadata (33.7295ms)
✔ wrong gateway nonce and cross-origin writes cannot consume provider budget (28.2712ms)
✔ expired or mismatched existence receipt blocks cleanup before any deletion (85.2326ms)
✔ CLI refuses an absent or unowned gateway before spawning a subprocess (0.5167ms)
✔ native pinned SDK exact-id lookup reaches owned HTTP with a durable reconciliation reservation (156.5865ms)
✔ native SDK removal uses the twenty-request cleanup reserve after 180 auth checks (3945.2021ms)
✔ native SDK refuses a different identity before reserving or dispatching HTTP (65.7685ms)
✔ fresh ownership, exact identity and native SDK absence complete only the owned identity cleanup (346.4218ms)
✔ read-500 read cannot authorize removal or claim absence (124.35ms)
✔ generic-404 read cannot authorize removal or claim absence (138.2991ms)
✔ foreign-id read cannot authorize removal or claim absence (124.7782ms)
✔ foreign-created read cannot authorize removal or claim absence (124.6377ms)
✔ malformed read cannot authorize removal or claim absence (133.4948ms)
✔ lingering removal response cannot claim confirmed absence (290.2512ms)
✔ bad-success removal response cannot claim confirmed absence (221.0813ms)
✔ post-delete-malformed removal response cannot claim confirmed absence (239.5469ms)
✔ committed removal with lost response is not replayed; restart confirms exact absence through the SDK (295.8636ms)
✔ unknown removal still present after restart retains hold and never resends (324.8964ms)
✔ an expired target may consume cleanup/reconciliation reserve but cannot send new auth checks (212.5951ms)
✔ admin authentication failure cannot be interpreted as an empty identity set (104.3735ms)
✔ gateway, journal and owner must all be the same branded owned context (66.0967ms)
✔ changed project readback stops before native identity lookup (56.3805ms)
✔ no email linking, role writes, impersonation, create-user or unrestricted query enters the boundary (47.5592ms)
✔ durable receipts do not persist fixture session headers or identity payloads (223.5268ms)
✔ accepted remove without absence remains held on another attempt (332.2588ms)
✔ duplicate or extended query and body fields cannot broaden exact-id cleanup (72.5536ms)
✔ cleanup also stops at the hard total of two hundred physical requests (4070.7082ms)
✔ unknown identity removal stays held when only JSON whitespace or session headers change (82.699ms)
✔ native worker IPC reserves before physical auth and unknown intent stays held after a new container/journal (61933.3953ms)
✔ native runner rejects injected dispatch owner and foreign journal before any Docker resources (38.4319ms)
✔ isolated native worker cannot bypass IPC through raw HTTP, fetch, TCP or a subprocess (34291.8694ms)
ℹ {"fixture_only":true,"positive_control":{"http_requests":3,"native_tcp_connected":true},"direct_http_requests":0,"probes":{"http_connected":false,"fetch_connected":false,"tcp_connected":false,"subprocess_connected":false},"worker_policy":{"network":"none","read_only":true,"user":"node","cap_drop":["ALL"],"pids_limit":64,"memory":134217728,"nano_cpus":1000000000,"published_ports":0,"mounts":0,"environment_names":["BUYEROS_STRICT_INTEGRATION","PATH","NODE_VERSION","YARN_VERSION"]},"cleanup":{"complete":true,"containers_absent":["3a107652e428e6355425507dc2e28aaddee156395aaa450649ee00169c49ec8f","52db7e987388afe3336c9648e816dfddc63dd5d621e89c4c11a50c28863f7cdd","90f1baafd2dfe0c3048f8dfd6c5090a56c63727f8a47ed8ed8db92911a2e9462"],"network_absent":true,"fixture_only":true,"inspect_retries":0}}
✔ N00 streamed body crossing target TTL cannot dispatch a previously reserved auth request (204.0004ms)
✔ N00 continuous body trickle cannot extend the ingress deadline or reach the auth backend (259.621ms)
✔ N00 timely streamed body retains exact bytes and one durable native HTTP hop (127.0383ms)
✔ N00 a physical write exceeding remaining TTL stays unknown and cannot replay after restart (302.0506ms)
✔ bridge forwards bearer once to exact owned diagnostic and returns subject without token (59.5909ms)
✔ missing owner config, external endpoint and different fingerprint refuse before HTTP (2.0383ms)
✔ foreign or missing Origin and invalid bearer refuse before HTTP (2.0753ms)
✔ API rejection stays 401 and unknown API result is not retried or exposed (2.9519ms)
✔ mismatched response ownership and malformed response fail closed (2.9509ms)
✔ network failure cannot expose exception data or trigger a retry (0.7721ms)
✔ browser receipt must match the rendered target and session subject, and cannot claim live verification (0.3431ms)
✔ real target requires observed exact identifiers and explicit Ed25519 trust (4.4732ms)
✔ template has null target and trust values and check denies it without a network call (191.0667ms)
✔ real preflight denies production project (0.4704ms)
✔ real preflight denies existing Cloudflare preview (0.1578ms)
✔ real preflight denies different owner (0.1375ms)
✔ real preflight denies cloned data (0.1456ms)
✔ real preflight denies unmatched branch readback (0.2396ms)
✔ real preflight denies missing audience (0.2149ms)
✔ real preflight denies Auth0 RSA algorithm (0.3261ms)
✔ real preflight denies wrong key curve (0.3102ms)
✔ real preflight denies email enabled (0.1726ms)
✔ real preflight denies email registration (0.1573ms)
✔ real preflight denies email hook (0.2572ms)
✔ real preflight denies paid plan (0.1652ms)
✔ real preflight denies wildcard trusted domain (0.2297ms)
✔ real preflight denies unknown config or DSN (0.1496ms)
✔ real preflight denies credential URL (0.1735ms)
✔ real preflight denies loopback masquerading as real (0.1575ms)
✔ real preflight denies unreviewed JWKS host (0.1826ms)
✔ real preflight denies extended expiry (0.1406ms)
✔ real preflight denies future creation (0.2091ms)
✔ expiry blocks new runtime configuration while exact cleanup remains available (31.0122ms)
✔ runtime secrets and explicit trust never enter build env or inherit DB/provider config (1.1295ms)
✔ journal cannot be created without an explicit authorization reference or overwrite an earlier run (9.0598ms)
✔ setup before target creation and failed requests consume the same persistent budget (60.6655ms)
✔ lost response is reserved before execution, survives restart and cannot be blindly retried (40.9424ms)
✔ 180 probes reserve 20 cleanup/reconcile checks and hard cap is 200 including errors (2053.5544ms)
✔ target binding is immutable across process restarts and IDs cannot be repointed (27.0862ms)
✔ two build reservations are bounded to 20 minutes and remain consumed on restart (30.7946ms)
✔ cleanup needs fresh matching readback and may select only one bound test identity (29.5738ms)
✔ unknown outcomes and suspicious operation metadata do not leak bearer, query or credential data to journal (20.8478ms)
✔ a concurrent writer or corrupt journal fails closed without resetting counters (34.5196ms)
✔ ledger tampering with limits or target fingerprint fails before cleanup or a new reservation (21.4189ms)
✔ persisted settled results need evidence and probe reservations cannot exceed the original expiry (25.7951ms)
✔ build deadline cannot exceed resource TTL and persisted build sequence cannot be forged (26.2701ms)
✔ an actual terminated Node process leaves its reservation consumed and the next process sees it (578.9601ms)
✔ runtime env carries the validated complete manifest, and build env drops it with all trust/secrets (6.1185ms)
✔ explicit issuer is kept independent from Auth base URL and actual SDK cookie options are returned (1.3361ms)
✔ runtime missing N00_REAL_TARGET_JSON refuses SDK construction without fallback (1.1092ms)
✔ runtime missing N00_TARGET_FINGERPRINT refuses SDK construction without fallback (0.5372ms)
✔ runtime missing NEON_AUTH_BASE_URL refuses SDK construction without fallback (0.5722ms)
✔ runtime missing NEON_AUTH_COOKIE_SECRET refuses SDK construction without fallback (0.4394ms)
✔ runtime missing N00_AUTH_ISSUER refuses SDK construction without fallback (0.7922ms)
✔ runtime missing N00_AUTH_AUDIENCE refuses SDK construction without fallback (2.3829ms)
✔ runtime missing N00_AUTH_JWKS_URL refuses SDK construction without fallback (1.0896ms)
✔ runtime missing N00_AUTH_ALGORITHM refuses SDK construction without fallback (1.3078ms)
✔ runtime drift NEON_AUTH_BASE_URL refuses initialization (1.535ms)
✔ runtime drift N00_AUTH_ISSUER refuses initialization (0.5191ms)
✔ runtime drift N00_AUTH_AUDIENCE refuses initialization (0.6238ms)
✔ runtime drift N00_AUTH_JWKS_URL refuses initialization (0.466ms)
✔ runtime drift N00_AUTH_ALGORITHM refuses initialization (0.39ms)
✔ runtime drift N00_TARGET_FINGERPRINT refuses initialization (0.408ms)
✔ malformed manifest error cannot echo secret or input data (0.6144ms)
✔ oversize manifest refuses parsing rather than consuming an unbounded runtime input (0.3643ms)
✔ runtime reuses full target validation and rejects production IDs (0.4368ms)
✔ module/runtime creation consumes no env or SDK initialization at build time (0.1216ms)
✔ request initialization revalidates but caches one SDK instance for exact same context (0.7356ms)
✔ cached SDK cannot bypass the two-hour target expiry (0.7475ms)
✔ changed target cannot reuse or silently replace an already bound SDK context (2.1072ms)
✔ changed cookie secret requires a new owned runtime rather than silent context replacement (0.7533ms)
✔ fresher matching readback does not change the bound target/SDK intent (0.7263ms)
✔ SDK constructor errors are redacted and cannot disclose runtime cookie secret (0.4951ms)
✔ runtime description contains only target/trust context and no cookie secret (0.639ms)
✔ returned runtime config cannot be mutated to change the validated SDK/trust tuple (0.5298ms)
✔ separate build-environment Node process imports the runtime module without secret/init (112.091ms)
✔ runtime consumer independently refuses an invalid cookie secret (0.6768ms)
✔ owned cleanup removes private configuration and keeps marker through a transient state failure (36.4999ms)
✔ cleanup rejects a mismatched owner before deleting configuration (6.8266ms)
✔ cleanup refuses an unreviewed entry before deleting owned configuration (22.5637ms)
✔ cleanup deadline retains the owner while private configuration is removed (19.3302ms)
✔ cleanup propagates non-transient IO errors without deleting ownership (9.1221ms)
✔ cleanup rejects a root symlink and preserves its target (4.4669ms)
✔ runtime flow builds in a fresh area with shared strict runtime and separate diagnostic/fixture overlays (1.9359ms)
✔ allowed SDK session/token/JWKS calls preserve method/body/cookies through the counted loopback URL (46.0985ms)
✔ fixture transport supports Request inputs without leaking a new endpoint (7.0477ms)
✔ foreign origin, credentials, encoded path, unknown endpoint and loopback bypass never dispatch (1.6859ms)
✔ transport cannot be installed for real targets or rebound to different fictional context (0.4419ms)
✔ unknown upstream response is surfaced once without retry (0.7603ms)
✔ SDK POST redirect is returned to the caller and is never automatically followed (1.4908ms)
✔ owned diagnostic is the only additional loopback transport and requires its exact private owner nonce (1.0778ms)
✔ compatibility profile retains original output and source overlay (1.9855ms)
✔ runtime profile has distinct output and real-only plus probe scaffolding (0.272ms)
✔ build profile refuses custom paths and unreviewed profiles (0.5763ms)
✔ Nitro runtime profile selects only its reviewed service entry (0.4143ms)
✔ probe target accepts only explicit fictional IDs/hosts/audience (0.4732ms)
✔ probe refuses a real projectId (0.2081ms)
✔ probe refuses a real branchId (0.1268ms)
✔ probe refuses a real authId (0.1039ms)
✔ probe refuses external trust and base hosts or non-fictional audience (0.4052ms)
✔ probe fetch guard refuses every request before original transport dispatch (0.7056ms)
✔ the built Vercel function renders / without a workspace import failure (234.2746ms)
✔ the built Vercel function renders /app without a workspace import failure (29.8707ms)
✔ the built Vercel function renders /auth/callback without a workspace import failure (32.2051ms)
✔ Vercel exposes only the app and binds its API call to the internal API service (8.4971ms)
✔ the app proxy forwards the bearer and original API path to the bound service (162.0823ms)
✔ the app proxy fails closed when the binding is absent (5.0767ms)
✔ the app proxy streams writes and preserves API conflicts without forwarding cookies (2.7391ms)
✔ FastAPI redirects stay on the public app path (1.9427ms)
✔ test_internal_headers_forward_only_on_allowlisted_paths (79.5556ms)
ℹ tests 308
ℹ suites 0
ℹ pass 308
ℹ fail 0
ℹ cancelled 0
ℹ skipped 0
ℹ todo 0
ℹ duration_ms 466803.7974
