TAP version 13
# Subtest: all SDK/browser/CLI physical hops are durably reserved before the backend receives them
ok 1 - all SDK/browser/CLI physical hops are durably reserved before the backend receives them
  ---
  duration_ms: 319.3831
  type: 'test'
  ...
# Subtest: an unowned server, real target or unknown caller/path is refused before dispatch
ok 2 - an unowned server, real target or unknown caller/path is refused before dispatch
  ---
  duration_ms: 600.2711
  type: 'test'
  ...
# Subtest: redirects remain manual and each explicitly followed hop consumes another reservation
ok 3 - redirects remain manual and each explicitly followed hop consumes another reservation
  ---
  duration_ms: 101.399
  type: 'test'
  ...
# Subtest: a foreign redirect cannot cause an uncounted request
ok 4 - a foreign redirect cannot cause an uncounted request
  ---
  duration_ms: 61.305
  type: 'test'
  ...
# Subtest: commit with lost response is held across channel changes and journal restart
ok 5 - commit with lost response is held across channel changes and journal restart
  ---
  duration_ms: 139.2908
  type: 'test'
  ...
# Subtest: concurrent identical writes cannot dispatch twice
ok 6 - concurrent identical writes cannot dispatch twice
  ---
  duration_ms: 529.6826
  type: 'test'
  ...
# Subtest: the 180-check stop retains 20 cleanup/reconciliation reservations across restart
ok 7 - the 180-check stop retains 20 cleanup/reconciliation reservations across restart
  ---
  duration_ms: 48033.4111
  type: 'test'
  ...
# Subtest: TTL refuses new auth but allows exact cleanup readback after expiry
ok 8 - TTL refuses new auth but allows exact cleanup readback after expiry
  ---
  duration_ms: 462.9796
  type: 'test'
  ...
# Subtest: bodies and response bytes are bounded without returning or persisting secrets
ok 9 - bodies and response bytes are bounded without returning or persisting secrets
  ---
  duration_ms: 593.4843
  type: 'test'
  ...
# Subtest: receipt failure preserves pending reservation and fails closed after restart
ok 10 - receipt failure preserves pending reservation and fails closed after restart
  ---
  duration_ms: 755.1881
  type: 'test'
  ...
# Subtest: official pinned SDK token request crosses the same durable gateway once
ok 11 - official pinned SDK token request crosses the same durable gateway once
  ---
  duration_ms: 659.4417
  type: 'test'
  ...
# Subtest: fixed Node CLI helper uses the owned gateway and strips inherited credentials
ok 12 - fixed Node CLI helper uses the owned gateway and strips inherited credentials
  ---
  duration_ms: 1137.2668
  type: 'test'
  ...
# Subtest: cleanup verifies exact ownership and absence after each deletion in identity/auth/project order
ok 13 - cleanup verifies exact ownership and absence after each deletion in identity/auth/project order
  ---
  duration_ms: 5977.7775
  type: 'test'
  ...
# Subtest: unknown deletion never blindly retries; fresh absence lets restarted cleanup continue
ok 14 - unknown deletion never blindly retries; fresh absence lets restarted cleanup continue
  ---
  duration_ms: 7471.8725
  type: 'test'
  ...
# Subtest: unknown deletion still present blocks every later dependent deletion and retry
ok 15 - unknown deletion still present blocks every later dependent deletion and retry
  ---
  duration_ms: 3483.5353
  type: 'test'
  ...
# Subtest: mismatched provider readback prevents every deletion
ok 16 - mismatched provider readback prevents every deletion
  ---
  duration_ms: 698.3063
  type: 'test'
  ...
# Subtest: cleanup after TTL still counts every readback/deletion and never touches an unbound identity
ok 17 - cleanup after TTL still counts every readback/deletion and never touches an unbound identity
  ---
  duration_ms: 5090.2459
  type: 'test'
  ...
# Subtest: cleanup refuses an injected transport and a different journal even with matching-looking metadata
ok 18 - cleanup refuses an injected transport and a different journal even with matching-looking metadata
  ---
  duration_ms: 415.2354
  type: 'test'
  ...
# Subtest: wrong gateway nonce and cross-origin writes cannot consume provider budget
ok 19 - wrong gateway nonce and cross-origin writes cannot consume provider budget
  ---
  duration_ms: 343.865
  type: 'test'
  ...
# Subtest: expired or mismatched existence receipt blocks cleanup before any deletion
ok 20 - expired or mismatched existence receipt blocks cleanup before any deletion
  ---
  duration_ms: 1555.6103
  type: 'test'
  ...
# Subtest: CLI refuses an absent or unowned gateway before spawning a subprocess
ok 21 - CLI refuses an absent or unowned gateway before spawning a subprocess
  ---
  duration_ms: 0.44
  type: 'test'
  ...
1..21
# tests 21
# suites 0
# pass 21
# fail 0
# cancelled 0
# skipped 0
# todo 0
# duration_ms 80465.3624
