✔ checked-in API types match the current OpenAPI contract (6018.9308ms)
✔ TypeScript approval fingerprint matches v2-exact-context-crlf (4.6397ms)
✔ U05 request emits a scoped denial without changing its error or replaying (17.0894ms)
✔ U05 requestContent emits a scoped denial without changing its error or replaying (0.6188ms)
✔ U05 observer only requests membership checks for workspace-scoped 403/404 (1.7375ms)
✔ U05 an already aborted response cannot trigger a current access check (0.3877ms)
✔ U13 actual callback render during initializing is status, never configuration alert (7.9132ms)
✔ B02 confirmation is stable for row ordering but binds every material field (8.6113ms)
✔ B02 snapshot confirmation binds snapshot identity and normalized exclusions (0.301ms)
✔ B03 frozen payload preserves confirmed rows and trimmed audit reason (1.0224ms)
✔ B16 unknown assignment survives route remount and token renewal with the same key (1.072ms)
✔ B16 an unresolved assignment cannot be replaced with a materially different intent (0.2141ms)
✔ B15 pending body is immutable and retry/token renewal uses same frozen body/key (38.3518ms)
✔ B16 A-B-A keeps actor intent while stale response is cancelled; other actor/scope are independent (4.6224ms)
✔ B15 execution binds exact manifest/version/digest and retains key on unknown acceptance (2.9628ms)
✔ D03 Unicode code-point offsets retain emoji, CRLF, Chinese and unmodified text (2.6549ms)
✔ D03 split code-point ranges reclassify both pieces without destroying text (1.7714ms)
✔ D02 save has the required transition order (1.1775ms)
✔ D02 discard has the required transition order (0.124ms)
✔ D02 cancel has the required transition order (0.082ms)
✔ D02 rejected save 412 cannot proceed (0.4454ms)
✔ D02 rejected save 503 cannot proceed (0.1336ms)
✔ D02 clean transition does not prompt or write (0.1303ms)
✔ D02 asynchronous Save completes before proceeding (3.592ms)
✔ U15 project failed count and paged list preserve identical canonical filter (2.7676ms)
✔ U15 explicit workspace omits project, deep link retains selected scope and status (0.5479ms)
✔ U15 invalid URL status cannot introduce unsupported server filter; paging stays bounded (0.5387ms)
✔ U06 generated member operation carries literal search and bounded page query (1.7634ms)
✔ S06 generated eligible lookup and scope context reject foreign and A-B-A responses (1.1302ms)
✔ Q09 latest101 uses only head1/tail1 generated reads, never downloads all history (3.8228ms)
✔ Q09 empty and single ICP use one read; malformed/foreign pages fail closed (1.5812ms)
✔ Q09 concurrent appended history is unavailable rather than a falsely latest profile (0.3754ms)
✔ Q09 A-B-A rejects a late metadata response and token renewal alone keeps the context (0.7515ms)
✔ B05 token renewal and route remount retain lost-response key; double start shares work (10.3208ms)
✔ B06 full normalized payload and actor/scope define intent; generation and key order do not (0.5804ms)
✔ B05 A-B-A rejects late result but reuses durable key; explicit reset creates new intent (3.2924ms)
▶ every disposable-API Playwright configuration actually removes its owned container and marker
  ✔ playwright.admin.config.ts (3023.6885ms)
  ✔ playwright.approval.config.ts (2203.6007ms)
  ✔ playwright.audit-fixes.config.ts (1870.4045ms)
  ✔ playwright.bulk.config.ts (2152.7954ms)
  ✔ playwright.buyer-management.config.ts (2789.2357ms)
  ✔ playwright.buyer.config.ts (2614.424ms)
  ✔ playwright.config.ts (3304.3208ms)
  ✔ playwright.confirm.config.ts (2597.433ms)
  ✔ playwright.contact-job.config.ts (1824.6895ms)
  ✔ playwright.cors.config.ts (1956.2953ms)
  ✔ playwright.draft.config.ts (2723.2596ms)
  ✔ playwright.exports.config.ts (2082.6725ms)
  ✔ playwright.ingestion.config.ts (1896.2922ms)
  ✔ playwright.mvp-research.config.ts (2543.2609ms)
  ✔ playwright.mvp.config.ts (2704.3318ms)
  ✔ playwright.offer.config.ts (2046.0787ms)
  ✔ playwright.policy.config.ts (2366.6752ms)
  ✔ playwright.quote.config.ts (2703.128ms)
  ✔ playwright.run.config.ts (1941.5298ms)
  ✔ playwright.workbench.config.ts (2129.7198ms)
✔ every disposable-API Playwright configuration actually removes its owned container and marker (47521.6183ms)
✔ configured audit teardown also removes its labelled UI sentinel and marker (3823.9719ms)
✔ configured audit teardown refuses a UI container whose owner label differs (2825.7134ms)
✔ configured database teardown refuses an unrecognized marker without deleting it (253.0861ms)
✔ official project/auth requests bind exact resource, no credentials or deletion executor (47.6495ms)
✔ mismatched projectID refuses a cleanup plan (20.3546ms)
✔ mismatched owner refuses a cleanup plan (22.7641ms)
✔ mismatched conflicting-org refuses a cleanup plan (19.2175ms)
✔ mismatched region refuses a cleanup plan (21.6796ms)
✔ mismatched name refuses a cleanup plan (20.5178ms)
✔ mismatched project-time refuses a cleanup plan (19.7868ms)
✔ mismatched provider refuses a cleanup plan (27.1947ms)
✔ mismatched authID refuses a cleanup plan (18.5088ms)
✔ mismatched branch refuses a cleanup plan (15.5825ms)
✔ mismatched ownership refuses a cleanup plan (15.0787ms)
✔ mismatched JWKS refuses a cleanup plan (17.4243ms)
✔ mismatched baseURL refuses a cleanup plan (19.4411ms)
✔ mismatched auth-time refuses a cleanup plan (14.0391ms)
✔ HTTP 301 is not ownership or absence proof (12.4332ms)
✔ HTTP 401 is not ownership or absence proof (14.1171ms)
✔ HTTP 403 is not ownership or absence proof (12.9093ms)
✔ HTTP 404 is not ownership or absence proof (13.9764ms)
✔ HTTP 423 is not ownership or absence proof (13.4396ms)
✔ HTTP 429 is not ownership or absence proof (13.2543ms)
✔ HTTP 500 is not ownership or absence proof (15.5608ms)
✔ HTTP 503 is not ownership or absence proof (13.8993ms)
✔ stale readback refused (17.5778ms)
✔ future readback refused (13.4332ms)
✔ wrong-path readback refused (17.0841ms)
✔ foreign-origin readback refused (17.5321ms)
✔ query readback refused (16.6417ms)
✔ wrong-method readback refused (14.0377ms)
✔ credential-field readback refused (13.7914ms)
✔ a bound human identity blocks auth/project deletion; users_sync is not assumed Better Auth (19.3649ms)
✔ owned counted HTTP payloads decode official field names without claiming provider verification (91.4482ms)
✔ adapter contains no network, CLI or ambient credential execution path (0.5804ms)
✔ pending request keeps deletion descriptors blocked for reconciliation (22.2442ms)
✔ unknown request keeps deletion descriptors blocked for reconciliation (32.4791ms)
✔ cleanup preparation after TTL requires fresh readbacks and preserves expired target (21.314ms)
✔ an unbranded journal and malformed calendar timestamp cannot create descriptors (15.0024ms)
✔ N00 built fixture is isolated from playwright.audit-fixes.config.ts (2239.1875ms)
✔ N00 built fixture is isolated from playwright.audit-regression.config.ts (1292.9398ms)
✔ N00 dedicated config discovers all seven built-output cases (1038.3605ms)
✔ N00 counted config discovers the same seven cases with separate producer outputs (571.0276ms)
✔ all N00 output profiles stay isolated from playwright.audit-fixes.config.ts (854.7741ms)
✔ all N00 output profiles stay isolated from playwright.audit-regression.config.ts (778.0136ms)
✔ runtime flow config discovers all six actual-output cases including unknown sign-out (594.4626ms)
✔ N00 rejects a non-owned upstream: https://auth.neon.tech/neondb/auth (1.4838ms)
✔ N00 rejects a non-owned upstream: http://127.0.0.1.evil.test/auth (0.1586ms)
✔ N00 rejects a non-owned upstream: http://user:password@localhost:44891/auth (0.0857ms)
✔ N00 rejects a non-owned upstream: http://0.0.0.0:44891/auth (0.0641ms)
✔ N00 accepts the loopback fixture base path (0.1613ms)
✔ N00 source inventory rejects unsafe input: ../.env (0.2122ms)
✔ N00 source inventory rejects unsafe input: a/../../secret (0.1248ms)
✔ N00 source inventory rejects unsafe input: /secret (0.0629ms)
✔ N00 source inventory rejects unsafe input: C:/secret (0.0777ms)
✔ N00 source inventory rejects unsafe input: a/.env.production (0.1705ms)
✔ N00 source inventory rejects unsafe input: a\.env.local (0.1236ms)
✔ N00 source inventory rejects unsafe input: node_modules/secret (0.1012ms)
✔ N00 source inventory rejects unsafe input: test-results/secret (0.0857ms)
✔ N00 source inventory rejects unsafe input: app/../secret (0.1154ms)
✔ N00 source inventory accepts a source file (0.1188ms)
✔ N00 build includes BuyerOS frontend services and generated types (0.2151ms)
✔ N00 build excludes Python/services and historical evidence (0.078ms)
✔ N00 child env excludes inherited DB/Auth/provider variables (0.1303ms)
✔ N00 cache seed requires matching declared owner (0.2237ms)
✔ N00 emitted static assets stay within the output static directory (0.2284ms)
✔ N00 registers Vinext public fetch entry as the Nitro RSC service without changing production config (0.2614ms)
✔ N00 storage permits only canonical locale prefs and refuses tokens or credential fields (0.1836ms)
✔ proxy refuses arbitrary URLs, unowned servers and unbound journals before any request (33.2993ms)
✔ HTTP reservation is durable and pending before the owned backend receives the request (54.7682ms)
✔ SDK origin, session/challenge cookies and JWT headers survive relay without entering evidence (36.9078ms)
✔ approved local callback302 is preserved manually, and an external redirect is blocked (48.8508ms)
✔ committed POST with a lost response is not replayed after proxy and journal restart (57.8371ms)
✔ budget exhaustion refuses dispatch and keeps cleanup reserve after restart (931.9045ms)
✔ expired target and over-size body fail closed without dispatching upstream (33.6067ms)
✔ POST server500 retains an unknown write and timeout is bounded without automatic retry (107.3326ms)
✔ read-only fixture budget inspection exposes counts without auth traffic or credential data (18.002ms)
✔ concurrent identical fixture POSTs share the in-flight barrier before upstream acceptance is known (36.7251ms)
✔ fixture cleanup control requires the exact local owner nonce and never forwards to backend (14.6545ms)
✔ committed POST with a refused redirect stays unknown and is held after restart (57.1139ms)
✔ committed PUT with a refused redirect stays unknown and is held after restart (75.1191ms)
✔ committed PATCH with a refused redirect stays unknown and is held after restart (61.8277ms)
✔ committed DELETE with a refused redirect stays unknown and is held after restart (58.6385ms)
✔ a malformed redirect after POST acceptance preserves the write hold without retry (47.1751ms)
✔ unknown one-use GET /fixture/auth/callback/google cannot be replayed (45.8276ms)
✔ unknown one-use GET /fixture/auth/get-session cannot be replayed (40.2779ms)
✔ reordered verifier query and renewed bearer keep the same unresolved intent (36.8842ms)
✔ restart conservatively holds writes for an unresolved read without trusting receipt semantics (42.2477ms)
✔ restart cannot erase a hold through legacy or corrupt receipt metadata (42.7582ms)
✔ official pinned SDK social write sees unknown redirect once and retry is held (2818.9204ms)
✔ one-use /fixture/auth/get-session hold is bound to its verifier/state despite other query changes (47.1232ms)
✔ one-use /fixture/auth/callback/google hold is bound to its verifier/state despite other query changes (43.0858ms)
✔ all SDK/browser/CLI physical hops are durably reserved before the backend receives them (147.3384ms)
✔ an unowned server, real target or unknown caller/path is refused before dispatch (29.3711ms)
✔ redirects remain manual and each explicitly followed hop consumes another reservation (58.1022ms)
✔ a foreign redirect cannot cause an uncounted request (34.5987ms)
✔ commit with lost response is held across channel changes and journal restart (62.5679ms)
✔ concurrent identical writes cannot dispatch twice (65.0517ms)
✔ the 180-check stop retains 20 cleanup/reconciliation reservations across restart (3428.9014ms)
✔ TTL refuses new auth but allows exact cleanup readback after expiry (32.5718ms)
✔ bodies and response bytes are bounded without returning or persisting secrets (32.073ms)
✔ receipt failure preserves pending reservation and fails closed after restart (26.7269ms)
✔ official pinned SDK token request crosses the same durable gateway once (33.7099ms)
✔ fixed Node CLI helper uses the owned gateway and strips inherited credentials (124.7454ms)
✔ cleanup verifies exact ownership and absence after each deletion in identity/auth/project order (278.1458ms)
✔ unknown deletion never blindly retries; fresh absence lets restarted cleanup continue (462.4637ms)
✔ unknown deletion still present blocks every later dependent deletion and retry (177.2845ms)
✔ mismatched provider readback prevents every deletion (37.3088ms)
✔ cleanup after TTL still counts every readback/deletion and never touches an unbound identity (264.4174ms)
✔ cleanup refuses an injected transport and a different journal even with matching-looking metadata (36.2871ms)
✔ wrong gateway nonce and cross-origin writes cannot consume provider budget (37.2754ms)
✔ expired or mismatched existence receipt blocks cleanup before any deletion (64.6605ms)
✔ CLI refuses an absent or unowned gateway before spawning a subprocess (0.3175ms)
✔ native pinned SDK exact-id lookup reaches owned HTTP with a durable reconciliation reservation (131.5222ms)
✔ native SDK removal uses the twenty-request cleanup reserve after 180 auth checks (3241.7311ms)
✔ native SDK refuses a different identity before reserving or dispatching HTTP (52.1558ms)
✔ fresh ownership, exact identity and native SDK absence complete only the owned identity cleanup (342.2968ms)
✔ read-500 read cannot authorize removal or claim absence (211.7827ms)
✔ generic-404 read cannot authorize removal or claim absence (119.9207ms)
✔ foreign-id read cannot authorize removal or claim absence (129.5737ms)
✔ foreign-created read cannot authorize removal or claim absence (116.1944ms)
✔ malformed read cannot authorize removal or claim absence (169.2063ms)
✔ lingering removal response cannot claim confirmed absence (260.9784ms)
✔ bad-success removal response cannot claim confirmed absence (182.1459ms)
✔ post-delete-malformed removal response cannot claim confirmed absence (249.7298ms)
✔ committed removal with lost response is not replayed; restart confirms exact absence through the SDK (289.3359ms)
✔ unknown removal still present after restart retains hold and never resends (277.5653ms)
✔ an expired target may consume cleanup/reconciliation reserve but cannot send new auth checks (235.4014ms)
✔ admin authentication failure cannot be interpreted as an empty identity set (83.2589ms)
✔ gateway, journal and owner must all be the same branded owned context (51.831ms)
✔ changed project readback stops before native identity lookup (46.1257ms)
✔ no email linking, role writes, impersonation, create-user or unrestricted query enters the boundary (31.3526ms)
✔ durable receipts do not persist fixture session headers or identity payloads (178.0938ms)
✔ accepted remove without absence remains held on another attempt (253.0832ms)
✔ duplicate or extended query and body fields cannot broaden exact-id cleanup (31.5171ms)
✔ cleanup also stops at the hard total of two hundred physical requests (3452.2996ms)
✔ unknown identity removal stays held when only JSON whitespace or session headers change (60.0133ms)
✔ bridge forwards bearer once to exact owned diagnostic and returns subject without token (24.8222ms)
✔ missing owner config, external endpoint and different fingerprint refuse before HTTP (1.2914ms)
✔ foreign or missing Origin and invalid bearer refuse before HTTP (1.0281ms)
✔ API rejection stays 401 and unknown API result is not retried or exposed (1.5952ms)
✔ mismatched response ownership and malformed response fail closed (0.7937ms)
✔ network failure cannot expose exception data or trigger a retry (0.4187ms)
✔ browser receipt must match the rendered target and session subject, and cannot claim live verification (0.1889ms)
✔ real target requires observed exact identifiers and explicit Ed25519 trust (3.8277ms)
✔ template has null target and trust values and check denies it without a network call (64.055ms)
✔ real preflight denies production project (0.3349ms)
✔ real preflight denies existing Cloudflare preview (0.0996ms)
✔ real preflight denies different owner (0.1075ms)
✔ real preflight denies cloned data (0.1131ms)
✔ real preflight denies unmatched branch readback (0.1731ms)
✔ real preflight denies missing audience (0.1808ms)
✔ real preflight denies Auth0 RSA algorithm (0.3205ms)
✔ real preflight denies wrong key curve (0.2448ms)
✔ real preflight denies email enabled (0.1137ms)
✔ real preflight denies email registration (0.0969ms)
✔ real preflight denies email hook (0.0953ms)
✔ real preflight denies paid plan (0.0783ms)
✔ real preflight denies wildcard trusted domain (0.1083ms)
✔ real preflight denies unknown config or DSN (0.0644ms)
✔ real preflight denies credential URL (0.0766ms)
✔ real preflight denies loopback masquerading as real (0.0672ms)
✔ real preflight denies unreviewed JWKS host (0.0796ms)
✔ real preflight denies extended expiry (0.0742ms)
✔ real preflight denies future creation (0.07ms)
✔ expiry blocks new runtime configuration while exact cleanup remains available (25.8208ms)
✔ runtime secrets and explicit trust never enter build env or inherit DB/provider config (0.7919ms)
✔ journal cannot be created without an explicit authorization reference or overwrite an earlier run (7.2923ms)
✔ setup before target creation and failed requests consume the same persistent budget (45.436ms)
✔ lost response is reserved before execution, survives restart and cannot be blindly retried (38.3354ms)
✔ 180 probes reserve 20 cleanup/reconcile checks and hard cap is 200 including errors (1546.5149ms)
✔ target binding is immutable across process restarts and IDs cannot be repointed (29.1128ms)
✔ two build reservations are bounded to 20 minutes and remain consumed on restart (34.9013ms)
✔ cleanup needs fresh matching readback and may select only one bound test identity (31.3904ms)
✔ unknown outcomes and suspicious operation metadata do not leak bearer, query or credential data to journal (20.9377ms)
✔ a concurrent writer or corrupt journal fails closed without resetting counters (24.7126ms)
✔ ledger tampering with limits or target fingerprint fails before cleanup or a new reservation (20.3243ms)
✔ persisted settled results need evidence and probe reservations cannot exceed the original expiry (23.3447ms)
✔ build deadline cannot exceed resource TTL and persisted build sequence cannot be forged (25.5727ms)
✔ an actual terminated Node process leaves its reservation consumed and the next process sees it (252.3583ms)
✔ runtime env carries the validated complete manifest, and build env drops it with all trust/secrets (7.1462ms)
✔ explicit issuer is kept independent from Auth base URL and actual SDK cookie options are returned (1.4591ms)
✔ runtime missing N00_REAL_TARGET_JSON refuses SDK construction without fallback (1.1422ms)
✔ runtime missing N00_TARGET_FINGERPRINT refuses SDK construction without fallback (0.5771ms)
✔ runtime missing NEON_AUTH_BASE_URL refuses SDK construction without fallback (0.5899ms)
✔ runtime missing NEON_AUTH_COOKIE_SECRET refuses SDK construction without fallback (1.0105ms)
✔ runtime missing N00_AUTH_ISSUER refuses SDK construction without fallback (0.6182ms)
✔ runtime missing N00_AUTH_AUDIENCE refuses SDK construction without fallback (0.6043ms)
✔ runtime missing N00_AUTH_JWKS_URL refuses SDK construction without fallback (1.8284ms)
✔ runtime missing N00_AUTH_ALGORITHM refuses SDK construction without fallback (1.3043ms)
✔ runtime drift NEON_AUTH_BASE_URL refuses initialization (1.715ms)
✔ runtime drift N00_AUTH_ISSUER refuses initialization (0.8966ms)
✔ runtime drift N00_AUTH_AUDIENCE refuses initialization (1.6934ms)
✔ runtime drift N00_AUTH_JWKS_URL refuses initialization (0.985ms)
✔ runtime drift N00_AUTH_ALGORITHM refuses initialization (0.4872ms)
✔ runtime drift N00_TARGET_FINGERPRINT refuses initialization (0.865ms)
✔ malformed manifest error cannot echo secret or input data (1.5404ms)
✔ oversize manifest refuses parsing rather than consuming an unbounded runtime input (0.5891ms)
✔ runtime reuses full target validation and rejects production IDs (1.3286ms)
✔ module/runtime creation consumes no env or SDK initialization at build time (0.1916ms)
✔ request initialization revalidates but caches one SDK instance for exact same context (2.684ms)
✔ cached SDK cannot bypass the two-hour target expiry (1.0215ms)
✔ changed target cannot reuse or silently replace an already bound SDK context (2.509ms)
✔ changed cookie secret requires a new owned runtime rather than silent context replacement (0.8182ms)
✔ fresher matching readback does not change the bound target/SDK intent (0.8427ms)
✔ SDK constructor errors are redacted and cannot disclose runtime cookie secret (0.5086ms)
✔ runtime description contains only target/trust context and no cookie secret (0.5209ms)
✔ returned runtime config cannot be mutated to change the validated SDK/trust tuple (0.4822ms)
✔ separate build-environment Node process imports the runtime module without secret/init (84.123ms)
✔ runtime consumer independently refuses an invalid cookie secret (0.716ms)
✔ owned cleanup removes private configuration and keeps marker through a transient state failure (20.1788ms)
✔ cleanup rejects a mismatched owner before deleting configuration (4.4591ms)
✔ cleanup refuses an unreviewed entry before deleting owned configuration (4.4341ms)
✔ cleanup deadline retains the owner while private configuration is removed (10.6818ms)
✔ cleanup propagates non-transient IO errors without deleting ownership (6.6303ms)
✔ cleanup rejects a root symlink and preserves its target (3.9118ms)
✔ runtime flow builds in a fresh area with shared strict runtime and separate diagnostic/fixture overlays (1.5816ms)
✔ allowed SDK session/token/JWKS calls preserve method/body/cookies through the counted loopback URL (23.1929ms)
✔ fixture transport supports Request inputs without leaking a new endpoint (5.3846ms)
✔ foreign origin, credentials, encoded path, unknown endpoint and loopback bypass never dispatch (0.8184ms)
✔ transport cannot be installed for real targets or rebound to different fictional context (0.2537ms)
✔ unknown upstream response is surfaced once without retry (0.6251ms)
✔ SDK POST redirect is returned to the caller and is never automatically followed (0.4945ms)
✔ owned diagnostic is the only additional loopback transport and requires its exact private owner nonce (1.4194ms)
✔ compatibility profile retains original output and source overlay (1.2225ms)
✔ runtime profile has distinct output and real-only plus probe scaffolding (0.1452ms)
✔ build profile refuses custom paths and unreviewed profiles (0.3379ms)
✔ Nitro runtime profile selects only its reviewed service entry (0.2555ms)
✔ probe target accepts only explicit fictional IDs/hosts/audience (0.2727ms)
✔ probe refuses a real projectId (0.1104ms)
✔ probe refuses a real branchId (0.0741ms)
✔ probe refuses a real authId (0.06ms)
✔ probe refuses external trust and base hosts or non-fictional audience (0.2669ms)
✔ probe fetch guard refuses every request before original transport dispatch (0.4613ms)
✔ the built Vercel function renders / without a workspace import failure (133.507ms)
✔ the built Vercel function renders /app without a workspace import failure (10.165ms)
✔ the built Vercel function renders /auth/callback without a workspace import failure (12.1592ms)
✔ Vercel exposes only the app and binds its API call to the internal API service (2.9232ms)
✔ the app proxy forwards the bearer and original API path to the bound service (75.0127ms)
✔ the app proxy fails closed when the binding is absent (2.2647ms)
✔ the app proxy streams writes and preserves API conflicts without forwarding cookies (2.1169ms)
✔ FastAPI redirects stay on the public app path (1.7713ms)
✔ test_internal_headers_forward_only_on_allowlisted_paths (41.6956ms)
ℹ tests 300
ℹ suites 0
ℹ pass 300
ℹ fail 0
ℹ cancelled 0
ℹ skipped 0
ℹ todo 0
ℹ duration_ms 100374.5609
