✔ checked-in API types match the current OpenAPI contract (10562.585ms)
✔ TypeScript approval fingerprint matches v2-exact-context-crlf (19.4699ms)
✔ U05 request emits a scoped denial without changing its error or replaying (132.1887ms)
✔ U05 requestContent emits a scoped denial without changing its error or replaying (3.0857ms)
✔ U05 observer only requests membership checks for workspace-scoped 403/404 (6.8392ms)
✔ U05 an already aborted response cannot trigger a current access check (0.6698ms)
✔ U13 actual callback render during initializing is status, never configuration alert (12.0761ms)
✔ B02 confirmation is stable for row ordering but binds every material field (42.2957ms)
✔ B02 snapshot confirmation binds snapshot identity and normalized exclusions (7.2399ms)
✔ B03 frozen payload preserves confirmed rows and trimmed audit reason (37.0005ms)
✔ B16 unknown assignment survives route remount and token renewal with the same key (18.631ms)
✔ B16 an unresolved assignment cannot be replaced with a materially different intent (0.6342ms)
✔ B15 pending body is immutable and retry/token renewal uses same frozen body/key (48.8905ms)
✔ B16 A-B-A keeps actor intent while stale response is cancelled; other actor/scope are independent (17.6572ms)
✔ B15 execution binds exact manifest/version/digest and retains key on unknown acceptance (3.1889ms)
✔ D03 Unicode code-point offsets retain emoji, CRLF, Chinese and unmodified text (1.655ms)
✔ D03 split code-point ranges reclassify both pieces without destroying text (1.4392ms)
✔ D02 save has the required transition order (1.9377ms)
✔ D02 discard has the required transition order (0.1779ms)
✔ D02 cancel has the required transition order (0.1388ms)
✔ D02 rejected save 412 cannot proceed (0.6633ms)
✔ D02 rejected save 503 cannot proceed (0.2374ms)
✔ D02 clean transition does not prompt or write (0.2226ms)
✔ D02 asynchronous Save completes before proceeding (4.7986ms)
✔ U15 project failed count and paged list preserve identical canonical filter (2.1594ms)
✔ U15 explicit workspace omits project, deep link retains selected scope and status (0.6656ms)
✔ U15 invalid URL status cannot introduce unsupported server filter; paging stays bounded (0.5084ms)
✔ U06 generated member operation carries literal search and bounded page query (6.1069ms)
✔ S06 generated eligible lookup and scope context reject foreign and A-B-A responses (7.5734ms)
✔ Q09 latest101 uses only head1/tail1 generated reads, never downloads all history (5.5337ms)
✔ Q09 empty and single ICP use one read; malformed/foreign pages fail closed (3.8511ms)
✔ Q09 concurrent appended history is unavailable rather than a falsely latest profile (1.2324ms)
✔ Q09 A-B-A rejects a late metadata response and token renewal alone keeps the context (1.5163ms)
✔ B05 token renewal and route remount retain lost-response key; double start shares work (30.3885ms)
✔ B06 full normalized payload and actor/scope define intent; generation and key order do not (11.0843ms)
✔ B05 A-B-A rejects late result but reuses durable key; explicit reset creates new intent (4.9186ms)
▶ every disposable-API Playwright configuration actually removes its owned container and marker
  ✔ playwright.admin.config.ts (11914.3345ms)
  ✔ playwright.approval.config.ts (10003.7002ms)
  ✔ playwright.audit-fixes.config.ts (9184.9744ms)
  ✔ playwright.bulk.config.ts (6687.2913ms)
  ✔ playwright.buyer-management.config.ts (14220.6972ms)
  ✔ playwright.buyer.config.ts (22320.5693ms)
  ✔ playwright.config.ts (9193.7689ms)
  ✔ playwright.confirm.config.ts (6807.46ms)
  ✔ playwright.contact-job.config.ts (8063.4933ms)
  ✔ playwright.cors.config.ts (6935.0936ms)
  ✔ playwright.draft.config.ts (4883.1964ms)
  ✔ playwright.exports.config.ts (5633.8588ms)
  ✔ playwright.ingestion.config.ts (5542.7831ms)
  ✔ playwright.mvp-research.config.ts (5588.9969ms)
  ✔ playwright.mvp.config.ts (4773.9378ms)
  ✔ playwright.offer.config.ts (4044.8121ms)
  ✔ playwright.policy.config.ts (4748.1671ms)
  ✔ playwright.quote.config.ts (5612.6649ms)
  ✔ playwright.run.config.ts (8851.8116ms)
  ✔ playwright.workbench.config.ts (11765.8415ms)
✔ every disposable-API Playwright configuration actually removes its owned container and marker (167005.1536ms)
✔ configured audit teardown also removes its labelled UI sentinel and marker (9517.3475ms)
✔ configured audit teardown refuses a UI container whose owner label differs (6048.5715ms)
✔ configured database teardown refuses an unrecognized marker without deleting it (355.2701ms)
✔ API request context persists each manual auth hop before HTTP and forwards only explicit in-memory headers (265.1767ms)
✔ API context backend unknown intent stays held across fresh context and journal with renewed bearer (115.3712ms)
✔ lost gateway response never autoretries an accepted write and restart retains the hold (133.3035ms)
✔ unexpected gateway wire redirect cannot leak owner nonce to a foreign owned sink (407.1005ms)
✔ unowned gateway, foreign journal, bad nonce and injected raw context are refused before HTTP (64.7341ms)
✔ invalid, administrative and oversized requests are refused before even the gateway wire (70.3996ms)
✔ API context keeps the original auth budget and cleanup reserve intact (6699.2566ms)
✔ disposed or rebound owned gateway cannot be silently adopted by an old API context (39.6245ms)
✔ gateway ownership changing during body rejects the stale receipt (76.0308ms)
✔ gateway ownership changing during dispose rejects the stale receipt (69.87ms)
✔ official project/auth requests bind exact resource, no credentials or deletion executor (89.2849ms)
✔ mismatched projectID refuses a cleanup plan (42.22ms)
✔ mismatched owner refuses a cleanup plan (24.4959ms)
✔ mismatched conflicting-org refuses a cleanup plan (24.0141ms)
✔ mismatched region refuses a cleanup plan (23.6661ms)
✔ mismatched name refuses a cleanup plan (26.7676ms)
✔ mismatched project-time refuses a cleanup plan (21.8318ms)
✔ mismatched provider refuses a cleanup plan (20.8717ms)
✔ mismatched authID refuses a cleanup plan (25.5161ms)
✔ mismatched branch refuses a cleanup plan (23.6291ms)
✔ mismatched ownership refuses a cleanup plan (28.1535ms)
✔ mismatched JWKS refuses a cleanup plan (21.634ms)
✔ mismatched baseURL refuses a cleanup plan (23.3137ms)
✔ mismatched auth-time refuses a cleanup plan (25.2632ms)
✔ HTTP 301 is not ownership or absence proof (23.8059ms)
✔ HTTP 401 is not ownership or absence proof (25.1243ms)
✔ HTTP 403 is not ownership or absence proof (18.2912ms)
✔ HTTP 404 is not ownership or absence proof (18.7064ms)
✔ HTTP 423 is not ownership or absence proof (18.6799ms)
✔ HTTP 429 is not ownership or absence proof (17.8343ms)
✔ HTTP 500 is not ownership or absence proof (18.8484ms)
✔ HTTP 503 is not ownership or absence proof (18.9015ms)
✔ stale readback refused (17.09ms)
✔ future readback refused (17.7834ms)
✔ wrong-path readback refused (19.2378ms)
✔ foreign-origin readback refused (17.6015ms)
✔ query readback refused (18.4575ms)
✔ wrong-method readback refused (19.3273ms)
✔ credential-field readback refused (18.0367ms)
✔ a bound human identity blocks auth/project deletion; users_sync is not assumed Better Auth (26.0108ms)
✔ owned counted HTTP payloads decode official field names without claiming provider verification (126.2225ms)
✔ adapter contains no network, CLI or ambient credential execution path (8.978ms)
✔ pending request keeps deletion descriptors blocked for reconciliation (27.5474ms)
✔ unknown request keeps deletion descriptors blocked for reconciliation (33.4905ms)
✔ cleanup preparation after TTL requires fresh readbacks and preserves expired target (19.7289ms)
✔ an unbranded journal and malformed calendar timestamp cannot create descriptors (17.041ms)
✔ N00 built fixture is isolated from playwright.audit-fixes.config.ts (3725.0158ms)
✔ N00 built fixture is isolated from playwright.audit-regression.config.ts (1952.7169ms)
✔ N00 dedicated config discovers all seven built-output cases (1503.6213ms)
✔ N00 counted config discovers the same seven cases with separate producer outputs (1834.1932ms)
✔ all N00 output profiles stay isolated from playwright.audit-fixes.config.ts (3131.6272ms)
✔ all N00 output profiles stay isolated from playwright.audit-regression.config.ts (2387.6181ms)
✔ runtime flow config discovers all six actual-output cases including unknown sign-out (2523.4756ms)
✔ execution config discovers all six cases including counted APIRequestContext (8325.3165ms)
✔ N00 rejects a non-owned upstream: https://auth.neon.tech/neondb/auth (2.2724ms)
✔ N00 rejects a non-owned upstream: http://127.0.0.1.evil.test/auth (0.1841ms)
✔ N00 rejects a non-owned upstream: http://user:password@localhost:44891/auth (0.1202ms)
✔ N00 rejects a non-owned upstream: http://0.0.0.0:44891/auth (0.102ms)
✔ N00 accepts the loopback fixture base path (0.256ms)
✔ N00 source inventory rejects unsafe input: ../.env (0.2847ms)
✔ N00 source inventory rejects unsafe input: a/../../secret (0.1648ms)
✔ N00 source inventory rejects unsafe input: /secret (0.0918ms)
✔ N00 source inventory rejects unsafe input: C:/secret (0.1412ms)
✔ N00 source inventory rejects unsafe input: a/.env.production (0.3403ms)
✔ N00 source inventory rejects unsafe input: a\.env.local (0.4454ms)
✔ N00 source inventory rejects unsafe input: node_modules/secret (0.1155ms)
✔ N00 source inventory rejects unsafe input: test-results/secret (0.0826ms)
✔ N00 source inventory rejects unsafe input: app/../secret (0.1217ms)
✔ N00 source inventory accepts a source file (0.134ms)
✔ N00 build includes BuyerOS frontend services and generated types (0.8615ms)
✔ N00 build excludes Python/services and historical evidence (0.1604ms)
✔ N00 child env excludes inherited DB/Auth/provider variables (0.2149ms)
✔ N00 cache seed requires matching declared owner (0.3657ms)
✔ N00 emitted static assets stay within the output static directory (0.3483ms)
✔ N00 registers Vinext public fetch entry as the Nitro RSC service without changing production config (0.3942ms)
✔ N00 storage permits only canonical locale prefs and refuses tokens or credential fields (0.3812ms)
✔ proxy refuses arbitrary URLs, unowned servers and unbound journals before any request (87.606ms)
✔ HTTP reservation is durable and pending before the owned backend receives the request (108.5408ms)
✔ SDK origin, session/challenge cookies and JWT headers survive relay without entering evidence (79.3751ms)
✔ approved local callback302 is preserved manually, and an external redirect is blocked (124.1739ms)
✔ committed POST with a lost response is not replayed after proxy and journal restart (132.18ms)
✔ budget exhaustion refuses dispatch and keeps cleanup reserve after restart (7946.0264ms)
✔ expired target and over-size body fail closed without dispatching upstream (2441.5794ms)
✔ POST server500 retains an unknown write and timeout is bounded without automatic retry (1194.5851ms)
✔ read-only fixture budget inspection exposes counts without auth traffic or credential data (398.3921ms)
✔ concurrent identical fixture POSTs share the in-flight barrier before upstream acceptance is known (1237.729ms)
✔ fixture cleanup control requires the exact local owner nonce and never forwards to backend (507.172ms)
✔ committed POST with a refused redirect stays unknown and is held after restart (1649.4075ms)
✔ committed PUT with a refused redirect stays unknown and is held after restart (1911.3549ms)
✔ committed PATCH with a refused redirect stays unknown and is held after restart (2199.6091ms)
✔ committed DELETE with a refused redirect stays unknown and is held after restart (583.0018ms)
✔ a malformed redirect after POST acceptance preserves the write hold without retry (376.5832ms)
✔ unknown one-use GET /fixture/auth/callback/google cannot be replayed (277.5723ms)
✔ unknown one-use GET /fixture/auth/get-session cannot be replayed (817.9875ms)
✔ reordered verifier query and renewed bearer keep the same unresolved intent (1110.774ms)
✔ restart conservatively holds writes for an unresolved read without trusting receipt semantics (778.4238ms)
✔ restart cannot erase a hold through legacy or corrupt receipt metadata (688.3185ms)
✔ official pinned SDK social write sees unknown redirect once and retry is held (6510.5264ms)
✔ one-use /fixture/auth/get-session hold is bound to its verifier/state despite other query changes (277.1962ms)
✔ one-use /fixture/auth/callback/google hold is bound to its verifier/state despite other query changes (132.4894ms)
✔ all SDK/browser/CLI physical hops are durably reserved before the backend receives them (338.7233ms)
✔ an unowned server, real target or unknown caller/path is refused before dispatch (36.8585ms)
✔ redirects remain manual and each explicitly followed hop consumes another reservation (92.3695ms)
✔ a foreign redirect cannot cause an uncounted request (49.4329ms)
✔ commit with lost response is held across channel changes and journal restart (78.2703ms)
✔ concurrent identical writes cannot dispatch twice (75.4396ms)
✔ the 180-check stop retains 20 cleanup/reconciliation reservations across restart (4949.3424ms)
✔ TTL refuses new auth but allows exact cleanup readback after expiry (56.5391ms)
✔ bodies and response bytes are bounded without returning or persisting secrets (63.424ms)
✔ receipt failure preserves pending reservation and fails closed after restart (45.7471ms)
✔ official pinned SDK token request crosses the same durable gateway once (131.7321ms)
✔ fixed Node CLI helper uses the owned gateway and strips inherited credentials (1558.5163ms)
✔ cleanup verifies exact ownership and absence after each deletion in identity/auth/project order (928.5569ms)
✔ unknown deletion never blindly retries; fresh absence lets restarted cleanup continue (985.2329ms)
✔ unknown deletion still present blocks every later dependent deletion and retry (302.5286ms)
✔ mismatched provider readback prevents every deletion (58.8208ms)
✔ cleanup after TTL still counts every readback/deletion and never touches an unbound identity (382.0813ms)
✔ cleanup refuses an injected transport and a different journal even with matching-looking metadata (36.3589ms)
✔ wrong gateway nonce and cross-origin writes cannot consume provider budget (42.9712ms)
✔ expired or mismatched existence receipt blocks cleanup before any deletion (85.2476ms)
✔ CLI refuses an absent or unowned gateway before spawning a subprocess (0.5486ms)
✔ native pinned SDK exact-id lookup reaches owned HTTP with a durable reconciliation reservation (240.9044ms)
✔ native SDK removal uses the twenty-request cleanup reserve after 180 auth checks (5540.7105ms)
✔ native SDK refuses a different identity before reserving or dispatching HTTP (134.0894ms)
✔ fresh ownership, exact identity and native SDK absence complete only the owned identity cleanup (305.0676ms)
✔ read-500 read cannot authorize removal or claim absence (100.9963ms)
✔ generic-404 read cannot authorize removal or claim absence (110.5553ms)
✔ foreign-id read cannot authorize removal or claim absence (191.9419ms)
✔ foreign-created read cannot authorize removal or claim absence (160.2204ms)
✔ malformed read cannot authorize removal or claim absence (1450.0153ms)
✔ lingering removal response cannot claim confirmed absence (704.3206ms)
✔ bad-success removal response cannot claim confirmed absence (233.0666ms)
✔ post-delete-malformed removal response cannot claim confirmed absence (184.5544ms)
✔ committed removal with lost response is not replayed; restart confirms exact absence through the SDK (275.1631ms)
✔ unknown removal still present after restart retains hold and never resends (235.2602ms)
✔ an expired target may consume cleanup/reconciliation reserve but cannot send new auth checks (227.6674ms)
✔ admin authentication failure cannot be interpreted as an empty identity set (189.048ms)
✔ gateway, journal and owner must all be the same branded owned context (71.051ms)
✔ changed project readback stops before native identity lookup (66.9761ms)
✔ no email linking, role writes, impersonation, create-user or unrestricted query enters the boundary (35.2848ms)
✔ durable receipts do not persist fixture session headers or identity payloads (323.598ms)
✔ accepted remove without absence remains held on another attempt (328.6468ms)
✔ duplicate or extended query and body fields cannot broaden exact-id cleanup (88.9136ms)
✔ cleanup also stops at the hard total of two hundred physical requests (5089.6274ms)
✔ unknown identity removal stays held when only JSON whitespace or session headers change (83.243ms)
✔ native worker IPC reserves before physical auth and unknown intent stays held after a new container/journal (106338.3848ms)
✔ native runner rejects injected dispatch owner and foreign journal before any Docker resources (168.6543ms)
✔ isolated native worker cannot bypass IPC through raw HTTP, fetch, TCP or a subprocess (69098.9361ms)
ℹ {"fixture_only":true,"positive_control":{"http_requests":3,"native_tcp_connected":true},"direct_http_requests":0,"probes":{"http_connected":false,"fetch_connected":false,"tcp_connected":false,"subprocess_connected":false},"worker_policy":{"network":"none","read_only":true,"user":"node","cap_drop":["ALL"],"pids_limit":64,"memory":134217728,"nano_cpus":1000000000,"published_ports":0,"mounts":0,"environment_names":["BUYEROS_STRICT_INTEGRATION","PATH","NODE_VERSION","YARN_VERSION"]},"cleanup":{"complete":true,"containers_absent":["d867bf27414bb013da720dd36cc1eb1f29443389b1231c32fcb638a3f56d6327","bf91b9b0280571168be7d56071ac138d64aebdc040d675e1f6d4faa7a1098ce5","e5aa6100592d5025f1597a4330ce2cb5aad22320c260628317e925d26b73c6e7"],"network_absent":true,"fixture_only":true,"inspect_retries":0}}
✔ N00 streamed body crossing target TTL cannot dispatch a previously reserved auth request (152.3526ms)
✔ N00 continuous body trickle cannot extend the ingress deadline or reach the auth backend (181.4044ms)
✔ N00 timely streamed body retains exact bytes and one durable native HTTP hop (125.9333ms)
✔ N00 a physical write exceeding remaining TTL stays unknown and cannot replay after restart (279.7457ms)
✔ bridge forwards bearer once to exact owned diagnostic and returns subject without token (37.2866ms)
✔ missing owner config, external endpoint and different fingerprint refuse before HTTP (1.7836ms)
✔ foreign or missing Origin and invalid bearer refuse before HTTP (1.4359ms)
✔ API rejection stays 401 and unknown API result is not retried or exposed (1.9262ms)
✔ mismatched response ownership and malformed response fail closed (1.74ms)
✔ network failure cannot expose exception data or trigger a retry (1.8875ms)
✔ browser receipt must match the rendered target and session subject, and cannot claim live verification (0.5134ms)
✔ real target requires observed exact identifiers and explicit Ed25519 trust (6.1499ms)
✔ template has null target and trust values and check denies it without a network call (1004.9529ms)
✔ real preflight denies production project (0.4293ms)
✔ real preflight denies existing Cloudflare preview (0.1461ms)
✔ real preflight denies different owner (0.2937ms)
✔ real preflight denies cloned data (0.1952ms)
✔ real preflight denies unmatched branch readback (0.2823ms)
✔ real preflight denies missing audience (0.2969ms)
✔ real preflight denies Auth0 RSA algorithm (0.2903ms)
✔ real preflight denies wrong key curve (0.3527ms)
✔ real preflight denies email enabled (0.2206ms)
✔ real preflight denies email registration (0.1906ms)
✔ real preflight denies email hook (0.1726ms)
✔ real preflight denies paid plan (0.2871ms)
✔ real preflight denies wildcard trusted domain (0.3792ms)
✔ real preflight denies unknown config or DSN (0.495ms)
✔ real preflight denies credential URL (0.2444ms)
✔ real preflight denies loopback masquerading as real (0.1483ms)
✔ real preflight denies unreviewed JWKS host (0.1712ms)
✔ real preflight denies extended expiry (0.1734ms)
✔ real preflight denies future creation (0.1667ms)
✔ expiry blocks new runtime configuration while exact cleanup remains available (31.4407ms)
✔ runtime secrets and explicit trust never enter build env or inherit DB/provider config (1.3367ms)
✔ journal cannot be created without an explicit authorization reference or overwrite an earlier run (9.3607ms)
✔ setup before target creation and failed requests consume the same persistent budget (51.7103ms)
✔ lost response is reserved before execution, survives restart and cannot be blindly retried (34.7347ms)
✔ 180 probes reserve 20 cleanup/reconcile checks and hard cap is 200 including errors (5902.3962ms)
✔ target binding is immutable across process restarts and IDs cannot be repointed (33.9668ms)
✔ two build reservations are bounded to 20 minutes and remain consumed on restart (58.526ms)
✔ cleanup needs fresh matching readback and may select only one bound test identity (41.1801ms)
✔ unknown outcomes and suspicious operation metadata do not leak bearer, query or credential data to journal (37.6946ms)
✔ a concurrent writer or corrupt journal fails closed without resetting counters (56.2542ms)
✔ ledger tampering with limits or target fingerprint fails before cleanup or a new reservation (63.2099ms)
✔ persisted settled results need evidence and probe reservations cannot exceed the original expiry (43.3979ms)
✔ build deadline cannot exceed resource TTL and persisted build sequence cannot be forged (44.4612ms)
✔ an actual terminated Node process leaves its reservation consumed and the next process sees it (981.1884ms)
✔ runtime env carries the validated complete manifest, and build env drops it with all trust/secrets (5.6264ms)
✔ explicit issuer is kept independent from Auth base URL and actual SDK cookie options are returned (1.1162ms)
✔ runtime missing N00_REAL_TARGET_JSON refuses SDK construction without fallback (1.0891ms)
✔ runtime missing N00_TARGET_FINGERPRINT refuses SDK construction without fallback (0.4728ms)
✔ runtime missing NEON_AUTH_BASE_URL refuses SDK construction without fallback (0.3845ms)
✔ runtime missing NEON_AUTH_COOKIE_SECRET refuses SDK construction without fallback (7.051ms)
✔ runtime missing N00_AUTH_ISSUER refuses SDK construction without fallback (18.5743ms)
✔ runtime missing N00_AUTH_AUDIENCE refuses SDK construction without fallback (7.5627ms)
✔ runtime missing N00_AUTH_JWKS_URL refuses SDK construction without fallback (0.5434ms)
✔ runtime missing N00_AUTH_ALGORITHM refuses SDK construction without fallback (0.6794ms)
✔ runtime drift NEON_AUTH_BASE_URL refuses initialization (4.0974ms)
✔ runtime drift N00_AUTH_ISSUER refuses initialization (1.6523ms)
✔ runtime drift N00_AUTH_AUDIENCE refuses initialization (18.7843ms)
✔ runtime drift N00_AUTH_JWKS_URL refuses initialization (0.5343ms)
✔ runtime drift N00_AUTH_ALGORITHM refuses initialization (0.505ms)
✔ runtime drift N00_TARGET_FINGERPRINT refuses initialization (0.4837ms)
✔ malformed manifest error cannot echo secret or input data (0.5483ms)
✔ oversize manifest refuses parsing rather than consuming an unbounded runtime input (0.5756ms)
✔ runtime reuses full target validation and rejects production IDs (0.4271ms)
✔ module/runtime creation consumes no env or SDK initialization at build time (0.1206ms)
✔ request initialization revalidates but caches one SDK instance for exact same context (1.2549ms)
✔ cached SDK cannot bypass the two-hour target expiry (0.6733ms)
✔ changed target cannot reuse or silently replace an already bound SDK context (3.3606ms)
✔ changed cookie secret requires a new owned runtime rather than silent context replacement (1.3889ms)
✔ fresher matching readback does not change the bound target/SDK intent (0.9066ms)
✔ SDK constructor errors are redacted and cannot disclose runtime cookie secret (0.5759ms)
✔ runtime description contains only target/trust context and no cookie secret (1.0478ms)
✔ returned runtime config cannot be mutated to change the validated SDK/trust tuple (0.477ms)
✔ separate build-environment Node process imports the runtime module without secret/init (322.8337ms)
✔ runtime consumer independently refuses an invalid cookie secret (0.8033ms)
✔ owned cleanup removes private configuration and keeps marker through a transient state failure (36.7792ms)
✔ cleanup rejects a mismatched owner before deleting configuration (8.1188ms)
✔ cleanup refuses an unreviewed entry before deleting owned configuration (16.6809ms)
✔ cleanup deadline retains the owner while private configuration is removed (17.1162ms)
✔ cleanup propagates non-transient IO errors without deleting ownership (5.7116ms)
✔ cleanup rejects a root symlink and preserves its target (3.5599ms)
✔ runtime flow builds in a fresh area with shared strict runtime and separate diagnostic/fixture overlays (1.9525ms)
✔ allowed SDK session/token/JWKS calls preserve method/body/cookies through the counted loopback URL (42.5776ms)
✔ fixture transport supports Request inputs without leaking a new endpoint (9.0869ms)
✔ foreign origin, credentials, encoded path, unknown endpoint and loopback bypass never dispatch (1.6045ms)
✔ transport cannot be installed for real targets or rebound to different fictional context (0.5119ms)
✔ unknown upstream response is surfaced once without retry (0.6334ms)
✔ SDK POST redirect is returned to the caller and is never automatically followed (1.0548ms)
✔ owned diagnostic is the only additional loopback transport and requires its exact private owner nonce (1.9665ms)
✔ compatibility profile retains original output and source overlay (2.4064ms)
✔ runtime profile has distinct output and real-only plus probe scaffolding (0.3635ms)
✔ build profile refuses custom paths and unreviewed profiles (0.6005ms)
✔ Nitro runtime profile selects only its reviewed service entry (0.4181ms)
✔ probe target accepts only explicit fictional IDs/hosts/audience (1.2867ms)
✔ probe refuses a real projectId (0.2344ms)
✔ probe refuses a real branchId (0.3066ms)
✔ probe refuses a real authId (0.1439ms)
✔ probe refuses external trust and base hosts or non-fictional audience (0.5799ms)
✔ probe fetch guard refuses every request before original transport dispatch (0.8852ms)
✔ the built Vercel function renders / without a workspace import failure (219.0745ms)
✔ the built Vercel function renders /app without a workspace import failure (19.4849ms)
✔ the built Vercel function renders /auth/callback without a workspace import failure (26.9538ms)
✔ Vercel exposes only the app and binds its API call to the internal API service (10.5278ms)
✔ the app proxy forwards the bearer and original API path to the bound service (205.4329ms)
✔ the app proxy fails closed when the binding is absent (2.1228ms)
✔ the app proxy streams writes and preserves API conflicts without forwarding cookies (2.9595ms)
✔ FastAPI redirects stay on the public app path (3.9589ms)
✔ test_internal_headers_forward_only_on_allowlisted_paths (80.9079ms)
ℹ tests 318
ℹ suites 0
ℹ pass 318
ℹ fail 0
ℹ cancelled 0
ℹ skipped 0
ℹ todo 0
ℹ duration_ms 519306.7825
