✔ checked-in API types match the current OpenAPI contract (9459.4581ms)
✔ U13 actual callback render during initializing is status, never configuration alert (10.0077ms)
✔ N00 built fixture is isolated from playwright.audit-fixes.config.ts (4297.821ms)
✔ N00 built fixture is isolated from playwright.audit-regression.config.ts (1553.5323ms)
✔ N00 dedicated config discovers all five built-output cases (1079.0528ms)
✔ N00 rejects a non-owned upstream: https://auth.neon.tech/neondb/auth (3.7557ms)
✔ N00 rejects a non-owned upstream: http://127.0.0.1.evil.test/auth (0.221ms)
✔ N00 rejects a non-owned upstream: http://user:password@localhost:44891/auth (0.1562ms)
✔ N00 rejects a non-owned upstream: http://0.0.0.0:44891/auth (0.1284ms)
✔ N00 accepts the loopback fixture base path (0.2627ms)
✔ N00 source inventory rejects unsafe input: ../.env (0.7384ms)
✔ N00 source inventory rejects unsafe input: a/../../secret (0.2146ms)
✔ N00 source inventory rejects unsafe input: /secret (0.1313ms)
✔ N00 source inventory rejects unsafe input: C:/secret (0.139ms)
✔ N00 source inventory rejects unsafe input: a/.env.production (0.28ms)
✔ N00 source inventory rejects unsafe input: a\.env.local (0.1761ms)
✔ N00 source inventory rejects unsafe input: node_modules/secret (0.1241ms)
✔ N00 source inventory rejects unsafe input: test-results/secret (0.1542ms)
✔ N00 source inventory rejects unsafe input: app/../secret (0.2879ms)
✔ N00 source inventory accepts a source file (0.7371ms)
✔ N00 build includes BuyerOS frontend services and generated types (0.5276ms)
✔ N00 build excludes Python/services and historical evidence (0.1605ms)
✔ N00 child env excludes inherited DB/Auth/provider variables (0.2402ms)
✔ N00 cache seed requires matching declared owner (0.4198ms)
✔ N00 emitted static assets stay within the output static directory (0.4054ms)
✔ N00 registers Vinext public fetch entry as the Nitro RSC service without changing production config (0.2981ms)
✔ N00 storage permits only canonical locale prefs and refuses tokens or credential fields (0.3394ms)
✔ real target requires observed exact identifiers and explicit Ed25519 trust (11.1821ms)
✔ template has null target and trust values and check denies it without a network call (231.0083ms)
✔ real preflight denies production project (0.4884ms)
✔ real preflight denies existing Cloudflare preview (0.2011ms)
✔ real preflight denies different owner (0.2038ms)
✔ real preflight denies cloned data (0.1902ms)
✔ real preflight denies unmatched branch readback (0.2901ms)
✔ real preflight denies missing audience (0.343ms)
✔ real preflight denies Auth0 RSA algorithm (0.3073ms)
✔ real preflight denies wrong key curve (0.4209ms)
✔ real preflight denies email enabled (0.6793ms)
✔ real preflight denies email registration (1.5209ms)
✔ real preflight denies email hook (0.4381ms)
✔ real preflight denies paid plan (0.1796ms)
✔ real preflight denies wildcard trusted domain (0.2841ms)
✔ real preflight denies unknown config or DSN (0.1479ms)
✔ real preflight denies credential URL (0.1716ms)
✔ real preflight denies loopback masquerading as real (0.1468ms)
✔ real preflight denies unreviewed JWKS host (0.1786ms)
✔ real preflight denies extended expiry (0.1398ms)
✔ real preflight denies future creation (0.1375ms)
✔ expiry blocks new runtime configuration while exact cleanup remains available (32.436ms)
✔ runtime secrets and explicit trust never enter build env or inherit DB/provider config (1.0358ms)
✔ journal cannot be created without an explicit authorization reference or overwrite an earlier run (8.8841ms)
✔ setup before target creation and failed requests consume the same persistent budget (57.7487ms)
✔ lost response is reserved before execution, survives restart and cannot be blindly retried (40.5997ms)
✔ 180 probes reserve 20 cleanup/reconcile checks and hard cap is 200 including errors (2334.1278ms)
✔ target binding is immutable across process restarts and IDs cannot be repointed (31.2662ms)
✔ two build reservations are bounded to 20 minutes and remain consumed on restart (50.7144ms)
✔ cleanup needs fresh matching readback and may select only one bound test identity (65.0508ms)
✔ unknown outcomes and suspicious operation metadata do not leak bearer, query or credential data to journal (70.8762ms)
✔ a concurrent writer or corrupt journal fails closed without resetting counters (116.0243ms)
✔ ledger tampering with limits or target fingerprint fails before cleanup or a new reservation (78.7684ms)
✔ persisted settled results need evidence and probe reservations cannot exceed the original expiry (50.3244ms)
✔ build deadline cannot exceed resource TTL and persisted build sequence cannot be forged (75.5643ms)
✔ an actual terminated Node process leaves its reservation consumed and the next process sees it (229.9238ms)
✔ Vercel exposes only the app and binds its API call to the internal API service (17.4172ms)
✔ the app proxy forwards the bearer and original API path to the bound service (120.391ms)
✔ the app proxy fails closed when the binding is absent (1.9547ms)
✔ the app proxy streams writes and preserves API conflicts without forwarding cookies (1.6009ms)
✔ FastAPI redirects stay on the public app path (1.6101ms)
ℹ tests 68
ℹ suites 0
ℹ pass 68
ℹ fail 0
ℹ cancelled 0
ℹ skipped 0
ℹ todo 0
ℹ duration_ms 10003.4381
