? Verifying lockfile against supply-chain policies (1059 entries)...
Lockfile is up to date, resolution step is skipped
Progress: resolved 1, reused 0, downloaded 0, added 0
Packages: +135 -1
+++++++++++++++++++++++++++++++++++++++++++++++++++++++++++++++++++++++++++++++-
Progress: resolved 135, reused 0, downloaded 0, added 0
Progress: resolved 135, reused 0, downloaded 33, added 9
Progress: resolved 135, reused 0, downloaded 79, added 13
Progress: resolved 135, reused 0, downloaded 109, added 17
Progress: resolved 135, reused 0, downloaded 135, added 48
Progress: resolved 135, reused 0, downloaded 135, added 112
Progress: resolved 135, reused 0, downloaded 135, added 134
Progress: resolved 135, reused 0, downloaded 135, added 135, done
[WARN] Request took 10060ms: https://registry.npmjs.org/@typescript-eslint%2Ftypes
[WARN] Request took 10499ms: https://registry.npmjs.org/@typescript-eslint%2Fvisitor-keys
[WARN] Request took 10778ms: https://registry.npmjs.org/@typescript-eslint%2Fscope-manager
[WARN] Request took 11175ms: https://registry.npmjs.org/@typescript-eslint%2Fparser
[WARN] Request took 11310ms: https://registry.npmjs.org/@typescript-eslint%2Ftypescript-estree
[WARN] Request took 11598ms: https://registry.npmjs.org/@typescript-eslint%2Feslint-plugin
[WARN] Request took 10666ms: https://registry.npmjs.org/next
✓ Lockfile passes supply-chain policies (1059 entries in 22.8s)

devDependencies:
+ @neondatabase/auth 0.5.0-beta

Done in 24.7s using pnpm v11.25.0
