docs/buyeros/evidence/audit-fixes-20261003/U05/first-full-green/task-1-tests.log:41: trailing whitespace.
+[WebServer] 
docs/buyeros/evidence/audit-fixes-20261003/U05/first-full-green/task-1-tests.log:42: trailing whitespace.
+[WebServer] [plugin builtin:vite-reporter] 
docs/buyeros/evidence/audit-fixes-20261003/U05/first-full-green/task-1-tests.log:48: trailing whitespace.
+[WebServer] 
docs/buyeros/evidence/audit-fixes-20261003/U05/first-full-green/task-1-tests.log:50: trailing whitespace.
+[WebServer] 
docs/buyeros/evidence/audit-fixes-20261003/U05/first-full-green/task-1-tests.log:52: trailing whitespace.
+[WebServer] 
docs/buyeros/evidence/audit-fixes-20261003/U05/first-full-green/task-1-tests.log:54: trailing whitespace.
+[WebServer] 
docs/buyeros/evidence/audit-fixes-20261003/U05/first-full-green/task-1-tests.log:56: trailing whitespace.
+[WebServer] 
docs/buyeros/evidence/audit-fixes-20261003/U05/first-full-green/task-1-tests.log:64: trailing whitespace.
+[WebServer] 
docs/buyeros/evidence/audit-fixes-20261003/U05/first-full-green/task-1-tests.log:66: trailing whitespace.
+[WebServer] 
docs/buyeros/evidence/audit-fixes-20261003/U05/first-full-green/task-1-tests.log:68: trailing whitespace.
+[WebServer] 
docs/buyeros/evidence/audit-fixes-20261003/U05/first-full-green/task-1-tests.log:149: trailing whitespace.
+[WebServer] 
docs/buyeros/evidence/audit-fixes-20261003/U05/first-green/u05-ui-green1.log:47: trailing whitespace.
+[WebServer] 
docs/buyeros/evidence/audit-fixes-20261003/U05/first-green/u05-ui-green1.log:49: trailing whitespace.
+[WebServer] 
docs/buyeros/evidence/audit-fixes-20261003/U05/first-green/u05-ui-green1.log:57: trailing whitespace.
+[WebServer] 
docs/buyeros/evidence/audit-fixes-20261003/U05/first-green/u05-ui-green1.log:58: trailing whitespace.
+[WebServer] [plugin builtin:vite-reporter] 
docs/buyeros/evidence/audit-fixes-20261003/U05/first-green/u05-ui-green1.log:64: trailing whitespace.
+[WebServer] 
docs/buyeros/evidence/audit-fixes-20261003/U05/first-green/u05-ui-green1.log:66: trailing whitespace.
+[WebServer] 
docs/buyeros/evidence/audit-fixes-20261003/U05/first-green/u05-ui-green1.log:68: trailing whitespace.
+[WebServer] 
docs/buyeros/evidence/audit-fixes-20261003/U05/first-green/u05-ui-green1.log:70: trailing whitespace.
+[WebServer] 
docs/buyeros/evidence/audit-fixes-20261003/U05/first-green/u05-ui-green1.log:72: trailing whitespace.
+[WebServer] 
docs/buyeros/evidence/audit-fixes-20261003/U05/first-green/u05-ui-green1.log:80: trailing whitespace.
+[WebServer] 
docs/buyeros/evidence/audit-fixes-20261003/U05/first-green/u05-ui-green1.log:82: trailing whitespace.
+[WebServer] 
docs/buyeros/evidence/audit-fixes-20261003/U05/first-green/u05-ui-green1.log:84: trailing whitespace.
+[WebServer] 
docs/buyeros/evidence/audit-fixes-20261003/U05/first-green/u05-ui-green1.log:92: trailing whitespace.
+[WebServer] 
docs/buyeros/evidence/audit-fixes-20261003/U05/first-green/u05-ui-green1.log:173: trailing whitespace.
+[WebServer] 
docs/buyeros/evidence/audit-fixes-20261003/U05/red-behavior/audit-fixes/audit-access-revocation-U0-148a5-ead-clears-private-scope-en/error-context.md:203: trailing whitespace.
+  32  | 
docs/buyeros/evidence/audit-fixes-20261003/U05/red-behavior/audit-fixes/audit-access-revocation-U0-148a5-ead-clears-private-scope-en/error-context.md:217: trailing whitespace.
+  46  | 
docs/buyeros/evidence/audit-fixes-20261003/U05/red-behavior/audit-fixes/audit-access-revocation-U0-148a5-ead-clears-private-scope-en/error-context.md:229: trailing whitespace.
+  58  | 
docs/buyeros/evidence/audit-fixes-20261003/U05/red-behavior/audit-fixes/audit-access-revocation-U0-148a5-ead-clears-private-scope-en/error-context.md:239: trailing whitespace.
+  68  | 
docs/buyeros/evidence/audit-fixes-20261003/U05/red-behavior/audit-fixes/audit-access-revocation-U0-148a5-ead-clears-private-scope-en/error-context.md:252: trailing whitespace.
+  81  | 
docs/buyeros/evidence/audit-fixes-20261003/U05/red-behavior/audit-fixes/audit-access-revocation-U0-148a5-ead-clears-private-scope-en/error-context.md:264: trailing whitespace.
+  93  | 
docs/buyeros/evidence/audit-fixes-20261003/U05/red-behavior/audit-fixes/audit-access-revocation-U0-148a5-ead-clears-private-scope-en/error-context.md:273: trailing whitespace.
+  102 | 
docs/buyeros/evidence/audit-fixes-20261003/U05/red-behavior/audit-fixes/audit-access-revocation-U0-148a5-ead-clears-private-scope-en/error-context.md:282: trailing whitespace.
+  111 | 
docs/buyeros/evidence/audit-fixes-20261003/U05/red-behavior/u05-ui-red-behavior.log:41: trailing whitespace.
+[WebServer] 
docs/buyeros/evidence/audit-fixes-20261003/U05/red-behavior/u05-ui-red-behavior.log:42: trailing whitespace.
+[WebServer] [plugin builtin:vite-reporter] 
docs/buyeros/evidence/audit-fixes-20261003/U05/red-behavior/u05-ui-red-behavior.log:48: trailing whitespace.
+[WebServer] 
docs/buyeros/evidence/audit-fixes-20261003/U05/red-behavior/u05-ui-red-behavior.log:50: trailing whitespace.
+[WebServer] 
docs/buyeros/evidence/audit-fixes-20261003/U05/red-behavior/u05-ui-red-behavior.log:52: trailing whitespace.
+[WebServer] 
docs/buyeros/evidence/audit-fixes-20261003/U05/red-behavior/u05-ui-red-behavior.log:54: trailing whitespace.
+[WebServer] 
docs/buyeros/evidence/audit-fixes-20261003/U05/red-behavior/u05-ui-red-behavior.log:56: trailing whitespace.
+[WebServer] 
docs/buyeros/evidence/audit-fixes-20261003/U05/red-behavior/u05-ui-red-behavior.log:58: trailing whitespace.
+[WebServer] 
docs/buyeros/evidence/audit-fixes-20261003/U05/red-behavior/u05-ui-red-behavior.log:60: trailing whitespace.
+[WebServer] 
docs/buyeros/evidence/audit-fixes-20261003/U05/red-behavior/u05-ui-red-behavior.log:141: trailing whitespace.
+[WebServer] 
docs/buyeros/evidence/audit-fixes-20261003/U05/red-behavior/u05-ui-red-behavior.log:150: trailing whitespace.
+  1) tests\e2e\audit-access-revocation.spec.ts:33:45 › U05 revoked open-page read clears private scope en 
docs/buyeros/evidence/audit-fixes-20261003/U05/red-behavior/u05-ui-red-behavior.log:187: trailing whitespace.
+    tests\e2e\audit-access-revocation.spec.ts:33:45 › U05 revoked open-page read clears private scope en 
docs/buyeros/evidence/audit-fixes-20261003/U05/red-built-wait-setup/audit-fixes/audit-access-revocation-U0-148a5-ead-clears-private-scope-en/error-context.md:194: trailing whitespace.
+  32  | 
docs/buyeros/evidence/audit-fixes-20261003/U05/red-built-wait-setup/audit-fixes/audit-access-revocation-U0-148a5-ead-clears-private-scope-en/error-context.md:209: trailing whitespace.
+  46  | 
docs/buyeros/evidence/audit-fixes-20261003/U05/red-built-wait-setup/audit-fixes/audit-access-revocation-U0-148a5-ead-clears-private-scope-en/error-context.md:221: trailing whitespace.
+  58  | 
docs/buyeros/evidence/audit-fixes-20261003/U05/red-built-wait-setup/audit-fixes/audit-access-revocation-U0-148a5-ead-clears-private-scope-en/error-context.md:231: trailing whitespace.
+  68  | 
docs/buyeros/evidence/audit-fixes-20261003/U05/red-built-wait-setup/audit-fixes/audit-access-revocation-U0-148a5-ead-clears-private-scope-en/error-context.md:244: trailing whitespace.
+  81  | 
docs/buyeros/evidence/audit-fixes-20261003/U05/red-built-wait-setup/audit-fixes/audit-access-revocation-U0-148a5-ead-clears-private-scope-en/error-context.md:256: trailing whitespace.
+  93  | 
docs/buyeros/evidence/audit-fixes-20261003/U05/red-built-wait-setup/audit-fixes/audit-access-revocation-U0-148a5-ead-clears-private-scope-en/error-context.md:265: trailing whitespace.
+  102 | 
docs/buyeros/evidence/audit-fixes-20261003/U05/red-built-wait-setup/audit-fixes/audit-access-revocation-U0-148a5-ead-clears-private-scope-en/error-context.md:274: trailing whitespace.
+  111 | 
docs/buyeros/evidence/audit-fixes-20261003/U05/red-built-wait-setup/u05-ui-red-built.log:41: trailing whitespace.
+[WebServer] 
docs/buyeros/evidence/audit-fixes-20261003/U05/red-built-wait-setup/u05-ui-red-built.log:42: trailing whitespace.
+[WebServer] [plugin builtin:vite-reporter] 
docs/buyeros/evidence/audit-fixes-20261003/U05/red-built-wait-setup/u05-ui-red-built.log:48: trailing whitespace.
+[WebServer] 
docs/buyeros/evidence/audit-fixes-20261003/U05/red-built-wait-setup/u05-ui-red-built.log:50: trailing whitespace.
+[WebServer] 
docs/buyeros/evidence/audit-fixes-20261003/U05/red-built-wait-setup/u05-ui-red-built.log:52: trailing whitespace.
+[WebServer] 
docs/buyeros/evidence/audit-fixes-20261003/U05/red-built-wait-setup/u05-ui-red-built.log:54: trailing whitespace.
+[WebServer] 
docs/buyeros/evidence/audit-fixes-20261003/U05/red-built-wait-setup/u05-ui-red-built.log:56: trailing whitespace.
+[WebServer] 
docs/buyeros/evidence/audit-fixes-20261003/U05/red-built-wait-setup/u05-ui-red-built.log:58: trailing whitespace.
+[WebServer] 
docs/buyeros/evidence/audit-fixes-20261003/U05/red-built-wait-setup/u05-ui-red-built.log:60: trailing whitespace.
+[WebServer] 
docs/buyeros/evidence/audit-fixes-20261003/U05/red-built-wait-setup/u05-ui-red-built.log:141: trailing whitespace.
+[WebServer] 
docs/buyeros/evidence/audit-fixes-20261003/U05/red-built-wait-setup/u05-ui-red-built.log:150: trailing whitespace.
+  1) tests\e2e\audit-access-revocation.spec.ts:33:45 › U05 revoked open-page read clears private scope en 
docs/buyeros/evidence/audit-fixes-20261003/U05/red-built-wait-setup/u05-ui-red-built.log:176: trailing whitespace.
+    tests\e2e\audit-access-revocation.spec.ts:33:45 › U05 revoked open-page read clears private scope en 
docs/buyeros/evidence/audit-fixes-20261003/U05/red-dev-setup/audit-fixes/audit-access-revocation-U0-148a5-ead-clears-private-scope-en/error-context.md:169: trailing whitespace.
+  2  | 
docs/buyeros/evidence/audit-fixes-20261003/U05/red-dev-setup/audit-fixes/audit-access-revocation-U0-148a5-ead-clears-private-scope-en/error-context.md:172: trailing whitespace.
+  5  | 
docs/buyeros/evidence/audit-fixes-20261003/U05/red-dev-setup/audit-fixes/audit-access-revocation-U0-148a5-ead-clears-private-scope-en/error-context.md:223: trailing whitespace.
+  55 | 
docs/buyeros/evidence/audit-fixes-20261003/U05/red-dev-setup/audit-fixes/audit-access-revocation-U0-148a5-ead-clears-private-scope-en/error-context.md:243: trailing whitespace.
+  75 | 
docs/buyeros/evidence/audit-fixes-20261003/U05/red-dev-setup/u05-ui-red.log:49: trailing whitespace.
+  1) tests\e2e\audit-access-revocation.spec.ts:33:45 › U05 revoked open-page read clears private scope en 
docs/buyeros/evidence/audit-fixes-20261003/U05/red-dev-setup/u05-ui-red.log:105: trailing whitespace.
+    tests\e2e\audit-access-revocation.spec.ts:33:45 › U05 revoked open-page read clears private scope en 
docs/buyeros/evidence/audit-fixes-20261003/U05/reports/u05-node-baseline-failures.log:38: trailing whitespace.
+  
docs/buyeros/evidence/audit-fixes-20261003/U05/reports/u05-node-baseline-failures.log:43: trailing whitespace.
+  
docs/buyeros/evidence/audit-fixes-20261003/U05/reports/u05-node-suite.log:80: trailing whitespace.
+  
docs/buyeros/evidence/audit-fixes-20261003/U05/reports/u05-node-suite.log:85: trailing whitespace.
+  
docs/buyeros/evidence/audit-fixes-20261003/U05/reports/u05-review-red.log:41: trailing whitespace.
+[WebServer] 
docs/buyeros/evidence/audit-fixes-20261003/U05/reports/u05-review-red.log:42: trailing whitespace.
+[WebServer] [plugin builtin:vite-reporter] 
docs/buyeros/evidence/audit-fixes-20261003/U05/reports/u05-review-red.log:48: trailing whitespace.
+[WebServer] 
docs/buyeros/evidence/audit-fixes-20261003/U05/reports/u05-review-red.log:50: trailing whitespace.
+[WebServer] 
docs/buyeros/evidence/audit-fixes-20261003/U05/reports/u05-review-red.log:52: trailing whitespace.
+[WebServer] 
docs/buyeros/evidence/audit-fixes-20261003/U05/reports/u05-review-red.log:54: trailing whitespace.
+[WebServer] 
docs/buyeros/evidence/audit-fixes-20261003/U05/reports/u05-review-red.log:56: trailing whitespace.
+[WebServer] 
docs/buyeros/evidence/audit-fixes-20261003/U05/reports/u05-review-red.log:58: trailing whitespace.
+[WebServer] 
docs/buyeros/evidence/audit-fixes-20261003/U05/reports/u05-review-red.log:60: trailing whitespace.
+[WebServer] 
docs/buyeros/evidence/audit-fixes-20261003/U05/reports/u05-review-red.log:140: trailing whitespace.
+[WebServer] 
docs/buyeros/evidence/audit-fixes-20261003/U05/reports/u05-review-red.log:149: trailing whitespace.
+  1) tests\e2e\audit-access-revocation.spec.ts:83:1 › U05 denial during a held access check schedules a fresh membership read 
docs/buyeros/evidence/audit-fixes-20261003/U05/reports/u05-review-red.log:186: trailing whitespace.
+    tests\e2e\audit-access-revocation.spec.ts:83:1 › U05 denial during a held access check schedules a fresh membership read 
docs/buyeros/evidence/audit-fixes-20261003/U05/reports/u05-review-red.xml:12: trailing whitespace.
+<![CDATA[  audit-access-revocation.spec.ts:83:1 › U05 denial during a held access check schedules a fresh membership read 
docs/buyeros/evidence/audit-fixes-20261003/U05/reports/u05-source-rollback.patch:102: trailing whitespace.
+ 
docs/buyeros/evidence/audit-fixes-20261003/U05/reports/u05-ui-green1.log:47: trailing whitespace.
+[WebServer] 
docs/buyeros/evidence/audit-fixes-20261003/U05/reports/u05-ui-green1.log:49: trailing whitespace.
+[WebServer] 
docs/buyeros/evidence/audit-fixes-20261003/U05/reports/u05-ui-green1.log:57: trailing whitespace.
+[WebServer] 
docs/buyeros/evidence/audit-fixes-20261003/U05/reports/u05-ui-green1.log:58: trailing whitespace.
+[WebServer] [plugin builtin:vite-reporter] 
docs/buyeros/evidence/audit-fixes-20261003/U05/reports/u05-ui-green1.log:64: trailing whitespace.
+[WebServer] 
docs/buyeros/evidence/audit-fixes-20261003/U05/reports/u05-ui-green1.log:66: trailing whitespace.
+[WebServer] 
docs/buyeros/evidence/audit-fixes-20261003/U05/reports/u05-ui-green1.log:68: trailing whitespace.
+[WebServer] 
docs/buyeros/evidence/audit-fixes-20261003/U05/reports/u05-ui-green1.log:70: trailing whitespace.
+[WebServer] 
docs/buyeros/evidence/audit-fixes-20261003/U05/reports/u05-ui-green1.log:72: trailing whitespace.
+[WebServer] 
docs/buyeros/evidence/audit-fixes-20261003/U05/reports/u05-ui-green1.log:80: trailing whitespace.
+[WebServer] 
docs/buyeros/evidence/audit-fixes-20261003/U05/reports/u05-ui-green1.log:82: trailing whitespace.
+[WebServer] 
docs/buyeros/evidence/audit-fixes-20261003/U05/reports/u05-ui-green1.log:84: trailing whitespace.
+[WebServer] 
docs/buyeros/evidence/audit-fixes-20261003/U05/reports/u05-ui-green1.log:92: trailing whitespace.
+[WebServer] 
docs/buyeros/evidence/audit-fixes-20261003/U05/reports/u05-ui-green1.log:173: trailing whitespace.
+[WebServer] 
docs/buyeros/evidence/audit-fixes-20261003/U05/reports/u05-ui-red-behavior.log:41: trailing whitespace.
+[WebServer] 
docs/buyeros/evidence/audit-fixes-20261003/U05/reports/u05-ui-red-behavior.log:42: trailing whitespace.
+[WebServer] [plugin builtin:vite-reporter] 
docs/buyeros/evidence/audit-fixes-20261003/U05/reports/u05-ui-red-behavior.log:48: trailing whitespace.
+[WebServer] 
docs/buyeros/evidence/audit-fixes-20261003/U05/reports/u05-ui-red-behavior.log:50: trailing whitespace.
+[WebServer] 
docs/buyeros/evidence/audit-fixes-20261003/U05/reports/u05-ui-red-behavior.log:52: trailing whitespace.
+[WebServer] 
docs/buyeros/evidence/audit-fixes-20261003/U05/reports/u05-ui-red-behavior.log:54: trailing whitespace.
+[WebServer] 
docs/buyeros/evidence/audit-fixes-20261003/U05/reports/u05-ui-red-behavior.log:56: trailing whitespace.
+[WebServer] 
docs/buyeros/evidence/audit-fixes-20261003/U05/reports/u05-ui-red-behavior.log:58: trailing whitespace.
+[WebServer] 
docs/buyeros/evidence/audit-fixes-20261003/U05/reports/u05-ui-red-behavior.log:60: trailing whitespace.
+[WebServer] 
docs/buyeros/evidence/audit-fixes-20261003/U05/reports/u05-ui-red-behavior.log:141: trailing whitespace.
+[WebServer] 
docs/buyeros/evidence/audit-fixes-20261003/U05/reports/u05-ui-red-behavior.log:150: trailing whitespace.
+  1) tests\e2e\audit-access-revocation.spec.ts:33:45 › U05 revoked open-page read clears private scope en 
docs/buyeros/evidence/audit-fixes-20261003/U05/reports/u05-ui-red-behavior.log:187: trailing whitespace.
+    tests\e2e\audit-access-revocation.spec.ts:33:45 › U05 revoked open-page read clears private scope en 
docs/buyeros/evidence/audit-fixes-20261003/U05/reports/u05-ui-red-built.log:41: trailing whitespace.
+[WebServer] 
docs/buyeros/evidence/audit-fixes-20261003/U05/reports/u05-ui-red-built.log:42: trailing whitespace.
+[WebServer] [plugin builtin:vite-reporter] 
docs/buyeros/evidence/audit-fixes-20261003/U05/reports/u05-ui-red-built.log:48: trailing whitespace.
+[WebServer] 
docs/buyeros/evidence/audit-fixes-20261003/U05/reports/u05-ui-red-built.log:50: trailing whitespace.
+[WebServer] 
docs/buyeros/evidence/audit-fixes-20261003/U05/reports/u05-ui-red-built.log:52: trailing whitespace.
+[WebServer] 
docs/buyeros/evidence/audit-fixes-20261003/U05/reports/u05-ui-red-built.log:54: trailing whitespace.
+[WebServer] 
docs/buyeros/evidence/audit-fixes-20261003/U05/reports/u05-ui-red-built.log:56: trailing whitespace.
+[WebServer] 
docs/buyeros/evidence/audit-fixes-20261003/U05/reports/u05-ui-red-built.log:58: trailing whitespace.
+[WebServer] 
docs/buyeros/evidence/audit-fixes-20261003/U05/reports/u05-ui-red-built.log:60: trailing whitespace.
+[WebServer] 
docs/buyeros/evidence/audit-fixes-20261003/U05/reports/u05-ui-red-built.log:141: trailing whitespace.
+[WebServer] 
docs/buyeros/evidence/audit-fixes-20261003/U05/reports/u05-ui-red-built.log:150: trailing whitespace.
+  1) tests\e2e\audit-access-revocation.spec.ts:33:45 › U05 revoked open-page read clears private scope en 
docs/buyeros/evidence/audit-fixes-20261003/U05/reports/u05-ui-red-built.log:176: trailing whitespace.
+    tests\e2e\audit-access-revocation.spec.ts:33:45 › U05 revoked open-page read clears private scope en 
docs/buyeros/evidence/audit-fixes-20261003/U05/reports/u05-ui-red.log:49: trailing whitespace.
+  1) tests\e2e\audit-access-revocation.spec.ts:33:45 › U05 revoked open-page read clears private scope en 
docs/buyeros/evidence/audit-fixes-20261003/U05/reports/u05-ui-red.log:105: trailing whitespace.
+    tests\e2e\audit-access-revocation.spec.ts:33:45 › U05 revoked open-page read clears private scope en 
docs/buyeros/evidence/audit-fixes-20261003/U05/review-e8e478c..25694d3.diff:209: trailing whitespace.
+ 
docs/buyeros/evidence/audit-fixes-20261003/U05/review-e8e478c..25694d3.diff:212: trailing whitespace.
+ 
docs/buyeros/evidence/audit-fixes-20261003/U05/review-e8e478c..25694d3.diff:228: trailing whitespace.
+ 
docs/buyeros/evidence/audit-fixes-20261003/U05/review-e8e478c..540696b.diff:202: trailing whitespace.
+ 
docs/buyeros/evidence/audit-fixes-20261003/U05/review-e8e478c..540696b.diff:205: trailing whitespace.
+ 
docs/buyeros/evidence/audit-fixes-20261003/U05/review-e8e478c..540696b.diff:221: trailing whitespace.
+ 
docs/buyeros/evidence/audit-fixes-20261003/U05/review-red/audit-fixes/audit-access-revocation-U0-dd8f1-les-a-fresh-membership-read/error-context.md:204: trailing whitespace.
+  32  | 
docs/buyeros/evidence/audit-fixes-20261003/U05/review-red/audit-fixes/audit-access-revocation-U0-dd8f1-les-a-fresh-membership-read/error-context.md:219: trailing whitespace.
+  47  | 
docs/buyeros/evidence/audit-fixes-20261003/U05/review-red/audit-fixes/audit-access-revocation-U0-dd8f1-les-a-fresh-membership-read/error-context.md:231: trailing whitespace.
+  59  | 
docs/buyeros/evidence/audit-fixes-20261003/U05/review-red/audit-fixes/audit-access-revocation-U0-dd8f1-les-a-fresh-membership-read/error-context.md:241: trailing whitespace.
+  69  | 
docs/buyeros/evidence/audit-fixes-20261003/U05/review-red/audit-fixes/audit-access-revocation-U0-dd8f1-les-a-fresh-membership-read/error-context.md:254: trailing whitespace.
+  82  | 
docs/buyeros/evidence/audit-fixes-20261003/U05/review-red/audit-fixes/audit-access-revocation-U0-dd8f1-les-a-fresh-membership-read/error-context.md:268: trailing whitespace.
+  96  | 
docs/buyeros/evidence/audit-fixes-20261003/U05/review-red/audit-fixes/audit-access-revocation-U0-dd8f1-les-a-fresh-membership-read/error-context.md:280: trailing whitespace.
+  108 | 
docs/buyeros/evidence/audit-fixes-20261003/U05/review-red/audit-fixes/audit-access-revocation-U0-dd8f1-les-a-fresh-membership-read/error-context.md:292: trailing whitespace.
+  120 | 
docs/buyeros/evidence/audit-fixes-20261003/U05/review-red/u05-review-red.log:41: trailing whitespace.
+[WebServer] 
docs/buyeros/evidence/audit-fixes-20261003/U05/review-red/u05-review-red.log:42: trailing whitespace.
+[WebServer] [plugin builtin:vite-reporter] 
docs/buyeros/evidence/audit-fixes-20261003/U05/review-red/u05-review-red.log:48: trailing whitespace.
+[WebServer] 
docs/buyeros/evidence/audit-fixes-20261003/U05/review-red/u05-review-red.log:50: trailing whitespace.
+[WebServer] 
docs/buyeros/evidence/audit-fixes-20261003/U05/review-red/u05-review-red.log:52: trailing whitespace.
+[WebServer] 
docs/buyeros/evidence/audit-fixes-20261003/U05/review-red/u05-review-red.log:54: trailing whitespace.
+[WebServer] 
docs/buyeros/evidence/audit-fixes-20261003/U05/review-red/u05-review-red.log:56: trailing whitespace.
+[WebServer] 
docs/buyeros/evidence/audit-fixes-20261003/U05/review-red/u05-review-red.log:58: trailing whitespace.
+[WebServer] 
docs/buyeros/evidence/audit-fixes-20261003/U05/review-red/u05-review-red.log:60: trailing whitespace.
+[WebServer] 
docs/buyeros/evidence/audit-fixes-20261003/U05/review-red/u05-review-red.log:140: trailing whitespace.
+[WebServer] 
docs/buyeros/evidence/audit-fixes-20261003/U05/review-red/u05-review-red.log:149: trailing whitespace.
+  1) tests\e2e\audit-access-revocation.spec.ts:83:1 › U05 denial during a held access check schedules a fresh membership read 
docs/buyeros/evidence/audit-fixes-20261003/U05/review-red/u05-review-red.log:186: trailing whitespace.
+    tests\e2e\audit-access-revocation.spec.ts:83:1 › U05 denial during a held access check schedules a fresh membership read 
docs/buyeros/evidence/audit-fixes-20261003/U05/review-red/u05-review-red.xml:12: trailing whitespace.
+<![CDATA[  audit-access-revocation.spec.ts:83:1 › U05 denial during a held access check schedules a fresh membership read 
docs/buyeros/evidence/audit-fixes-20261003/U05/task-1-tests.log:41: trailing whitespace.
+[WebServer] 
docs/buyeros/evidence/audit-fixes-20261003/U05/task-1-tests.log:42: trailing whitespace.
+[WebServer] [plugin builtin:vite-reporter] 
docs/buyeros/evidence/audit-fixes-20261003/U05/task-1-tests.log:48: trailing whitespace.
+[WebServer] 
docs/buyeros/evidence/audit-fixes-20261003/U05/task-1-tests.log:50: trailing whitespace.
+[WebServer] 
docs/buyeros/evidence/audit-fixes-20261003/U05/task-1-tests.log:52: trailing whitespace.
+[WebServer] 
docs/buyeros/evidence/audit-fixes-20261003/U05/task-1-tests.log:54: trailing whitespace.
+[WebServer] 
docs/buyeros/evidence/audit-fixes-20261003/U05/task-1-tests.log:56: trailing whitespace.
+[WebServer] 
docs/buyeros/evidence/audit-fixes-20261003/U05/task-1-tests.log:58: trailing whitespace.
+[WebServer] 
docs/buyeros/evidence/audit-fixes-20261003/U05/task-1-tests.log:60: trailing whitespace.
+[WebServer] 
docs/buyeros/evidence/audit-fixes-20261003/U05/task-1-tests.log:141: trailing whitespace.
+[WebServer] 
