✖ native pinned SDK exact-id lookup reaches owned HTTP with a durable reconciliation reservation (90.5431ms)
✖ native SDK removal uses the twenty-request cleanup reserve after 180 auth checks (4384.6795ms)
✖ native SDK refuses a different identity before reserving or dispatching HTTP (46.7427ms)
✖ fresh ownership, exact identity and native SDK absence complete only the owned identity cleanup (64.4205ms)
✖ read-500 read cannot authorize removal or claim absence (42.4084ms)
✖ generic-404 read cannot authorize removal or claim absence (40.0741ms)
✖ foreign-id read cannot authorize removal or claim absence (37.1461ms)
✖ foreign-created read cannot authorize removal or claim absence (44.5259ms)
✖ malformed read cannot authorize removal or claim absence (34.694ms)
✖ lingering removal response cannot claim confirmed absence (37.5122ms)
✖ bad-success removal response cannot claim confirmed absence (31.6755ms)
✖ post-delete-malformed removal response cannot claim confirmed absence (33.2963ms)
✖ committed removal with lost response is not replayed; restart confirms exact absence through the SDK (35.3442ms)
✖ unknown removal still present after restart retains hold and never resends (31.2349ms)
✖ an expired target may consume cleanup/reconciliation reserve but cannot send new auth checks (39.8013ms)
✖ admin authentication failure cannot be interpreted as an empty identity set (29.3317ms)
✖ gateway, journal and owner must all be the same branded owned context (62.5403ms)
✖ changed project readback stops before native identity lookup (29.4397ms)
✖ no email linking, role writes, impersonation, create-user or unrestricted query enters the boundary (71.2723ms)
N00_OWNED_RESOURCES ["PipeWrap","PipeWrap","TCPServerWrap","TCPServerWrap","TCPSocketWrap","TCPServerWrap","TCPServerWrap","TCPSocketWrap","TCPSocketWrap","TCPServerWrap","TCPServerWrap","Immediate"]
✖ durable receipts do not persist fixture session headers or identity payloads (32.2622ms)
