✖ native pinned SDK exact-id lookup reaches owned HTTP with a durable reconciliation reservation (133.4735ms)
✖ native SDK removal uses the twenty-request cleanup reserve after 180 auth checks (3842.8733ms)
✖ native SDK refuses a different identity before reserving or dispatching HTTP (50.7071ms)
✖ fresh ownership, exact identity and native SDK absence complete only the owned identity cleanup (53.9461ms)
✖ read-500 read cannot authorize removal or claim absence (47.1378ms)
✖ generic-404 read cannot authorize removal or claim absence (55.8737ms)
✖ foreign-id read cannot authorize removal or claim absence (39.1404ms)
✖ foreign-created read cannot authorize removal or claim absence (47.2948ms)
✖ malformed read cannot authorize removal or claim absence (64.7573ms)
✖ lingering removal response cannot claim confirmed absence (41.2351ms)
✖ bad-success removal response cannot claim confirmed absence (36.5349ms)
✖ post-delete-malformed removal response cannot claim confirmed absence (39.3732ms)
✖ committed removal with lost response is not replayed; restart confirms exact absence through the SDK (54.6515ms)
✖ unknown removal still present after restart retains hold and never resends (39.079ms)
✖ an expired target may consume cleanup/reconciliation reserve but cannot send new auth checks (124.4121ms)
✖ admin authentication failure cannot be interpreted as an empty identity set (50.1336ms)
✖ gateway, journal and owner must all be the same branded owned context (218.8548ms)
✖ changed project readback stops before native identity lookup (60.2822ms)
✖ no email linking, role writes, impersonation, create-user or unrestricted query enters the boundary (163.1737ms)
✖ durable receipts do not persist fixture session headers or identity payloads (42.8869ms)
