✔ checked-in API types match the current OpenAPI contract (9004.565ms)
✔ U13 actual callback render during initializing is status, never configuration alert (9.4626ms)
✔ official project/auth requests bind exact resource, no credentials or deletion executor (59.8285ms)
✔ mismatched projectID refuses a cleanup plan (31.2835ms)
✔ mismatched owner refuses a cleanup plan (30.6924ms)
✔ mismatched conflicting-org refuses a cleanup plan (28.9475ms)
✔ mismatched region refuses a cleanup plan (22.5578ms)
✔ mismatched name refuses a cleanup plan (25.0761ms)
✔ mismatched project-time refuses a cleanup plan (21.3896ms)
✔ mismatched provider refuses a cleanup plan (23.469ms)
✔ mismatched authID refuses a cleanup plan (29.5043ms)
✔ mismatched branch refuses a cleanup plan (28.4149ms)
✔ mismatched ownership refuses a cleanup plan (23.0017ms)
✔ mismatched JWKS refuses a cleanup plan (24.5078ms)
✔ mismatched baseURL refuses a cleanup plan (23.3763ms)
✔ mismatched auth-time refuses a cleanup plan (25.4236ms)
✔ HTTP 301 is not ownership or absence proof (25.6758ms)
✔ HTTP 401 is not ownership or absence proof (66.5165ms)
✔ HTTP 403 is not ownership or absence proof (31.6383ms)
✔ HTTP 404 is not ownership or absence proof (29.9065ms)
✔ HTTP 423 is not ownership or absence proof (30.3568ms)
✔ HTTP 429 is not ownership or absence proof (22.0795ms)
✔ HTTP 500 is not ownership or absence proof (30.2972ms)
✔ HTTP 503 is not ownership or absence proof (84.1324ms)
✔ stale readback refused (20.0847ms)
✔ future readback refused (23.9726ms)
✔ wrong-path readback refused (23.4576ms)
✔ foreign-origin readback refused (30.7149ms)
✔ query readback refused (21.6894ms)
✔ wrong-method readback refused (22.3936ms)
✔ credential-field readback refused (20.0018ms)
✔ a bound human identity blocks auth/project deletion; users_sync is not assumed Better Auth (26.0185ms)
✔ owned counted HTTP payloads decode official field names without claiming provider verification (123.7768ms)
✔ adapter contains no network, CLI or ambient credential execution path (1.2969ms)
✔ pending request keeps deletion descriptors blocked for reconciliation (26.5725ms)
✔ unknown request keeps deletion descriptors blocked for reconciliation (29.581ms)
✔ cleanup preparation after TTL requires fresh readbacks and preserves expired target (20.0239ms)
✔ an unbranded journal and malformed calendar timestamp cannot create descriptors (16.9437ms)
✔ N00 built fixture is isolated from playwright.audit-fixes.config.ts (1734.6781ms)
✔ N00 built fixture is isolated from playwright.audit-regression.config.ts (1337.1261ms)
✔ N00 dedicated config discovers all seven built-output cases (1280.3825ms)
✔ N00 counted config discovers the same seven cases with separate producer outputs (1387.4246ms)
✔ all N00 output profiles stay isolated from playwright.audit-fixes.config.ts (1551.9507ms)
✔ all N00 output profiles stay isolated from playwright.audit-regression.config.ts (1337.6507ms)
✔ runtime flow config discovers all six actual-output cases including unknown sign-out (1070.5265ms)
✔ N00 rejects a non-owned upstream: https://auth.neon.tech/neondb/auth (2.8416ms)
✔ N00 rejects a non-owned upstream: http://127.0.0.1.evil.test/auth (0.2524ms)
✔ N00 rejects a non-owned upstream: http://user:password@localhost:44891/auth (0.189ms)
✔ N00 rejects a non-owned upstream: http://0.0.0.0:44891/auth (0.1489ms)
✔ N00 accepts the loopback fixture base path (0.3223ms)
✔ N00 source inventory rejects unsafe input: ../.env (0.5977ms)
✔ N00 source inventory rejects unsafe input: a/../../secret (0.1986ms)
✔ N00 source inventory rejects unsafe input: /secret (0.1123ms)
✔ N00 source inventory rejects unsafe input: C:/secret (0.1548ms)
✔ N00 source inventory rejects unsafe input: a/.env.production (0.2594ms)
✔ N00 source inventory rejects unsafe input: a\.env.local (0.1705ms)
✔ N00 source inventory rejects unsafe input: node_modules/secret (0.136ms)
✔ N00 source inventory rejects unsafe input: test-results/secret (0.0964ms)
✔ N00 source inventory rejects unsafe input: app/../secret (0.1461ms)
✔ N00 source inventory accepts a source file (0.1817ms)
✔ N00 build includes BuyerOS frontend services and generated types (0.3278ms)
✔ N00 build excludes Python/services and historical evidence (0.1361ms)
✔ N00 child env excludes inherited DB/Auth/provider variables (0.2254ms)
✔ N00 cache seed requires matching declared owner (0.3797ms)
✔ N00 emitted static assets stay within the output static directory (0.3834ms)
✔ N00 registers Vinext public fetch entry as the Nitro RSC service without changing production config (0.4543ms)
✔ N00 storage permits only canonical locale prefs and refuses tokens or credential fields (0.3878ms)
✔ proxy refuses arbitrary URLs, unowned servers and unbound journals before any request (86.4418ms)
✔ HTTP reservation is durable and pending before the owned backend receives the request (104.5415ms)
✔ SDK origin, session/challenge cookies and JWT headers survive relay without entering evidence (64.0962ms)
✔ approved local callback302 is preserved manually, and an external redirect is blocked (99.3727ms)
✔ committed POST with a lost response is not replayed after proxy and journal restart (133.9905ms)
✔ budget exhaustion refuses dispatch and keeps cleanup reserve after restart (2219.7631ms)
✔ expired target and over-size body fail closed without dispatching upstream (75.0774ms)
✔ POST server500 retains an unknown write and timeout is bounded without automatic retry (184.3362ms)
✔ read-only fixture budget inspection exposes counts without auth traffic or credential data (44.661ms)
✔ concurrent identical fixture POSTs share the in-flight barrier before upstream acceptance is known (156.9379ms)
✔ fixture cleanup control requires the exact local owner nonce and never forwards to backend (155.9474ms)
✔ committed POST with a refused redirect stays unknown and is held after restart (124.0906ms)
✔ committed PUT with a refused redirect stays unknown and is held after restart (129.3082ms)
✔ committed PATCH with a refused redirect stays unknown and is held after restart (150.2529ms)
✔ committed DELETE with a refused redirect stays unknown and is held after restart (122.7839ms)
✔ a malformed redirect after POST acceptance preserves the write hold without retry (91.1683ms)
✔ unknown one-use GET /fixture/auth/callback/google cannot be replayed (92.3777ms)
✔ unknown one-use GET /fixture/auth/get-session cannot be replayed (125.242ms)
✔ reordered verifier query and renewed bearer keep the same unresolved intent (99.0226ms)
✔ restart conservatively holds writes for an unresolved read without trusting receipt semantics (100.128ms)
✔ restart cannot erase a hold through legacy or corrupt receipt metadata (105.5654ms)
✔ official pinned SDK social write sees unknown redirect once and retry is held (1220.6448ms)
✔ one-use /fixture/auth/get-session hold is bound to its verifier/state despite other query changes (79.2531ms)
✔ one-use /fixture/auth/callback/google hold is bound to its verifier/state despite other query changes (73.0718ms)
✔ all SDK/browser/CLI physical hops are durably reserved before the backend receives them (171.2109ms)
✔ an unowned server, real target or unknown caller/path is refused before dispatch (33.8848ms)
✔ redirects remain manual and each explicitly followed hop consumes another reservation (94.4688ms)
✔ a foreign redirect cannot cause an uncounted request (58.0514ms)
✔ commit with lost response is held across channel changes and journal restart (126.0474ms)
✔ concurrent identical writes cannot dispatch twice (88.3532ms)
✔ the 180-check stop retains 20 cleanup/reconciliation reservations across restart (6431.3971ms)
✔ TTL refuses new auth but allows exact cleanup readback after expiry (78.7066ms)
✔ bodies and response bytes are bounded without returning or persisting secrets (168.6204ms)
✔ receipt failure preserves pending reservation and fails closed after restart (58.7439ms)
✔ official pinned SDK token request crosses the same durable gateway once (144.2426ms)
✔ fixed Node CLI helper uses the owned gateway and strips inherited credentials (556.3247ms)
✔ cleanup verifies exact ownership and absence after each deletion in identity/auth/project order (645.0851ms)
✔ unknown deletion never blindly retries; fresh absence lets restarted cleanup continue (976.6999ms)
✔ unknown deletion still present blocks every later dependent deletion and retry (270.7268ms)
✔ mismatched provider readback prevents every deletion (69.3648ms)
✔ cleanup after TTL still counts every readback/deletion and never touches an unbound identity (303.8444ms)
✔ cleanup refuses an injected transport and a different journal even with matching-looking metadata (35.5133ms)
✔ wrong gateway nonce and cross-origin writes cannot consume provider budget (29.1783ms)
✔ expired or mismatched existence receipt blocks cleanup before any deletion (84.0975ms)
✔ CLI refuses an absent or unowned gateway before spawning a subprocess (0.8622ms)
✔ native pinned SDK exact-id lookup reaches owned HTTP with a durable reconciliation reservation (286.5802ms)
✔ native SDK removal uses the twenty-request cleanup reserve after 180 auth checks (5851.4871ms)
✔ native SDK refuses a different identity before reserving or dispatching HTTP (256.9984ms)
✔ fresh ownership, exact identity and native SDK absence complete only the owned identity cleanup (416.8635ms)
✔ read-500 read cannot authorize removal or claim absence (147.8712ms)
✔ generic-404 read cannot authorize removal or claim absence (152.8211ms)
✔ foreign-id read cannot authorize removal or claim absence (118.1336ms)
✔ foreign-created read cannot authorize removal or claim absence (121.3324ms)
✔ malformed read cannot authorize removal or claim absence (159.2192ms)
✔ lingering removal response cannot claim confirmed absence (281.7087ms)
✔ bad-success removal response cannot claim confirmed absence (316.5363ms)
✔ post-delete-malformed removal response cannot claim confirmed absence (416.0916ms)
✔ committed removal with lost response is not replayed; restart confirms exact absence through the SDK (338.6125ms)
✔ unknown removal still present after restart retains hold and never resends (311.5455ms)
✔ an expired target may consume cleanup/reconciliation reserve but cannot send new auth checks (252.765ms)
✔ admin authentication failure cannot be interpreted as an empty identity set (127.3752ms)
✔ gateway, journal and owner must all be the same branded owned context (54.3402ms)
✔ changed project readback stops before native identity lookup (55.1062ms)
✔ no email linking, role writes, impersonation, create-user or unrestricted query enters the boundary (36.3578ms)
✔ durable receipts do not persist fixture session headers or identity payloads (198.1429ms)
✔ accepted remove without absence remains held on another attempt (331.2877ms)
✔ duplicate or extended query and body fields cannot broaden exact-id cleanup (64.5752ms)
✔ cleanup also stops at the hard total of two hundred physical requests (4311.6453ms)
✔ bridge forwards bearer once to exact owned diagnostic and returns subject without token (25.0331ms)
✔ missing owner config, external endpoint and different fingerprint refuse before HTTP (0.8958ms)
✔ foreign or missing Origin and invalid bearer refuse before HTTP (0.6756ms)
✔ API rejection stays 401 and unknown API result is not retried or exposed (1.2324ms)
✔ mismatched response ownership and malformed response fail closed (0.7295ms)
✔ network failure cannot expose exception data or trigger a retry (0.3986ms)
✔ browser receipt must match the rendered target and session subject, and cannot claim live verification (0.1771ms)
✔ real target requires observed exact identifiers and explicit Ed25519 trust (4.3355ms)
✔ template has null target and trust values and check denies it without a network call (101.6735ms)
✔ real preflight denies production project (0.5207ms)
✔ real preflight denies existing Cloudflare preview (0.2873ms)
✔ real preflight denies different owner (0.189ms)
✔ real preflight denies cloned data (0.1826ms)
✔ real preflight denies unmatched branch readback (0.3395ms)
✔ real preflight denies missing audience (0.6522ms)
✔ real preflight denies Auth0 RSA algorithm (0.5501ms)
✔ real preflight denies wrong key curve (0.4824ms)
✔ real preflight denies email enabled (0.2267ms)
✔ real preflight denies email registration (0.1877ms)
✔ real preflight denies email hook (0.143ms)
✔ real preflight denies paid plan (0.1283ms)
✔ real preflight denies wildcard trusted domain (0.1747ms)
✔ real preflight denies unknown config or DSN (0.1427ms)
✔ real preflight denies credential URL (0.1686ms)
✔ real preflight denies loopback masquerading as real (0.146ms)
✔ real preflight denies unreviewed JWKS host (0.2577ms)
✔ real preflight denies extended expiry (0.1402ms)
✔ real preflight denies future creation (0.1219ms)
✔ expiry blocks new runtime configuration while exact cleanup remains available (41.709ms)
✔ runtime secrets and explicit trust never enter build env or inherit DB/provider config (1.0774ms)
✔ journal cannot be created without an explicit authorization reference or overwrite an earlier run (14.5246ms)
✔ setup before target creation and failed requests consume the same persistent budget (65.1819ms)
✔ lost response is reserved before execution, survives restart and cannot be blindly retried (54.1256ms)
✔ 180 probes reserve 20 cleanup/reconcile checks and hard cap is 200 including errors (1944.3797ms)
✔ target binding is immutable across process restarts and IDs cannot be repointed (28.3384ms)
✔ two build reservations are bounded to 20 minutes and remain consumed on restart (30.1071ms)
✔ cleanup needs fresh matching readback and may select only one bound test identity (33.7902ms)
✔ unknown outcomes and suspicious operation metadata do not leak bearer, query or credential data to journal (20.1855ms)
✔ a concurrent writer or corrupt journal fails closed without resetting counters (21.7014ms)
✔ ledger tampering with limits or target fingerprint fails before cleanup or a new reservation (17.0226ms)
✔ persisted settled results need evidence and probe reservations cannot exceed the original expiry (24.022ms)
✔ build deadline cannot exceed resource TTL and persisted build sequence cannot be forged (24.7829ms)
✔ an actual terminated Node process leaves its reservation consumed and the next process sees it (486.1072ms)
✔ runtime env carries the validated complete manifest, and build env drops it with all trust/secrets (6.4386ms)
✔ explicit issuer is kept independent from Auth base URL and actual SDK cookie options are returned (2.5181ms)
✔ runtime missing N00_REAL_TARGET_JSON refuses SDK construction without fallback (3.7447ms)
✔ runtime missing N00_TARGET_FINGERPRINT refuses SDK construction without fallback (0.6841ms)
✔ runtime missing NEON_AUTH_BASE_URL refuses SDK construction without fallback (0.4269ms)
✔ runtime missing NEON_AUTH_COOKIE_SECRET refuses SDK construction without fallback (0.4269ms)
✔ runtime missing N00_AUTH_ISSUER refuses SDK construction without fallback (0.7612ms)
✔ runtime missing N00_AUTH_AUDIENCE refuses SDK construction without fallback (1.9365ms)
✔ runtime missing N00_AUTH_JWKS_URL refuses SDK construction without fallback (1.164ms)
✔ runtime missing N00_AUTH_ALGORITHM refuses SDK construction without fallback (0.7526ms)
✔ runtime drift NEON_AUTH_BASE_URL refuses initialization (0.8262ms)
✔ runtime drift N00_AUTH_ISSUER refuses initialization (0.5193ms)
✔ runtime drift N00_AUTH_AUDIENCE refuses initialization (0.5182ms)
✔ runtime drift N00_AUTH_JWKS_URL refuses initialization (0.3701ms)
✔ runtime drift N00_AUTH_ALGORITHM refuses initialization (0.3419ms)
✔ runtime drift N00_TARGET_FINGERPRINT refuses initialization (0.3745ms)
✔ malformed manifest error cannot echo secret or input data (0.4514ms)
✔ oversize manifest refuses parsing rather than consuming an unbounded runtime input (0.2772ms)
✔ runtime reuses full target validation and rejects production IDs (0.9682ms)
✔ module/runtime creation consumes no env or SDK initialization at build time (0.2967ms)
✔ request initialization revalidates but caches one SDK instance for exact same context (1.4617ms)
✔ cached SDK cannot bypass the two-hour target expiry (1.0129ms)
✔ changed target cannot reuse or silently replace an already bound SDK context (1.9506ms)
✔ changed cookie secret requires a new owned runtime rather than silent context replacement (0.8972ms)
✔ fresher matching readback does not change the bound target/SDK intent (0.7487ms)
✔ SDK constructor errors are redacted and cannot disclose runtime cookie secret (0.5329ms)
✔ runtime description contains only target/trust context and no cookie secret (0.5539ms)
✔ returned runtime config cannot be mutated to change the validated SDK/trust tuple (0.4116ms)
✔ separate build-environment Node process imports the runtime module without secret/init (228.5488ms)
✔ runtime consumer independently refuses an invalid cookie secret (0.6143ms)
✔ owned cleanup removes private configuration and keeps marker through a transient state failure (18.0688ms)
✔ cleanup rejects a mismatched owner before deleting configuration (10.5743ms)
✔ cleanup refuses an unreviewed entry before deleting owned configuration (7.3886ms)
✔ cleanup deadline retains the owner while private configuration is removed (14.9109ms)
✔ cleanup propagates non-transient IO errors without deleting ownership (7.7692ms)
✔ cleanup rejects a root symlink and preserves its target (4.2829ms)
✔ runtime flow builds in a fresh area with shared strict runtime and separate diagnostic/fixture overlays (1.9056ms)
✔ allowed SDK session/token/JWKS calls preserve method/body/cookies through the counted loopback URL (36.2858ms)
✔ fixture transport supports Request inputs without leaking a new endpoint (9.2972ms)
✔ foreign origin, credentials, encoded path, unknown endpoint and loopback bypass never dispatch (1.7646ms)
✔ transport cannot be installed for real targets or rebound to different fictional context (0.4431ms)
✔ unknown upstream response is surfaced once without retry (0.8651ms)
✔ SDK POST redirect is returned to the caller and is never automatically followed (0.678ms)
✔ owned diagnostic is the only additional loopback transport and requires its exact private owner nonce (1.6567ms)
✔ compatibility profile retains original output and source overlay (12.2609ms)
✔ runtime profile has distinct output and real-only plus probe scaffolding (0.3338ms)
✔ build profile refuses custom paths and unreviewed profiles (0.6819ms)
✔ Nitro runtime profile selects only its reviewed service entry (0.694ms)
✔ probe target accepts only explicit fictional IDs/hosts/audience (0.4784ms)
✔ probe refuses a real projectId (0.281ms)
✔ probe refuses a real branchId (0.1528ms)
✔ probe refuses a real authId (0.2914ms)
✔ probe refuses external trust and base hosts or non-fictional audience (1.6751ms)
✔ probe fetch guard refuses every request before original transport dispatch (0.9019ms)
✔ Vercel exposes only the app and binds its API call to the internal API service (16.7855ms)
✔ the app proxy forwards the bearer and original API path to the bound service (136.0132ms)
✔ the app proxy fails closed when the binding is absent (2.2272ms)
✔ the app proxy streams writes and preserves API conflicts without forwarding cookies (2.6453ms)
✔ FastAPI redirects stay on the public app path (2.9796ms)
ℹ tests 237
ℹ suites 0
ℹ pass 237
ℹ fail 0
ℹ cancelled 0
ℹ skipped 0
ℹ todo 0
ℹ duration_ms 59302.9851
