✔ checked-in API types match the current OpenAPI contract (9898.8303ms)
✔ U13 actual callback render during initializing is status, never configuration alert (9.7659ms)
✔ official project/auth requests bind exact resource, no credentials or deletion executor (54.7872ms)
✔ mismatched projectID refuses a cleanup plan (23.2237ms)
✔ mismatched owner refuses a cleanup plan (24.7918ms)
✔ mismatched conflicting-org refuses a cleanup plan (22.3257ms)
✔ mismatched region refuses a cleanup plan (22.0414ms)
✔ mismatched name refuses a cleanup plan (21.3956ms)
✔ mismatched project-time refuses a cleanup plan (24.8737ms)
✔ mismatched provider refuses a cleanup plan (25.2267ms)
✔ mismatched authID refuses a cleanup plan (23.0163ms)
✔ mismatched branch refuses a cleanup plan (29.4881ms)
✔ mismatched ownership refuses a cleanup plan (25.0594ms)
✔ mismatched JWKS refuses a cleanup plan (23.0604ms)
✔ mismatched baseURL refuses a cleanup plan (25.9917ms)
✔ mismatched auth-time refuses a cleanup plan (22.0079ms)
✔ HTTP 301 is not ownership or absence proof (19.2415ms)
✔ HTTP 401 is not ownership or absence proof (20.0544ms)
✔ HTTP 403 is not ownership or absence proof (20.1741ms)
✔ HTTP 404 is not ownership or absence proof (16.6163ms)
✔ HTTP 423 is not ownership or absence proof (17.4053ms)
✔ HTTP 429 is not ownership or absence proof (14.4131ms)
✔ HTTP 500 is not ownership or absence proof (18.8312ms)
✔ HTTP 503 is not ownership or absence proof (22.9897ms)
✔ stale readback refused (21.1284ms)
✔ future readback refused (24.288ms)
✔ wrong-path readback refused (21.0431ms)
✔ foreign-origin readback refused (18.9197ms)
✔ query readback refused (20.3275ms)
✔ wrong-method readback refused (19.6464ms)
✔ credential-field readback refused (19.0543ms)
✔ a bound human identity blocks auth/project deletion; users_sync is not assumed Better Auth (28.4156ms)
✔ owned counted HTTP payloads decode official field names without claiming provider verification (116.533ms)
✔ adapter contains no network, CLI or ambient credential execution path (1.7738ms)
✔ pending request keeps deletion descriptors blocked for reconciliation (27.6754ms)
✔ unknown request keeps deletion descriptors blocked for reconciliation (34.8833ms)
✔ cleanup preparation after TTL requires fresh readbacks and preserves expired target (19.2656ms)
✔ an unbranded journal and malformed calendar timestamp cannot create descriptors (16.9322ms)
✔ N00 built fixture is isolated from playwright.audit-fixes.config.ts (2054.5334ms)
✔ N00 built fixture is isolated from playwright.audit-regression.config.ts (1805.0751ms)
✔ N00 dedicated config discovers all seven built-output cases (1488.0653ms)
✔ N00 counted config discovers the same seven cases with separate producer outputs (1900.2111ms)
✔ all N00 output profiles stay isolated from playwright.audit-fixes.config.ts (2167.8596ms)
✔ all N00 output profiles stay isolated from playwright.audit-regression.config.ts (2605.1303ms)
✔ runtime flow config discovers all six actual-output cases including unknown sign-out (1649.6841ms)
✔ N00 rejects a non-owned upstream: https://auth.neon.tech/neondb/auth (3.8298ms)
✔ N00 rejects a non-owned upstream: http://127.0.0.1.evil.test/auth (0.2149ms)
✔ N00 rejects a non-owned upstream: http://user:password@localhost:44891/auth (0.1489ms)
✔ N00 rejects a non-owned upstream: http://0.0.0.0:44891/auth (0.1202ms)
✔ N00 accepts the loopback fixture base path (0.252ms)
✔ N00 source inventory rejects unsafe input: ../.env (0.2825ms)
✔ N00 source inventory rejects unsafe input: a/../../secret (0.1918ms)
✔ N00 source inventory rejects unsafe input: /secret (0.1138ms)
✔ N00 source inventory rejects unsafe input: C:/secret (0.1945ms)
✔ N00 source inventory rejects unsafe input: a/.env.production (0.237ms)
✔ N00 source inventory rejects unsafe input: a\.env.local (0.1639ms)
✔ N00 source inventory rejects unsafe input: node_modules/secret (0.1083ms)
✔ N00 source inventory rejects unsafe input: test-results/secret (0.0861ms)
✔ N00 source inventory rejects unsafe input: app/../secret (0.1176ms)
✔ N00 source inventory accepts a source file (0.2338ms)
✔ N00 build includes BuyerOS frontend services and generated types (0.2914ms)
✔ N00 build excludes Python/services and historical evidence (0.1133ms)
✔ N00 child env excludes inherited DB/Auth/provider variables (0.1684ms)
✔ N00 cache seed requires matching declared owner (0.3992ms)
✔ N00 emitted static assets stay within the output static directory (0.3411ms)
✔ N00 registers Vinext public fetch entry as the Nitro RSC service without changing production config (0.4416ms)
✔ N00 storage permits only canonical locale prefs and refuses tokens or credential fields (0.3509ms)
✔ proxy refuses arbitrary URLs, unowned servers and unbound journals before any request (94.9538ms)
✔ HTTP reservation is durable and pending before the owned backend receives the request (105.8956ms)
✔ SDK origin, session/challenge cookies and JWT headers survive relay without entering evidence (100.798ms)
✔ approved local callback302 is preserved manually, and an external redirect is blocked (81.8436ms)
✔ committed POST with a lost response is not replayed after proxy and journal restart (109.2212ms)
✔ budget exhaustion refuses dispatch and keeps cleanup reserve after restart (1743.0199ms)
✔ expired target and over-size body fail closed without dispatching upstream (55.9978ms)
✔ POST server500 retains an unknown write and timeout is bounded without automatic retry (137.8903ms)
✔ read-only fixture budget inspection exposes counts without auth traffic or credential data (27.3832ms)
✔ concurrent identical fixture POSTs share the in-flight barrier before upstream acceptance is known (70.3014ms)
✔ fixture cleanup control requires the exact local owner nonce and never forwards to backend (29.0148ms)
✔ committed POST with a refused redirect stays unknown and is held after restart (108.7343ms)
✔ committed PUT with a refused redirect stays unknown and is held after restart (111.0066ms)
✔ committed PATCH with a refused redirect stays unknown and is held after restart (148.1385ms)
✔ committed DELETE with a refused redirect stays unknown and is held after restart (112.1306ms)
✔ a malformed redirect after POST acceptance preserves the write hold without retry (124.121ms)
✔ unknown one-use GET /fixture/auth/callback/google cannot be replayed (84.9916ms)
✔ unknown one-use GET /fixture/auth/get-session cannot be replayed (95.7524ms)
✔ reordered verifier query and renewed bearer keep the same unresolved intent (93.1969ms)
✔ restart conservatively holds writes for an unresolved read without trusting receipt semantics (105.7813ms)
✔ restart cannot erase a hold through legacy or corrupt receipt metadata (86.9205ms)
✔ official pinned SDK social write sees unknown redirect once and retry is held (595.7429ms)
✔ one-use /fixture/auth/get-session hold is bound to its verifier/state despite other query changes (77.3011ms)
✔ one-use /fixture/auth/callback/google hold is bound to its verifier/state despite other query changes (73.2961ms)
✔ all SDK/browser/CLI physical hops are durably reserved before the backend receives them (211.3509ms)
✔ an unowned server, real target or unknown caller/path is refused before dispatch (38.4707ms)
✔ redirects remain manual and each explicitly followed hop consumes another reservation (91.5547ms)
✔ a foreign redirect cannot cause an uncounted request (56.7983ms)
✔ commit with lost response is held across channel changes and journal restart (95.5848ms)
✔ concurrent identical writes cannot dispatch twice (84.3947ms)
✔ the 180-check stop retains 20 cleanup/reconciliation reservations across restart (6302.7624ms)
✔ TTL refuses new auth but allows exact cleanup readback after expiry (65.6244ms)
✔ bodies and response bytes are bounded without returning or persisting secrets (54.3469ms)
✔ receipt failure preserves pending reservation and fails closed after restart (54.2752ms)
✔ official pinned SDK token request crosses the same durable gateway once (82.0546ms)
✔ fixed Node CLI helper uses the owned gateway and strips inherited credentials (430.4554ms)
✔ cleanup verifies exact ownership and absence after each deletion in identity/auth/project order (422.3978ms)
✔ unknown deletion never blindly retries; fresh absence lets restarted cleanup continue (473.831ms)
✔ unknown deletion still present blocks every later dependent deletion and retry (235.6644ms)
✔ mismatched provider readback prevents every deletion (54.5ms)
✔ cleanup after TTL still counts every readback/deletion and never touches an unbound identity (265.7121ms)
✔ cleanup refuses an injected transport and a different journal even with matching-looking metadata (33.0641ms)
✔ wrong gateway nonce and cross-origin writes cannot consume provider budget (29.1946ms)
✔ expired or mismatched existence receipt blocks cleanup before any deletion (80.4487ms)
✔ CLI refuses an absent or unowned gateway before spawning a subprocess (0.5191ms)
✔ native pinned SDK exact-id lookup reaches owned HTTP with a durable reconciliation reservation (181.2314ms)
✔ native SDK removal uses the twenty-request cleanup reserve after 180 auth checks (3710.776ms)
✔ native SDK refuses a different identity before reserving or dispatching HTTP (45.2132ms)
✔ fresh ownership, exact identity and native SDK absence complete only the owned identity cleanup (231.1415ms)
✔ read-500 read cannot authorize removal or claim absence (99.421ms)
✔ generic-404 read cannot authorize removal or claim absence (106.7466ms)
✔ foreign-id read cannot authorize removal or claim absence (97.1272ms)
✔ foreign-created read cannot authorize removal or claim absence (103.2507ms)
✔ malformed read cannot authorize removal or claim absence (89.0825ms)
✔ lingering removal response cannot claim confirmed absence (221.7694ms)
✔ bad-success removal response cannot claim confirmed absence (167.9958ms)
✔ post-delete-malformed removal response cannot claim confirmed absence (214.7499ms)
✔ committed removal with lost response is not replayed; restart confirms exact absence through the SDK (218.7264ms)
✔ unknown removal still present after restart retains hold and never resends (221.7522ms)
✔ an expired target may consume cleanup/reconciliation reserve but cannot send new auth checks (239.7974ms)
✔ admin authentication failure cannot be interpreted as an empty identity set (103.8095ms)
✔ gateway, journal and owner must all be the same branded owned context (54.395ms)
✔ changed project readback stops before native identity lookup (56.6537ms)
✔ no email linking, role writes, impersonation, create-user or unrestricted query enters the boundary (32.6429ms)
✔ durable receipts do not persist fixture session headers or identity payloads (221.3959ms)
✔ accepted remove without absence remains held on another attempt (301.8383ms)
✔ duplicate or extended query and body fields cannot broaden exact-id cleanup (40.4902ms)
✔ cleanup also stops at the hard total of two hundred physical requests (4028.1945ms)
✔ unknown identity removal stays held when only JSON whitespace or session headers change (71.7086ms)
✔ bridge forwards bearer once to exact owned diagnostic and returns subject without token (84.7203ms)
✔ missing owner config, external endpoint and different fingerprint refuse before HTTP (1.7157ms)
✔ foreign or missing Origin and invalid bearer refuse before HTTP (1.2692ms)
✔ API rejection stays 401 and unknown API result is not retried or exposed (1.8856ms)
✔ mismatched response ownership and malformed response fail closed (1.2585ms)
✔ network failure cannot expose exception data or trigger a retry (0.7885ms)
✔ browser receipt must match the rendered target and session subject, and cannot claim live verification (0.3389ms)
✔ real target requires observed exact identifiers and explicit Ed25519 trust (4.4339ms)
✔ template has null target and trust values and check denies it without a network call (445.9344ms)
✔ real preflight denies production project (0.4858ms)
✔ real preflight denies existing Cloudflare preview (0.1824ms)
✔ real preflight denies different owner (0.1889ms)
✔ real preflight denies cloned data (0.242ms)
✔ real preflight denies unmatched branch readback (0.3215ms)
✔ real preflight denies missing audience (0.3411ms)
✔ real preflight denies Auth0 RSA algorithm (0.3244ms)
✔ real preflight denies wrong key curve (0.399ms)
✔ real preflight denies email enabled (0.1906ms)
✔ real preflight denies email registration (0.2049ms)
✔ real preflight denies email hook (0.1708ms)
✔ real preflight denies paid plan (0.1493ms)
✔ real preflight denies wildcard trusted domain (0.1803ms)
✔ real preflight denies unknown config or DSN (0.1377ms)
✔ real preflight denies credential URL (0.1729ms)
✔ real preflight denies loopback masquerading as real (0.1352ms)
✔ real preflight denies unreviewed JWKS host (0.1624ms)
✔ real preflight denies extended expiry (0.149ms)
✔ real preflight denies future creation (0.1267ms)
✔ expiry blocks new runtime configuration while exact cleanup remains available (32.0302ms)
✔ runtime secrets and explicit trust never enter build env or inherit DB/provider config (1.0279ms)
✔ journal cannot be created without an explicit authorization reference or overwrite an earlier run (10.6483ms)
✔ setup before target creation and failed requests consume the same persistent budget (54.7675ms)
✔ lost response is reserved before execution, survives restart and cannot be blindly retried (53.4841ms)
✔ 180 probes reserve 20 cleanup/reconcile checks and hard cap is 200 including errors (2680.0407ms)
✔ target binding is immutable across process restarts and IDs cannot be repointed (40.0287ms)
✔ two build reservations are bounded to 20 minutes and remain consumed on restart (48.6009ms)
✔ cleanup needs fresh matching readback and may select only one bound test identity (32.6399ms)
✔ unknown outcomes and suspicious operation metadata do not leak bearer, query or credential data to journal (26.2151ms)
✔ a concurrent writer or corrupt journal fails closed without resetting counters (28.1686ms)
✔ ledger tampering with limits or target fingerprint fails before cleanup or a new reservation (24.4583ms)
✔ persisted settled results need evidence and probe reservations cannot exceed the original expiry (25.0265ms)
✔ build deadline cannot exceed resource TTL and persisted build sequence cannot be forged (32.0862ms)
✔ an actual terminated Node process leaves its reservation consumed and the next process sees it (570.932ms)
✔ runtime env carries the validated complete manifest, and build env drops it with all trust/secrets (5.2174ms)
✔ explicit issuer is kept independent from Auth base URL and actual SDK cookie options are returned (1.3896ms)
✔ runtime missing N00_REAL_TARGET_JSON refuses SDK construction without fallback (1.072ms)
✔ runtime missing N00_TARGET_FINGERPRINT refuses SDK construction without fallback (0.472ms)
✔ runtime missing NEON_AUTH_BASE_URL refuses SDK construction without fallback (0.3792ms)
✔ runtime missing NEON_AUTH_COOKIE_SECRET refuses SDK construction without fallback (0.3676ms)
✔ runtime missing N00_AUTH_ISSUER refuses SDK construction without fallback (0.7989ms)
✔ runtime missing N00_AUTH_AUDIENCE refuses SDK construction without fallback (1.7578ms)
✔ runtime missing N00_AUTH_JWKS_URL refuses SDK construction without fallback (1.0174ms)
✔ runtime missing N00_AUTH_ALGORITHM refuses SDK construction without fallback (2.2678ms)
✔ runtime drift NEON_AUTH_BASE_URL refuses initialization (2.7806ms)
✔ runtime drift N00_AUTH_ISSUER refuses initialization (1.69ms)
✔ runtime drift N00_AUTH_AUDIENCE refuses initialization (0.7287ms)
✔ runtime drift N00_AUTH_JWKS_URL refuses initialization (0.5326ms)
✔ runtime drift N00_AUTH_ALGORITHM refuses initialization (0.425ms)
✔ runtime drift N00_TARGET_FINGERPRINT refuses initialization (0.4645ms)
✔ malformed manifest error cannot echo secret or input data (0.5778ms)
✔ oversize manifest refuses parsing rather than consuming an unbounded runtime input (0.3831ms)
✔ runtime reuses full target validation and rejects production IDs (0.4762ms)
✔ module/runtime creation consumes no env or SDK initialization at build time (0.1505ms)
✔ request initialization revalidates but caches one SDK instance for exact same context (1.2372ms)
✔ cached SDK cannot bypass the two-hour target expiry (0.9121ms)
✔ changed target cannot reuse or silently replace an already bound SDK context (2.6525ms)
✔ changed cookie secret requires a new owned runtime rather than silent context replacement (0.79ms)
✔ fresher matching readback does not change the bound target/SDK intent (0.785ms)
✔ SDK constructor errors are redacted and cannot disclose runtime cookie secret (0.6322ms)
✔ runtime description contains only target/trust context and no cookie secret (0.5827ms)
✔ returned runtime config cannot be mutated to change the validated SDK/trust tuple (0.5003ms)
✔ separate build-environment Node process imports the runtime module without secret/init (201.6583ms)
✔ runtime consumer independently refuses an invalid cookie secret (0.5996ms)
✔ owned cleanup removes private configuration and keeps marker through a transient state failure (41.3167ms)
✔ cleanup rejects a mismatched owner before deleting configuration (4.6792ms)
✔ cleanup refuses an unreviewed entry before deleting owned configuration (7.8421ms)
✔ cleanup deadline retains the owner while private configuration is removed (17.19ms)
✔ cleanup propagates non-transient IO errors without deleting ownership (10.956ms)
✔ cleanup rejects a root symlink and preserves its target (4.9954ms)
✔ runtime flow builds in a fresh area with shared strict runtime and separate diagnostic/fixture overlays (1.906ms)
✔ allowed SDK session/token/JWKS calls preserve method/body/cookies through the counted loopback URL (45.7717ms)
✔ fixture transport supports Request inputs without leaking a new endpoint (6.733ms)
✔ foreign origin, credentials, encoded path, unknown endpoint and loopback bypass never dispatch (1.4073ms)
✔ transport cannot be installed for real targets or rebound to different fictional context (0.7037ms)
✔ unknown upstream response is surfaced once without retry (0.8766ms)
✔ SDK POST redirect is returned to the caller and is never automatically followed (0.6878ms)
✔ owned diagnostic is the only additional loopback transport and requires its exact private owner nonce (1.9439ms)
✔ compatibility profile retains original output and source overlay (2.1884ms)
✔ runtime profile has distinct output and real-only plus probe scaffolding (0.2807ms)
✔ build profile refuses custom paths and unreviewed profiles (0.6506ms)
✔ Nitro runtime profile selects only its reviewed service entry (0.6163ms)
✔ probe target accepts only explicit fictional IDs/hosts/audience (0.3577ms)
✔ probe refuses a real projectId (0.1681ms)
✔ probe refuses a real branchId (0.1216ms)
✔ probe refuses a real authId (0.1064ms)
✔ probe refuses external trust and base hosts or non-fictional audience (0.3768ms)
✔ probe fetch guard refuses every request before original transport dispatch (0.7054ms)
✔ Vercel exposes only the app and binds its API call to the internal API service (13.6432ms)
✔ the app proxy forwards the bearer and original API path to the bound service (140.4618ms)
✔ the app proxy fails closed when the binding is absent (3.1676ms)
✔ the app proxy streams writes and preserves API conflicts without forwarding cookies (1.9712ms)
✔ FastAPI redirects stay on the public app path (2.509ms)
ℹ tests 238
ℹ suites 0
ℹ pass 238
ℹ fail 0
ℹ cancelled 0
ℹ skipped 0
ℹ todo 0
ℹ duration_ms 58663.4183
