
  vinext build  (Vite 8.0.13)

[1/5] analyze client references...
[2Ktransforming...✓ 445 modules transformed.
rendering chunks...
✓ built in 4.62s
[2/5] analyze server references...
[2Ktransforming...✓ 569 modules transformed.
rendering chunks...
✓ built in 3.43s
[3/5] build rsc environment...
[2Ktransforming...✓ 442 modules transformed.
rendering chunks...
computing gzip size...
✓ built in 3.24s
[4/5] build client environment...
[2Ktransforming...✓ 2347 modules transformed.
rendering chunks...
computing gzip size...
✓ built in 8.55s
[5/5] build ssr environment...
[2Ktransforming...✓ 574 modules transformed.
rendering chunks...
computing gzip size...
✓ built in 3.42s
[0m
  Route (app)
  ┌ ? /                  
  ├ ƒ /:slug+            
  ├ λ /api/auth/:path+   
  ├ λ /api/compat/session
  ├ ? /auth/callback     
  ├ ƒ /compat            
  └ λ /v1/:path+         

  λ API  ƒ Dynamic  ? Unknown

  ? Some routes could not be classified. vinext currently uses static analysis
    and cannot detect dynamic API usage (headers(), cookies(), etc.) at build time.
    Automatic classification will be improved in a future release.

  Build complete. Run `vinext start` to start the production server.

$ node scripts/run-framework.mjs build
[33m[PLUGIN_TIMINGS] [0mYour build spent significant time in plugins. Here is a breakdown:
  - rsc:virtual-client-package (24%)
  - vinext:middleware-server-only (13%)
  - alias (10%)
  - vinext:og-inline-fetch-assets (9%)
  - vinext:jsx-in-js (8%)
See https://rolldown.rs/options/checks#plugintimings for more details.

[plugin builtin:vite-reporter] 
(!) Some chunks are larger than 500 kB after minification. Consider:
- Using dynamic import() to code-split the application
- Use build.rolldownOptions.output.codeSplitting to improve chunking: https://rolldown.rs/reference/OutputOptions.codeSplitting
- Adjust chunk size limit for this warning via build.chunkSizeWarningLimit.
[33m[PLUGIN_TIMINGS] [0mYour build spent significant time in plugins. Here is a breakdown:
  - vinext:og-inline-fetch-assets (21%)
  - alias (15%)
  - vinext:middleware-server-only (12%)
  - rsc:virtual-client-package (11%)
  - vinext:css-data-url (9%)
See https://rolldown.rs/options/checks#plugintimings for more details.

