✔ B02 confirmation is stable for row ordering but binds every material field (24.888ms)
✔ B02 snapshot confirmation binds snapshot identity and normalized exclusions (0.4186ms)
✔ B03 frozen payload preserves confirmed rows and trimmed audit reason (3.3753ms)
✔ B16 unknown assignment survives route remount and token renewal with the same key (3.1814ms)
✔ B16 an unresolved assignment cannot be replaced with a materially different intent (0.6731ms)
✔ B15 pending body is immutable and retry/token renewal uses same frozen body/key (105.5632ms)
✔ B16 A-B-A keeps actor intent while stale response is cancelled; other actor/scope are independent (9.5318ms)
✔ B15 execution binds exact manifest/version/digest and retains key on unknown acceptance (5.0001ms)
✔ U06 generated member operation carries literal search and bounded page query (3.6105ms)
✔ S06 generated eligible lookup and scope context reject foreign and A-B-A responses (1.248ms)
✔ B12 2.5s RTT has one in-flight and waits 2s after settlement (7.6194ms)
✔ B13 hidden pauses/aborts quietly; repeated visibility signals resume once (4.0327ms)
✔ B13 transient failures use 2/4/8/16/30/30s and reset after success (3.23ms)
✔ B13 429 honors Retry-After seconds and HTTP dates, invalid header uses backoff (1.1624ms)
✔ B13 actual live client preserves Retry-After metadata without response secrets (41.3817ms)
✔ B12 request timeout aborts before a retry and late value is ignored (0.8151ms)
✔ B12 cancel/unmount suppresses late values/errors and all later requests (0.3783ms)
✔ B16 A-B-A lifetimes reject the obsolete result even with same scope IDs (0.9466ms)
✔ B12 terminal summary is delivered once and stops through refresh/visibility changes (0.6779ms)
✔ B13 access denied stops rather than polling a revoked account (0.5218ms)
✔ B13 rapid hidden-visible during abort settlement resumes once immediately (0.3572ms)
PASS apiBaseUrl absent or blank resolves to demo
PASS a configured apiBaseUrl resolves to live
PASS demo mode makes every section available, live mode does not
PASS live without a ready session reports not_configured, never available
PASS unavailable and not_configured are distinct states
PASS workspaces map to the narrow model
PASS projects map to the narrow model
PASS icp versions map approved_at to approvedAt and keep the hash
PASS a missing required field raises instead of becoming an empty value
PASS every mapper enforces its required fields
PASS a workspace missing roles raises rather than defaulting to an empty list
PASS a version without an approval date maps to null, not an error
PASS an empty page is empty, not an error
PASS a success unwraps data and sends the bearer only when a token is present
PASS an error envelope becomes a typed LiveError keyed by code
PASS a non-envelope body still yields a typed error, never a crash
PASS an aborted request surfaces as LiveCancelled, not as an error toast
PASS a network failure is a retryable error, not a cancellation
PASS scopeKey encodes mode, actor, workspace and project
PASS changing workspace advances the identity and aborts the previous controller
PASS a stale identity is not current, so a late response can be discarded
PASS returning to a previously visited workspace is a NEW scope, not the old one
PASS the token lives in the session and survives a scope change
PASS live failure surfaces the error with zero data and never touches the demo store
PASS a 501 from a supported section marks it unavailable rather than failing
PASS a section with no backing operation is unavailable without a request
PASS a response whose scope changed underneath is discarded
PASS no token means not_configured and no request is sent
PASS each API failure code maps to its own state
PASS a 401 is a sign-in requirement, never not_configured
PASS a 404 is not_found, never denied
PASS a cancelled request is discarded, not an error
PASS the read attaches to the session controller signal
PASS live mode refuses to read or write any demo storage key
PASS demo mode still reads and writes its own keys
PASS no token-shaped value is ever written to storage
PASS live requests are addressed to the configured API base URL
PASS with no base URL the path is used as-is
PASS demo-only effects are enabled only in demo mode
PASS the empty live store contains no companies and no demo identifiers
PASS the banner label states the real mode and cannot be made to claim live
PASS a write sends a JSON body and the mutation headers
PASS If-Match is sent only when supplied
PASS a stale write surfaces as a typed STALE_REVISION
PASS markets resolve from names and codes, case-insensitively
PASS an unknown market is returned, never dropped
PASS languages resolve from names
PASS an unresolvable value makes the mapper raise, naming it
PASS toProjectCreate maps the contract fields without inventing values
PASS toIcpSaveRequest maps requirements with their categories
PASS ICP payload carries user-entered product and value facts before any write
PASS canonical buyer types remain selected when editing and saving a profile
PASS saveProfile creates the project then saves a version, in order
PASS saveProfile explicitly creates a new project even if another is selected
PASS explicit edit patches the offer under If-Match before saving a new ICP version
PASS edit conflict stops before ICP write
PASS approveProfile sends the version number as If-Match and the hash
PASS buyers map to the versioned review model
PASS a buyer without a fit or review maps those to null, not an error
PASS a buyer page keeps the snapshot id and paging
PASS a buyer page maps the snapshot expiry, null when absent
PASS evidence maps provenance and does not expose a stale source link
PASS an explicit selection carries the frozen versions
PASS a snapshot selection excludes the removed ids
PASS scope changed between project creation and ICP save sends no second write
PASS generated operation route builds scoped path and bearer request
PASS operation rejects cross-workspace path before sending
PASS operation rejects scope change during token acquisition before request
PASS live client rejects demo or malformed success envelopes
PASS error keeps response header request ID when body omits it
PASS live error guidance distinguishes reauth, stale revision and key conflict with request ID
PASS double click shares one immutable action and one inflight promise
PASS lost response reuses the key; changed payload uses a new key
PASS multipart upload keeps the browser-generated boundary and bearer in memory
74 live adapter checks passed
✔ tests\live-adapter-checks.mjs (1597.6533ms)
ℹ tests 22
ℹ suites 0
ℹ pass 22
ℹ fail 0
ℹ cancelled 0
ℹ skipped 0
ℹ todo 0
ℹ duration_ms 1809.198
