? Verifying lockfile against supply-chain policies (1059 entries)...
Lockfile is up to date, resolution step is skipped
Progress: resolved 1, reused 0, downloaded 0, added 0
Packages: +135 -1
+++++++++++++++++++++++++++++++++++++++++++++++++++++++++++++++++++++++++++++++-
Progress: resolved 135, reused 0, downloaded 0, added 0
Progress: resolved 135, reused 0, downloaded 7, added 3
Progress: resolved 135, reused 0, downloaded 30, added 14
Progress: resolved 135, reused 0, downloaded 46, added 45
[WARN] Tarball download average speed 16 KiB/s (size 24 KiB) is below 50 KiB/s: https://registry.npmjs.org/@peculiar/asn1-x509/-/asn1-x509-2.9.5.tgz (GET)
[WARN] Tarball download average speed 23 KiB/s (size 56 KiB) is below 50 KiB/s: https://registry.npmjs.org/@daveyplate/better-auth-tanstack/-/better-auth-tanstack-1.3.6.tgz (GET)

   ╭──────────────────────────────────────────────────────────────────────╮
   │                                                                      │
   │                 Update available! 11.25.0 → 12.9.1.                  │
   │                 Changelog: https://pnpm.io/v/12.9.1                  │
   │   To update, run: curl -fsSL https://get.pnpm.io/install.sh | sh -   │
   │                                                                      │
   ╰──────────────────────────────────────────────────────────────────────╯

Progress: resolved 135, reused 0, downloaded 54, added 53
Progress: resolved 135, reused 0, downloaded 55, added 55
[WARN] Tarball download average speed 35 KiB/s (size 163 KiB) is below 50 KiB/s: https://registry.npmjs.org/@noble/hashes/-/hashes-2.4.0.tgz (GET)
[WARN] Tarball download average speed 4 KiB/s (size 6 KiB) is below 50 KiB/s: https://registry.npmjs.org/@react-email/button/-/button-0.2.1.tgz (GET)
[WARN] Tarball download average speed 43 KiB/s (size 186 KiB) is below 50 KiB/s: https://registry.npmjs.org/qrcode-generator/-/qrcode-generator-2.0.4.tgz (GET)
[WARN] Tarball download average speed 37 KiB/s (size 104 KiB) is below 50 KiB/s: https://registry.npmjs.org/@peculiar/x509/-/x509-1.14.3.tgz (GET)
[WARN] Tarball download average speed 47 KiB/s (size 173 KiB) is below 50 KiB/s: https://registry.npmjs.org/@instantdb/react/-/react-1.0.67.tgz (GET)
[WARN] Tarball download average speed 42 KiB/s (size 203 KiB) is below 50 KiB/s: https://registry.npmjs.org/@triplit/client/-/client-1.0.50.tgz (GET)
Progress: resolved 135, reused 0, downloaded 83, added 82
Progress: resolved 135, reused 0, downloaded 117, added 117
Progress: resolved 135, reused 0, downloaded 122, added 121
[WARN] Tarball download average speed 14 KiB/s (size 19 KiB) is below 50 KiB/s: https://registry.npmjs.org/peberminta/-/peberminta-0.9.0.tgz (GET)
[WARN] Tarball download average speed 48 KiB/s (size 75 KiB) is below 50 KiB/s: https://registry.npmjs.org/entities/-/entities-4.5.0.tgz (GET)
[WARN] Tarball download average speed 22 KiB/s (size 37 KiB) is below 50 KiB/s: https://registry.npmjs.org/htmlparser2/-/htmlparser2-8.0.2.tgz (GET)
Progress: resolved 135, reused 0, downloaded 128, added 125
Progress: resolved 135, reused 0, downloaded 130, added 130
Progress: resolved 135, reused 0, downloaded 132, added 131
Progress: resolved 135, reused 0, downloaded 132, added 132
[WARN] Request took 10186ms: https://registry.npmjs.org/@next%2Fswc-linux-x64-musl
[WARN] Request took 10461ms: https://registry.npmjs.org/@tailwindcss%2Fnode
[WARN] Request took 12295ms: https://registry.npmjs.org/@reduxjs%2Ftoolkit
[WARN] Request took 10252ms: https://registry.npmjs.org/@tailwindcss%2Foxide-win32-x64-msvc
[WARN] Request took 16562ms: https://registry.npmjs.org/@next%2Fswc-linux-x64-gnu
Progress: resolved 135, reused 0, downloaded 133, added 132
[WARN] Request took 17182ms: https://registry.npmjs.org/@instantdb%2Fversion
[WARN] Request took 11247ms: https://registry.npmjs.org/@tailwindcss%2Foxide-win32-arm64-msvc
[WARN] Request took 11288ms: https://registry.npmjs.org/@tailwindcss%2Foxide-linux-x64-musl
Progress: resolved 135, reused 0, downloaded 133, added 133
[WARN] Request took 11876ms: https://registry.npmjs.org/@tailwindcss%2Foxide-linux-arm-gnueabihf
[WARN] Request took 11982ms: https://registry.npmjs.org/@tailwindcss%2Foxide-linux-arm64-musl
[WARN] Request took 11887ms: https://registry.npmjs.org/@tailwindcss%2Foxide-linux-x64-gnu
[WARN] Request took 12601ms: https://registry.npmjs.org/@tailwindcss%2Foxide-darwin-arm64
[WARN] Request took 12263ms: https://registry.npmjs.org/@tailwindcss%2Foxide
Progress: resolved 135, reused 0, downloaded 134, added 134
[WARN] Request took 19239ms: https://registry.npmjs.org/@playwright%2Ftest
[WARN] Request took 19738ms: https://registry.npmjs.org/@next%2Fenv
[WARN] Request took 20174ms: https://registry.npmjs.org/@next%2Feslint-plugin-next
[WARN] Request took 20452ms: https://registry.npmjs.org/@next%2Fswc-win32-x64-msvc
[WARN] Request took 13921ms: https://registry.npmjs.org/@types%2Fnode
[WARN] Request took 11966ms: https://registry.npmjs.org/@typescript-eslint%2Ftype-utils
Progress: resolved 135, reused 0, downloaded 135, added 134
[WARN] Request took 17393ms: https://registry.npmjs.org/@typescript-eslint%2Ftypescript-estree
Progress: resolved 135, reused 0, downloaded 135, added 135
Progress: resolved 135, reused 0, downloaded 135, added 135, done
[WARN] Request took 17960ms: https://registry.npmjs.org/@typescript-eslint%2Futils
[WARN] Request took 18163ms: https://registry.npmjs.org/@typescript-eslint%2Fscope-manager
[WARN] Request took 20460ms: https://registry.npmjs.org/@typescript-eslint%2Fvisitor-keys
[WARN] Request took 24588ms: https://registry.npmjs.org/@typescript-eslint%2Feslint-plugin
[WARN] Request took 10109ms: https://registry.npmjs.org/@types%2Fnode
[WARN] Request took 25996ms: https://registry.npmjs.org/@typescript-eslint%2Ftypes
[WARN] Request took 10522ms: https://registry.npmjs.org/react-hook-form
[WARN] Request took 28984ms: https://registry.npmjs.org/@typescript-eslint%2Fparser
[WARN] Request took 13444ms: https://registry.npmjs.org/yargs-parser
[WARN] Request took 17407ms: https://registry.npmjs.org/tldts-core
[WARN] Request took 17950ms: https://registry.npmjs.org/react-resizable-panels
[WARN] Request took 13120ms: https://registry.npmjs.org/zod-validation-error
[WARN] Request took 11932ms: https://registry.npmjs.org/std-env
[WARN] Request took 14322ms: https://registry.npmjs.org/workerd
[WARN] Request took 14738ms: https://registry.npmjs.org/web-vitals
[WARN] Request took 14307ms: https://registry.npmjs.org/ws
[WARN] Request took 17614ms: https://registry.npmjs.org/tldts
[WARN] Request took 23425ms: https://registry.npmjs.org/react-server-dom-webpack
[WARN] Request took 15771ms: https://registry.npmjs.org/undici
[WARN] Request took 30192ms: https://registry.npmjs.org/eslint-plugin-react-hooks
[WARN] Request took 17327ms: https://registry.npmjs.org/typescript-eslint
[WARN] Request took 13702ms: https://registry.npmjs.org/zod
[WARN] Request took 15340ms: https://registry.npmjs.org/vitest
[WARN] Request took 15565ms: https://registry.npmjs.org/vite
[WARN] Request took 23930ms: https://registry.npmjs.org/react-is
[WARN] Request took 16221ms: https://registry.npmjs.org/use-sync-external-store
[WARN] Request took 23321ms: https://registry.npmjs.org/react
[WARN] Request took 30840ms: https://registry.npmjs.org/eslint-config-next
[WARN] Request took 15722ms: https://registry.npmjs.org/webpack
[WARN] Request took 21735ms: https://registry.npmjs.org/scheduler
[WARN] Request took 24650ms: https://registry.npmjs.org/react-dom
[WARN] Request took 19253ms: https://registry.npmjs.org/tailwindcss
[WARN] Request took 26081ms: https://registry.npmjs.org/playwright-core
[WARN] Request took 20114ms: https://registry.npmjs.org/typescript
[WARN] Request took 21037ms: https://registry.npmjs.org/wrangler
[WARN] Request took 32191ms: https://registry.npmjs.org/next
[WARN] Request took 39215ms: https://registry.npmjs.org/playwright
✓ Lockfile passes supply-chain policies (1059 entries in 1m 14.8s)

devDependencies:
+ @neondatabase/auth 0.5.0-beta

Done in 1m 18.4s using pnpm v11.25.0
