✔ checked-in API types match the current OpenAPI contract (10743.3507ms)
✔ U13 actual callback render during initializing is status, never configuration alert (9.7906ms)
✔ N00 built fixture is isolated from playwright.audit-fixes.config.ts (5653.6282ms)
✔ N00 built fixture is isolated from playwright.audit-regression.config.ts (3033.53ms)
✔ N00 dedicated config discovers all seven built-output cases (2143.9453ms)
✔ N00 counted config discovers the same seven cases with separate producer outputs (1792.0752ms)
✔ N00 rejects a non-owned upstream: https://auth.neon.tech/neondb/auth (5.1892ms)
✔ N00 rejects a non-owned upstream: http://127.0.0.1.evil.test/auth (0.2059ms)
✔ N00 rejects a non-owned upstream: http://user:password@localhost:44891/auth (0.1534ms)
✔ N00 rejects a non-owned upstream: http://0.0.0.0:44891/auth (0.2346ms)
✔ N00 accepts the loopback fixture base path (0.2877ms)
✔ N00 source inventory rejects unsafe input: ../.env (0.2877ms)
✔ N00 source inventory rejects unsafe input: a/../../secret (0.1807ms)
✔ N00 source inventory rejects unsafe input: /secret (0.1062ms)
✔ N00 source inventory rejects unsafe input: C:/secret (0.1432ms)
✔ N00 source inventory rejects unsafe input: a/.env.production (0.2331ms)
✔ N00 source inventory rejects unsafe input: a\.env.local (0.1469ms)
✔ N00 source inventory rejects unsafe input: node_modules/secret (0.1223ms)
✔ N00 source inventory rejects unsafe input: test-results/secret (0.1052ms)
✔ N00 source inventory rejects unsafe input: app/../secret (0.1404ms)
✔ N00 source inventory accepts a source file (0.11ms)
✔ N00 build includes BuyerOS frontend services and generated types (0.3572ms)
✔ N00 build excludes Python/services and historical evidence (0.4025ms)
✔ N00 child env excludes inherited DB/Auth/provider variables (0.2434ms)
✔ N00 cache seed requires matching declared owner (0.4608ms)
✔ N00 emitted static assets stay within the output static directory (0.4073ms)
✔ N00 registers Vinext public fetch entry as the Nitro RSC service without changing production config (0.4134ms)
✔ N00 storage permits only canonical locale prefs and refuses tokens or credential fields (0.3391ms)
✔ proxy refuses arbitrary URLs, unowned servers and unbound journals before any request (148.4237ms)
✔ HTTP reservation is durable and pending before the owned backend receives the request (142.9572ms)
✔ SDK origin, session/challenge cookies and JWT headers survive relay without entering evidence (55.5031ms)
✔ approved local callback302 is preserved manually, and an external redirect is blocked (143.7299ms)
✔ committed POST with a lost response is not replayed after proxy and journal restart (144.3472ms)
✔ budget exhaustion refuses dispatch and keeps cleanup reserve after restart (2303.6516ms)
✔ expired target and over-size body fail closed without dispatching upstream (76.2448ms)
✔ POST server500 retains an unknown write and timeout is bounded without automatic retry (185.953ms)
✔ read-only fixture budget inspection exposes counts without auth traffic or credential data (53.0829ms)
✔ concurrent identical fixture POSTs share the in-flight barrier before upstream acceptance is known (117.897ms)
✔ fixture cleanup control requires the exact local owner nonce and never forwards to backend (53.3581ms)
✔ real target requires observed exact identifiers and explicit Ed25519 trust (11.5533ms)
✔ template has null target and trust values and check denies it without a network call (513.6798ms)
✔ real preflight denies production project (0.5002ms)
✔ real preflight denies existing Cloudflare preview (0.184ms)
✔ real preflight denies different owner (0.1998ms)
✔ real preflight denies cloned data (0.1975ms)
✔ real preflight denies unmatched branch readback (0.2775ms)
✔ real preflight denies missing audience (0.3146ms)
✔ real preflight denies Auth0 RSA algorithm (0.3106ms)
✔ real preflight denies wrong key curve (0.3656ms)
✔ real preflight denies email enabled (0.2428ms)
✔ real preflight denies email registration (0.1933ms)
✔ real preflight denies email hook (0.1723ms)
✔ real preflight denies paid plan (0.1463ms)
✔ real preflight denies wildcard trusted domain (0.2312ms)
✔ real preflight denies unknown config or DSN (0.1327ms)
✔ real preflight denies credential URL (0.1526ms)
✔ real preflight denies loopback masquerading as real (0.1975ms)
✔ real preflight denies unreviewed JWKS host (0.1818ms)
✔ real preflight denies extended expiry (0.1785ms)
✔ real preflight denies future creation (0.2679ms)
✔ expiry blocks new runtime configuration while exact cleanup remains available (45.6399ms)
✔ runtime secrets and explicit trust never enter build env or inherit DB/provider config (1.019ms)
✔ journal cannot be created without an explicit authorization reference or overwrite an earlier run (15.6025ms)
✔ setup before target creation and failed requests consume the same persistent budget (78.6114ms)
✔ lost response is reserved before execution, survives restart and cannot be blindly retried (43.5983ms)
✔ 180 probes reserve 20 cleanup/reconcile checks and hard cap is 200 including errors (3018.4507ms)
✔ target binding is immutable across process restarts and IDs cannot be repointed (35.6664ms)
✔ two build reservations are bounded to 20 minutes and remain consumed on restart (45.8237ms)
✔ cleanup needs fresh matching readback and may select only one bound test identity (57.4129ms)
✔ unknown outcomes and suspicious operation metadata do not leak bearer, query or credential data to journal (96.6502ms)
✔ a concurrent writer or corrupt journal fails closed without resetting counters (34.3054ms)
✔ ledger tampering with limits or target fingerprint fails before cleanup or a new reservation (27.1142ms)
✔ persisted settled results need evidence and probe reservations cannot exceed the original expiry (51.337ms)
✔ build deadline cannot exceed resource TTL and persisted build sequence cannot be forged (37.8974ms)
✔ an actual terminated Node process leaves its reservation consumed and the next process sees it (629.5908ms)
✔ runtime env carries the validated complete manifest, and build env drops it with all trust/secrets (5.2324ms)
✔ explicit issuer is kept independent from Auth base URL and actual SDK cookie options are returned (1.3775ms)
✔ runtime missing N00_REAL_TARGET_JSON refuses SDK construction without fallback (1.1533ms)
✔ runtime missing N00_TARGET_FINGERPRINT refuses SDK construction without fallback (0.523ms)
✔ runtime missing NEON_AUTH_BASE_URL refuses SDK construction without fallback (0.4589ms)
✔ runtime missing NEON_AUTH_COOKIE_SECRET refuses SDK construction without fallback (0.3401ms)
✔ runtime missing N00_AUTH_ISSUER refuses SDK construction without fallback (0.3268ms)
✔ runtime missing N00_AUTH_AUDIENCE refuses SDK construction without fallback (0.3577ms)
✔ runtime missing N00_AUTH_JWKS_URL refuses SDK construction without fallback (0.4225ms)
✔ runtime missing N00_AUTH_ALGORITHM refuses SDK construction without fallback (0.5619ms)
✔ runtime drift NEON_AUTH_BASE_URL refuses initialization (0.6851ms)
✔ runtime drift N00_AUTH_ISSUER refuses initialization (0.4294ms)
✔ runtime drift N00_AUTH_AUDIENCE refuses initialization (0.4978ms)
✔ runtime drift N00_AUTH_JWKS_URL refuses initialization (0.3817ms)
✔ runtime drift N00_AUTH_ALGORITHM refuses initialization (0.3624ms)
✔ runtime drift N00_TARGET_FINGERPRINT refuses initialization (0.3902ms)
✔ malformed manifest error cannot echo secret or input data (0.5968ms)
✔ oversize manifest refuses parsing rather than consuming an unbounded runtime input (0.3412ms)
✔ runtime reuses full target validation and rejects production IDs (0.4135ms)
✔ module/runtime creation consumes no env or SDK initialization at build time (0.1285ms)
✔ request initialization revalidates but caches one SDK instance for exact same context (0.6571ms)
✔ cached SDK cannot bypass the two-hour target expiry (0.5943ms)
✔ changed target cannot reuse or silently replace an already bound SDK context (1.4154ms)
✔ changed cookie secret requires a new owned runtime rather than silent context replacement (0.6668ms)
✔ fresher matching readback does not change the bound target/SDK intent (0.7772ms)
✔ SDK constructor errors are redacted and cannot disclose runtime cookie secret (0.6807ms)
✔ runtime description contains only target/trust context and no cookie secret (2.9565ms)
✔ returned runtime config cannot be mutated to change the validated SDK/trust tuple (1.1044ms)
✔ separate build-environment Node process imports the runtime module without secret/init (535.3027ms)
✔ runtime consumer independently refuses an invalid cookie secret (0.7345ms)
✔ compatibility profile retains original output and source overlay (3.4466ms)
✔ runtime profile has distinct output and real-only plus probe scaffolding (1.6295ms)
✔ build profile refuses custom paths and unreviewed profiles (0.9409ms)
✔ Nitro runtime profile selects only its reviewed service entry (1.6428ms)
✔ probe target accepts only explicit fictional IDs/hosts/audience (0.4525ms)
✔ probe refuses a real projectId (0.199ms)
✔ probe refuses a real branchId (0.1586ms)
✔ probe refuses a real authId (0.1325ms)
✔ probe refuses external trust and base hosts or non-fictional audience (0.478ms)
✔ probe fetch guard refuses every request before original transport dispatch (0.7149ms)
✔ Vercel exposes only the app and binds its API call to the internal API service (103.5996ms)
✔ the app proxy forwards the bearer and original API path to the bound service (247.6776ms)
✔ the app proxy fails closed when the binding is absent (3.8166ms)
✔ the app proxy streams writes and preserves API conflicts without forwarding cookies (2.5896ms)
✔ FastAPI redirects stay on the public app path (4.4303ms)
ℹ tests 120
ℹ suites 0
ℹ pass 120
ℹ fail 0
ℹ cancelled 0
ℹ skipped 0
ℹ todo 0
ℹ duration_ms 14249.0756
