✔ checked-in API types match the current OpenAPI contract (11833.2682ms)
✔ U13 actual callback render during initializing is status, never configuration alert (14.7281ms)
✔ N00 built fixture is isolated from playwright.audit-fixes.config.ts (3832.5289ms)
✔ N00 built fixture is isolated from playwright.audit-regression.config.ts (3114.626ms)
✔ N00 dedicated config discovers all seven built-output cases (1900.0855ms)
✔ N00 counted config discovers the same seven cases with separate producer outputs (1665.7959ms)
✔ N00 rejects a non-owned upstream: https://auth.neon.tech/neondb/auth (17.025ms)
✔ N00 rejects a non-owned upstream: http://127.0.0.1.evil.test/auth (0.2003ms)
✔ N00 rejects a non-owned upstream: http://user:password@localhost:44891/auth (0.7713ms)
✔ N00 rejects a non-owned upstream: http://0.0.0.0:44891/auth (0.231ms)
✔ N00 accepts the loopback fixture base path (26.8073ms)
✔ N00 source inventory rejects unsafe input: ../.env (0.7183ms)
✔ N00 source inventory rejects unsafe input: a/../../secret (0.3971ms)
✔ N00 source inventory rejects unsafe input: /secret (0.192ms)
✔ N00 source inventory rejects unsafe input: C:/secret (0.6861ms)
✔ N00 source inventory rejects unsafe input: a/.env.production (0.4779ms)
✔ N00 source inventory rejects unsafe input: a\.env.local (2.0156ms)
✔ N00 source inventory rejects unsafe input: node_modules/secret (0.1299ms)
✔ N00 source inventory rejects unsafe input: test-results/secret (0.3257ms)
✔ N00 source inventory rejects unsafe input: app/../secret (0.7789ms)
✔ N00 source inventory accepts a source file (0.1812ms)
✔ N00 build includes BuyerOS frontend services and generated types (0.3516ms)
✔ N00 build excludes Python/services and historical evidence (1.3346ms)
✔ N00 child env excludes inherited DB/Auth/provider variables (0.532ms)
✔ N00 cache seed requires matching declared owner (0.4695ms)
✔ N00 emitted static assets stay within the output static directory (1.1117ms)
✔ N00 registers Vinext public fetch entry as the Nitro RSC service without changing production config (0.5554ms)
✔ N00 storage permits only canonical locale prefs and refuses tokens or credential fields (16.5515ms)
✔ proxy refuses arbitrary URLs, unowned servers and unbound journals before any request (148.4949ms)
✔ HTTP reservation is durable and pending before the owned backend receives the request (115.0658ms)
✔ SDK origin, session/challenge cookies and JWT headers survive relay without entering evidence (68.3769ms)
✔ approved local callback302 is preserved manually, and an external redirect is blocked (105.5381ms)
✔ committed POST with a lost response is not replayed after proxy and journal restart (193.1486ms)
✔ budget exhaustion refuses dispatch and keeps cleanup reserve after restart (2887.8295ms)
✔ expired target and over-size body fail closed without dispatching upstream (68.4685ms)
✔ POST server500 retains an unknown write and timeout is bounded without automatic retry (227.5885ms)
✔ read-only fixture budget inspection exposes counts without auth traffic or credential data (33.3766ms)
✔ concurrent identical fixture POSTs share the in-flight barrier before upstream acceptance is known (275.6354ms)
✔ fixture cleanup control requires the exact local owner nonce and never forwards to backend (36.7874ms)
✔ real target requires observed exact identifiers and explicit Ed25519 trust (6.0944ms)
✔ template has null target and trust values and check denies it without a network call (458.0623ms)
✔ real preflight denies production project (0.663ms)
✔ real preflight denies existing Cloudflare preview (0.2058ms)
✔ real preflight denies different owner (0.2265ms)
✔ real preflight denies cloned data (0.1912ms)
✔ real preflight denies unmatched branch readback (0.2748ms)
✔ real preflight denies missing audience (0.2611ms)
✔ real preflight denies Auth0 RSA algorithm (0.31ms)
✔ real preflight denies wrong key curve (0.3606ms)
✔ real preflight denies email enabled (0.2141ms)
✔ real preflight denies email registration (0.176ms)
✔ real preflight denies email hook (0.1294ms)
✔ real preflight denies paid plan (0.0969ms)
✔ real preflight denies wildcard trusted domain (0.179ms)
✔ real preflight denies unknown config or DSN (0.1265ms)
✔ real preflight denies credential URL (0.1667ms)
✔ real preflight denies loopback masquerading as real (0.1233ms)
✔ real preflight denies unreviewed JWKS host (0.1399ms)
✔ real preflight denies extended expiry (0.1092ms)
✔ real preflight denies future creation (0.1164ms)
✔ expiry blocks new runtime configuration while exact cleanup remains available (39.002ms)
✔ runtime secrets and explicit trust never enter build env or inherit DB/provider config (1.091ms)
✔ journal cannot be created without an explicit authorization reference or overwrite an earlier run (10.3804ms)
✔ setup before target creation and failed requests consume the same persistent budget (64.9827ms)
✔ lost response is reserved before execution, survives restart and cannot be blindly retried (57.3845ms)
✔ 180 probes reserve 20 cleanup/reconcile checks and hard cap is 200 including errors (3036.6598ms)
✔ target binding is immutable across process restarts and IDs cannot be repointed (31.9815ms)
✔ two build reservations are bounded to 20 minutes and remain consumed on restart (40.7904ms)
✔ cleanup needs fresh matching readback and may select only one bound test identity (48.2178ms)
✔ unknown outcomes and suspicious operation metadata do not leak bearer, query or credential data to journal (36.3587ms)
✔ a concurrent writer or corrupt journal fails closed without resetting counters (170.5736ms)
✔ ledger tampering with limits or target fingerprint fails before cleanup or a new reservation (119.9562ms)
✔ persisted settled results need evidence and probe reservations cannot exceed the original expiry (31.9866ms)
✔ build deadline cannot exceed resource TTL and persisted build sequence cannot be forged (26.9601ms)
✔ an actual terminated Node process leaves its reservation consumed and the next process sees it (524.7059ms)
✔ runtime env carries the validated complete manifest, and build env drops it with all trust/secrets (5.6666ms)
✔ explicit issuer is kept independent from Auth base URL and actual SDK cookie options are returned (1.5142ms)
✔ runtime missing N00_REAL_TARGET_JSON refuses SDK construction without fallback (1.2493ms)
✔ runtime missing N00_TARGET_FINGERPRINT refuses SDK construction without fallback (0.4813ms)
✔ runtime missing NEON_AUTH_BASE_URL refuses SDK construction without fallback (0.3951ms)
✔ runtime missing NEON_AUTH_COOKIE_SECRET refuses SDK construction without fallback (0.3377ms)
✔ runtime missing N00_AUTH_ISSUER refuses SDK construction without fallback (0.3228ms)
✔ runtime missing N00_AUTH_AUDIENCE refuses SDK construction without fallback (0.3798ms)
✔ runtime missing N00_AUTH_JWKS_URL refuses SDK construction without fallback (0.3875ms)
✔ runtime missing N00_AUTH_ALGORITHM refuses SDK construction without fallback (0.7634ms)
✔ runtime drift NEON_AUTH_BASE_URL refuses initialization (19.5957ms)
✔ runtime drift N00_AUTH_ISSUER refuses initialization (2.7246ms)
✔ runtime drift N00_AUTH_AUDIENCE refuses initialization (0.954ms)
✔ runtime drift N00_AUTH_JWKS_URL refuses initialization (0.9804ms)
✔ runtime drift N00_AUTH_ALGORITHM refuses initialization (0.3949ms)
✔ runtime drift N00_TARGET_FINGERPRINT refuses initialization (0.4438ms)
✔ malformed manifest error cannot echo secret or input data (16.4031ms)
✔ oversize manifest refuses parsing rather than consuming an unbounded runtime input (1.7612ms)
✔ runtime reuses full target validation and rejects production IDs (0.597ms)
✔ module/runtime creation consumes no env or SDK initialization at build time (0.1873ms)
✔ request initialization revalidates but caches one SDK instance for exact same context (0.8516ms)
✔ cached SDK cannot bypass the two-hour target expiry (0.7215ms)
✔ changed target cannot reuse or silently replace an already bound SDK context (1.2728ms)
✔ changed cookie secret requires a new owned runtime rather than silent context replacement (1.0105ms)
✔ fresher matching readback does not change the bound target/SDK intent (0.8679ms)
✔ SDK constructor errors are redacted and cannot disclose runtime cookie secret (0.4691ms)
✔ runtime description contains only target/trust context and no cookie secret (0.577ms)
✔ returned runtime config cannot be mutated to change the validated SDK/trust tuple (0.5341ms)
✔ separate build-environment Node process imports the runtime module without secret/init (331.0251ms)
✔ runtime consumer independently refuses an invalid cookie secret (0.6227ms)
✔ owned cleanup removes private configuration and keeps marker through a transient state failure (134.8372ms)
✔ cleanup rejects a mismatched owner before deleting configuration (5.6492ms)
✔ cleanup refuses an unreviewed entry before deleting owned configuration (6.9667ms)
✔ cleanup deadline retains the owner while private configuration is removed (190.1993ms)
✔ cleanup propagates non-transient IO errors without deleting ownership (105.6889ms)
✔ cleanup rejects a root symlink and preserves its target (4.6532ms)
✔ compatibility profile retains original output and source overlay (2.1998ms)
✔ runtime profile has distinct output and real-only plus probe scaffolding (0.261ms)
✔ build profile refuses custom paths and unreviewed profiles (0.5957ms)
✔ Nitro runtime profile selects only its reviewed service entry (3.7329ms)
✔ probe target accepts only explicit fictional IDs/hosts/audience (0.7596ms)
✔ probe refuses a real projectId (0.2323ms)
✔ probe refuses a real branchId (0.2133ms)
✔ probe refuses a real authId (0.1668ms)
✔ probe refuses external trust and base hosts or non-fictional audience (0.5423ms)
✔ probe fetch guard refuses every request before original transport dispatch (0.757ms)
✔ Vercel exposes only the app and binds its API call to the internal API service (5.0579ms)
✔ the app proxy forwards the bearer and original API path to the bound service (156.3201ms)
✔ the app proxy fails closed when the binding is absent (1.7712ms)
✔ the app proxy streams writes and preserves API conflicts without forwarding cookies (1.6398ms)
✔ FastAPI redirects stay on the public app path (3.3866ms)
ℹ tests 126
ℹ suites 0
ℹ pass 126
ℹ fail 0
ℹ cancelled 0
ℹ skipped 0
ℹ todo 0
ℹ duration_ms 12046.3406
