
 ⛅️ wrangler 4.137.0 (update available 4.147.0)
───────────────────────────────────────────────
Your Worker has access to the following bindings:
Binding                                     Resource                  Mode
env.N00_RUNTIME_PROBE_MODE ("fixture")      Environment Variable      local

Attaching additional modules:
┌───────────────────────────────────────────────────────────────────────────────────────────────────────────────────────────┬──────┬────────────┐
│ Name                                                                                                                      │ Type │ Size       │
├───────────────────────────────────────────────────────────────────────────────────────────────────────────────────────────┼──────┼────────────┤
│ ssr/index.js                                                                                                              │ esm  │ 271.84 KiB │
├───────────────────────────────────────────────────────────────────────────────────────────────────────────────────────────┼──────┼────────────┤
│ ssr/vinext-client-assets.js                                                                                               │ esm  │ 2.11 KiB   │
├───────────────────────────────────────────────────────────────────────────────────────────────────────────────────────────┼──────┼────────────┤
│ ssr/_next/static/app-nav-failure-handler-BXvO5Y9b.js                                                                      │ esm  │ 0.04 KiB   │
├───────────────────────────────────────────────────────────────────────────────────────────────────────────────────────────┼──────┼────────────┤
│ ssr/_next/static/app-prefetch-fetch-queue-C8nzuVhP.js                                                                     │ esm  │ 0.06 KiB   │
├───────────────────────────────────────────────────────────────────────────────────────────────────────────────────────────┼──────┼────────────┤
│ ssr/_next/static/app-router-scroll-CTAKaj75.js                                                                            │ esm  │ 2.08 KiB   │
├───────────────────────────────────────────────────────────────────────────────────────────────────────────────────────────┼──────┼────────────┤
│ ssr/_next/static/app-router-scroll-state-BHKmjwWv.js                                                                      │ esm  │ 0.51 KiB   │
├───────────────────────────────────────────────────────────────────────────────────────────────────────────────────────────┼──────┼────────────┤
│ ssr/_next/static/error-boundary-Djqhph0n.js                                                                               │ esm  │ 5.30 KiB   │
├───────────────────────────────────────────────────────────────────────────────────────────────────────────────────────────┼──────┼────────────┤
│ ssr/_next/static/layout-segment-context-CIF7R_Jd.js                                                                       │ esm  │ 0.37 KiB   │
├───────────────────────────────────────────────────────────────────────────────────────────────────────────────────────────┼──────┼────────────┤
│ ssr/_next/static/page-D4Z9DgHk.js                                                                                         │ esm  │ 2.26 KiB   │
├───────────────────────────────────────────────────────────────────────────────────────────────────────────────────────────┼──────┼────────────┤
│ ssr/_next/static/static.edge-DHDlOxsw.js                                                                                  │ esm  │ 0.16 KiB   │
├───────────────────────────────────────────────────────────────────────────────────────────────────────────────────────────┼──────┼────────────┤
│ ssr/_next/static/streamed-icons-CW0Ww09I.js                                                                               │ esm  │ 0.67 KiB   │
├───────────────────────────────────────────────────────────────────────────────────────────────────────────────────────────┼──────┼────────────┤
│ ssr/__vite_rsc_assets_manifest.js                                                                                         │ esm  │ 2.62 KiB   │
├───────────────────────────────────────────────────────────────────────────────────────────────────────────────────────────┼──────┼────────────┤
│ vinext-client-assets.js                                                                                                   │ esm  │ 2.11 KiB   │
├───────────────────────────────────────────────────────────────────────────────────────────────────────────────────────────┼──────┼────────────┤
│ _next/static/app-page-cache-4i1cqlW8.js                                                                                   │ esm  │ 5.07 KiB   │
├───────────────────────────────────────────────────────────────────────────────────────────────────────────────────────────┼──────┼────────────┤
│ _next/static/app-page-cache-finalizer-Y4_6SSSi.js                                                                         │ esm  │ 3.40 KiB   │
├───────────────────────────────────────────────────────────────────────────────────────────────────────────────────────────┼──────┼────────────┤
│ _next/static/app-page-cache-render-CHY7YeuM.js                                                                            │ esm  │ 1.90 KiB   │
├───────────────────────────────────────────────────────────────────────────────────────────────────────────────────────────┼──────┼────────────┤
│ _next/static/app-page-stream-DZtYJdhx.js                                                                                  │ esm  │ 9.77 KiB   │
├───────────────────────────────────────────────────────────────────────────────────────────────────────────────────────────┼──────┼────────────┤
│ _next/static/app-prerender-endpoints-CGft78vG.js                                                                          │ esm  │ 1.96 KiB   │
├───────────────────────────────────────────────────────────────────────────────────────────────────────────────────────────┼──────┼────────────┤
│ _next/static/app-prerender-static-params-dmn57oDL.js                                                                      │ esm  │ 1.09 KiB   │
├───────────────────────────────────────────────────────────────────────────────────────────────────────────────────────────┼──────┼────────────┤
│ _next/static/app-route-handler-dispatch-sFI1qpZZ.js                                                                       │ esm  │ 16.93 KiB  │
├───────────────────────────────────────────────────────────────────────────────────────────────────────────────────────────┼──────┼────────────┤
│ _next/static/app-segment-config-sp1vmJkd.js                                                                               │ esm  │ 15.22 KiB  │
├───────────────────────────────────────────────────────────────────────────────────────────────────────────────────────────┼──────┼────────────┤
│ _next/static/app-static-generation-yOskrLyP.js                                                                            │ esm  │ 0.89 KiB   │
├───────────────────────────────────────────────────────────────────────────────────────────────────────────────────────────┼──────┼────────────┤
│ _next/static/base-path-7wmUKVfF.js                                                                                        │ esm  │ 0.31 KiB   │
├───────────────────────────────────────────────────────────────────────────────────────────────────────────────────────────┼──────┼────────────┤
│ _next/static/cache-headers-DTVL05wU.js                                                                                    │ esm  │ 37.89 KiB  │
├───────────────────────────────────────────────────────────────────────────────────────────────────────────────────────────┼──────┼────────────┤
│ _next/static/external-url-D8OJT2pT.js                                                                                     │ esm  │ 0.08 KiB   │
├───────────────────────────────────────────────────────────────────────────────────────────────────────────────────────────┼──────┼────────────┤
│ _next/static/framework~index-BZz3m4Uy.js                                                                                  │ esm  │ 0.19 KiB   │
├───────────────────────────────────────────────────────────────────────────────────────────────────────────────────────────┼──────┼────────────┤
│ _next/static/framework~index~layout~page~app-page-cache-render~app-page-cache~app-route-handler-dispatch-5q7p9rza.js      │ esm  │ 0.80 KiB   │
├───────────────────────────────────────────────────────────────────────────────────────────────────────────────────────────┼──────┼────────────┤
│ _next/static/framework~index~page~app-route-handler-dispatch-B8pWOx_M.js                                                  │ esm  │ 55.29 KiB  │
├───────────────────────────────────────────────────────────────────────────────────────────────────────────────────────────┼──────┼────────────┤
│ _next/static/framework~index~page~layout~page~app-page-cache-render~app-page-cache~app-route-handler-dispatch-OwB9qNNE.js │ esm  │ 5.37 KiB   │
├───────────────────────────────────────────────────────────────────────────────────────────────────────────────────────────┼──────┼────────────┤
│ _next/static/headers-BfykfXy0.js                                                                                          │ esm  │ 14.74 KiB  │
├───────────────────────────────────────────────────────────────────────────────────────────────────────────────────────────┼──────┼────────────┤
│ _next/static/headers-Dkhm9UE9.js                                                                                          │ esm  │ 4.64 KiB   │
├───────────────────────────────────────────────────────────────────────────────────────────────────────────────────────────┼──────┼────────────┤
│ _next/static/implicit-tags-D7-J6qfp.js                                                                                    │ esm  │ 1.32 KiB   │
├───────────────────────────────────────────────────────────────────────────────────────────────────────────────────────────┼──────┼────────────┤
│ _next/static/isr-cache-BBy2a6bM.js                                                                                        │ esm  │ 4.89 KiB   │
├───────────────────────────────────────────────────────────────────────────────────────────────────────────────────────────┼──────┼────────────┤
│ _next/static/isr-decision-D9mf5vw1.js                                                                                     │ esm  │ 0.75 KiB   │
├───────────────────────────────────────────────────────────────────────────────────────────────────────────────────────────┼──────┼────────────┤
│ _next/static/page-BUr1WO7c.js                                                                                             │ esm  │ 0.04 KiB   │
├───────────────────────────────────────────────────────────────────────────────────────────────────────────────────────────┼──────┼────────────┤
│ _next/static/page-C1MS4E4c.js                                                                                             │ esm  │ 0.39 KiB   │
├───────────────────────────────────────────────────────────────────────────────────────────────────────────────────────────┼──────┼────────────┤
│ _next/static/page-DwCx0zao.js                                                                                             │ esm  │ 0.18 KiB   │
├───────────────────────────────────────────────────────────────────────────────────────────────────────────────────────────┼──────┼────────────┤
│ _next/static/parse-cookie-C_vyd1xk.js                                                                                     │ esm  │ 1.68 KiB   │
├───────────────────────────────────────────────────────────────────────────────────────────────────────────────────────────┼──────┼────────────┤
│ _next/static/protocol-headers-MzHF3qaV.js                                                                                 │ esm  │ 0.41 KiB   │
├───────────────────────────────────────────────────────────────────────────────────────────────────────────────────────────┼──────┼────────────┤
│ _next/static/record-DYQbu9WN.js                                                                                           │ esm  │ 0.08 KiB   │
├───────────────────────────────────────────────────────────────────────────────────────────────────────────────────────────┼──────┼────────────┤
│ _next/static/rolldown-runtime-DUnMT5BP.js                                                                                 │ esm  │ 0.68 KiB   │
├───────────────────────────────────────────────────────────────────────────────────────────────────────────────────────────┼──────┼────────────┤
│ _next/static/root-params-Ln_c6CbX.js                                                                                      │ esm  │ 1.33 KiB   │
├───────────────────────────────────────────────────────────────────────────────────────────────────────────────────────────┼──────┼────────────┤
│ _next/static/route-CYD7hqhP.js                                                                                            │ esm  │ 1.43 KiB   │
├───────────────────────────────────────────────────────────────────────────────────────────────────────────────────────────┼──────┼────────────┤
│ _next/static/route-DaAUsbW9.js                                                                                            │ esm  │ 2.30 KiB   │
├───────────────────────────────────────────────────────────────────────────────────────────────────────────────────────────┼──────┼────────────┤
│ _next/static/route-ugXs13to.js                                                                                            │ esm  │ 0.21 KiB   │
├───────────────────────────────────────────────────────────────────────────────────────────────────────────────────────────┼──────┼────────────┤
│ _next/static/rsc-DkONQdQ6.js                                                                                              │ esm  │ 0.71 KiB   │
├───────────────────────────────────────────────────────────────────────────────────────────────────────────────────────────┼──────┼────────────┤
│ _next/static/server-B8DgVFbk.js                                                                                           │ esm  │ 13.07 KiB  │
├───────────────────────────────────────────────────────────────────────────────────────────────────────────────────────────┼──────┼────────────┤
│ _next/static/server-B_WuDTuU.js                                                                                           │ esm  │ 136.07 KiB │
├───────────────────────────────────────────────────────────────────────────────────────────────────────────────────────────┼──────┼────────────┤
│ _next/static/text-stream-B8p6Szsy.js                                                                                      │ esm  │ 18.99 KiB  │
├───────────────────────────────────────────────────────────────────────────────────────────────────────────────────────────┼──────┼────────────┤
│ __vite_rsc_assets_manifest.js                                                                                             │ esm  │ 2.62 KiB   │
├───────────────────────────────────────────────────────────────────────────────────────────────────────────────────────────┼──────┼────────────┤
│ Total (50 modules)                                                                                                        │      │ 652.81 KiB │
└───────────────────────────────────────────────────────────────────────────────────────────────────────────────────────────┴──────┴────────────┘
⎔ Starting local server...
[wrangler:info] ✨ Parsed 1 valid header rule.
[wrangler:info] Ready on http://127.0.0.1:44900
[wrangler:info] GET / 200 OK (1740ms)
[wrangler:info] GET / 200 OK (978ms)
[wrangler:info] GET / 200 OK (1768ms)
[wrangler:info] GET /api/n00-runtime 503 Service Unavailable (14ms)
