✔ N00 built fixture is isolated from playwright.audit-fixes.config.ts (3546.432ms)
✔ N00 built fixture is isolated from playwright.audit-regression.config.ts (1961.5364ms)
✔ N00 dedicated config discovers all seven built-output cases (2418.9138ms)
✔ N00 counted config discovers the same seven cases with separate producer outputs (2987.0633ms)
✔ N00 rejects a non-owned upstream: https://auth.neon.tech/neondb/auth (3.3895ms)
✔ N00 rejects a non-owned upstream: http://127.0.0.1.evil.test/auth (0.2278ms)
✔ N00 rejects a non-owned upstream: http://user:password@localhost:44891/auth (0.1533ms)
✔ N00 rejects a non-owned upstream: http://0.0.0.0:44891/auth (0.1266ms)
✔ N00 accepts the loopback fixture base path (0.7239ms)
✔ N00 source inventory rejects unsafe input: ../.env (0.3051ms)
✔ N00 source inventory rejects unsafe input: a/../../secret (0.203ms)
✔ N00 source inventory rejects unsafe input: /secret (0.1221ms)
✔ N00 source inventory rejects unsafe input: C:/secret (0.2907ms)
✔ N00 source inventory rejects unsafe input: a/.env.production (0.386ms)
✔ N00 source inventory rejects unsafe input: a\.env.local (0.1836ms)
✔ N00 source inventory rejects unsafe input: node_modules/secret (0.0979ms)
✔ N00 source inventory rejects unsafe input: test-results/secret (0.0632ms)
✔ N00 source inventory rejects unsafe input: app/../secret (0.104ms)
✔ N00 source inventory accepts a source file (0.1089ms)
✔ N00 build includes BuyerOS frontend services and generated types (0.4256ms)
✔ N00 build excludes Python/services and historical evidence (0.1535ms)
✔ N00 child env excludes inherited DB/Auth/provider variables (0.2235ms)
✔ N00 cache seed requires matching declared owner (0.3731ms)
✔ N00 emitted static assets stay within the output static directory (0.3889ms)
✔ N00 registers Vinext public fetch entry as the Nitro RSC service without changing production config (0.3716ms)
✔ N00 storage permits only canonical locale prefs and refuses tokens or credential fields (0.3252ms)
✔ proxy refuses arbitrary URLs, unowned servers and unbound journals before any request (144.9817ms)
✔ HTTP reservation is durable and pending before the owned backend receives the request (264.9501ms)
✔ SDK origin, session/challenge cookies and JWT headers survive relay without entering evidence (405.3925ms)
✔ approved local callback302 is preserved manually, and an external redirect is blocked (98.1159ms)
✔ committed POST with a lost response is not replayed after proxy and journal restart (144.6509ms)
✔ budget exhaustion refuses dispatch and keeps cleanup reserve after restart (2351.4311ms)
✔ expired target and over-size body fail closed without dispatching upstream (54.7223ms)
✔ POST server500 retains an unknown write and timeout is bounded without automatic retry (188.5667ms)
✔ read-only fixture budget inspection exposes counts without auth traffic or credential data (54.0345ms)
✔ concurrent identical fixture POSTs share the in-flight barrier before upstream acceptance is known (66.6337ms)
✔ fixture cleanup control requires the exact local owner nonce and never forwards to backend (47.3386ms)
✔ real target requires observed exact identifiers and explicit Ed25519 trust (4.3486ms)
✔ template has null target and trust values and check denies it without a network call (554.2364ms)
✔ real preflight denies production project (0.5116ms)
✔ real preflight denies existing Cloudflare preview (0.1977ms)
✔ real preflight denies different owner (0.2196ms)
✔ real preflight denies cloned data (0.1927ms)
✔ real preflight denies unmatched branch readback (0.2832ms)
✔ real preflight denies missing audience (0.3233ms)
✔ real preflight denies Auth0 RSA algorithm (0.419ms)
✔ real preflight denies wrong key curve (0.3662ms)
✔ real preflight denies email enabled (0.1718ms)
✔ real preflight denies email registration (0.1679ms)
✔ real preflight denies email hook (0.1322ms)
✔ real preflight denies paid plan (0.1223ms)
✔ real preflight denies wildcard trusted domain (0.1783ms)
✔ real preflight denies unknown config or DSN (0.1256ms)
✔ real preflight denies credential URL (0.1488ms)
✔ real preflight denies loopback masquerading as real (0.1588ms)
✔ real preflight denies unreviewed JWKS host (0.1681ms)
✔ real preflight denies extended expiry (0.1265ms)
✔ real preflight denies future creation (0.1529ms)
✔ expiry blocks new runtime configuration while exact cleanup remains available (33.9535ms)
✔ runtime secrets and explicit trust never enter build env or inherit DB/provider config (1.1863ms)
✔ journal cannot be created without an explicit authorization reference or overwrite an earlier run (7.8198ms)
✔ setup before target creation and failed requests consume the same persistent budget (55.2462ms)
✔ lost response is reserved before execution, survives restart and cannot be blindly retried (115.4668ms)
✔ 180 probes reserve 20 cleanup/reconcile checks and hard cap is 200 including errors (3243.6891ms)
✔ target binding is immutable across process restarts and IDs cannot be repointed (32.823ms)
✔ two build reservations are bounded to 20 minutes and remain consumed on restart (35.0039ms)
✔ cleanup needs fresh matching readback and may select only one bound test identity (33.102ms)
✔ unknown outcomes and suspicious operation metadata do not leak bearer, query or credential data to journal (38.631ms)
✔ a concurrent writer or corrupt journal fails closed without resetting counters (38.5765ms)
✔ ledger tampering with limits or target fingerprint fails before cleanup or a new reservation (24.5258ms)
✔ persisted settled results need evidence and probe reservations cannot exceed the original expiry (35.4439ms)
✔ build deadline cannot exceed resource TTL and persisted build sequence cannot be forged (31.1352ms)
✔ an actual terminated Node process leaves its reservation consumed and the next process sees it (379.9025ms)
✔ runtime env carries the validated complete manifest, and build env drops it with all trust/secrets (6.4161ms)
✔ explicit issuer is kept independent from Auth base URL and actual SDK cookie options are returned (2.3387ms)
✔ runtime missing N00_REAL_TARGET_JSON refuses SDK construction without fallback (1.2499ms)
✔ runtime missing N00_TARGET_FINGERPRINT refuses SDK construction without fallback (0.5466ms)
✔ runtime missing NEON_AUTH_BASE_URL refuses SDK construction without fallback (0.4617ms)
✔ runtime missing NEON_AUTH_COOKIE_SECRET refuses SDK construction without fallback (0.391ms)
✔ runtime missing N00_AUTH_ISSUER refuses SDK construction without fallback (0.8724ms)
✔ runtime missing N00_AUTH_AUDIENCE refuses SDK construction without fallback (2.8681ms)
✔ runtime missing N00_AUTH_JWKS_URL refuses SDK construction without fallback (0.6593ms)
✔ runtime missing N00_AUTH_ALGORITHM refuses SDK construction without fallback (0.5917ms)
✔ runtime drift NEON_AUTH_BASE_URL refuses initialization (0.7245ms)
✔ runtime drift N00_AUTH_ISSUER refuses initialization (0.4991ms)
✔ runtime drift N00_AUTH_AUDIENCE refuses initialization (0.5711ms)
✔ runtime drift N00_AUTH_JWKS_URL refuses initialization (0.6287ms)
✔ runtime drift N00_AUTH_ALGORITHM refuses initialization (0.3759ms)
✔ runtime drift N00_TARGET_FINGERPRINT refuses initialization (0.5387ms)
✔ malformed manifest error cannot echo secret or input data (0.5838ms)
✔ oversize manifest refuses parsing rather than consuming an unbounded runtime input (0.3413ms)
✔ runtime reuses full target validation and rejects production IDs (0.7835ms)
✔ module/runtime creation consumes no env or SDK initialization at build time (0.3622ms)
✔ request initialization revalidates but caches one SDK instance for exact same context (3.0204ms)
✔ cached SDK cannot bypass the two-hour target expiry (1.0918ms)
✔ changed target cannot reuse or silently replace an already bound SDK context (2.499ms)
✔ changed cookie secret requires a new owned runtime rather than silent context replacement (0.7459ms)
✔ fresher matching readback does not change the bound target/SDK intent (0.7494ms)
✔ SDK constructor errors are redacted and cannot disclose runtime cookie secret (0.4945ms)
✔ runtime description contains only target/trust context and no cookie secret (0.5059ms)
✔ returned runtime config cannot be mutated to change the validated SDK/trust tuple (0.4793ms)
✔ separate build-environment Node process imports the runtime module without secret/init (385.3278ms)
✔ runtime consumer independently refuses an invalid cookie secret (0.6396ms)
✔ compatibility profile retains original output and source overlay (2.8417ms)
✔ runtime profile has distinct output and real-only plus probe scaffolding (0.2672ms)
✔ build profile refuses custom paths and unreviewed profiles (0.7569ms)
✔ Nitro runtime profile selects only its reviewed service entry (2.0219ms)
✔ probe target accepts only explicit fictional IDs/hosts/audience (1.5614ms)
✔ probe refuses a real projectId (0.2936ms)
✔ probe refuses a real branchId (0.1738ms)
✔ probe refuses a real authId (0.137ms)
✔ probe refuses external trust and base hosts or non-fictional audience (0.4638ms)
✔ probe fetch guard refuses every request before original transport dispatch (0.8099ms)
ℹ tests 113
ℹ suites 0
ℹ pass 113
ℹ fail 0
ℹ cancelled 0
ℹ skipped 0
ℹ todo 0
ℹ duration_ms 11499.8886
