✔ proxy refuses arbitrary URLs, unowned servers and unbound journals before any request (52.8066ms)
✔ HTTP reservation is durable and pending before the owned backend receives the request (75.7171ms)
✔ SDK origin, session/challenge cookies and JWT headers survive relay without entering evidence (41.6259ms)
✔ approved local callback302 is preserved manually, and an external redirect is blocked (43.4704ms)
✔ committed POST with a lost response is not replayed after proxy and journal restart (62.1261ms)
✔ budget exhaustion refuses dispatch and keeps cleanup reserve after restart (1168.3332ms)
✔ expired target and over-size body fail closed without dispatching upstream (58.3614ms)
✖ POST server500 retains an unknown write and timeout is bounded without automatic retry (96.9366ms)
ℹ tests 8
ℹ suites 0
ℹ pass 7
ℹ fail 1
ℹ cancelled 0
ℹ skipped 0
ℹ todo 0
ℹ duration_ms 1744.5506

✖ failing tests:

test at tests\neon-counted-proxy.test.mjs:63:1
✖ POST server500 retains an unknown write and timeout is bounded without automatic retry (96.9366ms)
  [TypeError: fetch failed] {
    [cause]: Error [SocketError]: other side closed
        at Socket.onHttpSocketEnd (node:internal/deps/undici/undici:7825:26)
        at Socket.emit (node:events:521:24)
        at endReadableNT (node:internal/streams/readable:1729:12)
        at process.processTicksAndRejections (node:internal/process/task_queues:90:21) {
      code: 'UND_ERR_SOCKET',
      socket: { localAddress: '127.0.0.1', localPort: 52560, remoteAddress: '127.0.0.1', remotePort: 52557, remoteFamily: 'IPv4', timeout: undefined, bytesWritten: 262, bytesRead: 0 }
    }
  }
