✔ checked-in API types match the current OpenAPI contract (8946.8405ms)
✔ U13 actual callback render during initializing is status, never configuration alert (12.6ms)
✔ N00 built fixture is isolated from playwright.audit-fixes.config.ts (2937.4279ms)
✔ N00 built fixture is isolated from playwright.audit-regression.config.ts (1737.4726ms)
✔ N00 dedicated config discovers all seven built-output cases (957.6543ms)
✔ N00 counted config discovers the same seven cases with separate producer outputs (1227.2884ms)
✔ N00 rejects a non-owned upstream: https://auth.neon.tech/neondb/auth (2.7648ms)
✔ N00 rejects a non-owned upstream: http://127.0.0.1.evil.test/auth (0.2418ms)
✔ N00 rejects a non-owned upstream: http://user:password@localhost:44891/auth (0.1471ms)
✔ N00 rejects a non-owned upstream: http://0.0.0.0:44891/auth (0.1369ms)
✔ N00 accepts the loopback fixture base path (0.2692ms)
✔ N00 source inventory rejects unsafe input: ../.env (0.2851ms)
✔ N00 source inventory rejects unsafe input: a/../../secret (0.1873ms)
✔ N00 source inventory rejects unsafe input: /secret (0.1228ms)
✔ N00 source inventory rejects unsafe input: C:/secret (0.1353ms)
✔ N00 source inventory rejects unsafe input: a/.env.production (0.274ms)
✔ N00 source inventory rejects unsafe input: a\.env.local (0.1558ms)
✔ N00 source inventory rejects unsafe input: node_modules/secret (0.1022ms)
✔ N00 source inventory rejects unsafe input: test-results/secret (0.0853ms)
✔ N00 source inventory rejects unsafe input: app/../secret (0.117ms)
✔ N00 source inventory accepts a source file (0.1521ms)
✔ N00 build includes BuyerOS frontend services and generated types (0.349ms)
✔ N00 build excludes Python/services and historical evidence (0.191ms)
✔ N00 child env excludes inherited DB/Auth/provider variables (0.2733ms)
✔ N00 cache seed requires matching declared owner (0.4057ms)
✔ N00 emitted static assets stay within the output static directory (0.3904ms)
✔ N00 registers Vinext public fetch entry as the Nitro RSC service without changing production config (0.3192ms)
✔ N00 storage permits only canonical locale prefs and refuses tokens or credential fields (0.3468ms)
✔ proxy refuses arbitrary URLs, unowned servers and unbound journals before any request (67.4996ms)
✔ HTTP reservation is durable and pending before the owned backend receives the request (173.155ms)
✔ SDK origin, session/challenge cookies and JWT headers survive relay without entering evidence (59.5574ms)
✔ approved local callback302 is preserved manually, and an external redirect is blocked (81.8546ms)
✔ committed POST with a lost response is not replayed after proxy and journal restart (116.142ms)
✔ budget exhaustion refuses dispatch and keeps cleanup reserve after restart (1853.7046ms)
✔ expired target and over-size body fail closed without dispatching upstream (64.5578ms)
✔ POST server500 retains an unknown write and timeout is bounded without automatic retry (165.0115ms)
✔ read-only fixture budget inspection exposes counts without auth traffic or credential data (25.5729ms)
✔ concurrent identical fixture POSTs share the in-flight barrier before upstream acceptance is known (105.1106ms)
✔ fixture cleanup control requires the exact local owner nonce and never forwards to backend (40.5122ms)
✔ real target requires observed exact identifiers and explicit Ed25519 trust (4.2818ms)
✔ template has null target and trust values and check denies it without a network call (263.8705ms)
✔ real preflight denies production project (0.4022ms)
✔ real preflight denies existing Cloudflare preview (0.1506ms)
✔ real preflight denies different owner (0.1589ms)
✔ real preflight denies cloned data (0.1682ms)
✔ real preflight denies unmatched branch readback (0.2772ms)
✔ real preflight denies missing audience (0.6915ms)
✔ real preflight denies Auth0 RSA algorithm (0.6722ms)
✔ real preflight denies wrong key curve (1.1057ms)
✔ real preflight denies email enabled (0.2343ms)
✔ real preflight denies email registration (0.2749ms)
✔ real preflight denies email hook (0.209ms)
✔ real preflight denies paid plan (0.3188ms)
✔ real preflight denies wildcard trusted domain (0.518ms)
✔ real preflight denies unknown config or DSN (0.151ms)
✔ real preflight denies credential URL (0.1925ms)
✔ real preflight denies loopback masquerading as real (0.1732ms)
✔ real preflight denies unreviewed JWKS host (0.1776ms)
✔ real preflight denies extended expiry (0.1249ms)
✔ real preflight denies future creation (0.1092ms)
✔ expiry blocks new runtime configuration while exact cleanup remains available (24.6628ms)
✔ runtime secrets and explicit trust never enter build env or inherit DB/provider config (0.9753ms)
✔ journal cannot be created without an explicit authorization reference or overwrite an earlier run (5.2105ms)
✔ setup before target creation and failed requests consume the same persistent budget (47.1714ms)
✔ lost response is reserved before execution, survives restart and cannot be blindly retried (42.8518ms)
✔ 180 probes reserve 20 cleanup/reconcile checks and hard cap is 200 including errors (2389.3966ms)
✔ target binding is immutable across process restarts and IDs cannot be repointed (21.679ms)
✔ two build reservations are bounded to 20 minutes and remain consumed on restart (27.4041ms)
✔ cleanup needs fresh matching readback and may select only one bound test identity (23.2921ms)
✔ unknown outcomes and suspicious operation metadata do not leak bearer, query or credential data to journal (16.2167ms)
✔ a concurrent writer or corrupt journal fails closed without resetting counters (20.3545ms)
✔ ledger tampering with limits or target fingerprint fails before cleanup or a new reservation (19.2951ms)
✔ persisted settled results need evidence and probe reservations cannot exceed the original expiry (32.4046ms)
✔ build deadline cannot exceed resource TTL and persisted build sequence cannot be forged (32.1851ms)
✔ an actual terminated Node process leaves its reservation consumed and the next process sees it (274.992ms)
✔ Vercel exposes only the app and binds its API call to the internal API service (4.3372ms)
✔ the app proxy forwards the bearer and original API path to the bound service (94.8669ms)
✔ the app proxy fails closed when the binding is absent (2.8309ms)
✔ the app proxy streams writes and preserves API conflicts without forwarding cookies (2.3185ms)
✔ FastAPI redirects stay on the public app path (1.0627ms)
ℹ tests 80
ℹ suites 0
ℹ pass 80
ℹ fail 0
ℹ cancelled 0
ℹ skipped 0
ℹ todo 0
ℹ duration_ms 9064.3264
