✔ checked-in API types match the current OpenAPI contract (9128.8458ms)
✔ TypeScript approval fingerprint matches v2-exact-context-crlf (20.4821ms)
✔ U05 request emits a scoped denial without changing its error or replaying (35.9338ms)
✔ U05 requestContent emits a scoped denial without changing its error or replaying (1.0398ms)
✔ U05 observer only requests membership checks for workspace-scoped 403/404 (4.2592ms)
✔ U05 an already aborted response cannot trigger a current access check (0.6451ms)
✔ U13 actual callback render during initializing is status, never configuration alert (8.7754ms)
✔ B02 confirmation is stable for row ordering but binds every material field (8.7432ms)
✔ B02 snapshot confirmation binds snapshot identity and normalized exclusions (0.1752ms)
✔ B03 frozen payload preserves confirmed rows and trimmed audit reason (0.984ms)
✔ B16 unknown assignment survives route remount and token renewal with the same key (1.001ms)
✔ B16 an unresolved assignment cannot be replaced with a materially different intent (0.1936ms)
✔ B15 pending body is immutable and retry/token renewal uses same frozen body/key (30.7077ms)
✔ B16 A-B-A keeps actor intent while stale response is cancelled; other actor/scope are independent (4.3226ms)
✔ B15 execution binds exact manifest/version/digest and retains key on unknown acceptance (3.2511ms)
✔ D03 Unicode code-point offsets retain emoji, CRLF, Chinese and unmodified text (1.3669ms)
✔ D03 split code-point ranges reclassify both pieces without destroying text (3.1726ms)
✔ D02 save has the required transition order (1.9537ms)
✔ D02 discard has the required transition order (0.1465ms)
✔ D02 cancel has the required transition order (0.0784ms)
✔ D02 rejected save 412 cannot proceed (0.4954ms)
✔ D02 rejected save 503 cannot proceed (0.1586ms)
✔ D02 clean transition does not prompt or write (0.1268ms)
✔ D02 asynchronous Save completes before proceeding (3.4041ms)
✔ U15 project failed count and paged list preserve identical canonical filter (1.7533ms)
✔ U15 explicit workspace omits project, deep link retains selected scope and status (0.3479ms)
✔ U15 invalid URL status cannot introduce unsupported server filter; paging stays bounded (0.3054ms)
✔ U06 generated member operation carries literal search and bounded page query (4.1853ms)
✔ S06 generated eligible lookup and scope context reject foreign and A-B-A responses (1.0557ms)
✔ Q09 latest101 uses only head1/tail1 generated reads, never downloads all history (4.16ms)
✔ Q09 empty and single ICP use one read; malformed/foreign pages fail closed (1.709ms)
✔ Q09 concurrent appended history is unavailable rather than a falsely latest profile (0.4538ms)
✔ Q09 A-B-A rejects a late metadata response and token renewal alone keeps the context (0.7766ms)
✔ B05 token renewal and route remount retain lost-response key; double start shares work (15.3161ms)
✔ B06 full normalized payload and actor/scope define intent; generation and key order do not (0.8193ms)
✔ B05 A-B-A rejects late result but reuses durable key; explicit reset creates new intent (3.0408ms)
▶ every disposable-API Playwright configuration actually removes its owned container and marker
  ✔ playwright.admin.config.ts (3039.4686ms)
  ✔ playwright.approval.config.ts (2108.7171ms)
  ✔ playwright.audit-fixes.config.ts (2745.2861ms)
  ✔ playwright.bulk.config.ts (3447.3561ms)
  ✔ playwright.buyer-management.config.ts (3012.0721ms)
  ✔ playwright.buyer.config.ts (4176.4369ms)
  ✔ playwright.config.ts (2005.7826ms)
  ✔ playwright.confirm.config.ts (2157.8694ms)
  ✔ playwright.contact-job.config.ts (2562.8836ms)
  ✔ playwright.cors.config.ts (2990.4573ms)
  ✔ playwright.draft.config.ts (2655.0128ms)
  ✔ playwright.exports.config.ts (3438.5014ms)
  ✔ playwright.ingestion.config.ts (4153.4146ms)
  ✔ playwright.mvp-research.config.ts (2014.6823ms)
  ✔ playwright.mvp.config.ts (3623.5007ms)
  ✔ playwright.offer.config.ts (3621.0721ms)
  ✔ playwright.policy.config.ts (2626.0519ms)
  ✔ playwright.quote.config.ts (3573.017ms)
  ✔ playwright.run.config.ts (3565.8214ms)
  ✔ playwright.workbench.config.ts (2419.7821ms)
✔ every disposable-API Playwright configuration actually removes its owned container and marker (60183.9953ms)
✔ configured audit teardown also removes its labelled UI sentinel and marker (3234.8964ms)
✔ configured audit teardown refuses a UI container whose owner label differs (3562.4247ms)
✔ configured database teardown refuses an unrecognized marker without deleting it (199.59ms)
✔ official project/auth requests bind exact resource, no credentials or deletion executor (45.8669ms)
✔ mismatched projectID refuses a cleanup plan (21.4079ms)
✔ mismatched owner refuses a cleanup plan (16.6605ms)
✔ mismatched conflicting-org refuses a cleanup plan (18.4938ms)
✔ mismatched region refuses a cleanup plan (17.1722ms)
✔ mismatched name refuses a cleanup plan (19.8503ms)
✔ mismatched project-time refuses a cleanup plan (18.2082ms)
✔ mismatched provider refuses a cleanup plan (16.967ms)
✔ mismatched authID refuses a cleanup plan (16.4215ms)
✔ mismatched branch refuses a cleanup plan (16.0567ms)
✔ mismatched ownership refuses a cleanup plan (17.7308ms)
✔ mismatched JWKS refuses a cleanup plan (16.246ms)
✔ mismatched baseURL refuses a cleanup plan (15.9789ms)
✔ mismatched auth-time refuses a cleanup plan (16.2086ms)
✔ HTTP 301 is not ownership or absence proof (14.9811ms)
✔ HTTP 401 is not ownership or absence proof (15.5691ms)
✔ HTTP 403 is not ownership or absence proof (14.1498ms)
✔ HTTP 404 is not ownership or absence proof (14.9576ms)
✔ HTTP 423 is not ownership or absence proof (17.5864ms)
✔ HTTP 429 is not ownership or absence proof (15.4744ms)
✔ HTTP 500 is not ownership or absence proof (15.3899ms)
✔ HTTP 503 is not ownership or absence proof (15.4257ms)
✔ stale readback refused (15.0981ms)
✔ future readback refused (14.5149ms)
✔ wrong-path readback refused (14.3468ms)
✔ foreign-origin readback refused (14.9624ms)
✔ query readback refused (14.0882ms)
✔ wrong-method readback refused (13.9207ms)
✔ credential-field readback refused (15.4867ms)
✔ a bound human identity blocks auth/project deletion; users_sync is not assumed Better Auth (20.6242ms)
✔ owned counted HTTP payloads decode official field names without claiming provider verification (94.0182ms)
✔ adapter contains no network, CLI or ambient credential execution path (0.9237ms)
✔ pending request keeps deletion descriptors blocked for reconciliation (14.1286ms)
✔ unknown request keeps deletion descriptors blocked for reconciliation (16.229ms)
✔ cleanup preparation after TTL requires fresh readbacks and preserves expired target (10.2984ms)
✔ an unbranded journal and malformed calendar timestamp cannot create descriptors (10.7784ms)
✔ N00 built fixture is isolated from playwright.audit-fixes.config.ts (1363.7858ms)
✔ N00 built fixture is isolated from playwright.audit-regression.config.ts (979.9657ms)
✔ N00 dedicated config discovers all seven built-output cases (662.2914ms)
✔ N00 counted config discovers the same seven cases with separate producer outputs (659.2284ms)
✔ all N00 output profiles stay isolated from playwright.audit-fixes.config.ts (1246.0607ms)
✔ all N00 output profiles stay isolated from playwright.audit-regression.config.ts (1268.4215ms)
✔ runtime flow config discovers all six actual-output cases including unknown sign-out (679.7303ms)
✔ execution config discovers the original three flows and both native browser guard cases (1501.2477ms)
✔ N00 rejects a non-owned upstream: https://auth.neon.tech/neondb/auth (2.6364ms)
✔ N00 rejects a non-owned upstream: http://127.0.0.1.evil.test/auth (0.3289ms)
✔ N00 rejects a non-owned upstream: http://user:password@localhost:44891/auth (0.1847ms)
✔ N00 rejects a non-owned upstream: http://0.0.0.0:44891/auth (0.1345ms)
✔ N00 accepts the loopback fixture base path (0.5481ms)
✔ N00 source inventory rejects unsafe input: ../.env (0.4266ms)
✔ N00 source inventory rejects unsafe input: a/../../secret (0.5307ms)
✔ N00 source inventory rejects unsafe input: /secret (0.4033ms)
✔ N00 source inventory rejects unsafe input: C:/secret (0.832ms)
✔ N00 source inventory rejects unsafe input: a/.env.production (1.3558ms)
✔ N00 source inventory rejects unsafe input: a\.env.local (1.6378ms)
✔ N00 source inventory rejects unsafe input: node_modules/secret (0.3022ms)
✔ N00 source inventory rejects unsafe input: test-results/secret (1.3818ms)
✔ N00 source inventory rejects unsafe input: app/../secret (0.2765ms)
✔ N00 source inventory accepts a source file (0.21ms)
✔ N00 build includes BuyerOS frontend services and generated types (0.8838ms)
✔ N00 build excludes Python/services and historical evidence (0.2097ms)
✔ N00 child env excludes inherited DB/Auth/provider variables (0.4624ms)
✔ N00 cache seed requires matching declared owner (0.4181ms)
✔ N00 emitted static assets stay within the output static directory (0.4522ms)
✔ N00 registers Vinext public fetch entry as the Nitro RSC service without changing production config (0.6704ms)
✔ N00 storage permits only canonical locale prefs and refuses tokens or credential fields (0.4315ms)
✔ proxy refuses arbitrary URLs, unowned servers and unbound journals before any request (50.6147ms)
✔ HTTP reservation is durable and pending before the owned backend receives the request (82.1965ms)
✔ SDK origin, session/challenge cookies and JWT headers survive relay without entering evidence (52.5217ms)
✔ approved local callback302 is preserved manually, and an external redirect is blocked (100.7495ms)
✔ committed POST with a lost response is not replayed after proxy and journal restart (118.4579ms)
✔ budget exhaustion refuses dispatch and keeps cleanup reserve after restart (1614.4915ms)
✔ expired target and over-size body fail closed without dispatching upstream (51.1771ms)
✔ POST server500 retains an unknown write and timeout is bounded without automatic retry (134.3853ms)
✔ read-only fixture budget inspection exposes counts without auth traffic or credential data (26.1265ms)
✔ concurrent identical fixture POSTs share the in-flight barrier before upstream acceptance is known (77.3355ms)
✔ fixture cleanup control requires the exact local owner nonce and never forwards to backend (23.4555ms)
✔ committed POST with a refused redirect stays unknown and is held after restart (80.3795ms)
✔ committed PUT with a refused redirect stays unknown and is held after restart (118.848ms)
✔ committed PATCH with a refused redirect stays unknown and is held after restart (121.5643ms)
✔ committed DELETE with a refused redirect stays unknown and is held after restart (88.0145ms)
✔ a malformed redirect after POST acceptance preserves the write hold without retry (68.4052ms)
✔ unknown one-use GET /fixture/auth/callback/google cannot be replayed (64.1668ms)
✔ unknown one-use GET /fixture/auth/get-session cannot be replayed (97.7949ms)
✔ reordered verifier query and renewed bearer keep the same unresolved intent (97.8981ms)
✔ restart conservatively holds writes for an unresolved read without trusting receipt semantics (123.6807ms)
✔ restart cannot erase a hold through legacy or corrupt receipt metadata (94.3562ms)
✔ official pinned SDK social write sees unknown redirect once and retry is held (426.3288ms)
✔ one-use /fixture/auth/get-session hold is bound to its verifier/state despite other query changes (64.5445ms)
✔ one-use /fixture/auth/callback/google hold is bound to its verifier/state despite other query changes (85.933ms)
✔ all SDK/browser/CLI physical hops are durably reserved before the backend receives them (189.4311ms)
✔ an unowned server, real target or unknown caller/path is refused before dispatch (23.4552ms)
✔ redirects remain manual and each explicitly followed hop consumes another reservation (44.542ms)
✔ a foreign redirect cannot cause an uncounted request (39.4257ms)
✔ commit with lost response is held across channel changes and journal restart (52.5322ms)
✔ concurrent identical writes cannot dispatch twice (38.9695ms)
✔ the 180-check stop retains 20 cleanup/reconciliation reservations across restart (3708.2823ms)
✔ TTL refuses new auth but allows exact cleanup readback after expiry (39.0747ms)
✔ bodies and response bytes are bounded without returning or persisting secrets (39.6663ms)
✔ receipt failure preserves pending reservation and fails closed after restart (41.0725ms)
✔ official pinned SDK token request crosses the same durable gateway once (62.6275ms)
✔ fixed Node CLI helper uses the owned gateway and strips inherited credentials (334.122ms)
✔ cleanup verifies exact ownership and absence after each deletion in identity/auth/project order (475.4797ms)
✔ unknown deletion never blindly retries; fresh absence lets restarted cleanup continue (584.8149ms)
✔ unknown deletion still present blocks every later dependent deletion and retry (280.3215ms)
✔ mismatched provider readback prevents every deletion (55.2358ms)
✔ cleanup after TTL still counts every readback/deletion and never touches an unbound identity (307.9126ms)
✔ cleanup refuses an injected transport and a different journal even with matching-looking metadata (34.0379ms)
✔ wrong gateway nonce and cross-origin writes cannot consume provider budget (30.5728ms)
✔ expired or mismatched existence receipt blocks cleanup before any deletion (74.3773ms)
✔ CLI refuses an absent or unowned gateway before spawning a subprocess (0.807ms)
✔ native pinned SDK exact-id lookup reaches owned HTTP with a durable reconciliation reservation (145.805ms)
✔ native SDK removal uses the twenty-request cleanup reserve after 180 auth checks (4136.2464ms)
✔ native SDK refuses a different identity before reserving or dispatching HTTP (199.4233ms)
✔ fresh ownership, exact identity and native SDK absence complete only the owned identity cleanup (328.3292ms)
✔ read-500 read cannot authorize removal or claim absence (139.4837ms)
✔ generic-404 read cannot authorize removal or claim absence (92.6707ms)
✔ foreign-id read cannot authorize removal or claim absence (177.9244ms)
✔ foreign-created read cannot authorize removal or claim absence (353.466ms)
✔ malformed read cannot authorize removal or claim absence (286.5259ms)
✔ lingering removal response cannot claim confirmed absence (313.9011ms)
✔ bad-success removal response cannot claim confirmed absence (162.0035ms)
✔ post-delete-malformed removal response cannot claim confirmed absence (295.0265ms)
✔ committed removal with lost response is not replayed; restart confirms exact absence through the SDK (326.9313ms)
✔ unknown removal still present after restart retains hold and never resends (542.5339ms)
✔ an expired target may consume cleanup/reconciliation reserve but cannot send new auth checks (275.1043ms)
✔ admin authentication failure cannot be interpreted as an empty identity set (90.6876ms)
✔ gateway, journal and owner must all be the same branded owned context (58.3879ms)
✔ changed project readback stops before native identity lookup (52.5222ms)
✔ no email linking, role writes, impersonation, create-user or unrestricted query enters the boundary (36.9382ms)
✔ durable receipts do not persist fixture session headers or identity payloads (283.6309ms)
✔ accepted remove without absence remains held on another attempt (453.1707ms)
✔ duplicate or extended query and body fields cannot broaden exact-id cleanup (51.7174ms)
✔ cleanup also stops at the hard total of two hundred physical requests (6167.1549ms)
✔ unknown identity removal stays held when only JSON whitespace or session headers change (48.9865ms)
✔ N00 streamed body crossing target TTL cannot dispatch a previously reserved auth request (113.0418ms)
✔ N00 continuous body trickle cannot extend the ingress deadline or reach the auth backend (155.3801ms)
✔ N00 timely streamed body retains exact bytes and one durable native HTTP hop (88.4581ms)
✔ N00 a physical write exceeding remaining TTL stays unknown and cannot replay after restart (204.0567ms)
✔ bridge forwards bearer once to exact owned diagnostic and returns subject without token (42.2749ms)
✔ missing owner config, external endpoint and different fingerprint refuse before HTTP (1.4102ms)
✔ foreign or missing Origin and invalid bearer refuse before HTTP (1.1778ms)
✔ API rejection stays 401 and unknown API result is not retried or exposed (1.7497ms)
✔ mismatched response ownership and malformed response fail closed (1.1586ms)
✔ network failure cannot expose exception data or trigger a retry (0.6368ms)
✔ browser receipt must match the rendered target and session subject, and cannot claim live verification (0.4438ms)
✔ real target requires observed exact identifiers and explicit Ed25519 trust (4.6703ms)
✔ template has null target and trust values and check denies it without a network call (200.998ms)
✔ real preflight denies production project (0.4343ms)
✔ real preflight denies existing Cloudflare preview (0.1669ms)
✔ real preflight denies different owner (0.211ms)
✔ real preflight denies cloned data (0.3058ms)
✔ real preflight denies unmatched branch readback (0.3245ms)
✔ real preflight denies missing audience (0.3185ms)
✔ real preflight denies Auth0 RSA algorithm (0.4618ms)
✔ real preflight denies wrong key curve (0.6772ms)
✔ real preflight denies email enabled (0.2729ms)
✔ real preflight denies email registration (0.2398ms)
✔ real preflight denies email hook (0.2248ms)
✔ real preflight denies paid plan (0.1808ms)
✔ real preflight denies wildcard trusted domain (0.1796ms)
✔ real preflight denies unknown config or DSN (0.1321ms)
✔ real preflight denies credential URL (0.1498ms)
✔ real preflight denies loopback masquerading as real (0.1181ms)
✔ real preflight denies unreviewed JWKS host (0.1696ms)
✔ real preflight denies extended expiry (0.1026ms)
✔ real preflight denies future creation (0.0784ms)
✔ expiry blocks new runtime configuration while exact cleanup remains available (25.6535ms)
✔ runtime secrets and explicit trust never enter build env or inherit DB/provider config (0.7945ms)
✔ journal cannot be created without an explicit authorization reference or overwrite an earlier run (4.4411ms)
✔ setup before target creation and failed requests consume the same persistent budget (30.4638ms)
✔ lost response is reserved before execution, survives restart and cannot be blindly retried (30.5131ms)
✔ 180 probes reserve 20 cleanup/reconcile checks and hard cap is 200 including errors (1596.5464ms)
✔ target binding is immutable across process restarts and IDs cannot be repointed (21.1761ms)
✔ two build reservations are bounded to 20 minutes and remain consumed on restart (24.9965ms)
✔ cleanup needs fresh matching readback and may select only one bound test identity (39.6174ms)
✔ unknown outcomes and suspicious operation metadata do not leak bearer, query or credential data to journal (17.3236ms)
✔ a concurrent writer or corrupt journal fails closed without resetting counters (22.0016ms)
✔ ledger tampering with limits or target fingerprint fails before cleanup or a new reservation (15.9021ms)
✔ persisted settled results need evidence and probe reservations cannot exceed the original expiry (27.5561ms)
✔ build deadline cannot exceed resource TTL and persisted build sequence cannot be forged (23.6639ms)
✔ an actual terminated Node process leaves its reservation consumed and the next process sees it (255.7147ms)
✔ runtime env carries the validated complete manifest, and build env drops it with all trust/secrets (6.1357ms)
✔ explicit issuer is kept independent from Auth base URL and actual SDK cookie options are returned (1.8274ms)
✔ runtime missing N00_REAL_TARGET_JSON refuses SDK construction without fallback (1.1639ms)
✔ runtime missing N00_TARGET_FINGERPRINT refuses SDK construction without fallback (0.472ms)
✔ runtime missing NEON_AUTH_BASE_URL refuses SDK construction without fallback (0.371ms)
✔ runtime missing NEON_AUTH_COOKIE_SECRET refuses SDK construction without fallback (0.358ms)
✔ runtime missing N00_AUTH_ISSUER refuses SDK construction without fallback (0.3307ms)
✔ runtime missing N00_AUTH_AUDIENCE refuses SDK construction without fallback (0.343ms)
✔ runtime missing N00_AUTH_JWKS_URL refuses SDK construction without fallback (0.3852ms)
✔ runtime missing N00_AUTH_ALGORITHM refuses SDK construction without fallback (0.5766ms)
✔ runtime drift NEON_AUTH_BASE_URL refuses initialization (0.861ms)
✔ runtime drift N00_AUTH_ISSUER refuses initialization (0.4645ms)
✔ runtime drift N00_AUTH_AUDIENCE refuses initialization (0.8673ms)
✔ runtime drift N00_AUTH_JWKS_URL refuses initialization (0.6061ms)
✔ runtime drift N00_AUTH_ALGORITHM refuses initialization (0.5765ms)
✔ runtime drift N00_TARGET_FINGERPRINT refuses initialization (0.4291ms)
✔ malformed manifest error cannot echo secret or input data (1.2816ms)
✔ oversize manifest refuses parsing rather than consuming an unbounded runtime input (0.7232ms)
✔ runtime reuses full target validation and rejects production IDs (0.5724ms)
✔ module/runtime creation consumes no env or SDK initialization at build time (0.1632ms)
✔ request initialization revalidates but caches one SDK instance for exact same context (2.1252ms)
✔ cached SDK cannot bypass the two-hour target expiry (1.5847ms)
✔ changed target cannot reuse or silently replace an already bound SDK context (1.7694ms)
✔ changed cookie secret requires a new owned runtime rather than silent context replacement (0.7181ms)
✔ fresher matching readback does not change the bound target/SDK intent (0.7349ms)
✔ SDK constructor errors are redacted and cannot disclose runtime cookie secret (0.4806ms)
✔ runtime description contains only target/trust context and no cookie secret (0.5401ms)
✔ returned runtime config cannot be mutated to change the validated SDK/trust tuple (0.4454ms)
✔ separate build-environment Node process imports the runtime module without secret/init (88.2853ms)
✔ runtime consumer independently refuses an invalid cookie secret (0.6414ms)
✔ owned cleanup removes private configuration and keeps marker through a transient state failure (33.2389ms)
✔ cleanup rejects a mismatched owner before deleting configuration (6.9365ms)
✔ cleanup refuses an unreviewed entry before deleting owned configuration (8.4196ms)
✔ cleanup deadline retains the owner while private configuration is removed (13.6917ms)
✔ cleanup propagates non-transient IO errors without deleting ownership (7.0172ms)
✔ cleanup rejects a root symlink and preserves its target (4.1389ms)
✔ runtime flow builds in a fresh area with shared strict runtime and separate diagnostic/fixture overlays (1.8047ms)
✔ allowed SDK session/token/JWKS calls preserve method/body/cookies through the counted loopback URL (30.4086ms)
✔ fixture transport supports Request inputs without leaking a new endpoint (8.0196ms)
✔ foreign origin, credentials, encoded path, unknown endpoint and loopback bypass never dispatch (2.2662ms)
✔ transport cannot be installed for real targets or rebound to different fictional context (0.4192ms)
✔ unknown upstream response is surfaced once without retry (0.8398ms)
✔ SDK POST redirect is returned to the caller and is never automatically followed (0.6427ms)
✔ owned diagnostic is the only additional loopback transport and requires its exact private owner nonce (2.1847ms)
✔ compatibility profile retains original output and source overlay (2.4021ms)
✔ runtime profile has distinct output and real-only plus probe scaffolding (0.4928ms)
✔ build profile refuses custom paths and unreviewed profiles (0.7443ms)
✔ Nitro runtime profile selects only its reviewed service entry (0.5813ms)
✔ probe target accepts only explicit fictional IDs/hosts/audience (1.2519ms)
✔ probe refuses a real projectId (1.1496ms)
✔ probe refuses a real branchId (0.2179ms)
✔ probe refuses a real authId (0.1211ms)
✔ probe refuses external trust and base hosts or non-fictional audience (0.7473ms)
✔ probe fetch guard refuses every request before original transport dispatch (0.8081ms)
✔ the built Vercel function renders / without a workspace import failure (223.9001ms)
✔ the built Vercel function renders /app without a workspace import failure (26.1446ms)
✔ the built Vercel function renders /auth/callback without a workspace import failure (18.5752ms)
✔ Vercel exposes only the app and binds its API call to the internal API service (4.9977ms)
✔ the app proxy forwards the bearer and original API path to the bound service (99.8603ms)
✔ the app proxy fails closed when the binding is absent (1.905ms)
✔ the app proxy streams writes and preserves API conflicts without forwarding cookies (1.7875ms)
✔ FastAPI redirects stay on the public app path (1.6364ms)
✔ test_internal_headers_forward_only_on_allowlisted_paths (40.9461ms)
ℹ tests 305
ℹ suites 0
ℹ pass 305
ℹ fail 0
ℹ cancelled 0
ℹ skipped 0
ℹ todo 0
ℹ duration_ms 125948.7707
