? Verifying lockfile against supply-chain policies (1059 entries)...
Lockfile is up to date, resolution step is skipped
Progress: resolved 1, reused 0, downloaded 0, added 0
Packages: +135 -1
+++++++++++++++++++++++++++++++++++++++++++++++++++++++++++++++++++++++++++++++-
Progress: resolved 135, reused 0, downloaded 0, added 0
Progress: resolved 135, reused 0, downloaded 1, added 0
Progress: resolved 135, reused 0, downloaded 9, added 0

   ╭──────────────────────────────────────────────────────────────────────╮
   │                                                                      │
   │                 Update available! 11.25.0 → 12.9.1.                  │
   │                 Changelog: https://pnpm.io/v/12.9.1                  │
   │   To update, run: curl -fsSL https://get.pnpm.io/install.sh | sh -   │
   │                                                                      │
   ╰──────────────────────────────────────────────────────────────────────╯

Progress: resolved 135, reused 0, downloaded 20, added 4
[WARN] Tarball download average speed 49 KiB/s (size 85 KiB) is below 50 KiB/s: https://registry.npmjs.org/better-call/-/better-call-1.3.7.tgz (GET)
[WARN] Tarball download average speed 7 KiB/s (size 8 KiB) is below 50 KiB/s: https://registry.npmjs.org/@better-auth/telemetry/-/telemetry-1.6.23.tgz (GET)
[WARN] Tarball download average speed 16 KiB/s (size 30 KiB) is below 50 KiB/s: https://registry.npmjs.org/@simplewebauthn/browser/-/browser-13.3.0.tgz (GET)
Progress: resolved 135, reused 0, downloaded 59, added 22
Progress: resolved 135, reused 0, downloaded 75, added 26
Progress: resolved 135, reused 0, downloaded 100, added 29
Progress: resolved 135, reused 0, downloaded 126, added 37
Progress: resolved 135, reused 0, downloaded 128, added 54
Progress: resolved 135, reused 0, downloaded 129, added 71
Progress: resolved 135, reused 0, downloaded 129, added 94
Progress: resolved 135, reused 0, downloaded 129, added 120
Progress: resolved 135, reused 0, downloaded 130, added 124
Progress: resolved 135, reused 0, downloaded 132, added 126
Progress: resolved 135, reused 0, downloaded 132, added 128
Progress: resolved 135, reused 0, downloaded 133, added 129
Progress: resolved 135, reused 0, downloaded 135, added 130
[WARN] Request took 12121ms: https://registry.npmjs.org/@next%2Fswc-win32-arm64-msvc
Progress: resolved 135, reused 0, downloaded 135, added 131
[WARN] Request took 13128ms: https://registry.npmjs.org/@next%2Fswc-darwin-x64
Progress: resolved 135, reused 0, downloaded 135, added 134
[WARN] Request took 13420ms: https://registry.npmjs.org/@next%2Fswc-linux-x64-gnu
Progress: resolved 135, reused 0, downloaded 135, added 135, done
[WARN] Request took 14983ms: https://registry.npmjs.org/@instantdb%2Fversion
[WARN] Request took 15529ms: https://registry.npmjs.org/@next%2Feslint-plugin-next
[WARN] Request took 16175ms: https://registry.npmjs.org/@next%2Fenv
[WARN] Request took 17119ms: https://registry.npmjs.org/@next%2Fswc-linux-arm64-musl
[WARN] Request took 17457ms: https://registry.npmjs.org/@next%2Fswc-linux-arm64-gnu
[WARN] Request took 18450ms: https://registry.npmjs.org/@next%2Fswc-win32-x64-msvc
[WARN] Request took 11775ms: https://registry.npmjs.org/@tailwindcss%2Foxide
[WARN] Request took 23909ms: https://registry.npmjs.org/@instantdb%2Freact
[WARN] Request took 10834ms: https://registry.npmjs.org/better-auth
[WARN] Request took 14565ms: https://registry.npmjs.org/@types%2Fnode
[WARN] Request took 10992ms: https://registry.npmjs.org/drizzle-orm
[WARN] Request took 12885ms: https://registry.npmjs.org/@types%2Freact
[WARN] Request took 28188ms: https://registry.npmjs.org/@playwright%2Ftest
[WARN] Request took 13060ms: https://registry.npmjs.org/es-toolkit
[WARN] Request took 14092ms: https://registry.npmjs.org/electron-to-chromium
[WARN] Request took 20250ms: https://registry.npmjs.org/@typescript-eslint%2Ftype-utils
[WARN] Request took 20413ms: https://registry.npmjs.org/@typescript-eslint%2Futils
[WARN] Request took 18671ms: https://registry.npmjs.org/axe-core
[WARN] Request took 16205ms: https://registry.npmjs.org/eslint-config-next
[WARN] Request took 21832ms: https://registry.npmjs.org/@typescript-eslint%2Ftypes
[WARN] Request took 17342ms: https://registry.npmjs.org/eslint-plugin-react-hooks
[WARN] Request took 23236ms: https://registry.npmjs.org/@typescript-eslint%2Fvisitor-keys
[WARN] Request took 25024ms: https://registry.npmjs.org/@typescript-eslint%2Fscope-manager
[WARN] Request took 21069ms: https://registry.npmjs.org/tailwindcss
[WARN] Request took 38268ms: https://registry.npmjs.org/@typescript-eslint%2Fparser
[WARN] Request took 38457ms: https://registry.npmjs.org/@typescript-eslint%2Ftypescript-estree
[WARN] Request took 39156ms: https://registry.npmjs.org/@typescript-eslint%2Feslint-plugin
[WARN] Request took 16617ms: https://registry.npmjs.org/react-is
[WARN] Request took 14797ms: https://registry.npmjs.org/use-sync-external-store
[WARN] Request took 26617ms: https://registry.npmjs.org/playwright-core
[WARN] Request took 22741ms: https://registry.npmjs.org/typescript
[WARN] Request took 27053ms: https://registry.npmjs.org/playwright
[WARN] Request took 17103ms: https://registry.npmjs.org/scheduler
[WARN] Request took 18949ms: https://registry.npmjs.org/react-server-dom-webpack
[WARN] Request took 26315ms: https://registry.npmjs.org/@types%2Fnode
[WARN] Request took 19465ms: https://registry.npmjs.org/eslint-plugin-react-hooks
[WARN] Request took 19007ms: https://registry.npmjs.org/react
[WARN] Request took 18255ms: https://registry.npmjs.org/react-dom
[WARN] Request took 25526ms: https://registry.npmjs.org/wrangler
[WARN] Request took 33038ms: https://registry.npmjs.org/next
✓ Lockfile passes supply-chain policies (1059 entries in 1m 3.9s)

devDependencies:
+ @neondatabase/auth 0.5.0-beta

Done in 1m 9.5s using pnpm v11.25.0
