
  vinext build  (Vite 8.0.13)

[1/5] analyze client references...
[2Ktransforming...✓ 452 modules transformed.
rendering chunks...
✓ built in 3.89s
[2/5] analyze server references...
[2Ktransforming...✓ 359 modules transformed.
rendering chunks...
✓ built in 1.62s
[3/5] build rsc environment...
[2Ktransforming...✓ 449 modules transformed.
rendering chunks...
computing gzip size...
✓ built in 3.32s
[4/5] build client environment...
[2Ktransforming...✓ 371 modules transformed.
rendering chunks...
computing gzip size...
✓ built in 3.73s
[5/5] build ssr environment...
[2Ktransforming...✓ 364 modules transformed.
rendering chunks...
computing gzip size...
✓ built in 2.57s
[0m
  Route (app)
  ┌ ? /               
  ├ ƒ /:slug+         
  ├ λ /api/auth/:path+
  ├ λ /api/n00-runtime
  ├ λ /api/n00/verify 
  ├ ? /auth/callback  
  ├ ƒ /compat         
  ├ ? /compat/return  
  └ λ /v1/:path+      

  λ API  ƒ Dynamic  ? Unknown

  ? Some routes could not be classified. vinext currently uses static analysis
    and cannot detect dynamic API usage (headers(), cookies(), etc.) at build time.
    Automatic classification will be improved in a future release.

  Build complete. Run `vinext start` to start the production server.

$ node scripts/run-framework.mjs build
[33m[PLUGIN_TIMINGS] [0mYour build spent significant time in plugins. Here is a breakdown:
  - rsc:virtual-client-package (15%)
  - alias (15%)
  - vinext:middleware-server-only (9%)
  - vinext:css-data-url (8%)
  - vinext:og-inline-fetch-assets (8%)
See https://rolldown.rs/options/checks#plugintimings for more details.

[33m[PLUGIN_TIMINGS] [0mYour build spent significant time in plugins. Here is a breakdown:
  - vinext:og-inline-fetch-assets (16%)
  - vinext:css-data-url (14%)
  - vinext:jsx-in-js (13%)
  - vinext:middleware-server-only (11%)
  - rsc:scan-strip (9%)
See https://rolldown.rs/options/checks#plugintimings for more details.

