✔ checked-in API types match the current OpenAPI contract (10381.4373ms)
✔ U13 actual callback render during initializing is status, never configuration alert (12.5667ms)
✔ N00 built fixture is isolated from playwright.audit-fixes.config.ts (3055.2953ms)
✔ N00 built fixture is isolated from playwright.audit-regression.config.ts (2074.3377ms)
✔ N00 dedicated config discovers all seven built-output cases (1502.0269ms)
✔ N00 counted config discovers the same seven cases with separate producer outputs (2247.032ms)
✔ all N00 output profiles stay isolated from playwright.audit-fixes.config.ts (2009.8646ms)
✔ all N00 output profiles stay isolated from playwright.audit-regression.config.ts (1987.598ms)
✔ runtime flow config discovers five actual-output cases (1466.3354ms)
✔ N00 rejects a non-owned upstream: https://auth.neon.tech/neondb/auth (2.6504ms)
✔ N00 rejects a non-owned upstream: http://127.0.0.1.evil.test/auth (0.2068ms)
✔ N00 rejects a non-owned upstream: http://user:password@localhost:44891/auth (0.1385ms)
✔ N00 rejects a non-owned upstream: http://0.0.0.0:44891/auth (0.1238ms)
✔ N00 accepts the loopback fixture base path (0.2916ms)
✔ N00 source inventory rejects unsafe input: ../.env (0.2921ms)
✔ N00 source inventory rejects unsafe input: a/../../secret (0.1916ms)
✔ N00 source inventory rejects unsafe input: /secret (0.1134ms)
✔ N00 source inventory rejects unsafe input: C:/secret (0.1384ms)
✔ N00 source inventory rejects unsafe input: a/.env.production (0.2599ms)
✔ N00 source inventory rejects unsafe input: a\.env.local (0.2126ms)
✔ N00 source inventory rejects unsafe input: node_modules/secret (0.0996ms)
✔ N00 source inventory rejects unsafe input: test-results/secret (0.0765ms)
✔ N00 source inventory rejects unsafe input: app/../secret (0.1525ms)
✔ N00 source inventory accepts a source file (0.1509ms)
✔ N00 build includes BuyerOS frontend services and generated types (0.4003ms)
✔ N00 build excludes Python/services and historical evidence (0.1454ms)
✔ N00 child env excludes inherited DB/Auth/provider variables (0.2556ms)
✔ N00 cache seed requires matching declared owner (0.3994ms)
✔ N00 emitted static assets stay within the output static directory (0.4333ms)
✔ N00 registers Vinext public fetch entry as the Nitro RSC service without changing production config (0.4215ms)
✔ N00 storage permits only canonical locale prefs and refuses tokens or credential fields (0.4243ms)
✔ proxy refuses arbitrary URLs, unowned servers and unbound journals before any request (100.5363ms)
✔ HTTP reservation is durable and pending before the owned backend receives the request (99.8681ms)
✔ SDK origin, session/challenge cookies and JWT headers survive relay without entering evidence (85.6491ms)
✔ approved local callback302 is preserved manually, and an external redirect is blocked (164.1826ms)
✔ committed POST with a lost response is not replayed after proxy and journal restart (124.211ms)
✔ budget exhaustion refuses dispatch and keeps cleanup reserve after restart (2221.2364ms)
✔ expired target and over-size body fail closed without dispatching upstream (70.6029ms)
✔ POST server500 retains an unknown write and timeout is bounded without automatic retry (174.8544ms)
✔ read-only fixture budget inspection exposes counts without auth traffic or credential data (43.5583ms)
✔ concurrent identical fixture POSTs share the in-flight barrier before upstream acceptance is known (85.3649ms)
✔ fixture cleanup control requires the exact local owner nonce and never forwards to backend (29.7988ms)
✔ bridge forwards bearer once to exact owned diagnostic and returns subject without token (65.53ms)
✔ missing owner config, external endpoint and different fingerprint refuse before HTTP (1.556ms)
✔ foreign or missing Origin and invalid bearer refuse before HTTP (1.2248ms)
✔ API rejection stays 401 and unknown API result is not retried or exposed (12.7999ms)
✔ mismatched response ownership and malformed response fail closed (11.8789ms)
✔ network failure cannot expose exception data or trigger a retry (0.7923ms)
✔ browser receipt must match the rendered target and session subject, and cannot claim live verification (0.3345ms)
✔ real target requires observed exact identifiers and explicit Ed25519 trust (4.3314ms)
✔ template has null target and trust values and check denies it without a network call (273.3824ms)
✔ real preflight denies production project (0.5308ms)
✔ real preflight denies existing Cloudflare preview (0.2ms)
✔ real preflight denies different owner (0.1988ms)
✔ real preflight denies cloned data (0.1715ms)
✔ real preflight denies unmatched branch readback (0.3036ms)
✔ real preflight denies missing audience (0.359ms)
✔ real preflight denies Auth0 RSA algorithm (0.3134ms)
✔ real preflight denies wrong key curve (0.3779ms)
✔ real preflight denies email enabled (0.1976ms)
✔ real preflight denies email registration (0.1699ms)
✔ real preflight denies email hook (0.1331ms)
✔ real preflight denies paid plan (0.1229ms)
✔ real preflight denies wildcard trusted domain (0.2548ms)
✔ real preflight denies unknown config or DSN (0.1256ms)
✔ real preflight denies credential URL (0.145ms)
✔ real preflight denies loopback masquerading as real (0.1146ms)
✔ real preflight denies unreviewed JWKS host (0.136ms)
✔ real preflight denies extended expiry (0.1519ms)
✔ real preflight denies future creation (0.1398ms)
✔ expiry blocks new runtime configuration while exact cleanup remains available (35.0425ms)
✔ runtime secrets and explicit trust never enter build env or inherit DB/provider config (0.9346ms)
✔ journal cannot be created without an explicit authorization reference or overwrite an earlier run (8.0738ms)
✔ setup before target creation and failed requests consume the same persistent budget (62.0169ms)
✔ lost response is reserved before execution, survives restart and cannot be blindly retried (45.2292ms)
✔ 180 probes reserve 20 cleanup/reconcile checks and hard cap is 200 including errors (2784.7238ms)
✔ target binding is immutable across process restarts and IDs cannot be repointed (38.3393ms)
✔ two build reservations are bounded to 20 minutes and remain consumed on restart (98.3362ms)
✔ cleanup needs fresh matching readback and may select only one bound test identity (30.8175ms)
✔ unknown outcomes and suspicious operation metadata do not leak bearer, query or credential data to journal (24.6755ms)
✔ a concurrent writer or corrupt journal fails closed without resetting counters (30.2798ms)
✔ ledger tampering with limits or target fingerprint fails before cleanup or a new reservation (23.3448ms)
✔ persisted settled results need evidence and probe reservations cannot exceed the original expiry (32.5263ms)
✔ build deadline cannot exceed resource TTL and persisted build sequence cannot be forged (27.6335ms)
✔ an actual terminated Node process leaves its reservation consumed and the next process sees it (392.975ms)
✔ runtime env carries the validated complete manifest, and build env drops it with all trust/secrets (8.652ms)
✔ explicit issuer is kept independent from Auth base URL and actual SDK cookie options are returned (1.5988ms)
✔ runtime missing N00_REAL_TARGET_JSON refuses SDK construction without fallback (3.0821ms)
✔ runtime missing N00_TARGET_FINGERPRINT refuses SDK construction without fallback (0.7292ms)
✔ runtime missing NEON_AUTH_BASE_URL refuses SDK construction without fallback (22.5332ms)
✔ runtime missing NEON_AUTH_COOKIE_SECRET refuses SDK construction without fallback (4.3744ms)
✔ runtime missing N00_AUTH_ISSUER refuses SDK construction without fallback (1.4845ms)
✔ runtime missing N00_AUTH_AUDIENCE refuses SDK construction without fallback (0.7915ms)
✔ runtime missing N00_AUTH_JWKS_URL refuses SDK construction without fallback (0.536ms)
✔ runtime missing N00_AUTH_ALGORITHM refuses SDK construction without fallback (0.9656ms)
✔ runtime drift NEON_AUTH_BASE_URL refuses initialization (0.7811ms)
✔ runtime drift N00_AUTH_ISSUER refuses initialization (0.7037ms)
✔ runtime drift N00_AUTH_AUDIENCE refuses initialization (0.886ms)
✔ runtime drift N00_AUTH_JWKS_URL refuses initialization (1.5933ms)
✔ runtime drift N00_AUTH_ALGORITHM refuses initialization (0.4662ms)
✔ runtime drift N00_TARGET_FINGERPRINT refuses initialization (0.4425ms)
✔ malformed manifest error cannot echo secret or input data (0.5677ms)
✔ oversize manifest refuses parsing rather than consuming an unbounded runtime input (0.6641ms)
✔ runtime reuses full target validation and rejects production IDs (1.1594ms)
✔ module/runtime creation consumes no env or SDK initialization at build time (0.169ms)
✔ request initialization revalidates but caches one SDK instance for exact same context (1.8502ms)
✔ cached SDK cannot bypass the two-hour target expiry (0.822ms)
✔ changed target cannot reuse or silently replace an already bound SDK context (1.3046ms)
✔ changed cookie secret requires a new owned runtime rather than silent context replacement (3.7448ms)
✔ fresher matching readback does not change the bound target/SDK intent (1.9015ms)
✔ SDK constructor errors are redacted and cannot disclose runtime cookie secret (0.7056ms)
✔ runtime description contains only target/trust context and no cookie secret (3.1626ms)
✔ returned runtime config cannot be mutated to change the validated SDK/trust tuple (0.5442ms)
✔ separate build-environment Node process imports the runtime module without secret/init (417.7856ms)
✔ runtime consumer independently refuses an invalid cookie secret (0.705ms)
✔ owned cleanup removes private configuration and keeps marker through a transient state failure (103.617ms)
✔ cleanup rejects a mismatched owner before deleting configuration (5.7832ms)
✔ cleanup refuses an unreviewed entry before deleting owned configuration (5.9002ms)
✔ cleanup deadline retains the owner while private configuration is removed (20.4942ms)
✔ cleanup propagates non-transient IO errors without deleting ownership (62.7015ms)
✔ cleanup rejects a root symlink and preserves its target (4.6685ms)
✔ runtime flow builds in a fresh area with shared strict runtime and separate diagnostic/fixture overlays (1.975ms)
✔ allowed SDK session/token/JWKS calls preserve method/body/cookies through the counted loopback URL (41.2875ms)
✔ fixture transport supports Request inputs without leaking a new endpoint (5.6393ms)
✔ foreign origin, credentials, encoded path, unknown endpoint and loopback bypass never dispatch (1.209ms)
✔ transport cannot be installed for real targets or rebound to different fictional context (0.3737ms)
✔ unknown upstream response is surfaced once without retry (0.7179ms)
✔ SDK POST redirect is returned to the caller and is never automatically followed (0.5631ms)
✔ owned diagnostic is the only additional loopback transport and requires its exact private owner nonce (1.5877ms)
✔ compatibility profile retains original output and source overlay (2.4417ms)
✔ runtime profile has distinct output and real-only plus probe scaffolding (2.8688ms)
✔ build profile refuses custom paths and unreviewed profiles (0.7238ms)
✔ Nitro runtime profile selects only its reviewed service entry (0.4789ms)
✔ probe target accepts only explicit fictional IDs/hosts/audience (1.3606ms)
✔ probe refuses a real projectId (0.1926ms)
✔ probe refuses a real branchId (0.1387ms)
✔ probe refuses a real authId (0.1049ms)
✔ probe refuses external trust and base hosts or non-fictional audience (0.4103ms)
✔ probe fetch guard refuses every request before original transport dispatch (0.7146ms)
✔ Vercel exposes only the app and binds its API call to the internal API service (19.1511ms)
✔ the app proxy forwards the bearer and original API path to the bound service (171.848ms)
✔ the app proxy fails closed when the binding is absent (1.8106ms)
✔ the app proxy streams writes and preserves API conflicts without forwarding cookies (1.6312ms)
✔ FastAPI redirects stay on the public app path (4.5166ms)
ℹ tests 144
ℹ suites 0
ℹ pass 144
ℹ fail 0
ℹ cancelled 0
ℹ skipped 0
ℹ todo 0
ℹ duration_ms 14608.0574
