✔ checked-in API types match the current OpenAPI contract (15300.6931ms)
✔ U13 actual callback render during initializing is status, never configuration alert (8.0843ms)
✔ N00 built fixture is isolated from playwright.audit-fixes.config.ts (4458.7109ms)
✔ N00 built fixture is isolated from playwright.audit-regression.config.ts (6364.3951ms)
✔ N00 dedicated config discovers all seven built-output cases (2337.7097ms)
✔ N00 counted config discovers the same seven cases with separate producer outputs (1713.8936ms)
✔ all N00 output profiles stay isolated from playwright.audit-fixes.config.ts (3609.1183ms)
✔ all N00 output profiles stay isolated from playwright.audit-regression.config.ts (3667.221ms)
✔ runtime flow config discovers five actual-output cases (2002.2454ms)
✔ N00 rejects a non-owned upstream: https://auth.neon.tech/neondb/auth (2.5314ms)
✔ N00 rejects a non-owned upstream: http://127.0.0.1.evil.test/auth (0.2192ms)
✔ N00 rejects a non-owned upstream: http://user:password@localhost:44891/auth (0.1568ms)
✔ N00 rejects a non-owned upstream: http://0.0.0.0:44891/auth (0.1391ms)
✔ N00 accepts the loopback fixture base path (0.2462ms)
✔ N00 source inventory rejects unsafe input: ../.env (0.28ms)
✔ N00 source inventory rejects unsafe input: a/../../secret (0.1874ms)
✔ N00 source inventory rejects unsafe input: /secret (0.1117ms)
✔ N00 source inventory rejects unsafe input: C:/secret (0.1396ms)
✔ N00 source inventory rejects unsafe input: a/.env.production (0.2777ms)
✔ N00 source inventory rejects unsafe input: a\.env.local (0.1797ms)
✔ N00 source inventory rejects unsafe input: node_modules/secret (0.1139ms)
✔ N00 source inventory rejects unsafe input: test-results/secret (0.0845ms)
✔ N00 source inventory rejects unsafe input: app/../secret (0.1434ms)
✔ N00 source inventory accepts a source file (0.1542ms)
✔ N00 build includes BuyerOS frontend services and generated types (0.2952ms)
✔ N00 build excludes Python/services and historical evidence (0.1027ms)
✔ N00 child env excludes inherited DB/Auth/provider variables (0.1916ms)
✔ N00 cache seed requires matching declared owner (0.3644ms)
✔ N00 emitted static assets stay within the output static directory (0.353ms)
✔ N00 registers Vinext public fetch entry as the Nitro RSC service without changing production config (0.3944ms)
✔ N00 storage permits only canonical locale prefs and refuses tokens or credential fields (0.3376ms)
✔ proxy refuses arbitrary URLs, unowned servers and unbound journals before any request (123.6653ms)
✔ HTTP reservation is durable and pending before the owned backend receives the request (220.9954ms)
✔ SDK origin, session/challenge cookies and JWT headers survive relay without entering evidence (61.11ms)
✔ approved local callback302 is preserved manually, and an external redirect is blocked (89.6003ms)
✔ committed POST with a lost response is not replayed after proxy and journal restart (132.1598ms)
✔ budget exhaustion refuses dispatch and keeps cleanup reserve after restart (2480.2918ms)
✔ expired target and over-size body fail closed without dispatching upstream (66.4183ms)
✔ POST server500 retains an unknown write and timeout is bounded without automatic retry (166.0869ms)
✔ read-only fixture budget inspection exposes counts without auth traffic or credential data (29.5133ms)
✔ concurrent identical fixture POSTs share the in-flight barrier before upstream acceptance is known (104.1017ms)
✔ fixture cleanup control requires the exact local owner nonce and never forwards to backend (58.4006ms)
✔ bridge forwards bearer once to exact owned diagnostic and returns subject without token (45.1055ms)
✔ missing owner config, external endpoint and different fingerprint refuse before HTTP (1.5368ms)
✔ foreign or missing Origin and invalid bearer refuse before HTTP (1.1683ms)
✔ API rejection stays 401 and unknown API result is not retried or exposed (1.9043ms)
✔ mismatched response ownership and malformed response fail closed (1.8641ms)
✔ network failure cannot expose exception data or trigger a retry (3.1017ms)
✔ real target requires observed exact identifiers and explicit Ed25519 trust (4.7322ms)
✔ template has null target and trust values and check denies it without a network call (1108.8403ms)
✔ real preflight denies production project (0.5018ms)
✔ real preflight denies existing Cloudflare preview (0.182ms)
✔ real preflight denies different owner (0.1925ms)
✔ real preflight denies cloned data (0.1808ms)
✔ real preflight denies unmatched branch readback (0.2911ms)
✔ real preflight denies missing audience (0.6622ms)
✔ real preflight denies Auth0 RSA algorithm (0.3728ms)
✔ real preflight denies wrong key curve (0.4985ms)
✔ real preflight denies email enabled (0.2524ms)
✔ real preflight denies email registration (0.8988ms)
✔ real preflight denies email hook (0.2029ms)
✔ real preflight denies paid plan (0.1246ms)
✔ real preflight denies wildcard trusted domain (0.2176ms)
✔ real preflight denies unknown config or DSN (0.1472ms)
✔ real preflight denies credential URL (0.1613ms)
✔ real preflight denies loopback masquerading as real (0.1578ms)
✔ real preflight denies unreviewed JWKS host (0.1739ms)
✔ real preflight denies extended expiry (0.1521ms)
✔ real preflight denies future creation (0.1336ms)
✔ expiry blocks new runtime configuration while exact cleanup remains available (32.592ms)
✔ runtime secrets and explicit trust never enter build env or inherit DB/provider config (1.096ms)
✔ journal cannot be created without an explicit authorization reference or overwrite an earlier run (12.7542ms)
✔ setup before target creation and failed requests consume the same persistent budget (65.7396ms)
✔ lost response is reserved before execution, survives restart and cannot be blindly retried (44.1212ms)
✔ 180 probes reserve 20 cleanup/reconcile checks and hard cap is 200 including errors (3708.8845ms)
✔ target binding is immutable across process restarts and IDs cannot be repointed (31.5923ms)
✔ two build reservations are bounded to 20 minutes and remain consumed on restart (36.83ms)
✔ cleanup needs fresh matching readback and may select only one bound test identity (72.5693ms)
✔ unknown outcomes and suspicious operation metadata do not leak bearer, query or credential data to journal (37.7266ms)
✔ a concurrent writer or corrupt journal fails closed without resetting counters (28.7576ms)
✔ ledger tampering with limits or target fingerprint fails before cleanup or a new reservation (24.214ms)
✔ persisted settled results need evidence and probe reservations cannot exceed the original expiry (29.5144ms)
✔ build deadline cannot exceed resource TTL and persisted build sequence cannot be forged (42.0838ms)
✔ an actual terminated Node process leaves its reservation consumed and the next process sees it (2165.9282ms)
✔ runtime env carries the validated complete manifest, and build env drops it with all trust/secrets (4.9275ms)
✔ explicit issuer is kept independent from Auth base URL and actual SDK cookie options are returned (1.4002ms)
✔ runtime missing N00_REAL_TARGET_JSON refuses SDK construction without fallback (1.1447ms)
✔ runtime missing N00_TARGET_FINGERPRINT refuses SDK construction without fallback (0.4573ms)
✔ runtime missing NEON_AUTH_BASE_URL refuses SDK construction without fallback (0.4114ms)
✔ runtime missing NEON_AUTH_COOKIE_SECRET refuses SDK construction without fallback (0.3468ms)
✔ runtime missing N00_AUTH_ISSUER refuses SDK construction without fallback (0.3191ms)
✔ runtime missing N00_AUTH_AUDIENCE refuses SDK construction without fallback (0.3437ms)
✔ runtime missing N00_AUTH_JWKS_URL refuses SDK construction without fallback (0.4198ms)
✔ runtime missing N00_AUTH_ALGORITHM refuses SDK construction without fallback (0.7976ms)
✔ runtime drift NEON_AUTH_BASE_URL refuses initialization (0.6811ms)
✔ runtime drift N00_AUTH_ISSUER refuses initialization (0.469ms)
✔ runtime drift N00_AUTH_AUDIENCE refuses initialization (9.8065ms)
✔ runtime drift N00_AUTH_JWKS_URL refuses initialization (0.567ms)
✔ runtime drift N00_AUTH_ALGORITHM refuses initialization (1.0939ms)
✔ runtime drift N00_TARGET_FINGERPRINT refuses initialization (0.6035ms)
✔ malformed manifest error cannot echo secret or input data (0.5098ms)
✔ oversize manifest refuses parsing rather than consuming an unbounded runtime input (0.315ms)
✔ runtime reuses full target validation and rejects production IDs (0.6743ms)
✔ module/runtime creation consumes no env or SDK initialization at build time (0.1722ms)
✔ request initialization revalidates but caches one SDK instance for exact same context (3.9992ms)
✔ cached SDK cannot bypass the two-hour target expiry (0.8073ms)
✔ changed target cannot reuse or silently replace an already bound SDK context (2.0768ms)
✔ changed cookie secret requires a new owned runtime rather than silent context replacement (0.7533ms)
✔ fresher matching readback does not change the bound target/SDK intent (0.7486ms)
✔ SDK constructor errors are redacted and cannot disclose runtime cookie secret (0.476ms)
✔ runtime description contains only target/trust context and no cookie secret (0.4582ms)
✔ returned runtime config cannot be mutated to change the validated SDK/trust tuple (0.4095ms)
✔ separate build-environment Node process imports the runtime module without secret/init (1020.8627ms)
✔ runtime consumer independently refuses an invalid cookie secret (0.5638ms)
✔ owned cleanup removes private configuration and keeps marker through a transient state failure (76.3292ms)
✔ cleanup rejects a mismatched owner before deleting configuration (12.6608ms)
✔ cleanup refuses an unreviewed entry before deleting owned configuration (7.2558ms)
✔ cleanup deadline retains the owner while private configuration is removed (17.6151ms)
✔ cleanup propagates non-transient IO errors without deleting ownership (44.5694ms)
✔ cleanup rejects a root symlink and preserves its target (9.314ms)
✔ runtime flow builds in a fresh area with shared strict runtime and separate diagnostic/fixture overlays (1.9041ms)
✔ allowed SDK session/token/JWKS calls preserve method/body/cookies through the counted loopback URL (75.5067ms)
✔ fixture transport supports Request inputs without leaking a new endpoint (10.2995ms)
✔ foreign origin, credentials, encoded path, unknown endpoint and loopback bypass never dispatch (1.4572ms)
✔ transport cannot be installed for real targets or rebound to different fictional context (0.4378ms)
✔ unknown upstream response is surfaced once without retry (0.683ms)
✔ SDK POST redirect is returned to the caller and is never automatically followed (0.5516ms)
✔ owned diagnostic is the only additional loopback transport and requires its exact private owner nonce (0.7919ms)
✔ compatibility profile retains original output and source overlay (1.9011ms)
✔ runtime profile has distinct output and real-only plus probe scaffolding (0.2162ms)
✔ build profile refuses custom paths and unreviewed profiles (1.059ms)
✔ Nitro runtime profile selects only its reviewed service entry (0.4226ms)
✔ probe target accepts only explicit fictional IDs/hosts/audience (0.6158ms)
✔ probe refuses a real projectId (0.3283ms)
✔ probe refuses a real branchId (0.1715ms)
✔ probe refuses a real authId (0.1065ms)
✔ probe refuses external trust and base hosts or non-fictional audience (0.4413ms)
✔ probe fetch guard refuses every request before original transport dispatch (0.7098ms)
✔ Vercel exposes only the app and binds its API call to the internal API service (52.1017ms)
✔ the app proxy forwards the bearer and original API path to the bound service (237.579ms)
✔ the app proxy fails closed when the binding is absent (4.2112ms)
✔ the app proxy streams writes and preserves API conflicts without forwarding cookies (1.5774ms)
✔ FastAPI redirects stay on the public app path (1.714ms)
ℹ tests 143
ℹ suites 0
ℹ pass 143
ℹ fail 0
ℹ cancelled 0
ℹ skipped 0
ℹ todo 0
ℹ duration_ms 24927.4593
