INFO:     Started server process [39440]
INFO:     Waiting for application startup.
INFO:     Application startup complete.
INFO:     Uvicorn running on http://127.0.0.1:44892 (Press CTRL+C to quit)

 ⛅️ wrangler 4.137.0
────────────────────

Cloudflare collects anonymous telemetry about your usage of Wrangler. Learn more at https://github.com/cloudflare/workers-sdk/tree/main/packages/wrangler/telemetry.md
Your Worker has access to the following bindings:
Binding                                                                          Resource                  Mode
env.NEON_AUTH_BASE_URL ("https://6105aabbccdd.fixture.invalid/...")              Environment Variable      local
env.NEON_AUTH_COOKIE_SECRET ("mq4Hd3iE_cnCZHPY5OjXwwpFr90D8XGMOQcRy...")         Environment Variable      local
env.N00_AUTH_ISSUER ("https://issuer-6105aabbccdd.fixture.i...")                 Environment Variable      local
env.N00_AUTH_AUDIENCE ("fictional-probe-audience-6105aabbccdd")                  Environment Variable      local
env.N00_AUTH_JWKS_URL ("https://6105aabbccdd.fixture.invalid/...")               Environment Variable      local
env.N00_AUTH_ALGORITHM ("EdDSA")                                                 Environment Variable      local
env.N00_TARGET_FINGERPRINT ("0dc72ffaf35eaecf0979780e6b7bcea801ad5...")          Environment Variable      local
env.N00_REAL_TARGET_JSON ("{"schemaVersion":1,"proposal":"buyero...")            Environment Variable      local
env.N00_FLOW_FIXTURE ("yes")                                                     Environment Variable      local
env.N00_DIAGNOSTIC_URL ("http://127.0.0.1:44892/verify")                         Environment Variable      local
env.N00_DIAGNOSTIC_NONCE ("PitTrpGCJBQrDJTP7z6i4yi5GLOO390BYmywC...")            Environment Variable      local
env.N00_DIAGNOSTIC_FINGERPRINT ("0dc72ffaf35eaecf0979780e6b7bcea801ad5...")      Environment Variable      local

Attaching additional modules:
┌───────────────────────────────────────────────────────────────────────────────────────────────────────────────────────────────┬──────┬─────────────┐
│ Name                                                                                                                          │ Type │ Size        │
├───────────────────────────────────────────────────────────────────────────────────────────────────────────────────────────────┼──────┼─────────────┤
│ ssr/index.js                                                                                                                  │ esm  │ 277.81 KiB  │
├───────────────────────────────────────────────────────────────────────────────────────────────────────────────────────────────┼──────┼─────────────┤
│ ssr/vinext-client-assets.js                                                                                                   │ esm  │ 6.94 KiB    │
├───────────────────────────────────────────────────────────────────────────────────────────────────────────────────────────────┼──────┼─────────────┤
│ ssr/_next/static/app-nav-failure-handler-DQV6BwcV.js                                                                          │ esm  │ 0.07 KiB    │
├───────────────────────────────────────────────────────────────────────────────────────────────────────────────────────────────┼──────┼─────────────┤
│ ssr/_next/static/app-prefetch-fetch-queue-vqKHyvIq.js                                                                         │ esm  │ 0.46 KiB    │
├───────────────────────────────────────────────────────────────────────────────────────────────────────────────────────────────┼──────┼─────────────┤
│ ssr/_next/static/app-router-scroll-Dr3ifB8m.js                                                                                │ esm  │ 2.08 KiB    │
├───────────────────────────────────────────────────────────────────────────────────────────────────────────────────────────────┼──────┼─────────────┤
│ ssr/_next/static/app-router-scroll-state-Cjca_NGl.js                                                                          │ esm  │ 1.06 KiB    │
├───────────────────────────────────────────────────────────────────────────────────────────────────────────────────────────────┼──────┼─────────────┤
│ ssr/_next/static/client-C684VAB8.js                                                                                           │ esm  │ 395.08 KiB  │
├───────────────────────────────────────────────────────────────────────────────────────────────────────────────────────────────┼──────┼─────────────┤
│ ssr/_next/static/error-boundary-CYRyBI6o.js                                                                                   │ esm  │ 5.31 KiB    │
├───────────────────────────────────────────────────────────────────────────────────────────────────────────────────────────────┼──────┼─────────────┤
│ ssr/_next/static/html-limited-bots-Ba3SqaPj.js                                                                                │ esm  │ 3.17 KiB    │
├───────────────────────────────────────────────────────────────────────────────────────────────────────────────────────────────┼──────┼─────────────┤
│ ssr/_next/static/hybrid-client-route-owner-CRmXoPBd.js                                                                        │ esm  │ 0.16 KiB    │
├───────────────────────────────────────────────────────────────────────────────────────────────────────────────────────────────┼──────┼─────────────┤
│ ssr/_next/static/layout-segment-context-BBF-EuFO.js                                                                           │ esm  │ 0.37 KiB    │
├───────────────────────────────────────────────────────────────────────────────────────────────────────────────────────────────┼──────┼─────────────┤
│ ssr/_next/static/link-DAfpf_11.js                                                                                             │ esm  │ 5.79 KiB    │
├───────────────────────────────────────────────────────────────────────────────────────────────────────────────────────────────┼──────┼─────────────┤
│ ssr/_next/static/navigation-CO4Ss_1D.js                                                                                       │ esm  │ 45.74 KiB   │
├───────────────────────────────────────────────────────────────────────────────────────────────────────────────────────────────┼──────┼─────────────┤
│ ssr/_next/static/page-DMg5JTmO.js                                                                                             │ esm  │ 1.07 KiB    │
├───────────────────────────────────────────────────────────────────────────────────────────────────────────────────────────────┼──────┼─────────────┤
│ ssr/_next/static/query-CE7IFwB7.js                                                                                            │ esm  │ 0.53 KiB    │
├───────────────────────────────────────────────────────────────────────────────────────────────────────────────────────────────┼──────┼─────────────┤
│ ssr/_next/static/static.edge-DrJz4y_q.js                                                                                      │ esm  │ 0.16 KiB    │
├───────────────────────────────────────────────────────────────────────────────────────────────────────────────────────────────┼──────┼─────────────┤
│ ssr/_next/static/streamed-icons-DHDzBmhY.js                                                                                   │ esm  │ 0.67 KiB    │
├───────────────────────────────────────────────────────────────────────────────────────────────────────────────────────────────┼──────┼─────────────┤
│ ssr/__vite_rsc_assets_manifest.js                                                                                             │ esm  │ 7.88 KiB    │
├───────────────────────────────────────────────────────────────────────────────────────────────────────────────────────────────┼──────┼─────────────┤
│ vinext-client-assets.js                                                                                                       │ esm  │ 6.94 KiB    │
├───────────────────────────────────────────────────────────────────────────────────────────────────────────────────────────────┼──────┼─────────────┤
│ _next/static/app-page-cache-BqFHvnr1.js                                                                                       │ esm  │ 5.07 KiB    │
├───────────────────────────────────────────────────────────────────────────────────────────────────────────────────────────────┼──────┼─────────────┤
│ _next/static/app-page-cache-finalizer-BPgOG2uB.js                                                                             │ esm  │ 3.40 KiB    │
├───────────────────────────────────────────────────────────────────────────────────────────────────────────────────────────────┼──────┼─────────────┤
│ _next/static/app-page-cache-render-vNgWUyl7.js                                                                                │ esm  │ 1.90 KiB    │
├───────────────────────────────────────────────────────────────────────────────────────────────────────────────────────────────┼──────┼─────────────┤
│ _next/static/app-page-stream-cw40PSld.js                                                                                      │ esm  │ 9.77 KiB    │
├───────────────────────────────────────────────────────────────────────────────────────────────────────────────────────────────┼──────┼─────────────┤
│ _next/static/app-prerender-endpoints-Ba2CeWnf.js                                                                              │ esm  │ 1.96 KiB    │
├───────────────────────────────────────────────────────────────────────────────────────────────────────────────────────────────┼──────┼─────────────┤
│ _next/static/app-prerender-static-params-dmn57oDL.js                                                                          │ esm  │ 1.09 KiB    │
├───────────────────────────────────────────────────────────────────────────────────────────────────────────────────────────────┼──────┼─────────────┤
│ _next/static/app-route-handler-dispatch-DC1dQUFk.js                                                                           │ esm  │ 16.93 KiB   │
├───────────────────────────────────────────────────────────────────────────────────────────────────────────────────────────────┼──────┼─────────────┤
│ _next/static/app-segment-config-Bhnm1Dhv.js                                                                                   │ esm  │ 15.22 KiB   │
├───────────────────────────────────────────────────────────────────────────────────────────────────────────────────────────────┼──────┼─────────────┤
│ _next/static/app-static-generation-xJoE4M6H.js                                                                                │ esm  │ 0.89 KiB    │
├───────────────────────────────────────────────────────────────────────────────────────────────────────────────────────────────┼──────┼─────────────┤
│ _next/static/base-path-7wmUKVfF.js                                                                                            │ esm  │ 0.31 KiB    │
├───────────────────────────────────────────────────────────────────────────────────────────────────────────────────────────────┼──────┼─────────────┤
│ _next/static/cache-headers-DWoDP9uN.js                                                                                        │ esm  │ 37.91 KiB   │
├───────────────────────────────────────────────────────────────────────────────────────────────────────────────────────────────┼──────┼─────────────┤
│ _next/static/external-url-D8OJT2pT.js                                                                                         │ esm  │ 0.08 KiB    │
├───────────────────────────────────────────────────────────────────────────────────────────────────────────────────────────────┼──────┼─────────────┤
│ _next/static/framework~index-DNmQQdfF.js                                                                                      │ esm  │ 0.20 KiB    │
├───────────────────────────────────────────────────────────────────────────────────────────────────────────────────────────────┼──────┼─────────────┤
│ _next/static/framework~index~layout~page~app-page-cache-render~app-page-cache~app-route-handler-dispatch~dct9nx8h-Cjq9b_ra.js │ esm  │ 0.80 KiB    │
├───────────────────────────────────────────────────────────────────────────────────────────────────────────────────────────────┼──────┼─────────────┤
│ _next/static/framework~index~page~layout~page~app-page-cache-render~app-page-cache~app-route-handler-dis~l69rxd0x-CBmoSzNt.js │ esm  │ 5.37 KiB    │
├───────────────────────────────────────────────────────────────────────────────────────────────────────────────────────────────┼──────┼─────────────┤
│ _next/static/framework~index~page~page~app-route-handler-dispatch~page~page-C-Sc7NUW.js                                       │ esm  │ 55.29 KiB   │
├───────────────────────────────────────────────────────────────────────────────────────────────────────────────────────────────┼──────┼─────────────┤
│ _next/static/headers-BfykfXy0.js                                                                                              │ esm  │ 14.74 KiB   │
├───────────────────────────────────────────────────────────────────────────────────────────────────────────────────────────────┼──────┼─────────────┤
│ _next/static/headers-Dkhm9UE9.js                                                                                              │ esm  │ 4.64 KiB    │
├───────────────────────────────────────────────────────────────────────────────────────────────────────────────────────────────┼──────┼─────────────┤
│ _next/static/implicit-tags-DLfN0DFO.js                                                                                        │ esm  │ 1.32 KiB    │
├───────────────────────────────────────────────────────────────────────────────────────────────────────────────────────────────┼──────┼─────────────┤
│ _next/static/isr-cache-BfFUBf_I.js                                                                                            │ esm  │ 4.89 KiB    │
├───────────────────────────────────────────────────────────────────────────────────────────────────────────────────────────────┼──────┼─────────────┤
│ _next/static/isr-decision-B_jrLESI.js                                                                                         │ esm  │ 0.75 KiB    │
├───────────────────────────────────────────────────────────────────────────────────────────────────────────────────────────────┼──────┼─────────────┤
│ _next/static/page-BH0xEVTZ.js                                                                                                 │ esm  │ 0.08 KiB    │
├───────────────────────────────────────────────────────────────────────────────────────────────────────────────────────────────┼──────┼─────────────┤
│ _next/static/page-BUr1WO7c.js                                                                                                 │ esm  │ 0.04 KiB    │
├───────────────────────────────────────────────────────────────────────────────────────────────────────────────────────────────┼──────┼─────────────┤
│ _next/static/page-Bzq0AQM5.js                                                                                                 │ esm  │ 1.20 KiB    │
├───────────────────────────────────────────────────────────────────────────────────────────────────────────────────────────────┼──────┼─────────────┤
│ _next/static/page-D5xf39yZ.js                                                                                                 │ esm  │ 0.18 KiB    │
├───────────────────────────────────────────────────────────────────────────────────────────────────────────────────────────────┼──────┼─────────────┤
│ _next/static/page-w954nEu1.js                                                                                                 │ esm  │ 0.58 KiB    │
├───────────────────────────────────────────────────────────────────────────────────────────────────────────────────────────────┼──────┼─────────────┤
│ _next/static/parse-cookie-C_vyd1xk.js                                                                                         │ esm  │ 1.68 KiB    │
├───────────────────────────────────────────────────────────────────────────────────────────────────────────────────────────────┼──────┼─────────────┤
│ _next/static/protocol-headers-MzHF3qaV.js                                                                                     │ esm  │ 0.41 KiB    │
├───────────────────────────────────────────────────────────────────────────────────────────────────────────────────────────────┼──────┼─────────────┤
│ _next/static/record-DYQbu9WN.js                                                                                               │ esm  │ 0.08 KiB    │
├───────────────────────────────────────────────────────────────────────────────────────────────────────────────────────────────┼──────┼─────────────┤
│ _next/static/rolldown-runtime-DUnMT5BP.js                                                                                     │ esm  │ 0.68 KiB    │
├───────────────────────────────────────────────────────────────────────────────────────────────────────────────────────────────┼──────┼─────────────┤
│ _next/static/root-params-Ln_c6CbX.js                                                                                          │ esm  │ 1.33 KiB    │
├───────────────────────────────────────────────────────────────────────────────────────────────────────────────────────────────┼──────┼─────────────┤
│ _next/static/route-CgCi97lQ.js                                                                                                │ esm  │ 0.21 KiB    │
├───────────────────────────────────────────────────────────────────────────────────────────────────────────────────────────────┼──────┼─────────────┤
│ _next/static/route-CKRo4sf4.js                                                                                                │ esm  │ 2.30 KiB    │
├───────────────────────────────────────────────────────────────────────────────────────────────────────────────────────────────┼──────┼─────────────┤
│ _next/static/route-DSgZ1PGw.js                                                                                                │ esm  │ 0.82 KiB    │
├───────────────────────────────────────────────────────────────────────────────────────────────────────────────────────────────┼──────┼─────────────┤
│ _next/static/route-ztPepgAb.js                                                                                                │ esm  │ 1.60 KiB    │
├───────────────────────────────────────────────────────────────────────────────────────────────────────────────────────────────┼──────┼─────────────┤
│ _next/static/rsc-qLQorHUx.js                                                                                                  │ esm  │ 0.72 KiB    │
├───────────────────────────────────────────────────────────────────────────────────────────────────────────────────────────────┼──────┼─────────────┤
│ _next/static/server-BcBlWYbC.js                                                                                               │ esm  │ 13.07 KiB   │
├───────────────────────────────────────────────────────────────────────────────────────────────────────────────────────────────┼──────┼─────────────┤
│ _next/static/server-CiMF4pZY.js                                                                                               │ esm  │ 138.33 KiB  │
├───────────────────────────────────────────────────────────────────────────────────────────────────────────────────────────────┼──────┼─────────────┤
│ _next/static/text-stream-CR1KxSE1.js                                                                                          │ esm  │ 18.99 KiB   │
├───────────────────────────────────────────────────────────────────────────────────────────────────────────────────────────────┼──────┼─────────────┤
│ __vite_rsc_assets_manifest.js                                                                                                 │ esm  │ 7.88 KiB    │
├───────────────────────────────────────────────────────────────────────────────────────────────────────────────────────────────┼──────┼─────────────┤
│ Total (59 modules)                                                                                                            │      │ 1134.02 KiB │
└───────────────────────────────────────────────────────────────────────────────────────────────────────────────────────────────┴──────┴─────────────┘
⎔ Starting local server...
[wrangler:info] ✨ Parsed 1 valid header rule.
[wrangler:info] Ready on http://127.0.0.1:44890
[wrangler:info] GET / 200 OK (1398ms)
[wrangler:info] GET / 200 OK (562ms)
[wrangler:info] GET / 200 OK (1407ms)
[wrangler:info] GET /compat 500 Internal Server Error (108ms)
[wrangler:info] GET /_next/static/chunks/index-CJEsWqq-.js 200 OK (36ms)
[wrangler:info] GET /_next/static/chunks/rolldown-runtime-C60lm6uB.js 200 OK (5ms)
[wrangler:info] GET /_next/static/chunks/framework-D_rUT4EX.js 200 OK (12ms)
[wrangler:info] GET /_next/static/chunks/record-uXSNv6cl.js 200 OK (13ms)
[wrangler:info] GET /_next/static/chunks/headers-C_MtfdF4.js 200 OK (11ms)
[wrangler:info] GET /_next/static/chunks/hash-Cp347hhd.js 200 OK (15ms)
[wrangler:info] GET /_next/static/chunks/navigation-errors-D5LMQqDL.js 200 OK (17ms)
[wrangler:info] GET /_next/static/chunks/app-elements-H_Dr48wG.js 200 OK (17ms)
[wrangler:info] GET /_next/static/chunks/app-rsc-cache-busting-BRBpf0p7.js 200 OK (12ms)
[wrangler:info] GET /_next/static/chunks/protocol-headers-B9-bVeat.js 200 OK (4ms)
[wrangler:info] GET /_next/static/chunks/app-rsc-render-mode-CvTCGruk.js 200 OK (5ms)
[wrangler:info] GET /_next/static/chunks/deployment-id-DFhHa9wO.js 200 OK (6ms)
[wrangler:info] GET /_next/static/chunks/layout-segment-context-PLbiF4qR.js 200 OK (4ms)
[wrangler:info] GET /_next/static/chunks/client-BRyBn75z.js 200 OK (5ms)
[wrangler:info] GET /compat 500 Internal Server Error (81ms)
[wrangler:info] GET /_next/static/chunks/index-CJEsWqq-.js 200 OK (5ms)
[wrangler:info] GET /_next/static/chunks/rolldown-runtime-C60lm6uB.js 200 OK (8ms)
[wrangler:info] GET /_next/static/chunks/framework-D_rUT4EX.js 200 OK (7ms)
[wrangler:info] GET /_next/static/chunks/app-elements-H_Dr48wG.js 200 OK (17ms)
[wrangler:info] GET /_next/static/chunks/hash-Cp347hhd.js 200 OK (18ms)
[wrangler:info] GET /_next/static/chunks/record-uXSNv6cl.js 200 OK (19ms)
[wrangler:info] GET /_next/static/chunks/headers-C_MtfdF4.js 200 OK (19ms)
[wrangler:info] GET /_next/static/chunks/app-rsc-cache-busting-BRBpf0p7.js 200 OK (13ms)
[wrangler:info] GET /_next/static/chunks/navigation-errors-D5LMQqDL.js 200 OK (16ms)
[wrangler:info] GET /_next/static/chunks/protocol-headers-B9-bVeat.js 200 OK (5ms)
[wrangler:info] GET /_next/static/chunks/app-rsc-render-mode-CvTCGruk.js 200 OK (4ms)
[wrangler:info] GET /_next/static/chunks/deployment-id-DFhHa9wO.js 200 OK (8ms)
[wrangler:info] GET /_next/static/chunks/layout-segment-context-PLbiF4qR.js 200 OK (4ms)
[wrangler:info] GET /_next/static/chunks/client-BRyBn75z.js 200 OK (5ms)
[wrangler:info] POST /api/auth/sign-in/social 200 OK (47ms)
[wrangler:info] GET /compat/return 307 Temporary Redirect (81ms)
[wrangler:info] GET /compat/return 500 Internal Server Error (19ms)
[wrangler:info] GET /_next/static/chunks/index-CJEsWqq-.js 200 OK (4ms)
[wrangler:info] GET /_next/static/chunks/rolldown-runtime-C60lm6uB.js 200 OK (9ms)
[wrangler:info] GET /_next/static/chunks/framework-D_rUT4EX.js 200 OK (10ms)
[wrangler:info] GET /_next/static/chunks/app-elements-H_Dr48wG.js 200 OK (18ms)
[wrangler:info] GET /_next/static/chunks/hash-Cp347hhd.js 200 OK (14ms)
[wrangler:info] GET /_next/static/chunks/record-uXSNv6cl.js 200 OK (20ms)
[wrangler:info] GET /_next/static/chunks/headers-C_MtfdF4.js 200 OK (19ms)
[wrangler:info] GET /_next/static/chunks/navigation-errors-D5LMQqDL.js 200 OK (16ms)
[wrangler:info] GET /_next/static/chunks/app-rsc-cache-busting-BRBpf0p7.js 200 OK (16ms)
[wrangler:info] GET /_next/static/chunks/protocol-headers-B9-bVeat.js 200 OK (5ms)
[wrangler:info] GET /_next/static/chunks/app-rsc-render-mode-CvTCGruk.js 200 OK (6ms)
[wrangler:info] GET /_next/static/chunks/deployment-id-DFhHa9wO.js 200 OK (7ms)
[wrangler:info] GET /_next/static/chunks/layout-segment-context-PLbiF4qR.js 200 OK (4ms)
[wrangler:info] GET /_next/static/chunks/client-BRyBn75z.js 200 OK (9ms)
[wrangler:info] GET /api/auth/get-session 200 OK (10ms)
[wrangler:info] GET /compat/return 500 Internal Server Error (20ms)
[wrangler:info] GET /_next/static/chunks/index-CJEsWqq-.js 200 OK (7ms)
[wrangler:info] GET /_next/static/chunks/rolldown-runtime-C60lm6uB.js 200 OK (5ms)
[wrangler:info] GET /_next/static/chunks/framework-D_rUT4EX.js 200 OK (10ms)
[wrangler:info] GET /_next/static/chunks/record-uXSNv6cl.js 200 OK (13ms)
[wrangler:info] GET /_next/static/chunks/headers-C_MtfdF4.js 200 OK (13ms)
[wrangler:info] GET /_next/static/chunks/navigation-errors-D5LMQqDL.js 200 OK (36ms)
[wrangler:info] GET /_next/static/chunks/app-rsc-cache-busting-BRBpf0p7.js 200 OK (37ms)
[wrangler:info] GET /_next/static/chunks/app-elements-H_Dr48wG.js 200 OK (40ms)
[wrangler:info] GET /_next/static/chunks/hash-Cp347hhd.js 200 OK (40ms)
[wrangler:info] GET /_next/static/chunks/protocol-headers-B9-bVeat.js 200 OK (24ms)
[wrangler:info] GET /_next/static/chunks/app-rsc-render-mode-CvTCGruk.js 200 OK (5ms)
[wrangler:info] GET /_next/static/chunks/deployment-id-DFhHa9wO.js 200 OK (5ms)
[wrangler:info] GET /_next/static/chunks/layout-segment-context-PLbiF4qR.js 200 OK (8ms)
[wrangler:info] GET /_next/static/chunks/client-BRyBn75z.js 200 OK (9ms)
[wrangler:info] GET /api/auth/token 200 OK (36ms)
[wrangler:info] POST /api/n00/verify 200 OK (411ms)
[wrangler:info] POST /api/auth/sign-out 200 OK (32ms)
[wrangler:info] GET /compat 500 Internal Server Error (79ms)
[wrangler:info] GET /_next/static/chunks/index-CJEsWqq-.js 200 OK (5ms)
[wrangler:info] GET /_next/static/chunks/rolldown-runtime-C60lm6uB.js 200 OK (4ms)
[wrangler:info] GET /_next/static/chunks/framework-D_rUT4EX.js 200 OK (6ms)
[wrangler:info] GET /_next/static/chunks/hash-Cp347hhd.js 200 OK (18ms)
[wrangler:info] GET /_next/static/chunks/navigation-errors-D5LMQqDL.js 200 OK (19ms)
[wrangler:info] GET /_next/static/chunks/record-uXSNv6cl.js 200 OK (21ms)
[wrangler:info] GET /_next/static/chunks/headers-C_MtfdF4.js 200 OK (21ms)
[wrangler:info] GET /_next/static/chunks/app-elements-H_Dr48wG.js 200 OK (21ms)
[wrangler:info] GET /_next/static/chunks/app-rsc-cache-busting-BRBpf0p7.js 200 OK (13ms)
[wrangler:info] GET /_next/static/chunks/protocol-headers-B9-bVeat.js 200 OK (5ms)
[wrangler:info] GET /_next/static/chunks/app-rsc-render-mode-CvTCGruk.js 200 OK (5ms)
[wrangler:info] GET /_next/static/chunks/deployment-id-DFhHa9wO.js 200 OK (7ms)
[wrangler:info] GET /_next/static/chunks/layout-segment-context-PLbiF4qR.js 200 OK (5ms)
[wrangler:info] GET /_next/static/chunks/client-BRyBn75z.js 200 OK (9ms)
[wrangler:info] GET /compat 500 Internal Server Error (81ms)
[wrangler:info] GET /_next/static/chunks/index-CJEsWqq-.js 200 OK (4ms)
[wrangler:info] GET /_next/static/chunks/rolldown-runtime-C60lm6uB.js 200 OK (5ms)
[wrangler:info] GET /_next/static/chunks/framework-D_rUT4EX.js 200 OK (7ms)
[wrangler:info] GET /_next/static/chunks/hash-Cp347hhd.js 200 OK (24ms)
[wrangler:info] GET /_next/static/chunks/navigation-errors-D5LMQqDL.js 200 OK (24ms)
[wrangler:info] GET /_next/static/chunks/record-uXSNv6cl.js 200 OK (26ms)
[wrangler:info] GET /_next/static/chunks/headers-C_MtfdF4.js 200 OK (26ms)
[wrangler:info] GET /_next/static/chunks/app-elements-H_Dr48wG.js 200 OK (26ms)
[wrangler:info] GET /_next/static/chunks/app-rsc-cache-busting-BRBpf0p7.js 200 OK (17ms)
[wrangler:info] GET /_next/static/chunks/protocol-headers-B9-bVeat.js 200 OK (5ms)
[wrangler:info] GET /_next/static/chunks/app-rsc-render-mode-CvTCGruk.js 200 OK (7ms)
[wrangler:info] GET /_next/static/chunks/deployment-id-DFhHa9wO.js 200 OK (8ms)
[wrangler:info] GET /_next/static/chunks/layout-segment-context-PLbiF4qR.js 200 OK (7ms)
[wrangler:info] GET /_next/static/chunks/client-BRyBn75z.js 200 OK (7ms)
[wrangler:info] POST /api/n00/verify 401 Unauthorized (8ms)
[wrangler:info] POST /api/n00/verify 401 Unauthorized (70ms)
[wrangler:info] POST /api/n00/verify 401 Unauthorized (60ms)
[wrangler:info] POST /api/n00/verify 401 Unauthorized (73ms)
[wrangler:info] POST /api/n00/verify 401 Unauthorized (64ms)
[wrangler:info] POST /api/n00/verify 401 Unauthorized (60ms)
[wrangler:info] POST /api/n00/verify 401 Unauthorized (62ms)
[wrangler:info] POST /api/n00/verify 403 Forbidden (8ms)
[wrangler:info] GET /api/auth/get-session 200 OK (39ms)
[wrangler:info] POST /api/auth/sign-in/social 200 OK (50ms)
[wrangler:info] GET /compat/return 307 Temporary Redirect (69ms)
[wrangler:info] GET /compat/return 307 Temporary Redirect (49ms)
[wrangler:info] POST /api/auth/sign-out 200 OK (41ms)
