✔ checked-in API types match the current OpenAPI contract (28794.1184ms)
✔ U13 actual callback render during initializing is status, never configuration alert (13.4708ms)
✔ N00 built fixture is isolated from playwright.audit-fixes.config.ts (5548.2006ms)
✔ N00 built fixture is isolated from playwright.audit-regression.config.ts (6077.5931ms)
✔ N00 dedicated config discovers all seven built-output cases (2055.5665ms)
✔ N00 counted config discovers the same seven cases with separate producer outputs (1585.5924ms)
✔ all N00 output profiles stay isolated from playwright.audit-fixes.config.ts (3093.9077ms)
✔ all N00 output profiles stay isolated from playwright.audit-regression.config.ts (2377.7542ms)
✔ runtime flow config discovers five actual-output cases (1732.7435ms)
✔ N00 rejects a non-owned upstream: https://auth.neon.tech/neondb/auth (2.4979ms)
✔ N00 rejects a non-owned upstream: http://127.0.0.1.evil.test/auth (0.2309ms)
✔ N00 rejects a non-owned upstream: http://user:password@localhost:44891/auth (0.1424ms)
✔ N00 rejects a non-owned upstream: http://0.0.0.0:44891/auth (0.1193ms)
✔ N00 accepts the loopback fixture base path (0.3234ms)
✔ N00 source inventory rejects unsafe input: ../.env (0.305ms)
✔ N00 source inventory rejects unsafe input: a/../../secret (0.1864ms)
✔ N00 source inventory rejects unsafe input: /secret (0.0991ms)
✔ N00 source inventory rejects unsafe input: C:/secret (0.141ms)
✔ N00 source inventory rejects unsafe input: a/.env.production (0.2836ms)
✔ N00 source inventory rejects unsafe input: a\.env.local (0.1894ms)
✔ N00 source inventory rejects unsafe input: node_modules/secret (0.1039ms)
✔ N00 source inventory rejects unsafe input: test-results/secret (0.0813ms)
✔ N00 source inventory rejects unsafe input: app/../secret (0.1252ms)
✔ N00 source inventory accepts a source file (0.2513ms)
✔ N00 build includes BuyerOS frontend services and generated types (0.311ms)
✔ N00 build excludes Python/services and historical evidence (0.1372ms)
✔ N00 child env excludes inherited DB/Auth/provider variables (0.2001ms)
✔ N00 cache seed requires matching declared owner (0.3618ms)
✔ N00 emitted static assets stay within the output static directory (0.3919ms)
✔ N00 registers Vinext public fetch entry as the Nitro RSC service without changing production config (0.4068ms)
✔ N00 storage permits only canonical locale prefs and refuses tokens or credential fields (0.3416ms)
✔ proxy refuses arbitrary URLs, unowned servers and unbound journals before any request (156.1255ms)
✔ HTTP reservation is durable and pending before the owned backend receives the request (115.0232ms)
✔ SDK origin, session/challenge cookies and JWT headers survive relay without entering evidence (76.8669ms)
✔ approved local callback302 is preserved manually, and an external redirect is blocked (117.3552ms)
✔ committed POST with a lost response is not replayed after proxy and journal restart (228.2915ms)
✔ budget exhaustion refuses dispatch and keeps cleanup reserve after restart (2180.3436ms)
✔ expired target and over-size body fail closed without dispatching upstream (54.2454ms)
✔ POST server500 retains an unknown write and timeout is bounded without automatic retry (141.3146ms)
✔ read-only fixture budget inspection exposes counts without auth traffic or credential data (25.8926ms)
✔ concurrent identical fixture POSTs share the in-flight barrier before upstream acceptance is known (58.5524ms)
✔ fixture cleanup control requires the exact local owner nonce and never forwards to backend (30.5536ms)
✔ bridge forwards bearer once to exact owned diagnostic and returns subject without token (40.4273ms)
✔ missing owner config, external endpoint and different fingerprint refuse before HTTP (9.6501ms)
✔ foreign or missing Origin and invalid bearer refuse before HTTP (1.2014ms)
✔ API rejection stays 401 and unknown API result is not retried or exposed (11.2248ms)
✔ mismatched response ownership and malformed response fail closed (3.1415ms)
✔ network failure cannot expose exception data or trigger a retry (1.0824ms)
✔ browser receipt must match the rendered target and session subject, and cannot claim live verification (0.4907ms)
✔ real target requires observed exact identifiers and explicit Ed25519 trust (7.3628ms)
✔ template has null target and trust values and check denies it without a network call (472.1533ms)
✔ real preflight denies production project (0.5461ms)
✔ real preflight denies existing Cloudflare preview (0.2348ms)
✔ real preflight denies different owner (0.2173ms)
✔ real preflight denies cloned data (0.2404ms)
✔ real preflight denies unmatched branch readback (0.8768ms)
✔ real preflight denies missing audience (0.3482ms)
✔ real preflight denies Auth0 RSA algorithm (0.3245ms)
✔ real preflight denies wrong key curve (0.3942ms)
✔ real preflight denies email enabled (0.2218ms)
✔ real preflight denies email registration (0.2045ms)
✔ real preflight denies email hook (0.1412ms)
✔ real preflight denies paid plan (0.1316ms)
✔ real preflight denies wildcard trusted domain (0.1755ms)
✔ real preflight denies unknown config or DSN (0.179ms)
✔ real preflight denies credential URL (0.1666ms)
✔ real preflight denies loopback masquerading as real (0.1442ms)
✔ real preflight denies unreviewed JWKS host (0.1637ms)
✔ real preflight denies extended expiry (0.1865ms)
✔ real preflight denies future creation (0.1485ms)
✔ expiry blocks new runtime configuration while exact cleanup remains available (36.5483ms)
✔ runtime secrets and explicit trust never enter build env or inherit DB/provider config (0.9933ms)
✔ journal cannot be created without an explicit authorization reference or overwrite an earlier run (9.345ms)
✔ setup before target creation and failed requests consume the same persistent budget (65.3332ms)
✔ lost response is reserved before execution, survives restart and cannot be blindly retried (46.3036ms)
✔ 180 probes reserve 20 cleanup/reconcile checks and hard cap is 200 including errors (2694.6157ms)
✔ target binding is immutable across process restarts and IDs cannot be repointed (42.9518ms)
✔ two build reservations are bounded to 20 minutes and remain consumed on restart (56.9165ms)
✔ cleanup needs fresh matching readback and may select only one bound test identity (44.9578ms)
✔ unknown outcomes and suspicious operation metadata do not leak bearer, query or credential data to journal (23.0836ms)
✔ a concurrent writer or corrupt journal fails closed without resetting counters (33.0425ms)
✔ ledger tampering with limits or target fingerprint fails before cleanup or a new reservation (24.6436ms)
✔ persisted settled results need evidence and probe reservations cannot exceed the original expiry (28.0301ms)
✔ build deadline cannot exceed resource TTL and persisted build sequence cannot be forged (43.9119ms)
✔ an actual terminated Node process leaves its reservation consumed and the next process sees it (567.947ms)
✔ runtime env carries the validated complete manifest, and build env drops it with all trust/secrets (9.2292ms)
✔ explicit issuer is kept independent from Auth base URL and actual SDK cookie options are returned (20.1262ms)
✔ runtime missing N00_REAL_TARGET_JSON refuses SDK construction without fallback (2.5304ms)
✔ runtime missing N00_TARGET_FINGERPRINT refuses SDK construction without fallback (0.6719ms)
✔ runtime missing NEON_AUTH_BASE_URL refuses SDK construction without fallback (0.764ms)
✔ runtime missing NEON_AUTH_COOKIE_SECRET refuses SDK construction without fallback (1.0531ms)
✔ runtime missing N00_AUTH_ISSUER refuses SDK construction without fallback (0.7092ms)
✔ runtime missing N00_AUTH_AUDIENCE refuses SDK construction without fallback (0.7386ms)
✔ runtime missing N00_AUTH_JWKS_URL refuses SDK construction without fallback (1.0131ms)
✔ runtime missing N00_AUTH_ALGORITHM refuses SDK construction without fallback (0.5499ms)
✔ runtime drift NEON_AUTH_BASE_URL refuses initialization (0.6979ms)
✔ runtime drift N00_AUTH_ISSUER refuses initialization (0.4753ms)
✔ runtime drift N00_AUTH_AUDIENCE refuses initialization (0.6515ms)
✔ runtime drift N00_AUTH_JWKS_URL refuses initialization (0.4372ms)
✔ runtime drift N00_AUTH_ALGORITHM refuses initialization (0.3863ms)
✔ runtime drift N00_TARGET_FINGERPRINT refuses initialization (1.0945ms)
✔ malformed manifest error cannot echo secret or input data (1.0146ms)
✔ oversize manifest refuses parsing rather than consuming an unbounded runtime input (0.748ms)
✔ runtime reuses full target validation and rejects production IDs (1.5681ms)
✔ module/runtime creation consumes no env or SDK initialization at build time (0.2277ms)
✔ request initialization revalidates but caches one SDK instance for exact same context (1.0962ms)
✔ cached SDK cannot bypass the two-hour target expiry (1.6619ms)
✔ changed target cannot reuse or silently replace an already bound SDK context (3.8409ms)
✔ changed cookie secret requires a new owned runtime rather than silent context replacement (0.8314ms)
✔ fresher matching readback does not change the bound target/SDK intent (0.9ms)
✔ SDK constructor errors are redacted and cannot disclose runtime cookie secret (0.4896ms)
✔ runtime description contains only target/trust context and no cookie secret (0.5516ms)
✔ returned runtime config cannot be mutated to change the validated SDK/trust tuple (0.5533ms)
✔ separate build-environment Node process imports the runtime module without secret/init (289.2174ms)
✔ runtime consumer independently refuses an invalid cookie secret (0.6226ms)
✔ owned cleanup removes private configuration and keeps marker through a transient state failure (44.5564ms)
✔ cleanup rejects a mismatched owner before deleting configuration (5.4666ms)
✔ cleanup refuses an unreviewed entry before deleting owned configuration (21.1369ms)
✔ cleanup deadline retains the owner while private configuration is removed (17.2822ms)
✔ cleanup propagates non-transient IO errors without deleting ownership (6.0933ms)
✔ cleanup rejects a root symlink and preserves its target (7.5268ms)
✔ runtime flow builds in a fresh area with shared strict runtime and separate diagnostic/fixture overlays (2.0555ms)
✔ allowed SDK session/token/JWKS calls preserve method/body/cookies through the counted loopback URL (41.0081ms)
✔ fixture transport supports Request inputs without leaking a new endpoint (6.6466ms)
✔ foreign origin, credentials, encoded path, unknown endpoint and loopback bypass never dispatch (1.4946ms)
✔ transport cannot be installed for real targets or rebound to different fictional context (0.7062ms)
✔ unknown upstream response is surfaced once without retry (0.904ms)
✔ SDK POST redirect is returned to the caller and is never automatically followed (0.6878ms)
✔ owned diagnostic is the only additional loopback transport and requires its exact private owner nonce (1.9399ms)
✔ compatibility profile retains original output and source overlay (1.9936ms)
✔ runtime profile has distinct output and real-only plus probe scaffolding (0.2357ms)
✔ build profile refuses custom paths and unreviewed profiles (0.6999ms)
✔ Nitro runtime profile selects only its reviewed service entry (0.5302ms)
✔ probe target accepts only explicit fictional IDs/hosts/audience (0.6015ms)
✔ probe refuses a real projectId (0.227ms)
✔ probe refuses a real branchId (0.1486ms)
✔ probe refuses a real authId (0.1235ms)
✔ probe refuses external trust and base hosts or non-fictional audience (0.4742ms)
✔ probe fetch guard refuses every request before original transport dispatch (7.4107ms)
✔ Vercel exposes only the app and binds its API call to the internal API service (50.0352ms)
✔ the app proxy forwards the bearer and original API path to the bound service (191.8863ms)
✔ the app proxy fails closed when the binding is absent (2.0431ms)
✔ the app proxy streams writes and preserves API conflicts without forwarding cookies (1.5619ms)
✔ FastAPI redirects stay on the public app path (2.9797ms)
ℹ tests 144
ℹ suites 0
ℹ pass 144
ℹ fail 0
ℹ cancelled 0
ℹ skipped 0
ℹ todo 0
ℹ duration_ms 66617.2528
