
  vinext build  (Vite 8.0.13)

[1/5] analyze client references...
[2Ktransforming...✓ 453 modules transformed.
rendering chunks...
✓ built in 4.06s
[2/5] analyze server references...
[2Ktransforming...✓ 378 modules transformed.
rendering chunks...
✓ built in 1.78s
[3/5] build rsc environment...
[2Ktransforming...✓ 450 modules transformed.
rendering chunks...
computing gzip size...
✓ built in 2.02s
[4/5] build client environment...
[2Ktransforming...✓ 386 modules transformed.
rendering chunks...
computing gzip size...
✓ built in 2.17s
[5/5] build ssr environment...
[2Ktransforming...✓ 380 modules transformed.
rendering chunks...
computing gzip size...
✓ built in 1.53s
[0m
  Route (app)
  ┌ ? /               
  ├ ƒ /:slug+         
  ├ λ /api/auth/:path+
  ├ λ /api/n00-runtime
  ├ λ /api/n00/verify 
  ├ ? /auth/callback  
  ├ ƒ /compat         
  ├ ? /compat/return  
  └ λ /v1/:path+      

  λ API  ƒ Dynamic  ? Unknown

  ? Some routes could not be classified. vinext currently uses static analysis
    and cannot detect dynamic API usage (headers(), cookies(), etc.) at build time.
    Automatic classification will be improved in a future release.

  Build complete. Run `vinext start` to start the production server.

$ node scripts/run-framework.mjs build
