ℹ Detected server.ts as server entry.
[nitro:vercel] ℹ Using nodejs22.x runtime.
[nitro:vercel] ℹ Using web entry format.
[1/5] analyze client references...
vite v8.0.13 building rsc environment for production...
[2Ktransforming...✓ 371 modules transformed.
rendering chunks...
✓ built in 1.69s
[2/5] analyze server references...
vite v8.0.13 building ssr environment for production...
[2Ktransforming...✓ 302 modules transformed.
rendering chunks...
✓ built in 1.24s
[3/5] build rsc environment...
vite v8.0.13 building rsc environment for production...
[2Ktransforming...✓ 368 modules transformed.
rendering chunks...
computing gzip size...
node_modules/.nitro/vite/services/rsc/_next/static/page-B5XX6aMt.js                                                                                                    0.04 kB │ gzip:   0.06 kB
node_modules/.nitro/vite/services/rsc/_next/static/page-CrZd4MRr.js                                                                                                    0.08 kB │ gzip:   0.09 kB
node_modules/.nitro/vite/services/rsc/_next/static/record-TItOXd1J.js                                                                                                  0.09 kB │ gzip:   0.10 kB
node_modules/.nitro/vite/services/rsc/_next/static/page-BQQbQskR.js                                                                                                    0.20 kB │ gzip:   0.17 kB
node_modules/.nitro/vite/services/rsc/_next/static/route-c9iBl6ly.js                                                                                                   0.21 kB │ gzip:   0.17 kB
node_modules/.nitro/vite/services/rsc/_next/static/page-CCkCLrtj.js                                                                                                    0.65 kB │ gzip:   0.43 kB
node_modules/.nitro/vite/services/rsc/_next/static/rolldown-runtime-CwMANdre.js                                                                                        0.72 kB │ gzip:   0.44 kB
node_modules/.nitro/vite/services/rsc/_next/static/protocol-headers-2tpZEYlw.js                                                                                        0.73 kB │ gzip:   0.34 kB
node_modules/.nitro/vite/services/rsc/_next/static/framework~index~layout~page~app-page-cache-render~app-page-cache~app-route-handler-dispatch~dct9nx8h-fDqhhDSh.js    0.89 kB │ gzip:   0.58 kB
node_modules/.nitro/vite/services/rsc/_next/static/isr-decision-Cj5Z-0Pe.js                                                                                            0.89 kB │ gzip:   0.42 kB
node_modules/.nitro/vite/services/rsc/_next/static/app-static-generation-LiC_hiio.js                                                                                   0.91 kB │ gzip:   0.51 kB
node_modules/.nitro/vite/services/rsc/_next/static/route-D9u5UjtS.js                                                                                                   0.93 kB │ gzip:   0.57 kB
node_modules/.nitro/vite/services/rsc/_next/static/page-DaEgR5gK.js                                                                                                    1.27 kB │ gzip:   0.66 kB
node_modules/.nitro/vite/services/rsc/_next/static/route-dTXOAxl3.js                                                                                                   1.65 kB │ gzip:   0.79 kB
node_modules/.nitro/vite/services/rsc/_next/static/parse-cookie-BUhMIqDN.js                                                                                            1.95 kB │ gzip:   0.92 kB
node_modules/.nitro/vite/services/rsc/_next/static/app-prerender-endpoints-B5rGBPSb.js                                                                                 1.99 kB │ gzip:   0.85 kB
node_modules/.nitro/vite/services/rsc/_next/static/app-page-cache-render-4zMTyhNl.js                                                                                   2.19 kB │ gzip:   0.99 kB
node_modules/.nitro/vite/services/rsc/_next/static/route-BfF-1x1E.js                                                                                                   2.35 kB │ gzip:   1.03 kB
node_modules/.nitro/vite/services/rsc/_next/static/app-page-cache-BP9_CmPn.js                                                                                          5.49 kB │ gzip:   1.81 kB
node_modules/.nitro/vite/services/rsc/_next/static/framework~index~page~layout~page~app-page-cache-render~app-page-cache~app-route-handler-dis~l69rxd0x-BVUlCR9d.js    5.53 kB │ gzip:   2.30 kB
node_modules/.nitro/vite/services/rsc/_next/static/headers-BXKC1pvb.js                                                                                                 5.97 kB │ gzip:   2.41 kB
node_modules/.nitro/vite/services/rsc/_next/static/headers-C6qSxMkg.js                                                                                                15.97 kB │ gzip:   5.35 kB
node_modules/.nitro/vite/services/rsc/_next/static/app-route-handler-dispatch-BO0_l0Wa.js                                                                             17.99 kB │ gzip:   5.52 kB
node_modules/.nitro/vite/services/rsc/_next/static/cache-headers-B_T3xVX-.js                                                                                          41.03 kB │ gzip:  13.24 kB
node_modules/.nitro/vite/services/rsc/_next/static/framework~index-9pXQ8HgY.js                                                                                        56.75 kB │ gzip:  16.96 kB
node_modules/.nitro/vite/services/rsc/index.js                                                                                                                       454.35 kB │ gzip: 127.60 kB

✓ built in 2.34s
[4/5] build client environment...
vite v8.0.13 building client environment for production...
[2Ktransforming...✓ 386 modules transformed.
rendering chunks...
computing gzip size...
.vercel/output/static/vinext-client-entry-manifest.json                            0.06 kB │ gzip:  0.08 kB
.vercel/output/static/.vite/manifest.json                                          8.53 kB │ gzip:  1.05 kB
.vercel/output/static/_next/static/chunks/record-uXSNv6cl.js                       0.07 kB │ gzip:  0.09 kB
.vercel/output/static/_next/static/chunks/deployment-id-DFhHa9wO.js                0.09 kB │ gzip:  0.10 kB
.vercel/output/static/_next/static/chunks/hash-Cp347hhd.js                         0.25 kB │ gzip:  0.18 kB
.vercel/output/static/_next/static/chunks/protocol-headers-B9-bVeat.js             0.32 kB │ gzip:  0.17 kB
.vercel/output/static/_next/static/chunks/layout-segment-context-DYnYrJR_.js       0.53 kB │ gzip:  0.37 kB
.vercel/output/static/_next/static/chunks/app-rsc-render-mode-CvTCGruk.js          0.66 kB │ gzip:  0.34 kB
.vercel/output/static/_next/static/chunks/rolldown-runtime-C60lm6uB.js             0.69 kB │ gzip:  0.42 kB
.vercel/output/static/_next/static/chunks/streamed-icons-Krg5Wk5X.js               0.77 kB │ gzip:  0.49 kB
.vercel/output/static/_next/static/chunks/query-B_ym6Bnd.js                        0.98 kB │ gzip:  0.49 kB
.vercel/output/static/_next/static/chunks/app-route-prefetch-policy-ChvV4Gs6.js    1.01 kB │ gzip:  0.51 kB
.vercel/output/static/_next/static/chunks/page-HOeJ5GNW.js                         1.13 kB │ gzip:  0.68 kB
.vercel/output/static/_next/static/chunks/headers-C_MtfdF4.js                      3.28 kB │ gzip:  1.28 kB
.vercel/output/static/_next/static/chunks/navigation-errors-D5LMQqDL.js            4.04 kB │ gzip:  1.62 kB
.vercel/output/static/_next/static/chunks/app-rsc-cache-busting-ClRESJtp.js        4.96 kB │ gzip:  2.05 kB
.vercel/output/static/_next/static/chunks/app-elements-H_Dr48wG.js                12.82 kB │ gzip:  4.23 kB
.vercel/output/static/_next/static/chunks/link-CeLxqht3.js                        13.78 kB │ gzip:  5.18 kB
.vercel/output/static/_next/static/chunks/hybrid-client-route-owner-DsTAXSXG.js   19.51 kB │ gzip:  6.26 kB
.vercel/output/static/_next/static/chunks/index-CoB8JvYQ.js                      182.94 kB │ gzip: 53.15 kB
.vercel/output/static/_next/static/chunks/framework-D_rUT4EX.js                  190.15 kB │ gzip: 59.77 kB
.vercel/output/static/_next/static/chunks/client-BRyBn75z.js                     405.38 kB │ gzip: 99.28 kB

✓ built in 2.56s
[5/5] build ssr environment...
vite v8.0.13 building ssr environment for production...
[2Ktransforming...✓ 304 modules transformed.
rendering chunks...
computing gzip size...
node_modules/.nitro/vite/services/ssr/_next/static/app-nav-failure-handler-0_i_adpL.js      0.16 kB │ gzip:  0.11 kB
node_modules/.nitro/vite/services/ssr/_next/static/hybrid-client-route-owner-Dx7XE8l7.js    0.16 kB │ gzip:  0.13 kB
node_modules/.nitro/vite/services/ssr/_next/static/static.edge-D9oqnYlp.js                  0.23 kB │ gzip:  0.17 kB
node_modules/.nitro/vite/services/ssr/_next/static/layout-segment-context-bgAQTJ1W.js       0.42 kB │ gzip:  0.30 kB
node_modules/.nitro/vite/services/ssr/_next/static/query-DmossTMq.js                        0.58 kB │ gzip:  0.35 kB
node_modules/.nitro/vite/services/ssr/_next/static/app-prefetch-fetch-queue-DtPL6qs6.js     0.59 kB │ gzip:  0.32 kB
node_modules/.nitro/vite/services/ssr/_next/static/streamed-icons-DOHnnty7.js               0.70 kB │ gzip:  0.45 kB
node_modules/.nitro/vite/services/ssr/_next/static/page-DrCq2cg8.js                         1.12 kB │ gzip:  0.67 kB
node_modules/.nitro/vite/services/ssr/_next/static/app-router-scroll-state-CT0lxa2Q.js      1.26 kB │ gzip:  0.60 kB
node_modules/.nitro/vite/services/ssr/_next/static/app-router-scroll-BF7_UfWx.js            2.30 kB │ gzip:  1.06 kB
node_modules/.nitro/vite/services/ssr/_next/static/html-limited-bots-Ckdvktyh.js            3.50 kB │ gzip:  1.61 kB
node_modules/.nitro/vite/services/ssr/_next/static/error-boundary-DCyt-bKi.js               5.62 kB │ gzip:  1.72 kB
node_modules/.nitro/vite/services/ssr/_next/static/link-D1iMw91R.js                         6.25 kB │ gzip:  2.74 kB
node_modules/.nitro/vite/services/ssr/_next/static/navigation-CY0Hju0n.js                  48.01 kB │ gzip: 14.64 kB
node_modules/.nitro/vite/services/ssr/_next/static/client-B-QsDsQF.js                     143.48 kB │ gzip: 39.76 kB
node_modules/.nitro/vite/services/ssr/index.js                                            285.50 kB │ gzip: 89.36 kB

✓ built in 1.37s
[nitro] ℹ Skipping RSC (already built)

[nitro] ◐ Building [Nitro] (preset: vercel, compatibility: 2026-10-04)
[nitro] ✔ Generated public .vercel/output/static
vite v8.0.13 building nitro environment for production...
[2Ktransforming...✓ 97 modules transformed.
ℹ Tracing dependencies:
- eslint (9.39.4)
- playwright (1.63.0)
- postcss (8.5.23)
- sharp (0.35.4)
- typescript (5.9.3)
- webpack (5.106.2)
- playwright-core (1.63.0)
- nanoid (3.3.18)
- eslint-scope (8.4.0, 5.1.1)
- espree (10.4.0)
- eslint-visitor-keys (4.2.1, 3.4.3)
- @eslint/config-helpers (0.4.2)
- @eslint/eslintrc (3.3.5)
- acorn (8.16.0)
- acorn-import-phases (1.0.4)
- @eslint/plugin-kit (0.4.1)
- neo-async (2.6.2)
- @img/colour (1.1.0)
- @img/sharp-linux-x64 (0.35.4)
- cross-spawn (7.0.6)
- picocolors (1.1.1)
- source-map-js (1.2.1)
- webpack-sources (3.4.1)
- tapable (2.3.3)
- loader-runner (4.3.2)
- schema-utils (4.3.3)
- debug (4.4.3)
- lodash.merge (4.6.2)
- glob-parent (6.0.2)
- is-glob (4.0.3)
- minimatch (3.1.5)
- glob-to-regexp (0.4.1)
- graceful-fs (4.2.11)
- es-module-lexer (2.1.0)
- escape-string-regexp (4.0.0)
- enhanced-resolve (5.21.3)
- chrome-trace-event (1.0.4)
- @eslint/js (9.39.4)
- semver (7.8.5)
- @humanwhocodes/retry (0.4.3)
- @humanwhocodes/module-importer (1.0.1)
- detect-libc (2.1.2)
- @humanfs/node (0.16.8)
- jiti (2.7.0)
- @eslint/config-array (0.21.2)
- watchpack (2.5.1)
- json-stable-stringify-without-jsonify (1.0.1)
- @eslint-community/eslint-utils (4.9.1)
- @eslint-community/regexpp (4.12.2)
- @webassemblyjs/ast (1.14.1)
- @webassemblyjs/wasm-parser (1.14.1)
- ajv (6.15.0, 8.20.0)
- natural-compare (1.4.0)
- fast-deep-equal (3.1.3)
- esutils (2.0.3)
- ignore (5.3.2)
- optionator (0.9.4)
- find-up (5.0.0)
- esquery (1.7.0)
- imurmurhash (0.1.4)
- file-entry-cache (8.0.0)
- mime-db (1.54.0)
- chalk (4.1.2)
- @webassemblyjs/wasm-edit (1.14.1)
- source-map-support (0.5.21)
- @img/sharp-libvips-linux-x64 (1.3.3)
- esrecurse (4.3.0)
- estraverse (5.3.0, 4.3.0)
- is-extglob (2.1.1)
- brace-expansion (1.1.14)
- import-fresh (3.3.1)
- terser-webpack-plugin (5.6.0)
- supports-color (10.2.2, 7.2.0, 8.1.1)
- acorn-jsx (5.3.2)
- @humanfs/core (0.19.2)
- strip-json-comments (3.1.1)
- globals (14.0.0)
- ms (2.1.3)
- levn (0.4.1)
- ajv-keywords (5.1.0)
- ajv-formats (2.1.1)
- @eslint/object-schema (2.1.7)
- locate-path (6.0.0)
- path-exists (4.0.0)
- flat-cache (4.0.1)
- deep-is (0.1.4)
- word-wrap (1.2.5)
- fast-levenshtein (2.0.6)
- @webassemblyjs/helper-wasm-bytecode (1.13.2)
- @webassemblyjs/ieee754 (1.13.2)
- @webassemblyjs/leb128 (1.13.2)
- @webassemblyjs/utf8 (1.13.2)
- @webassemblyjs/helper-api-error (1.13.2)
- fast-json-stable-stringify (2.1.0)
- browserslist (4.28.2)
- json-schema-traverse (0.4.1, 1.0.0)
- source-map (0.6.1)
- uri-js (4.4.1)
- buffer-from (1.1.2)
- type-check (0.4.0)
- prelude-ls (1.2.1)
- @webassemblyjs/helper-numbers (1.13.2)
- ansi-styles (4.3.0)
- @webassemblyjs/wasm-gen (1.14.1)
- @webassemblyjs/wasm-opt (1.14.1)
- @webassemblyjs/helper-wasm-section (1.14.1)
- @webassemblyjs/helper-buffer (1.14.1)
- which (2.0.2)
- path-key (3.1.1)
- shebang-command (2.0.0)
- concat-map (0.0.1)
- balanced-match (1.0.2)
- parent-module (1.0.1)
- resolve-from (4.0.0)
- terser (5.47.1)
- esbuild (0.28.1)
- jest-worker (27.5.1)
- lightningcss (1.32.0)
- @jridgewell/trace-mapping (0.3.31)
- p-locate (5.0.0)
- flatted (3.4.2)
- baseline-browser-mapping (2.10.30)
- electron-to-chromium (1.5.358)
- keyv (4.5.4)
- node-releases (2.0.44)
- has-flag (4.0.0)
- color-convert (2.0.1)
- caniuse-lite (1.0.30001793)
- @xtuc/ieee754 (1.2.0)
- isexe (2.0.0)
- shebang-regex (3.0.0)
- @webassemblyjs/floating-point-hex-parser (1.13.2)
- @xtuc/long (4.2.2)
- fast-uri (3.1.7)
- callsites (3.1.0)
- @jridgewell/resolve-uri (3.1.2)
- @jridgewell/sourcemap-codec (1.5.5)
- @jridgewell/source-map (0.3.11)
- p-limit (3.1.0)
- json-buffer (3.0.1)
- merge-stream (2.0.0)
- color-name (1.1.4)
- @jridgewell/gen-mapping (0.3.13)
- yocto-queue (0.1.0)
- @esbuild/linux-x64 (0.28.1)
- lightningcss-linux-x64-gnu (1.32.0)
✔ Traced 146 dependencies (1861 files) in 28330ms.
ℹ Ensure your production environment matches the builder OS and architecture (linux-x64) to avoid native module issues.
rendering chunks...
computing gzip size...
.vercel/output/functions/__server.func/_ssr/page-B5XX6aMt.mjs                          0.04 kB │ gzip:   0.06 kB
.vercel/output/functions/__server.func/_ssr/app-nav-failure-handler-0_i_adpL.mjs       0.06 kB │ gzip:   0.06 kB
.vercel/output/functions/__server.func/_ssr/page-CrZd4MRr.mjs                          0.08 kB │ gzip:   0.09 kB
.vercel/output/functions/__server.func/_chunks/ssr-renderer.mjs                        0.10 kB │ gzip:   0.11 kB
.vercel/output/functions/__server.func/_ssr/hybrid-client-route-owner-Dx7XE8l7.mjs     0.16 kB │ gzip:   0.13 kB
.vercel/output/functions/__server.func/_runtime.mjs                                    0.17 kB │ gzip:   0.16 kB
.vercel/output/functions/__server.func/_ssr/static.edge-D9oqnYlp.mjs                   0.17 kB │ gzip:   0.13 kB
.vercel/output/functions/__server.func/_ssr/page-BQQbQskR.mjs                          0.17 kB │ gzip:   0.15 kB
.vercel/output/functions/__server.func/_ssr/route-c9iBl6ly.mjs                         0.20 kB │ gzip:   0.17 kB
.vercel/output/functions/__server.func/_ssr/layout-segment-context-bgAQTJ1W.mjs        0.37 kB │ gzip:   0.27 kB
.vercel/output/functions/__server.func/_ssr/page-CCkCLrtj.mjs                          0.46 kB │ gzip:   0.32 kB
.vercel/output/functions/__server.func/_ssr/streamed-icons-DOHnnty7.mjs                0.68 kB │ gzip:   0.44 kB
.vercel/output/functions/__server.func/_ssr/app-prefetch-fetch-queue-DtPL6qs6.mjs      0.70 kB │ gzip:   0.35 kB
.vercel/output/functions/__server.func/_ssr/isr-decision-Cj5Z-0Pe.mjs                  0.73 kB │ gzip:   0.35 kB
.vercel/output/functions/__server.func/_ssr/route-D9u5UjtS.mjs                         0.84 kB │ gzip:   0.52 kB
.vercel/output/functions/__server.func/_ssr/app-static-generation-LiC_hiio.mjs         0.87 kB │ gzip:   0.49 kB
.vercel/output/functions/__server.func/_ssr/app-router-scroll-state-CT0lxa2Q.mjs       1.05 kB │ gzip:   0.53 kB
.vercel/output/functions/__server.func/_ssr/page-DaEgR5gK.mjs                          1.06 kB │ gzip:   0.55 kB
.vercel/output/functions/__server.func/_ssr/page-DrCq2cg8.mjs                          1.08 kB │ gzip:   0.65 kB
.vercel/output/functions/__server.func/_ssr/route-dTXOAxl3.mjs                         1.63 kB │ gzip:   0.78 kB
.vercel/output/functions/__server.func/_ssr/app-page-cache-render-4zMTyhNl.mjs         1.79 kB │ gzip:   0.83 kB
.vercel/output/functions/__server.func/_ssr/app-prerender-endpoints-B5rGBPSb.mjs       1.94 kB │ gzip:   0.83 kB
.vercel/output/functions/__server.func/_ssr/app-router-scroll-BF7_UfWx.mjs             2.12 kB │ gzip:   0.99 kB
.vercel/output/functions/__server.func/_ssr/route-BfF-1x1E.mjs                         2.35 kB │ gzip:   1.03 kB
.vercel/output/functions/__server.func/_ssr/html-limited-bots-Ckdvktyh.mjs             3.19 kB │ gzip:   1.44 kB
.vercel/output/functions/__server.func/index.mjs                                       3.81 kB │ gzip:   1.82 kB
.vercel/output/functions/__server.func/_ssr/app-page-cache-BP9_CmPn.mjs                5.03 kB │ gzip:   1.57 kB
.vercel/output/functions/__server.func/_ssr/error-boundary-DCyt-bKi.mjs                5.44 kB │ gzip:   1.63 kB
.vercel/output/functions/__server.func/_ssr/link-D1iMw91R.mjs                          6.41 kB │ gzip:   2.79 kB
.vercel/output/functions/__server.func/_ssr/app-route-handler-dispatch-BO0_l0Wa.mjs   16.97 kB │ gzip:   5.24 kB
.vercel/output/functions/__server.func/_libs/h3+rou3+srvx.mjs                         20.18 kB │ gzip:   7.48 kB
.vercel/output/functions/__server.func/_ssr/navigation-CY0Hju0n.mjs                   46.87 kB │ gzip:  14.22 kB
.vercel/output/functions/__server.func/_libs/zod.mjs                                  59.13 kB │ gzip:  13.94 kB
.vercel/output/functions/__server.func/_ssr/client-B-QsDsQF.mjs                      143.47 kB │ gzip:  39.75 kB
.vercel/output/functions/__server.func/_ssr/ssr.mjs                                  299.61 kB │ gzip:  90.72 kB
.vercel/output/functions/__server.func/_ssr/rsc.mjs                                  571.76 kB │ gzip: 162.75 kB

✓ built in 32.58s
ℹ Generated .vercel/output/nitro.json

[nitro] ✔ You can preview this build using npx vite preview
[nitro] ✔ You can deploy this build using npx nitro deploy --prebuilt
[33m[INEFFECTIVE_DYNAMIC_IMPORT] [0mapp/layout.tsx is dynamically imported by \0virtual:vinext-rsc-entry but also statically imported by \0virtual:vinext-rsc-entry, dynamic import will not move module into another chunk.

[33m[INEFFECTIVE_DYNAMIC_IMPORT] [0mnode_modules/.pnpm/vinext@1.0.0-beta.5_@vitejs+plugin-react@6.0.2_vite@8.0.13_@types+node@22.19.19_esbuild_d5d6eb9e75c213b052ac0cc191f9f6ae/node_modules/vinext/dist/shims/default-global-error.js is dynamically imported by \0virtual:vite-rsc/client-references but also statically imported by node_modules/.pnpm/vinext@1.0.0-beta.5_@vitejs+plugin-react@6.0.2_vite@8.0.13_@types+node@22.19.19_esbuild_d5d6eb9e75c213b052ac0cc191f9f6ae/node_modules/vinext/dist/server/app-browser-entry.js, node_modules/.pnpm/vinext@1.0.0-beta.5_@vitejs+plugin-react@6.0.2_vite@8.0.13_@types+node@22.19.19_esbuild_d5d6eb9e75c213b052ac0cc191f9f6ae/node_modules/vinext/dist/shims/error-boundary.js, dynamic import will not move module into another chunk.

[33m[INEFFECTIVE_DYNAMIC_IMPORT] [0mnode_modules/.pnpm/vinext@1.0.0-beta.5_@vitejs+plugin-react@6.0.2_vite@8.0.13_@types+node@22.19.19_esbuild_d5d6eb9e75c213b052ac0cc191f9f6ae/node_modules/vinext/dist/shims/error-boundary.js is dynamically imported by \0virtual:vite-rsc/client-references but also statically imported by node_modules/.pnpm/vinext@1.0.0-beta.5_@vitejs+plugin-react@6.0.2_vite@8.0.13_@types+node@22.19.19_esbuild_d5d6eb9e75c213b052ac0cc191f9f6ae/node_modules/vinext/dist/server/app-browser-entry.js, dynamic import will not move module into another chunk.

[33m[INEFFECTIVE_DYNAMIC_IMPORT] [0mnode_modules/.pnpm/vinext@1.0.0-beta.5_@vitejs+plugin-react@6.0.2_vite@8.0.13_@types+node@22.19.19_esbuild_d5d6eb9e75c213b052ac0cc191f9f6ae/node_modules/vinext/dist/shims/app-router-scroll.js is dynamically imported by \0virtual:vite-rsc/client-references but also statically imported by node_modules/.pnpm/vinext@1.0.0-beta.5_@vitejs+plugin-react@6.0.2_vite@8.0.13_@types+node@22.19.19_esbuild_d5d6eb9e75c213b052ac0cc191f9f6ae/node_modules/vinext/dist/server/app-browser-entry.js, dynamic import will not move module into another chunk.

[33m[INEFFECTIVE_DYNAMIC_IMPORT] [0mnode_modules/.pnpm/vinext@1.0.0-beta.5_@vitejs+plugin-react@6.0.2_vite@8.0.13_@types+node@22.19.19_esbuild_d5d6eb9e75c213b052ac0cc191f9f6ae/node_modules/vinext/dist/shims/slot.js is dynamically imported by \0virtual:vite-rsc/client-references but also statically imported by node_modules/.pnpm/vinext@1.0.0-beta.5_@vitejs+plugin-react@6.0.2_vite@8.0.13_@types+node@22.19.19_esbuild_d5d6eb9e75c213b052ac0cc191f9f6ae/node_modules/vinext/dist/server/app-browser-entry.js, node_modules/.pnpm/vinext@1.0.0-beta.5_@vitejs+plugin-react@6.0.2_vite@8.0.13_@types+node@22.19.19_esbuild_d5d6eb9e75c213b052ac0cc191f9f6ae/node_modules/vinext/dist/server/app-browser-visible-commit.js, dynamic import will not move module into another chunk.

[33m[INEFFECTIVE_DYNAMIC_IMPORT] [0mnode_modules/.pnpm/vinext@1.0.0-beta.5_@vitejs+plugin-react@6.0.2_vite@8.0.13_@types+node@22.19.19_esbuild_d5d6eb9e75c213b052ac0cc191f9f6ae/node_modules/vinext/dist/shims/internal/app-prefetch-fetch-queue.js is dynamically imported by \0virtual:vite-rsc/client-references but also statically imported by node_modules/.pnpm/vinext@1.0.0-beta.5_@vitejs+plugin-react@6.0.2_vite@8.0.13_@types+node@22.19.19_esbuild_d5d6eb9e75c213b052ac0cc191f9f6ae/node_modules/vinext/dist/shims/link.js, node_modules/.pnpm/vinext@1.0.0-beta.5_@vitejs+plugin-react@6.0.2_vite@8.0.13_@types+node@22.19.19_esbuild_d5d6eb9e75c213b052ac0cc191f9f6ae/node_modules/vinext/dist/shims/navigation.js, dynamic import will not move module into another chunk.

[33m[INEFFECTIVE_DYNAMIC_IMPORT] [0mnode_modules/.pnpm/vinext@1.0.0-beta.5_@vitejs+plugin-react@6.0.2_vite@8.0.13_@types+node@22.19.19_esbuild_d5d6eb9e75c213b052ac0cc191f9f6ae/node_modules/vinext/dist/shims/default-global-error.js is dynamically imported by \0virtual:vite-rsc/client-references but also statically imported by node_modules/.pnpm/vinext@1.0.0-beta.5_@vitejs+plugin-react@6.0.2_vite@8.0.13_@types+node@22.19.19_esbuild_d5d6eb9e75c213b052ac0cc191f9f6ae/node_modules/vinext/dist/server/app-ssr-entry.js, node_modules/.pnpm/vinext@1.0.0-beta.5_@vitejs+plugin-react@6.0.2_vite@8.0.13_@types+node@22.19.19_esbuild_d5d6eb9e75c213b052ac0cc191f9f6ae/node_modules/vinext/dist/shims/error-boundary.js, dynamic import will not move module into another chunk.

[33m[INEFFECTIVE_DYNAMIC_IMPORT] [0mnode_modules/.pnpm/vinext@1.0.0-beta.5_@vitejs+plugin-react@6.0.2_vite@8.0.13_@types+node@22.19.19_esbuild_d5d6eb9e75c213b052ac0cc191f9f6ae/node_modules/vinext/dist/shims/slot.js is dynamically imported by \0virtual:vite-rsc/client-references but also statically imported by node_modules/.pnpm/vinext@1.0.0-beta.5_@vitejs+plugin-react@6.0.2_vite@8.0.13_@types+node@22.19.19_esbuild_d5d6eb9e75c213b052ac0cc191f9f6ae/node_modules/vinext/dist/server/app-ssr-entry.js, dynamic import will not move module into another chunk.

nf3: could not resolve `traceInclude` entry "@alinea/generated" from any root
nf3: could not resolve `traceInclude` entry "@appsignal/nodejs" from any root
nf3: could not resolve `traceInclude` entry "@aws-sdk/client-s3" from any root
nf3: could not resolve `traceInclude` entry "@aws-sdk/s3-presigned-post" from any root
nf3: could not resolve `traceInclude` entry "@blockfrost/blockfrost-js" from any root
nf3: could not resolve `traceInclude` entry "@highlight-run/node" from any root
nf3: could not resolve `traceInclude` entry "@huggingface/transformers" from any root
nf3: could not resolve `traceInclude` entry "@jpg-store/lucid-cardano" from any root
nf3: could not resolve `traceInclude` entry "@libsql/client" from any root
nf3: could not resolve `traceInclude` entry "@mikro-orm/core" from any root
nf3: could not resolve `traceInclude` entry "@mikro-orm/knex" from any root
nf3: could not resolve `traceInclude` entry "@node-rs/argon2" from any root
nf3: could not resolve `traceInclude` entry "@node-rs/bcrypt" from any root
nf3: could not resolve `traceInclude` entry "@prisma/client" from any root
nf3: could not resolve `traceInclude` entry "@react-pdf/renderer" from any root
nf3: could not resolve `traceInclude` entry "@sentry/profiling-node" from any root
nf3: could not resolve `traceInclude` entry "@sparticuz/chromium" from any root
nf3: could not resolve `traceInclude` entry "@sparticuz/chromium-min" from any root
nf3: could not resolve `traceInclude` entry "@statsig/statsig-node-core" from any root
nf3: could not resolve `traceInclude` entry "@swc/core" from any root
nf3: could not resolve `traceInclude` entry "@xenova/transformers" from any root
nf3: could not resolve `traceInclude` entry "@zenstackhq/runtime" from any root
nf3: could not resolve `traceInclude` entry "argon2" from any root
nf3: could not resolve `traceInclude` entry "autoprefixer" from any root
nf3: could not resolve `traceInclude` entry "aws-crt" from any root
nf3: could not resolve `traceInclude` entry "bcrypt" from any root
nf3: could not resolve `traceInclude` entry "better-sqlite3" from any root
nf3: could not resolve `traceInclude` entry "canvas" from any root
nf3: could not resolve `traceInclude` entry "chromadb-default-embed" from any root
nf3: could not resolve `traceInclude` entry "config" from any root
nf3: could not resolve `traceInclude` entry "cpu-features" from any root
nf3: could not resolve `traceInclude` entry "cypress" from any root
nf3: could not resolve `traceInclude` entry "dd-trace" from any root
nf3: could not resolve `traceInclude` entry "express" from any root
nf3: could not resolve `traceInclude` entry "firebase-admin" from any root
nf3: could not resolve `traceInclude` entry "htmlrewriter" from any root
nf3: could not resolve `traceInclude` entry "import-in-the-middle" from any root
nf3: could not resolve `traceInclude` entry "isolated-vm" from any root
nf3: could not resolve `traceInclude` entry "jest" from any root
nf3: could not resolve `traceInclude` entry "jsdom" from any root
nf3: could not resolve `traceInclude` entry "keyv" from any root
nf3: could not resolve `traceInclude` entry "libsql" from any root
nf3: could not resolve `traceInclude` entry "mdx-bundler" from any root
nf3: could not resolve `traceInclude` entry "mongodb" from any root
nf3: could not resolve `traceInclude` entry "mongoose" from any root
nf3: could not resolve `traceInclude` entry "newrelic" from any root
nf3: could not resolve `traceInclude` entry "next-mdx-remote" from any root
nf3: could not resolve `traceInclude` entry "next-seo" from any root
nf3: could not resolve `traceInclude` entry "node-cron" from any root
nf3: could not resolve `traceInclude` entry "node-pty" from any root
nf3: could not resolve `traceInclude` entry "node-web-audio-api" from any root
nf3: could not resolve `traceInclude` entry "onnxruntime-node" from any root
nf3: could not resolve `traceInclude` entry "oslo" from any root
nf3: could not resolve `traceInclude` entry "pg" from any root
nf3: could not resolve `traceInclude` entry "pino" from any root
nf3: could not resolve `traceInclude` entry "pino-pretty" from any root
nf3: could not resolve `traceInclude` entry "pino-roll" from any root
nf3: could not resolve `traceInclude` entry "playwright-core" from any root
nf3: could not resolve `traceInclude` entry "prettier" from any root
nf3: could not resolve `traceInclude` entry "prisma" from any root
nf3: could not resolve `traceInclude` entry "puppeteer" from any root
nf3: could not resolve `traceInclude` entry "puppeteer-core" from any root
nf3: could not resolve `traceInclude` entry "ravendb" from any root
nf3: could not resolve `traceInclude` entry "require-in-the-middle" from any root
nf3: could not resolve `traceInclude` entry "rimraf" from any root
nf3: could not resolve `traceInclude` entry "shiki" from any root
nf3: could not resolve `traceInclude` entry "sqlite3" from any root
nf3: could not resolve `traceInclude` entry "thread-stream" from any root
nf3: could not resolve `traceInclude` entry "ts-morph" from any root
nf3: could not resolve `traceInclude` entry "ts-node" from any root
nf3: could not resolve `traceInclude` entry "vscode-oniguruma" from any root
nf3: could not resolve `traceInclude` entry "websocket" from any root
nf3: could not resolve `traceInclude` entry "zeromq" from any root
[33m[PLUGIN_TIMINGS] [0mYour build spent significant time in plugins. Here is a breakdown:
  - nitro:externals (54%)
  - vinext:jsx-in-js (15%)
  - vinext:ignore-dynamic-requests (7%)
  - vinext:validate-middleware-exports (4%)
  - vinext:middleware-server-only (3%)
See https://rolldown.rs/options/checks#plugintimings for more details.

