? Verifying lockfile against supply-chain policies (926 entries)...
Lockfile is up to date, resolution step is skipped
Already up to date

   ╭──────────────────────────────────────────────────────────────────────╮
   │                                                                      │
   │                 Update available! 11.25.0 → 12.9.1.                  │
   │                 Changelog: https://pnpm.io/v/12.9.1                  │
   │   To update, run: curl -fsSL https://get.pnpm.io/install.sh | sh -   │
   │                                                                      │
   ╰──────────────────────────────────────────────────────────────────────╯

✓ Lockfile passes supply-chain policies (926 entries in 16.8s)

Done in 18.2s using pnpm v11.25.0
[nitro:vercel] ℹ Using nodejs22.x runtime.
[nitro:vercel] ℹ Using web entry format.
[1/5] analyze client references...
vite v8.0.13 building rsc environment for production...
[2Ktransforming...✓ 223 modules transformed.
rendering chunks...
✓ built in 1.49s
[2/5] analyze server references...
vite v8.0.13 building ssr environment for production...
[2Ktransforming...✓ 316 modules transformed.
rendering chunks...
✓ built in 1.67s
[3/5] build rsc environment...
vite v8.0.13 building rsc environment for production...
[2Ktransforming...✓ 220 modules transformed.
rendering chunks...
computing gzip size...
node_modules/.nitro/vite/services/rsc/_next/static/css/index.CGx1qJu4.css                                                                                            187.42 kB │ gzip: 30.08 kB
node_modules/.nitro/vite/services/rsc/_next/static/page-Ct4nT2g3.js                                                                                                    0.04 kB │ gzip:  0.06 kB
node_modules/.nitro/vite/services/rsc/_next/static/page-DaGLKIwC.js                                                                                                    0.04 kB │ gzip:  0.06 kB
node_modules/.nitro/vite/services/rsc/_next/static/page-BHxDv0Tf.js                                                                                                    0.20 kB │ gzip:  0.17 kB
node_modules/.nitro/vite/services/rsc/_next/static/framework~index-BovssrBM.js                                                                                         0.28 kB │ gzip:  0.22 kB
node_modules/.nitro/vite/services/rsc/_next/static/rolldown-runtime-CwMANdre.js                                                                                        0.72 kB │ gzip:  0.44 kB
node_modules/.nitro/vite/services/rsc/_next/static/framework~index~layout~app-page-cache-render~app-page-cache~seed-cache~app-route-handler-dispatch-C57VeVmu.js       0.89 kB │ gzip:  0.58 kB
node_modules/.nitro/vite/services/rsc/_next/static/app-static-generation-Cn6zgtlQ.js                                                                                   0.91 kB │ gzip:  0.51 kB
node_modules/.nitro/vite/services/rsc/_next/static/navigation-runtime-DJ9mf-Fq.js                                                                                      0.97 kB │ gzip:  0.48 kB
node_modules/.nitro/vite/services/rsc/_next/static/app-prerender-endpoints-CKSsnF85.js                                                                                 1.99 kB │ gzip:  0.85 kB
node_modules/.nitro/vite/services/rsc/_next/static/seed-cache-DFZYCKa9.js                                                                                              2.15 kB │ gzip:  1.04 kB
node_modules/.nitro/vite/services/rsc/_next/static/app-page-cache-render-BGiAWwp9.js                                                                                   2.16 kB │ gzip:  0.97 kB
node_modules/.nitro/vite/services/rsc/_next/static/route-B4L57AlA.js                                                                                                   2.35 kB │ gzip:  1.03 kB
node_modules/.nitro/vite/services/rsc/_next/static/framework~index~page~layout~app-page-cache-render~app-page-cache~seed-cache~app-route-handl~fz4928b9-CAjOLcy2.js    5.53 kB │ gzip:  2.30 kB
node_modules/.nitro/vite/services/rsc/_next/static/app-page-cache-m-9XFtMg.js                                                                                          5.82 kB │ gzip:  1.97 kB
node_modules/.nitro/vite/services/rsc/_next/static/headers-0-UmCixE.js                                                                                                 6.14 kB │ gzip:  2.44 kB
node_modules/.nitro/vite/services/rsc/_next/static/app-route-handler-dispatch-DvvU23RG.js                                                                             26.83 kB │ gzip:  8.27 kB
node_modules/.nitro/vite/services/rsc/_next/static/cache-headers-hHOo_HxN.js                                                                                          51.07 kB │ gzip: 16.36 kB
node_modules/.nitro/vite/services/rsc/_next/static/framework~index~page~layout~app-route-handler-dispatch-CCPqgE_1.js                                                 56.74 kB │ gzip: 16.96 kB
node_modules/.nitro/vite/services/rsc/index.js                                                                                                                       255.74 kB │ gzip: 73.61 kB

✓ built in 2.04s
[4/5] build client environment...
vite v8.0.13 building client environment for production...
[2Ktransforming...✓ 2107 modules transformed.
rendering chunks...
computing gzip size...
.vercel/output/static/vinext-client-entry-manifest.json                            0.06 kB │ gzip:   0.08 kB
.vercel/output/static/.vite/manifest.json                                          4.92 kB │ gzip:   0.72 kB
.vercel/output/static/_next/static/css/index.CGx1qJu4.css                        187.42 kB │ gzip:  30.08 kB
.vercel/output/static/_next/static/chunks/data-mode-3ZsncuWp.js                    0.39 kB │ gzip:   0.27 kB
.vercel/output/static/_next/static/chunks/layout-segment-context-CRKrpUzc.js       0.53 kB │ gzip:   0.36 kB
.vercel/output/static/_next/static/chunks/rolldown-runtime-C60lm6uB.js             0.69 kB │ gzip:   0.42 kB
.vercel/output/static/_next/static/chunks/streamed-icons-CpgkWAUO.js               0.77 kB │ gzip:   0.49 kB
.vercel/output/static/_next/static/chunks/app-route-prefetch-policy-De6lWtxe.js    0.93 kB │ gzip:   0.48 kB
.vercel/output/static/_next/static/chunks/page-CzCRrbcC.js                         0.95 kB │ gzip:   0.59 kB
.vercel/output/static/_next/static/chunks/navigation-errors-By4dF-Cc.js            2.08 kB │ gzip:   0.98 kB
.vercel/output/static/_next/static/chunks/workspace-session-oNv4iQTi.js           10.98 kB │ gzip:   4.32 kB
.vercel/output/static/_next/static/chunks/framework-D_rUT4EX.js                  190.15 kB │ gzip:  59.77 kB
.vercel/output/static/_next/static/chunks/index-CpCTzNS2.js                      194.05 kB │ gzip:  56.59 kB
.vercel/output/static/_next/static/chunks/workspace-KF082_Pr.js                  604.26 kB │ gzip: 176.87 kB

✓ built in 4.08s
[5/5] build ssr environment...
vite v8.0.13 building ssr environment for production...
[2Ktransforming...✓ 321 modules transformed.
rendering chunks...
computing gzip size...
node_modules/.nitro/vite/services/ssr/_next/static/app-nav-failure-handler-xyxQaxhl.js     0.06 kB │ gzip:   0.08 kB
node_modules/.nitro/vite/services/ssr/_next/static/app-prefetch-fetch-queue-Chyj70ZY.js    0.10 kB │ gzip:   0.10 kB
node_modules/.nitro/vite/services/ssr/_next/static/static.edge-CvNefTBt.js                 0.23 kB │ gzip:   0.17 kB
node_modules/.nitro/vite/services/ssr/_next/static/layout-segment-context-CF3UmZqQ.js      0.42 kB │ gzip:   0.30 kB
node_modules/.nitro/vite/services/ssr/_next/static/data-mode-DwS1J-j8.js                   0.42 kB │ gzip:   0.27 kB
node_modules/.nitro/vite/services/ssr/_next/static/app-router-scroll-state-By5GVyXC.js     0.63 kB │ gzip:   0.34 kB
node_modules/.nitro/vite/services/ssr/_next/static/streamed-icons-RmnK8iPg.js              0.70 kB │ gzip:   0.45 kB
node_modules/.nitro/vite/services/ssr/_next/static/page-Bx-ep5tp.js                        0.96 kB │ gzip:   0.60 kB
node_modules/.nitro/vite/services/ssr/_next/static/app-router-scroll-TxaHpGT9.js           2.30 kB │ gzip:   1.07 kB
node_modules/.nitro/vite/services/ssr/_next/static/navigation-WqrIf9OJ.js                  3.40 kB │ gzip:   1.51 kB
node_modules/.nitro/vite/services/ssr/_next/static/error-boundary-CG4sZCXu.js              5.62 kB │ gzip:   1.72 kB
node_modules/.nitro/vite/services/ssr/_next/static/workspace-session-Bu3aoxgI.js          11.09 kB │ gzip:   4.36 kB
node_modules/.nitro/vite/services/ssr/index.js                                           279.22 kB │ gzip:  87.52 kB
node_modules/.nitro/vite/services/ssr/_next/static/workspace-Dl3RXuLK.js                 517.84 kB │ gzip: 156.24 kB

✓ built in 1.44s
[nitro] ℹ Skipping RSC (already built)

[nitro] ◐ Building [Nitro] (preset: vercel, compatibility: 2026-10-04)
[nitro] ✔ Generated public .vercel/output/static
vite v8.0.13 building nitro environment for production...
[2Ktransforming...✓ 91 modules transformed.
ℹ Tracing dependencies:
- eslint (9.39.4)
- playwright (1.63.0)
- postcss (8.5.23)
- sharp (0.35.4)
- typescript (5.9.3)
- webpack (5.106.2)
- playwright-core (1.63.0)
- nanoid (3.3.18)
- eslint-visitor-keys (4.2.1, 3.4.3)
- espree (10.4.0)
- eslint-scope (8.4.0, 5.1.1)
- @eslint/eslintrc (3.3.5)
- @eslint/config-helpers (0.4.2)
- acorn (8.16.0)
- acorn-import-phases (1.0.4)
- @eslint/plugin-kit (0.4.1)
- neo-async (2.6.2)
- @img/colour (1.1.0)
- cross-spawn (7.0.6)
- source-map-js (1.2.1)
- @img/sharp-linux-x64 (0.35.4)
- picocolors (1.1.1)
- webpack-sources (3.4.1)
- loader-runner (4.3.2)
- schema-utils (4.3.3)
- debug (4.4.3)
- tapable (2.3.3)
- lodash.merge (4.6.2)
- is-glob (4.0.3)
- graceful-fs (4.2.11)
- glob-to-regexp (0.4.1)
- escape-string-regexp (4.0.0)
- es-module-lexer (2.1.0)
- glob-parent (6.0.2)
- minimatch (3.1.5)
- enhanced-resolve (5.21.3)
- chrome-trace-event (1.0.4)
- @eslint/js (9.39.4)
- semver (7.8.5)
- @humanwhocodes/retry (0.4.3)
- @humanwhocodes/module-importer (1.0.1)
- detect-libc (2.1.2)
- @humanfs/node (0.16.8)
- jiti (2.7.0)
- @eslint/config-array (0.21.2)
- watchpack (2.5.1)
- json-stable-stringify-without-jsonify (1.0.1)
- @eslint-community/regexpp (4.12.2)
- @eslint-community/eslint-utils (4.9.1)
- @webassemblyjs/ast (1.14.1)
- ajv (6.15.0, 8.20.0)
- @webassemblyjs/wasm-parser (1.14.1)
- fast-deep-equal (3.1.3)
- natural-compare (1.4.0)
- ignore (5.3.2)
- optionator (0.9.4)
- find-up (5.0.0)
- esquery (1.7.0)
- esutils (2.0.3)
- imurmurhash (0.1.4)
- file-entry-cache (8.0.0)
- mime-db (1.54.0)
- chalk (4.1.2)
- @webassemblyjs/wasm-edit (1.14.1)
- source-map-support (0.5.21)
- @img/sharp-libvips-linux-x64 (1.3.3)
- esrecurse (4.3.0)
- estraverse (5.3.0, 4.3.0)
- is-extglob (2.1.1)
- import-fresh (3.3.1)
- brace-expansion (1.1.14)
- supports-color (10.2.2, 7.2.0, 8.1.1)
- terser-webpack-plugin (5.6.0)
- acorn-jsx (5.3.2)
- strip-json-comments (3.1.1)
- globals (14.0.0)
- @humanfs/core (0.19.2)
- ms (2.1.3)
- levn (0.4.1)
- ajv-keywords (5.1.0)
- ajv-formats (2.1.1)
- @eslint/object-schema (2.1.7)
- path-exists (4.0.0)
- locate-path (6.0.0)
- deep-is (0.1.4)
- fast-levenshtein (2.0.6)
- flat-cache (4.0.1)
- word-wrap (1.2.5)
- fast-json-stable-stringify (2.1.0)
- @webassemblyjs/helper-api-error (1.13.2)
- @webassemblyjs/helper-wasm-bytecode (1.13.2)
- @webassemblyjs/ieee754 (1.13.2)
- @webassemblyjs/leb128 (1.13.2)
- browserslist (4.28.2)
- @webassemblyjs/utf8 (1.13.2)
- json-schema-traverse (0.4.1, 1.0.0)
- uri-js (4.4.1)
- type-check (0.4.0)
- prelude-ls (1.2.1)
- ansi-styles (4.3.0)
- @webassemblyjs/helper-numbers (1.13.2)
- source-map (0.6.1)
- buffer-from (1.1.2)
- @webassemblyjs/wasm-gen (1.14.1)
- @webassemblyjs/helper-wasm-section (1.14.1)
- which (2.0.2)
- @webassemblyjs/helper-buffer (1.14.1)
- @webassemblyjs/wasm-opt (1.14.1)
- shebang-command (2.0.0)
- path-key (3.1.1)
- balanced-match (1.0.2)
- concat-map (0.0.1)
- parent-module (1.0.1)
- resolve-from (4.0.0)
- terser (5.47.1)
- esbuild (0.28.1)
- lightningcss (1.32.0)
- jest-worker (27.5.1)
- @jridgewell/trace-mapping (0.3.31)
- p-locate (5.0.0)
- flatted (3.4.2)
- baseline-browser-mapping (2.10.30)
- keyv (4.5.4)
- electron-to-chromium (1.5.358)
- has-flag (4.0.0)
- color-convert (2.0.1)
- node-releases (2.0.44)
- caniuse-lite (1.0.30001793)
- @xtuc/ieee754 (1.2.0)
- isexe (2.0.0)
- shebang-regex (3.0.0)
- fast-uri (3.1.7)
- @webassemblyjs/floating-point-hex-parser (1.13.2)
- @xtuc/long (4.2.2)
- callsites (3.1.0)
- @jridgewell/sourcemap-codec (1.5.5)
- @jridgewell/resolve-uri (3.1.2)
- p-limit (3.1.0)
- @jridgewell/source-map (0.3.11)
- json-buffer (3.0.1)
- merge-stream (2.0.0)
- color-name (1.1.4)
- yocto-queue (0.1.0)
- @jridgewell/gen-mapping (0.3.13)
- @esbuild/linux-x64 (0.28.1)
- lightningcss-linux-x64-gnu (1.32.0)
✔ Traced 146 dependencies (1861 files) in 37119ms.
ℹ Ensure your production environment matches the builder OS and architecture (linux-x64) to avoid native module issues.
rendering chunks...
computing gzip size...
.vercel/output/functions/__server.func/_ssr/page-Ct4nT2g3.mjs                          0.04 kB │ gzip:   0.06 kB
.vercel/output/functions/__server.func/_ssr/page-DaGLKIwC.mjs                          0.04 kB │ gzip:   0.06 kB
.vercel/output/functions/__server.func/_ssr/app-prefetch-fetch-queue-Chyj70ZY.mjs      0.09 kB │ gzip:   0.10 kB
.vercel/output/functions/__server.func/_ssr/page-BHxDv0Tf.mjs                          0.19 kB │ gzip:   0.16 kB
.vercel/output/functions/__server.func/_ssr/static.edge-CvNefTBt.mjs                   0.22 kB │ gzip:   0.16 kB
.vercel/output/functions/__server.func/_ssr/layout-segment-context-CF3UmZqQ.mjs        0.41 kB │ gzip:   0.29 kB
.vercel/output/functions/__server.func/_chunks/ssr-renderer.mjs                        0.42 kB │ gzip:   0.28 kB
.vercel/output/functions/__server.func/_ssr/data-mode-DwS1J-j8.mjs                     0.60 kB │ gzip:   0.38 kB
.vercel/output/functions/__server.func/_ssr/streamed-icons-RmnK8iPg.mjs                0.70 kB │ gzip:   0.45 kB
.vercel/output/functions/__server.func/_ssr/navigation-runtime-DJ9mf-Fq.mjs            0.77 kB │ gzip:   0.37 kB
.vercel/output/functions/__server.func/_ssr/app-static-generation-Cn6zgtlQ.mjs         0.87 kB │ gzip:   0.49 kB
.vercel/output/functions/__server.func/_ssr/page-Bx-ep5tp.mjs                          0.93 kB │ gzip:   0.59 kB
.vercel/output/functions/__server.func/_libs/class-variance-authority+clsx.mjs         0.97 kB │ gzip:   0.52 kB
.vercel/output/functions/__server.func/_ssr/app-prerender-endpoints-CKSsnF85.mjs       1.98 kB │ gzip:   0.84 kB
.vercel/output/functions/__server.func/_ssr/app-page-cache-render-BGiAWwp9.mjs         2.02 kB │ gzip:   0.90 kB
.vercel/output/functions/__server.func/_ssr/seed-cache-DFZYCKa9.mjs                    2.13 kB │ gzip:   1.03 kB
.vercel/output/functions/__server.func/_ssr/route-B4L57AlA.mjs                         2.35 kB │ gzip:   1.03 kB
.vercel/output/functions/__server.func/_ssr/app-router-scroll-TxaHpGT9.mjs             2.59 kB │ gzip:   1.17 kB
.vercel/output/functions/__server.func/index.mjs                                       3.12 kB │ gzip:   1.57 kB
.vercel/output/functions/__server.func/_ssr/navigation-WqrIf9OJ.mjs                    3.34 kB │ gzip:   1.49 kB
.vercel/output/functions/__server.func/_ssr/app-page-cache-m-9XFtMg.mjs                5.44 kB │ gzip:   1.79 kB
.vercel/output/functions/__server.func/_ssr/error-boundary-CG4sZCXu.mjs                5.56 kB │ gzip:   1.68 kB
.vercel/output/functions/__server.func/_ssr/workspace-session-Bu3aoxgI.mjs            10.97 kB │ gzip:   4.31 kB
.vercel/output/functions/__server.func/_libs/h3+rou3+srvx.mjs                         19.78 kB │ gzip:   7.37 kB
.vercel/output/functions/__server.func/_ssr/app-route-handler-dispatch-DvvU23RG.mjs   25.95 kB │ gzip:   8.02 kB
.vercel/output/functions/__server.func/_libs/tailwind-merge.mjs                       26.86 kB │ gzip:   8.55 kB
.vercel/output/functions/__server.func/_libs/zod.mjs                                  56.45 kB │ gzip:  12.90 kB
.vercel/output/functions/__server.func/_ssr/ssr.mjs                                  285.37 kB │ gzip:  88.41 kB
.vercel/output/functions/__server.func/_ssr/rsc.mjs                                  369.00 kB │ gzip: 106.98 kB
.vercel/output/functions/__server.func/_ssr/workspace-Dl3RXuLK.mjs                   517.76 kB │ gzip: 156.20 kB

✓ built in 41.98s
ℹ Generated .vercel/output/nitro.json

[nitro] ✔ You can preview this build using npx vite preview
[nitro] ✔ You can deploy this build using npx nitro deploy --prebuilt
[33m[INEFFECTIVE_DYNAMIC_IMPORT] [0mapp/layout.tsx is dynamically imported by \0virtual:vinext-rsc-entry but also statically imported by \0virtual:vinext-rsc-entry, dynamic import will not move module into another chunk.

[plugin builtin:vite-reporter] 
(!) Some chunks are larger than 500 kB after minification. Consider:
- Using dynamic import() to code-split the application
- Use build.rolldownOptions.output.codeSplitting to improve chunking: https://rolldown.rs/reference/OutputOptions.codeSplitting
- Adjust chunk size limit for this warning via build.chunkSizeWarningLimit.
[33m[INEFFECTIVE_DYNAMIC_IMPORT] [0mnode_modules/.pnpm/vinext@1.0.0-beta.5_@vitejs+plugin-react@6.0.2_vite@8.0.13_@types+node@22.19.19_esbuild_d5d6eb9e75c213b052ac0cc191f9f6ae/node_modules/vinext/dist/shims/default-global-error.js is dynamically imported by \0virtual:vite-rsc/client-references but also statically imported by node_modules/.pnpm/vinext@1.0.0-beta.5_@vitejs+plugin-react@6.0.2_vite@8.0.13_@types+node@22.19.19_esbuild_d5d6eb9e75c213b052ac0cc191f9f6ae/node_modules/vinext/dist/server/app-browser-entry.js, node_modules/.pnpm/vinext@1.0.0-beta.5_@vitejs+plugin-react@6.0.2_vite@8.0.13_@types+node@22.19.19_esbuild_d5d6eb9e75c213b052ac0cc191f9f6ae/node_modules/vinext/dist/shims/error-boundary.js, dynamic import will not move module into another chunk.

[33m[INEFFECTIVE_DYNAMIC_IMPORT] [0mnode_modules/.pnpm/vinext@1.0.0-beta.5_@vitejs+plugin-react@6.0.2_vite@8.0.13_@types+node@22.19.19_esbuild_d5d6eb9e75c213b052ac0cc191f9f6ae/node_modules/vinext/dist/shims/error-boundary.js is dynamically imported by \0virtual:vite-rsc/client-references but also statically imported by node_modules/.pnpm/vinext@1.0.0-beta.5_@vitejs+plugin-react@6.0.2_vite@8.0.13_@types+node@22.19.19_esbuild_d5d6eb9e75c213b052ac0cc191f9f6ae/node_modules/vinext/dist/server/app-browser-entry.js, dynamic import will not move module into another chunk.

[33m[INEFFECTIVE_DYNAMIC_IMPORT] [0mnode_modules/.pnpm/vinext@1.0.0-beta.5_@vitejs+plugin-react@6.0.2_vite@8.0.13_@types+node@22.19.19_esbuild_d5d6eb9e75c213b052ac0cc191f9f6ae/node_modules/vinext/dist/shims/app-router-scroll.js is dynamically imported by \0virtual:vite-rsc/client-references but also statically imported by node_modules/.pnpm/vinext@1.0.0-beta.5_@vitejs+plugin-react@6.0.2_vite@8.0.13_@types+node@22.19.19_esbuild_d5d6eb9e75c213b052ac0cc191f9f6ae/node_modules/vinext/dist/server/app-browser-entry.js, dynamic import will not move module into another chunk.

[33m[INEFFECTIVE_DYNAMIC_IMPORT] [0mnode_modules/.pnpm/vinext@1.0.0-beta.5_@vitejs+plugin-react@6.0.2_vite@8.0.13_@types+node@22.19.19_esbuild_d5d6eb9e75c213b052ac0cc191f9f6ae/node_modules/vinext/dist/shims/slot.js is dynamically imported by \0virtual:vite-rsc/client-references but also statically imported by node_modules/.pnpm/vinext@1.0.0-beta.5_@vitejs+plugin-react@6.0.2_vite@8.0.13_@types+node@22.19.19_esbuild_d5d6eb9e75c213b052ac0cc191f9f6ae/node_modules/vinext/dist/server/app-browser-entry.js, node_modules/.pnpm/vinext@1.0.0-beta.5_@vitejs+plugin-react@6.0.2_vite@8.0.13_@types+node@22.19.19_esbuild_d5d6eb9e75c213b052ac0cc191f9f6ae/node_modules/vinext/dist/server/app-browser-visible-commit.js, dynamic import will not move module into another chunk.

[33m[INEFFECTIVE_DYNAMIC_IMPORT] [0mnode_modules/.pnpm/vinext@1.0.0-beta.5_@vitejs+plugin-react@6.0.2_vite@8.0.13_@types+node@22.19.19_esbuild_d5d6eb9e75c213b052ac0cc191f9f6ae/node_modules/vinext/dist/shims/internal/app-prefetch-fetch-queue.js is dynamically imported by \0virtual:vite-rsc/client-references but also statically imported by node_modules/.pnpm/vinext@1.0.0-beta.5_@vitejs+plugin-react@6.0.2_vite@8.0.13_@types+node@22.19.19_esbuild_d5d6eb9e75c213b052ac0cc191f9f6ae/node_modules/vinext/dist/shims/navigation.js, dynamic import will not move module into another chunk.

[33m[PLUGIN_TIMINGS] [0mYour build spent significant time in plugins. Here is a breakdown:
  - vinext:middleware-server-only (36%)
  - vinext:css-data-url (13%)
  - rsc:virtual-client-package (11%)
  - vinext:jsx-in-js (9%)
  - vinext:og-inline-fetch-assets (7%)
See https://rolldown.rs/options/checks#plugintimings for more details.

[33m[INEFFECTIVE_DYNAMIC_IMPORT] [0mnode_modules/.pnpm/vinext@1.0.0-beta.5_@vitejs+plugin-react@6.0.2_vite@8.0.13_@types+node@22.19.19_esbuild_d5d6eb9e75c213b052ac0cc191f9f6ae/node_modules/vinext/dist/shims/default-global-error.js is dynamically imported by \0virtual:vite-rsc/client-references but also statically imported by node_modules/.pnpm/vinext@1.0.0-beta.5_@vitejs+plugin-react@6.0.2_vite@8.0.13_@types+node@22.19.19_esbuild_d5d6eb9e75c213b052ac0cc191f9f6ae/node_modules/vinext/dist/server/app-ssr-entry.js, node_modules/.pnpm/vinext@1.0.0-beta.5_@vitejs+plugin-react@6.0.2_vite@8.0.13_@types+node@22.19.19_esbuild_d5d6eb9e75c213b052ac0cc191f9f6ae/node_modules/vinext/dist/shims/error-boundary.js, dynamic import will not move module into another chunk.

[33m[INEFFECTIVE_DYNAMIC_IMPORT] [0mnode_modules/.pnpm/vinext@1.0.0-beta.5_@vitejs+plugin-react@6.0.2_vite@8.0.13_@types+node@22.19.19_esbuild_d5d6eb9e75c213b052ac0cc191f9f6ae/node_modules/vinext/dist/shims/slot.js is dynamically imported by \0virtual:vite-rsc/client-references but also statically imported by node_modules/.pnpm/vinext@1.0.0-beta.5_@vitejs+plugin-react@6.0.2_vite@8.0.13_@types+node@22.19.19_esbuild_d5d6eb9e75c213b052ac0cc191f9f6ae/node_modules/vinext/dist/server/app-ssr-entry.js, dynamic import will not move module into another chunk.

nf3: could not resolve `traceInclude` entry "@alinea/generated" from any root
nf3: could not resolve `traceInclude` entry "@appsignal/nodejs" from any root
nf3: could not resolve `traceInclude` entry "@aws-sdk/client-s3" from any root
nf3: could not resolve `traceInclude` entry "@aws-sdk/s3-presigned-post" from any root
nf3: could not resolve `traceInclude` entry "@blockfrost/blockfrost-js" from any root
nf3: could not resolve `traceInclude` entry "@highlight-run/node" from any root
nf3: could not resolve `traceInclude` entry "@huggingface/transformers" from any root
nf3: could not resolve `traceInclude` entry "@jpg-store/lucid-cardano" from any root
nf3: could not resolve `traceInclude` entry "@libsql/client" from any root
nf3: could not resolve `traceInclude` entry "@mikro-orm/core" from any root
nf3: could not resolve `traceInclude` entry "@mikro-orm/knex" from any root
nf3: could not resolve `traceInclude` entry "@node-rs/argon2" from any root
nf3: could not resolve `traceInclude` entry "@node-rs/bcrypt" from any root
nf3: could not resolve `traceInclude` entry "@prisma/client" from any root
nf3: could not resolve `traceInclude` entry "@react-pdf/renderer" from any root
nf3: could not resolve `traceInclude` entry "@sentry/profiling-node" from any root
nf3: could not resolve `traceInclude` entry "@sparticuz/chromium" from any root
nf3: could not resolve `traceInclude` entry "@sparticuz/chromium-min" from any root
nf3: could not resolve `traceInclude` entry "@statsig/statsig-node-core" from any root
nf3: could not resolve `traceInclude` entry "@swc/core" from any root
nf3: could not resolve `traceInclude` entry "@xenova/transformers" from any root
nf3: could not resolve `traceInclude` entry "@zenstackhq/runtime" from any root
nf3: could not resolve `traceInclude` entry "argon2" from any root
nf3: could not resolve `traceInclude` entry "autoprefixer" from any root
nf3: could not resolve `traceInclude` entry "aws-crt" from any root
nf3: could not resolve `traceInclude` entry "bcrypt" from any root
nf3: could not resolve `traceInclude` entry "better-sqlite3" from any root
nf3: could not resolve `traceInclude` entry "canvas" from any root
nf3: could not resolve `traceInclude` entry "chromadb-default-embed" from any root
nf3: could not resolve `traceInclude` entry "config" from any root
nf3: could not resolve `traceInclude` entry "cpu-features" from any root
nf3: could not resolve `traceInclude` entry "cypress" from any root
nf3: could not resolve `traceInclude` entry "dd-trace" from any root
nf3: could not resolve `traceInclude` entry "express" from any root
nf3: could not resolve `traceInclude` entry "firebase-admin" from any root
nf3: could not resolve `traceInclude` entry "htmlrewriter" from any root
nf3: could not resolve `traceInclude` entry "import-in-the-middle" from any root
nf3: could not resolve `traceInclude` entry "isolated-vm" from any root
nf3: could not resolve `traceInclude` entry "jest" from any root
nf3: could not resolve `traceInclude` entry "jsdom" from any root
nf3: could not resolve `traceInclude` entry "keyv" from any root
nf3: could not resolve `traceInclude` entry "libsql" from any root
nf3: could not resolve `traceInclude` entry "mdx-bundler" from any root
nf3: could not resolve `traceInclude` entry "mongodb" from any root
nf3: could not resolve `traceInclude` entry "mongoose" from any root
nf3: could not resolve `traceInclude` entry "newrelic" from any root
nf3: could not resolve `traceInclude` entry "next-mdx-remote" from any root
nf3: could not resolve `traceInclude` entry "next-seo" from any root
nf3: could not resolve `traceInclude` entry "node-cron" from any root
nf3: could not resolve `traceInclude` entry "node-pty" from any root
nf3: could not resolve `traceInclude` entry "node-web-audio-api" from any root
nf3: could not resolve `traceInclude` entry "onnxruntime-node" from any root
nf3: could not resolve `traceInclude` entry "oslo" from any root
nf3: could not resolve `traceInclude` entry "pg" from any root
nf3: could not resolve `traceInclude` entry "pino" from any root
nf3: could not resolve `traceInclude` entry "pino-pretty" from any root
nf3: could not resolve `traceInclude` entry "pino-roll" from any root
nf3: could not resolve `traceInclude` entry "playwright-core" from any root
nf3: could not resolve `traceInclude` entry "prettier" from any root
nf3: could not resolve `traceInclude` entry "prisma" from any root
nf3: could not resolve `traceInclude` entry "puppeteer" from any root
nf3: could not resolve `traceInclude` entry "puppeteer-core" from any root
nf3: could not resolve `traceInclude` entry "ravendb" from any root
nf3: could not resolve `traceInclude` entry "require-in-the-middle" from any root
nf3: could not resolve `traceInclude` entry "rimraf" from any root
nf3: could not resolve `traceInclude` entry "shiki" from any root
nf3: could not resolve `traceInclude` entry "sqlite3" from any root
nf3: could not resolve `traceInclude` entry "thread-stream" from any root
nf3: could not resolve `traceInclude` entry "ts-morph" from any root
nf3: could not resolve `traceInclude` entry "ts-node" from any root
nf3: could not resolve `traceInclude` entry "vscode-oniguruma" from any root
nf3: could not resolve `traceInclude` entry "websocket" from any root
nf3: could not resolve `traceInclude` entry "zeromq" from any root
[33m[PLUGIN_TIMINGS] [0mYour build spent significant time in plugins. Here is a breakdown:
  - nitro:externals (56%)
  - vinext:jsx-in-js (13%)
  - vinext:middleware-server-only (4%)
  - vinext:ignore-dynamic-requests (3%)
  - vite:css-post (3%)
See https://rolldown.rs/options/checks#plugintimings for more details.

